warning: missing documentation for a struct field
  --> src/agents/adaptive_verification.rs:35:5
   |
35 |     pub learning_rate: f64,
   |     ^^^^^^^^^^^^^^^^^^^^^^
   |
note: the lint level is defined here
  --> src/lib.rs:1:9
   |
1  | #![warn(missing_docs)]
   |         ^^^^^^^^^^^^

warning: missing documentation for a struct field
  --> src/agents/adaptive_verification.rs:36:5
   |
36 |     pub min_samples_for_adaptation: usize,
   |     ^^^^^^^^^^^^^^^^^^^^^^^^^^^^^^^^^^^^^

warning: missing documentation for a struct field
  --> src/agents/adaptive_verification.rs:37:5
   |
37 |     pub adaptation_window_hours: u32,
   |     ^^^^^^^^^^^^^^^^^^^^^^^^^^^^^^^^

warning: missing documentation for a struct field
  --> src/agents/adaptive_verification.rs:38:5
   |
38 |     pub confidence_threshold_range: (f64, f64), // (min, max)
   |     ^^^^^^^^^^^^^^^^^^^^^^^^^^^^^^^^^^^^^^^^^^

warning: missing documentation for a struct field
  --> src/agents/adaptive_verification.rs:39:5
   |
39 |     pub rule_threshold_range: (f64, f64),
   |     ^^^^^^^^^^^^^^^^^^^^^^^^^^^^^^^^^^^^

warning: missing documentation for a struct field
  --> src/agents/adaptive_verification.rs:40:5
   |
40 |     pub adaptation_frequency_hours: u32,
   |     ^^^^^^^^^^^^^^^^^^^^^^^^^^^^^^^^^^^

warning: missing documentation for a struct field
  --> src/agents/adaptive_verification.rs:41:5
   |
41 |     pub performance_weight_success: f64,
   |     ^^^^^^^^^^^^^^^^^^^^^^^^^^^^^^^^^^^

warning: missing documentation for a struct field
  --> src/agents/adaptive_verification.rs:42:5
   |
42 |     pub performance_weight_efficiency: f64,
   |     ^^^^^^^^^^^^^^^^^^^^^^^^^^^^^^^^^^^^^^

warning: missing documentation for a struct field
  --> src/agents/adaptive_verification.rs:43:5
   |
43 |     pub performance_weight_accuracy: f64,
   |     ^^^^^^^^^^^^^^^^^^^^^^^^^^^^^^^^^^^^

warning: missing documentation for a struct field
  --> src/agents/adaptive_verification.rs:65:5
   |
65 |     pub confidence_thresholds: Vec<ThresholdEntry>,
   |     ^^^^^^^^^^^^^^^^^^^^^^^^^^^^^^^^^^^^^^^^^^^^^^

warning: missing documentation for a struct field
  --> src/agents/adaptive_verification.rs:66:5
   |
66 |     pub rule_thresholds: HashMap<String, Vec<ThresholdEntry>>,
   |     ^^^^^^^^^^^^^^^^^^^^^^^^^^^^^^^^^^^^^^^^^^^^^^^^^^^^^^^^^

warning: missing documentation for a struct field
  --> src/agents/adaptive_verification.rs:67:5
   |
67 |     pub last_adaptation: DateTime<Utc>,
   |     ^^^^^^^^^^^^^^^^^^^^^^^^^^^^^^^^^^

warning: missing documentation for a struct field
  --> src/agents/adaptive_verification.rs:68:5
   |
68 |     pub adaptation_count: u32,
   |     ^^^^^^^^^^^^^^^^^^^^^^^^^

warning: missing documentation for a struct
  --> src/agents/adaptive_verification.rs:72:1
   |
72 | pub struct ThresholdEntry {
   | ^^^^^^^^^^^^^^^^^^^^^^^^^

warning: missing documentation for a struct field
  --> src/agents/adaptive_verification.rs:73:5
   |
73 |     pub timestamp: DateTime<Utc>,
   |     ^^^^^^^^^^^^^^^^^^^^^^^^^^^^

warning: missing documentation for a struct field
  --> src/agents/adaptive_verification.rs:74:5
   |
74 |     pub threshold_value: f64,
   |     ^^^^^^^^^^^^^^^^^^^^^^^^

warning: missing documentation for a struct field
  --> src/agents/adaptive_verification.rs:75:5
   |
75 |     pub performance_score: f64,
   |     ^^^^^^^^^^^^^^^^^^^^^^^^^^

warning: missing documentation for a struct field
  --> src/agents/adaptive_verification.rs:76:5
   |
76 |     pub sample_count: usize,
   |     ^^^^^^^^^^^^^^^^^^^^^^^

warning: missing documentation for a struct field
  --> src/agents/adaptive_verification.rs:77:5
   |
77 |     pub adaptation_reason: String,
   |     ^^^^^^^^^^^^^^^^^^^^^^^^^^^^^

warning: missing documentation for a struct field
  --> src/agents/adaptive_verification.rs:83:5
   |
83 |     pub verification_outcomes: Vec<VerificationOutcome>,
   |     ^^^^^^^^^^^^^^^^^^^^^^^^^^^^^^^^^^^^^^^^^^^^^^^^^^^

warning: missing documentation for a struct field
  --> src/agents/adaptive_verification.rs:84:5
   |
84 |     pub success_rate_by_threshold: HashMap<String, f64>, // threshold_range -> success_rate
   |     ^^^^^^^^^^^^^^^^^^^^^^^^^^^^^^^^^^^^^^^^^^^^^^^^^^^

warning: missing documentation for a struct field
  --> src/agents/adaptive_verification.rs:85:5
   |
85 |     pub efficiency_metrics: EfficiencyMetrics,
   |     ^^^^^^^^^^^^^^^^^^^^^^^^^^^^^^^^^^^^^^^^^

warning: missing documentation for a struct field
  --> src/agents/adaptive_verification.rs:86:5
   |
86 |     pub accuracy_metrics: AccuracyMetrics,
   |     ^^^^^^^^^^^^^^^^^^^^^^^^^^^^^^^^^^^^^

warning: missing documentation for a struct
  --> src/agents/adaptive_verification.rs:90:1
   |
90 | pub struct VerificationOutcome {
   | ^^^^^^^^^^^^^^^^^^^^^^^^^^^^^^

warning: missing documentation for a struct field
  --> src/agents/adaptive_verification.rs:91:5
   |
91 |     pub timestamp: DateTime<Utc>,
   |     ^^^^^^^^^^^^^^^^^^^^^^^^^^^^

warning: missing documentation for a struct field
  --> src/agents/adaptive_verification.rs:92:5
   |
92 |     pub task_id: Uuid,
   |     ^^^^^^^^^^^^^^^^^

warning: missing documentation for a struct field
  --> src/agents/adaptive_verification.rs:93:5
   |
93 |     pub verification_result: SimpleVerificationResult,
   |     ^^^^^^^^^^^^^^^^^^^^^^^^^^^^^^^^^^^^^^^^^^^^^^^^^

warning: missing documentation for a struct field
  --> src/agents/adaptive_verification.rs:94:5
   |
94 |     pub actual_task_success: bool, // Ground truth from task execution
   |     ^^^^^^^^^^^^^^^^^^^^^^^^^^^^^

warning: missing documentation for a struct field
  --> src/agents/adaptive_verification.rs:95:5
   |
95 |     pub verification_time_ms: u64,
   |     ^^^^^^^^^^^^^^^^^^^^^^^^^^^^^

warning: missing documentation for a struct field
  --> src/agents/adaptive_verification.rs:96:5
   |
96 |     pub threshold_used: f64,
   |     ^^^^^^^^^^^^^^^^^^^^^^^

warning: missing documentation for a struct field
  --> src/agents/adaptive_verification.rs:97:5
   |
97 |     pub rule_thresholds_used: HashMap<String, f64>,
   |     ^^^^^^^^^^^^^^^^^^^^^^^^^^^^^^^^^^^^^^^^^^^^^^

warning: missing documentation for a struct
   --> src/agents/adaptive_verification.rs:101:1
    |
101 | pub struct EfficiencyMetrics {
    | ^^^^^^^^^^^^^^^^^^^^^^^^^^^^

warning: missing documentation for a struct field
   --> src/agents/adaptive_verification.rs:102:5
    |
102 |     pub average_verification_time_ms: f64,
    |     ^^^^^^^^^^^^^^^^^^^^^^^^^^^^^^^^^^^^^

warning: missing documentation for a struct field
   --> src/agents/adaptive_verification.rs:103:5
    |
103 |     pub verification_time_by_tier: HashMap<String, f64>,
    |     ^^^^^^^^^^^^^^^^^^^^^^^^^^^^^^^^^^^^^^^^^^^^^^^^^^^

warning: missing documentation for a struct field
   --> src/agents/adaptive_verification.rs:104:5
    |
104 |     pub throughput_verifications_per_hour: f64,
    |     ^^^^^^^^^^^^^^^^^^^^^^^^^^^^^^^^^^^^^^^^^^

warning: missing documentation for a struct
   --> src/agents/adaptive_verification.rs:108:1
    |
108 | pub struct AccuracyMetrics {
    | ^^^^^^^^^^^^^^^^^^^^^^^^^^

warning: missing documentation for a struct field
   --> src/agents/adaptive_verification.rs:109:5
    |
109 |     pub true_positives: u32,  // Correctly identified successful tasks
    |     ^^^^^^^^^^^^^^^^^^^^^^^

warning: missing documentation for a struct field
   --> src/agents/adaptive_verification.rs:110:5
    |
110 |     pub true_negatives: u32,  // Correctly identified failed tasks
    |     ^^^^^^^^^^^^^^^^^^^^^^^

warning: missing documentation for a struct field
   --> src/agents/adaptive_verification.rs:111:5
    |
111 |     pub false_positives: u32, // Incorrectly passed failed tasks
    |     ^^^^^^^^^^^^^^^^^^^^^^^^

warning: missing documentation for a struct field
   --> src/agents/adaptive_verification.rs:112:5
    |
112 |     pub false_negatives: u32, // Incorrectly failed successful tasks
    |     ^^^^^^^^^^^^^^^^^^^^^^^^

warning: missing documentation for a struct field
   --> src/agents/adaptive_verification.rs:113:5
    |
113 |     pub precision: f64,
    |     ^^^^^^^^^^^^^^^^^^

warning: missing documentation for a struct field
   --> src/agents/adaptive_verification.rs:114:5
    |
114 |     pub recall: f64,
    |     ^^^^^^^^^^^^^^^

warning: missing documentation for a struct field
   --> src/agents/adaptive_verification.rs:115:5
    |
115 |     pub f1_score: f64,
    |     ^^^^^^^^^^^^^^^^^

warning: missing documentation for a struct field
   --> src/agents/adaptive_verification.rs:121:5
    |
121 |     pub confidence_threshold: f64,
    |     ^^^^^^^^^^^^^^^^^^^^^^^^^^^^^

warning: missing documentation for a struct field
   --> src/agents/adaptive_verification.rs:122:5
    |
122 |     pub rule_threshold_adjustments: HashMap<String, f64>,
    |     ^^^^^^^^^^^^^^^^^^^^^^^^^^^^^^^^^^^^^^^^^^^^^^^^^^^^

warning: missing documentation for a struct field
   --> src/agents/adaptive_verification.rs:123:5
    |
123 |     pub expected_performance_improvement: f64,
    |     ^^^^^^^^^^^^^^^^^^^^^^^^^^^^^^^^^^^^^^^^^

warning: missing documentation for a struct field
   --> src/agents/adaptive_verification.rs:124:5
    |
124 |     pub confidence_in_recommendation: f64,
    |     ^^^^^^^^^^^^^^^^^^^^^^^^^^^^^^^^^^^^^

warning: missing documentation for a struct field
   --> src/agents/adaptive_verification.rs:125:5
    |
125 |     pub reasoning: String,
    |     ^^^^^^^^^^^^^^^^^^^^^

warning: missing documentation for a struct
   --> src/agents/adaptive_verification.rs:684:1
    |
684 | pub struct AdaptationInsights {
    | ^^^^^^^^^^^^^^^^^^^^^^^^^^^^^

warning: missing documentation for a struct field
   --> src/agents/adaptive_verification.rs:685:5
    |
685 |     pub total_adaptations: u32,
    |     ^^^^^^^^^^^^^^^^^^^^^^^^^^

warning: missing documentation for a struct field
   --> src/agents/adaptive_verification.rs:686:5
    |
686 |     pub last_adaptation: DateTime<Utc>,
    |     ^^^^^^^^^^^^^^^^^^^^^^^^^^^^^^^^^^

warning: missing documentation for a struct field
   --> src/agents/adaptive_verification.rs:687:5
    |
687 |     pub current_performance_score: f64,
    |     ^^^^^^^^^^^^^^^^^^^^^^^^^^^^^^^^^^

warning: missing documentation for a struct field
   --> src/agents/adaptive_verification.rs:688:5
    |
688 |     pub recent_sample_count: usize,
    |     ^^^^^^^^^^^^^^^^^^^^^^^^^^^^^^

warning: missing documentation for a struct field
   --> src/agents/adaptive_verification.rs:689:5
    |
689 |     pub accuracy_metrics: AccuracyMetrics,
    |     ^^^^^^^^^^^^^^^^^^^^^^^^^^^^^^^^^^^^^

warning: missing documentation for a struct field
   --> src/agents/adaptive_verification.rs:690:5
    |
690 |     pub efficiency_metrics: EfficiencyMetrics,
    |     ^^^^^^^^^^^^^^^^^^^^^^^^^^^^^^^^^^^^^^^^^

warning: missing documentation for a struct field
   --> src/agents/adaptive_verification.rs:691:5
    |
691 |     pub next_adaptation_due: DateTime<Utc>,
    |     ^^^^^^^^^^^^^^^^^^^^^^^^^^^^^^^^^^^^^^

warning: missing documentation for an associated function
   --> src/agents/agent.rs:116:5
    |
116 |     pub fn new() -> Self {
    |     ^^^^^^^^^^^^^^^^^^^^

warning: missing documentation for a struct
   --> src/agents/agent.rs:142:1
    |
142 | pub struct Agent {
    | ^^^^^^^^^^^^^^^^

warning: missing documentation for a struct field
   --> src/agents/agent.rs:143:5
    |
143 |     pub id: Uuid,
    |     ^^^^^^^^^^^^

warning: missing documentation for a struct field
   --> src/agents/agent.rs:144:5
    |
144 |     pub name: String,
    |     ^^^^^^^^^^^^^^^^

warning: missing documentation for a struct field
   --> src/agents/agent.rs:145:5
    |
145 |     pub agent_type: AgentType,
    |     ^^^^^^^^^^^^^^^^^^^^^^^^^

warning: missing documentation for a struct field
   --> src/agents/agent.rs:146:5
    |
146 |     pub state: AgentState,
    |     ^^^^^^^^^^^^^^^^^^^^^

warning: missing documentation for a struct field
   --> src/agents/agent.rs:147:5
    |
147 |     pub capabilities: Vec<AgentCapability>,
    |     ^^^^^^^^^^^^^^^^^^^^^^^^^^^^^^^^^^^^^^

warning: missing documentation for a struct field
   --> src/agents/agent.rs:148:5
    |
148 |     pub memory: AgentMemory,
    |     ^^^^^^^^^^^^^^^^^^^^^^^

warning: missing documentation for a struct field
   --> src/agents/agent.rs:149:5
    |
149 |     pub position: (f64, f64), // For swarm positioning
    |     ^^^^^^^^^^^^^^^^^^^^^^^^

warning: missing documentation for a struct field
   --> src/agents/agent.rs:150:5
    |
150 |     pub energy: f64,
    |     ^^^^^^^^^^^^^^^

warning: missing documentation for a struct field
   --> src/agents/agent.rs:151:5
    |
151 |     pub created_at: DateTime<Utc>,
    |     ^^^^^^^^^^^^^^^^^^^^^^^^^^^^^

warning: missing documentation for a struct field
   --> src/agents/agent.rs:152:5
    |
152 |     pub last_active: DateTime<Utc>,
    |     ^^^^^^^^^^^^^^^^^^^^^^^^^^^^^^

warning: missing documentation for an associated function
   --> src/agents/agent.rs:157:5
    |
157 |     pub fn new(name: String, agent_type: AgentType) -> Self {
    |     ^^^^^^^^^^^^^^^^^^^^^^^^^^^^^^^^^^^^^^^^^^^^^^^^^^^^^^^

warning: missing documentation for a method
   --> src/agents/agent.rs:176:5
    |
176 |     pub fn add_capability(&mut self, capability: AgentCapability) {
    |     ^^^^^^^^^^^^^^^^^^^^^^^^^^^^^^^^^^^^^^^^^^^^^^^^^^^^^^^^^^^^^

warning: missing documentation for a method
   --> src/agents/agent.rs:181:5
    |
181 |     pub fn get_capability_score(&self, capability_name: &str) -> f64 {
    |     ^^^^^^^^^^^^^^^^^^^^^^^^^^^^^^^^^^^^^^^^^^^^^^^^^^^^^^^^^^^^^^^^

warning: missing documentation for a method
   --> src/agents/agent.rs:188:5
    |
188 |     pub fn learn_from_experience(&mut self, experience: Experience) {
    |     ^^^^^^^^^^^^^^^^^^^^^^^^^^^^^^^^^^^^^^^^^^^^^^^^^^^^^^^^^^^^^^^

warning: missing documentation for a method
   --> src/agents/agent.rs:212:5
    |
212 |     pub fn update_social_connection(&mut self, agent_id: Uuid, interaction_success: bool) {
    |     ^^^^^^^^^^^^^^^^^^^^^^^^^^^^^^^^^^^^^^^^^^^^^^^^^^^^^^^^^^^^^^^^^^^^^^^^^^^^^^^^^^^^^

warning: missing documentation for a method
   --> src/agents/agent.rs:224:5
    |
224 |     pub fn can_perform_task(&self, task: &Task) -> bool {
    |     ^^^^^^^^^^^^^^^^^^^^^^^^^^^^^^^^^^^^^^^^^^^^^^^^^^^

warning: missing documentation for a method
   --> src/agents/agent.rs:236:5
    |
236 |     pub fn calculate_task_fitness(&self, task: &Task) -> f64 {
    |     ^^^^^^^^^^^^^^^^^^^^^^^^^^^^^^^^^^^^^^^^^^^^^^^^^^^^^^^^

warning: missing documentation for a trait
   --> src/agents/agent.rs:258:1
    |
258 | pub trait AgentBehavior {
    | ^^^^^^^^^^^^^^^^^^^^^^^

warning: missing documentation for a method
   --> src/agents/agent.rs:259:5
    |
259 |     async fn execute_task(&mut self, task: Task) -> anyhow::Result<TaskResult>;
    |     ^^^^^^^^^^^^^^^^^^^^^^^^^^^^^^^^^^^^^^^^^^^^^^^^^^^^^^^^^^^^^^^^^^^^^^^^^^^

warning: missing documentation for a method
   --> src/agents/agent.rs:260:5
    |
260 | /     async fn communicate(
261 | |         &mut self,
262 | |         message: &str,
263 | |         target_agent: Option<Uuid>,
264 | |     ) -> anyhow::Result<String>;
    | |________________________________^

warning: missing documentation for a method
   --> src/agents/agent.rs:265:5
    |
265 |     async fn learn(&mut self, nlp_processor: &NLPProcessor) -> anyhow::Result<()>;
    |     ^^^^^^^^^^^^^^^^^^^^^^^^^^^^^^^^^^^^^^^^^^^^^^^^^^^^^^^^^^^^^^^^^^^^^^^^^^^^^^

warning: missing documentation for a method
   --> src/agents/agent.rs:266:5
    |
266 | /     async fn update_position(
267 | |         &mut self,
268 | |         swarm_center: (f64, f64),
269 | |         neighbors: &[Agent],
270 | |     ) -> anyhow::Result<()>;
    | |____________________________^

warning: missing documentation for a struct field
  --> src/agents/memory.rs:45:5
   |
45 |     pub id: Uuid,
   |     ^^^^^^^^^^^^

warning: missing documentation for a struct field
  --> src/agents/memory.rs:46:5
   |
46 |     pub content: MemoryContent,
   |     ^^^^^^^^^^^^^^^^^^^^^^^^^^

warning: missing documentation for a struct field
  --> src/agents/memory.rs:47:5
   |
47 |     pub timestamp: DateTime<Utc>,
   |     ^^^^^^^^^^^^^^^^^^^^^^^^^^^^

warning: missing documentation for a struct field
  --> src/agents/memory.rs:48:5
   |
48 |     pub importance: f64,        // 0.0 to 1.0
   |     ^^^^^^^^^^^^^^^^^^^

warning: missing documentation for a struct field
  --> src/agents/memory.rs:49:5
   |
49 |     pub access_count: u32,      // How often this memory has been accessed
   |     ^^^^^^^^^^^^^^^^^^^^^

warning: missing documentation for a struct field
  --> src/agents/memory.rs:50:5
   |
50 |     pub emotional_valence: f64, // -1.0 (negative) to 1.0 (positive)
   |     ^^^^^^^^^^^^^^^^^^^^^^^^^^

warning: missing documentation for a struct field
  --> src/agents/memory.rs:51:5
   |
51 |     pub context_tags: Vec<String>,
   |     ^^^^^^^^^^^^^^^^^^^^^^^^^^^^^

warning: missing documentation for an enum
  --> src/agents/memory.rs:55:1
   |
55 | pub enum MemoryContent {
   | ^^^^^^^^^^^^^^^^^^^^^^

warning: missing documentation for a variant
  --> src/agents/memory.rs:56:5
   |
56 |     TaskExperience {
   |     ^^^^^^^^^^^^^^

warning: missing documentation for a struct field
  --> src/agents/memory.rs:57:9
   |
57 |         task_id: Uuid,
   |         ^^^^^^^^^^^^^

warning: missing documentation for a struct field
  --> src/agents/memory.rs:58:9
   |
58 |         task_type: String,
   |         ^^^^^^^^^^^^^^^^^

warning: missing documentation for a struct field
  --> src/agents/memory.rs:59:9
   |
59 |         outcome: TaskOutcome,
   |         ^^^^^^^^^^^^^^^^^^^^

warning: missing documentation for a struct field
  --> src/agents/memory.rs:60:9
   |
60 |         learned_strategy: Option<String>,
   |         ^^^^^^^^^^^^^^^^^^^^^^^^^^^^^^^^

warning: missing documentation for a variant
  --> src/agents/memory.rs:62:5
   |
62 |     SocialInteraction {
   |     ^^^^^^^^^^^^^^^^^

warning: missing documentation for a struct field
  --> src/agents/memory.rs:63:9
   |
63 |         agent_id: Uuid,
   |         ^^^^^^^^^^^^^^

warning: missing documentation for a struct field
  --> src/agents/memory.rs:64:9
   |
64 |         interaction_type: String,
   |         ^^^^^^^^^^^^^^^^^^^^^^^^

warning: missing documentation for a struct field
  --> src/agents/memory.rs:65:9
   |
65 |         success: bool,
   |         ^^^^^^^^^^^^^

warning: missing documentation for a struct field
  --> src/agents/memory.rs:66:9
   |
66 |         trust_change: f64,
   |         ^^^^^^^^^^^^^^^^^

warning: missing documentation for a variant
  --> src/agents/memory.rs:68:5
   |
68 |     PatternObservation {
   |     ^^^^^^^^^^^^^^^^^^

warning: missing documentation for a struct field
  --> src/agents/memory.rs:69:9
   |
69 |         pattern_type: String,
   |         ^^^^^^^^^^^^^^^^^^^^

warning: missing documentation for a struct field
  --> src/agents/memory.rs:70:9
   |
70 |         pattern_data: serde_json::Value,
   |         ^^^^^^^^^^^^^^^^^^^^^^^^^^^^^^^

warning: missing documentation for a struct field
  --> src/agents/memory.rs:71:9
   |
71 |         confidence: f64,
   |         ^^^^^^^^^^^^^^^

warning: missing documentation for a variant
  --> src/agents/memory.rs:73:5
   |
73 |     EnvironmentalChange {
   |     ^^^^^^^^^^^^^^^^^^^

warning: missing documentation for a struct field
  --> src/agents/memory.rs:74:9
   |
74 |         change_type: String,
   |         ^^^^^^^^^^^^^^^^^^^

warning: missing documentation for a struct field
  --> src/agents/memory.rs:75:9
   |
75 |         impact_level: f64,
   |         ^^^^^^^^^^^^^^^^^

warning: missing documentation for a struct field
  --> src/agents/memory.rs:76:9
   |
76 |         adaptation_required: bool,
   |         ^^^^^^^^^^^^^^^^^^^^^^^^^

warning: missing documentation for an enum
  --> src/agents/memory.rs:81:1
   |
81 | pub enum TaskOutcome {
   | ^^^^^^^^^^^^^^^^^^^^

warning: missing documentation for a variant
  --> src/agents/memory.rs:82:5
   |
82 |     Success {
   |     ^^^^^^^

warning: missing documentation for a struct field
  --> src/agents/memory.rs:83:9
   |
83 |         efficiency: f64,
   |         ^^^^^^^^^^^^^^^

warning: missing documentation for a struct field
  --> src/agents/memory.rs:84:9
   |
84 |         quality: f64,
   |         ^^^^^^^^^^^^

warning: missing documentation for a variant
  --> src/agents/memory.rs:86:5
   |
86 |     Failure {
   |     ^^^^^^^

warning: missing documentation for a struct field
  --> src/agents/memory.rs:87:9
   |
87 |         reason: String,
   |         ^^^^^^^^^^^^^^

warning: missing documentation for a struct field
  --> src/agents/memory.rs:88:9
   |
88 |         lessons: Vec<String>,
   |         ^^^^^^^^^^^^^^^^^^^^

warning: missing documentation for a variant
  --> src/agents/memory.rs:90:5
   |
90 |     Partial {
   |     ^^^^^^^

warning: missing documentation for a struct field
  --> src/agents/memory.rs:91:9
   |
91 |         completion: f64,
   |         ^^^^^^^^^^^^^^^

warning: missing documentation for a struct field
  --> src/agents/memory.rs:92:9
   |
92 |         obstacles: Vec<String>,
   |         ^^^^^^^^^^^^^^^^^^^^^^

warning: missing documentation for a struct
  --> src/agents/memory.rs:97:1
   |
97 | pub struct LearnedPattern {
   | ^^^^^^^^^^^^^^^^^^^^^^^^^

warning: missing documentation for a struct field
  --> src/agents/memory.rs:98:5
   |
98 |     pub pattern_id: Uuid,
   |     ^^^^^^^^^^^^^^^^^^^^

warning: missing documentation for a struct field
  --> src/agents/memory.rs:99:5
   |
99 |     pub pattern_type: String,
   |     ^^^^^^^^^^^^^^^^^^^^^^^^

warning: missing documentation for a struct field
   --> src/agents/memory.rs:100:5
    |
100 |     pub trigger_conditions: Vec<String>,
    |     ^^^^^^^^^^^^^^^^^^^^^^^^^^^^^^^^^^^

warning: missing documentation for a struct field
   --> src/agents/memory.rs:101:5
    |
101 |     pub expected_outcome: f64,
    |     ^^^^^^^^^^^^^^^^^^^^^^^^^

warning: missing documentation for a struct field
   --> src/agents/memory.rs:102:5
    |
102 |     pub confidence: f64,
    |     ^^^^^^^^^^^^^^^^^^^

warning: missing documentation for a struct field
   --> src/agents/memory.rs:103:5
    |
103 |     pub usage_count: u32,
    |     ^^^^^^^^^^^^^^^^^^^^

warning: missing documentation for a struct field
   --> src/agents/memory.rs:104:5
    |
104 |     pub last_validated: DateTime<Utc>,
    |     ^^^^^^^^^^^^^^^^^^^^^^^^^^^^^^^^^

warning: missing documentation for a struct
   --> src/agents/memory.rs:108:1
    |
108 | pub struct SocialMemory {
    | ^^^^^^^^^^^^^^^^^^^^^^^

warning: missing documentation for a struct field
   --> src/agents/memory.rs:109:5
    |
109 |     pub agent_id: Uuid,
    |     ^^^^^^^^^^^^^^^^^^

warning: missing documentation for a struct field
   --> src/agents/memory.rs:110:5
    |
110 |     pub trust_level: f64, // 0.0 to 1.0
    |     ^^^^^^^^^^^^^^^^^^^^

warning: missing documentation for a struct field
   --> src/agents/memory.rs:111:5
    |
111 |     pub collaboration_history: Vec<CollaborationRecord>,
    |     ^^^^^^^^^^^^^^^^^^^^^^^^^^^^^^^^^^^^^^^^^^^^^^^^^^^

warning: missing documentation for a struct field
   --> src/agents/memory.rs:112:5
    |
112 |     pub communication_style: CommunicationStyle,
    |     ^^^^^^^^^^^^^^^^^^^^^^^^^^^^^^^^^^^^^^^^^^^

warning: missing documentation for a struct field
   --> src/agents/memory.rs:113:5
    |
113 |     pub reliability_score: f64, // Based on past interactions
    |     ^^^^^^^^^^^^^^^^^^^^^^^^^^

warning: missing documentation for a struct field
   --> src/agents/memory.rs:114:5
    |
114 |     pub last_interaction: DateTime<Utc>,
    |     ^^^^^^^^^^^^^^^^^^^^^^^^^^^^^^^^^^^

warning: missing documentation for a struct
   --> src/agents/memory.rs:118:1
    |
118 | pub struct CollaborationRecord {
    | ^^^^^^^^^^^^^^^^^^^^^^^^^^^^^^

warning: missing documentation for a struct field
   --> src/agents/memory.rs:119:5
    |
119 |     pub task_id: Uuid,
    |     ^^^^^^^^^^^^^^^^^

warning: missing documentation for a struct field
   --> src/agents/memory.rs:120:5
    |
120 |     pub role: String,
    |     ^^^^^^^^^^^^^^^^

warning: missing documentation for a struct field
   --> src/agents/memory.rs:121:5
    |
121 |     pub success: bool,
    |     ^^^^^^^^^^^^^^^^^

warning: missing documentation for a struct field
   --> src/agents/memory.rs:122:5
    |
122 |     pub efficiency: f64,
    |     ^^^^^^^^^^^^^^^^^^^

warning: missing documentation for a struct field
   --> src/agents/memory.rs:123:5
    |
123 |     pub timestamp: DateTime<Utc>,
    |     ^^^^^^^^^^^^^^^^^^^^^^^^^^^^

warning: missing documentation for an enum
   --> src/agents/memory.rs:127:1
    |
127 | pub enum CommunicationStyle {
    | ^^^^^^^^^^^^^^^^^^^^^^^^^^^

warning: missing documentation for a variant
   --> src/agents/memory.rs:128:5
    |
128 |     Direct,
    |     ^^^^^^

warning: missing documentation for a variant
   --> src/agents/memory.rs:129:5
    |
129 |     Collaborative,
    |     ^^^^^^^^^^^^^

warning: missing documentation for a variant
   --> src/agents/memory.rs:130:5
    |
130 |     Supportive,
    |     ^^^^^^^^^^

warning: missing documentation for a variant
   --> src/agents/memory.rs:131:5
    |
131 |     Analytical,
    |     ^^^^^^^^^^

warning: missing documentation for a variant
   --> src/agents/memory.rs:132:5
    |
132 |     Creative,
    |     ^^^^^^^^

warning: missing documentation for a struct
   --> src/agents/memory.rs:158:1
    |
158 | pub struct MemoryStatistics {
    | ^^^^^^^^^^^^^^^^^^^^^^^^^^^

warning: missing documentation for a struct field
   --> src/agents/memory.rs:159:5
    |
159 |     pub total_memories: usize,
    |     ^^^^^^^^^^^^^^^^^^^^^^^^^

warning: missing documentation for a struct field
   --> src/agents/memory.rs:160:5
    |
160 |     pub consolidation_events: u32,
    |     ^^^^^^^^^^^^^^^^^^^^^^^^^^^^^

warning: missing documentation for a struct field
   --> src/agents/memory.rs:161:5
    |
161 |     pub pattern_discoveries: u32,
    |     ^^^^^^^^^^^^^^^^^^^^^^^^^^^^

warning: missing documentation for a struct field
   --> src/agents/memory.rs:162:5
    |
162 |     pub social_connections: usize,
    |     ^^^^^^^^^^^^^^^^^^^^^^^^^^^^^

warning: missing documentation for a struct field
   --> src/agents/memory.rs:163:5
    |
163 |     pub average_memory_importance: f64,
    |     ^^^^^^^^^^^^^^^^^^^^^^^^^^^^^^^^^^

warning: missing documentation for a struct field
   --> src/agents/memory.rs:164:5
    |
164 |     pub last_consolidation: DateTime<Utc>,
    |     ^^^^^^^^^^^^^^^^^^^^^^^^^^^^^^^^^^^^^

warning: missing documentation for a struct field
  --> src/agents/optimized_agent.rs:14:5
   |
14 |     pub base_agent: Agent,
   |     ^^^^^^^^^^^^^^^^^^^^^

warning: missing documentation for a struct field
  --> src/agents/optimized_agent.rs:15:5
   |
15 |     pub optimization_level: OptimizationLevel,
   |     ^^^^^^^^^^^^^^^^^^^^^^^^^^^^^^^^^^^^^^^^^

warning: missing documentation for a struct field
  --> src/agents/optimized_agent.rs:16:5
   |
16 |     pub quantized_capabilities: Option<QuantizedCapabilities>,
   |     ^^^^^^^^^^^^^^^^^^^^^^^^^^^^^^^^^^^^^^^^^^^^^^^^^^^^^^^^^

warning: missing documentation for a struct field
  --> src/agents/optimized_agent.rs:17:5
   |
17 |     pub performance_profile: PerformanceProfile,
   |     ^^^^^^^^^^^^^^^^^^^^^^^^^^^^^^^^^^^^^^^^^^^

warning: missing documentation for a struct field
  --> src/agents/optimized_agent.rs:18:5
   |
18 |     pub resource_constraints: ResourceConstraints,
   |     ^^^^^^^^^^^^^^^^^^^^^^^^^^^^^^^^^^^^^^^^^^^^^

warning: missing documentation for an enum
  --> src/agents/optimized_agent.rs:22:1
   |
22 | pub enum OptimizationLevel {
   | ^^^^^^^^^^^^^^^^^^^^^^^^^^

warning: missing documentation for a variant
  --> src/agents/optimized_agent.rs:23:5
   |
23 |     Minimal,    // Basic optimizations, <512MB RAM
   |     ^^^^^^^

warning: missing documentation for a variant
  --> src/agents/optimized_agent.rs:24:5
   |
24 |     Standard,   // Balanced optimizations, 512MB-2GB RAM
   |     ^^^^^^^^

warning: missing documentation for a variant
  --> src/agents/optimized_agent.rs:25:5
   |
25 |     Aggressive, // Full optimizations, >2GB RAM
   |     ^^^^^^^^^^

warning: missing documentation for a struct
  --> src/agents/optimized_agent.rs:29:1
   |
29 | pub struct QuantizedCapabilities {
   | ^^^^^^^^^^^^^^^^^^^^^^^^^^^^^^^^

warning: missing documentation for a struct field
  --> src/agents/optimized_agent.rs:30:5
   |
30 |     pub weights: QuantizedWeights,
   |     ^^^^^^^^^^^^^^^^^^^^^^^^^^^^^

warning: missing documentation for a struct field
  --> src/agents/optimized_agent.rs:31:5
   |
31 |     pub capability_matrix: Vec<Vec<u8>>,
   |     ^^^^^^^^^^^^^^^^^^^^^^^^^^^^^^^^^^^

warning: missing documentation for a struct field
  --> src/agents/optimized_agent.rs:32:5
   |
32 |     pub scale_factors: Vec<f32>,
   |     ^^^^^^^^^^^^^^^^^^^^^^^^^^^

warning: missing documentation for a struct
  --> src/agents/optimized_agent.rs:36:1
   |
36 | pub struct PerformanceProfile {
   | ^^^^^^^^^^^^^^^^^^^^^^^^^^^^^

warning: missing documentation for a struct field
  --> src/agents/optimized_agent.rs:37:5
   |
37 |     pub avg_task_time_ms: f64,
   |     ^^^^^^^^^^^^^^^^^^^^^^^^^

warning: missing documentation for a struct field
  --> src/agents/optimized_agent.rs:38:5
   |
38 |     pub memory_usage_mb: f64,
   |     ^^^^^^^^^^^^^^^^^^^^^^^^

warning: missing documentation for a struct field
  --> src/agents/optimized_agent.rs:39:5
   |
39 |     pub cpu_utilization: f64,
   |     ^^^^^^^^^^^^^^^^^^^^^^^^

warning: missing documentation for a struct field
  --> src/agents/optimized_agent.rs:40:5
   |
40 |     pub cache_hit_ratio: f64,
   |     ^^^^^^^^^^^^^^^^^^^^^^^^

warning: missing documentation for a struct field
  --> src/agents/optimized_agent.rs:41:5
   |
41 |     pub simd_acceleration: bool,
   |     ^^^^^^^^^^^^^^^^^^^^^^^^^^^

warning: missing documentation for a struct
  --> src/agents/optimized_agent.rs:45:1
   |
45 | pub struct ResourceConstraints {
   | ^^^^^^^^^^^^^^^^^^^^^^^^^^^^^^

warning: missing documentation for a struct field
  --> src/agents/optimized_agent.rs:46:5
   |
46 |     pub max_memory_mb: usize,
   |     ^^^^^^^^^^^^^^^^^^^^^^^^

warning: missing documentation for a struct field
  --> src/agents/optimized_agent.rs:47:5
   |
47 |     pub max_cpu_threads: usize,
   |     ^^^^^^^^^^^^^^^^^^^^^^^^^^

warning: missing documentation for a struct field
  --> src/agents/optimized_agent.rs:48:5
   |
48 |     pub battery_mode: bool,
   |     ^^^^^^^^^^^^^^^^^^^^^^

warning: missing documentation for a struct field
  --> src/agents/optimized_agent.rs:49:5
   |
49 |     pub thermal_throttling: bool,
   |     ^^^^^^^^^^^^^^^^^^^^^^^^^^^^

warning: missing documentation for an associated function
  --> src/agents/optimized_agent.rs:54:5
   |
54 |     pub fn new(name: String, agent_type: AgentType, optimization_level: OptimizationLevel) -> Self {
   |     ^^^^^^^^^^^^^^^^^^^^^^^^^^^^^^^^^^^^^^^^^^^^^^^^^^^^^^^^^^^^^^^^^^^^^^^^^^^^^^^^^^^^^^^^^^^^^^

warning: missing documentation for an associated function
  --> src/agents/optimized_agent.rs:68:5
   |
68 |     pub fn new_for_edge_device(name: String, agent_type: AgentType) -> Self {
   |     ^^^^^^^^^^^^^^^^^^^^^^^^^^^^^^^^^^^^^^^^^^^^^^^^^^^^^^^^^^^^^^^^^^^^^^^

warning: missing documentation for an associated function
  --> src/agents/optimized_agent.rs:80:5
   |
80 |     pub fn new_for_raspberry_pi(name: String, agent_type: AgentType) -> Self {
   |     ^^^^^^^^^^^^^^^^^^^^^^^^^^^^^^^^^^^^^^^^^^^^^^^^^^^^^^^^^^^^^^^^^^^^^^^^

warning: missing documentation for an associated function
  --> src/agents/optimized_agent.rs:92:5
   |
92 |     pub fn new_for_server(name: String, agent_type: AgentType) -> Self {
   |     ^^^^^^^^^^^^^^^^^^^^^^^^^^^^^^^^^^^^^^^^^^^^^^^^^^^^^^^^^^^^^^^^^^

warning: missing documentation for a struct
   --> src/agents/optimized_agent.rs:347:1
    |
347 | pub struct OptimizationStats {
    | ^^^^^^^^^^^^^^^^^^^^^^^^^^^^

warning: missing documentation for a struct field
   --> src/agents/optimized_agent.rs:348:5
    |
348 |     pub optimization_level: OptimizationLevel,
    |     ^^^^^^^^^^^^^^^^^^^^^^^^^^^^^^^^^^^^^^^^^

warning: missing documentation for a struct field
   --> src/agents/optimized_agent.rs:349:5
    |
349 |     pub memory_savings_percent: f64,
    |     ^^^^^^^^^^^^^^^^^^^^^^^^^^^^^^^

warning: missing documentation for a struct field
   --> src/agents/optimized_agent.rs:350:5
    |
350 |     pub speed_improvement_factor: f64,
    |     ^^^^^^^^^^^^^^^^^^^^^^^^^^^^^^^^^

warning: missing documentation for a struct field
   --> src/agents/optimized_agent.rs:351:5
    |
351 |     pub simd_enabled: bool,
    |     ^^^^^^^^^^^^^^^^^^^^^^

warning: missing documentation for a struct field
   --> src/agents/optimized_agent.rs:352:5
    |
352 |     pub quantization_enabled: bool,
    |     ^^^^^^^^^^^^^^^^^^^^^^^^^^^^^^

warning: missing documentation for a struct field
   --> src/agents/optimized_agent.rs:353:5
    |
353 |     pub current_memory_mb: f64,
    |     ^^^^^^^^^^^^^^^^^^^^^^^^^^

warning: missing documentation for a struct field
   --> src/agents/optimized_agent.rs:354:5
    |
354 |     pub avg_task_time_ms: f64,
    |     ^^^^^^^^^^^^^^^^^^^^^^^^^

warning: missing documentation for a struct
 --> src/agents/recovery.rs:7:1
  |
7 | pub struct AgentRecoveryManager {
  | ^^^^^^^^^^^^^^^^^^^^^^^^^^^^^^^

warning: missing documentation for an associated function
  --> src/agents/recovery.rs:15:5
   |
15 |     pub fn new() -> Self {
   |     ^^^^^^^^^^^^^^^^^^^^

warning: missing documentation for an associated function
  --> src/agents/recovery.rs:24:5
   |
24 | /     pub fn with_config(
25 | |         max_retry_attempts: u32,
26 | |         base_retry_delay: Duration,
27 | |         max_retry_delay: Duration,
28 | |     ) -> Self {
   | |_____________^

warning: missing documentation for a method
  --> src/agents/recovery.rs:36:5
   |
36 |     pub async fn recover_agent(&self, agent: &mut Agent) -> HiveResult<()> {
   |     ^^^^^^^^^^^^^^^^^^^^^^^^^^^^^^^^^^^^^^^^^^^^^^^^^^^^^^^^^^^^^^^^^^^^^^

warning: missing documentation for a method
   --> src/agents/recovery.rs:150:5
    |
150 |     pub async fn emergency_reset(&self, agent: &mut Agent) -> HiveResult<()> {
    |     ^^^^^^^^^^^^^^^^^^^^^^^^^^^^^^^^^^^^^^^^^^^^^^^^^^^^^^^^^^^^^^^^^^^^^^^^

warning: missing documentation for an associated function
   --> src/agents/recovery.rs:176:5
    |
176 |     pub fn can_recover(agent: &Agent) -> bool {
    |     ^^^^^^^^^^^^^^^^^^^^^^^^^^^^^^^^^^^^^^^^^

warning: missing documentation for a method
   --> src/agents/recovery.rs:187:5
    |
187 |     pub async fn diagnose_agent(&self, agent: &Agent) -> Vec<String> {
    |     ^^^^^^^^^^^^^^^^^^^^^^^^^^^^^^^^^^^^^^^^^^^^^^^^^^^^^^^^^^^^^^^^

warning: missing documentation for a struct field
  --> src/agents/simple_verification.rs:23:5
   |
23 |     pub task_id: Uuid,
   |     ^^^^^^^^^^^^^^^^^

warning: missing documentation for a struct field
  --> src/agents/simple_verification.rs:24:5
   |
24 |     pub verification_status: SimpleVerificationStatus,
   |     ^^^^^^^^^^^^^^^^^^^^^^^^^^^^^^^^^^^^^^^^^^^^^^^^^

warning: missing documentation for a struct field
  --> src/agents/simple_verification.rs:25:5
   |
25 |     pub confidence_score: f64,
   |     ^^^^^^^^^^^^^^^^^^^^^^^^^

warning: missing documentation for a struct field
  --> src/agents/simple_verification.rs:26:5
   |
26 |     pub goal_alignment_score: f64,
   |     ^^^^^^^^^^^^^^^^^^^^^^^^^^^^^

warning: missing documentation for a struct field
  --> src/agents/simple_verification.rs:27:5
   |
27 |     pub format_compliance_score: f64,
   |     ^^^^^^^^^^^^^^^^^^^^^^^^^^^^^^^^

warning: missing documentation for a struct field
  --> src/agents/simple_verification.rs:28:5
   |
28 |     pub overall_score: f64,
   |     ^^^^^^^^^^^^^^^^^^^^^^

warning: missing documentation for a struct field
  --> src/agents/simple_verification.rs:29:5
   |
29 |     pub verification_tier: VerificationTier,
   |     ^^^^^^^^^^^^^^^^^^^^^^^^^^^^^^^^^^^^^^^

warning: missing documentation for a struct field
  --> src/agents/simple_verification.rs:30:5
   |
30 |     pub issues_found: Vec<VerificationIssue>,
   |     ^^^^^^^^^^^^^^^^^^^^^^^^^^^^^^^^^^^^^^^^

warning: missing documentation for a struct field
  --> src/agents/simple_verification.rs:31:5
   |
31 |     pub verification_time_ms: u64,
   |     ^^^^^^^^^^^^^^^^^^^^^^^^^^^^^

warning: missing documentation for a struct field
  --> src/agents/simple_verification.rs:32:5
   |
32 |     pub verified_at: DateTime<Utc>,
   |     ^^^^^^^^^^^^^^^^^^^^^^^^^^^^^^

warning: missing documentation for a struct field
  --> src/agents/simple_verification.rs:33:5
   |
33 |     pub verifier_notes: String,
   |     ^^^^^^^^^^^^^^^^^^^^^^^^^^

warning: missing documentation for a variant
  --> src/agents/simple_verification.rs:39:5
   |
39 |     Passed,           // Meets all criteria
   |     ^^^^^^

warning: missing documentation for a variant
  --> src/agents/simple_verification.rs:40:5
   |
40 |     PassedWithIssues, // Acceptable but has minor issues
   |     ^^^^^^^^^^^^^^^^

warning: missing documentation for a variant
  --> src/agents/simple_verification.rs:41:5
   |
41 |     Failed,           // Does not meet requirements
   |     ^^^^^^

warning: missing documentation for a variant
  --> src/agents/simple_verification.rs:42:5
   |
42 |     RequiresReview,   // Needs human attention
   |     ^^^^^^^^^^^^^^

warning: missing documentation for a variant
  --> src/agents/simple_verification.rs:43:5
   |
43 |     Error,            // Verification process failed
   |     ^^^^^

warning: missing documentation for a variant
  --> src/agents/simple_verification.rs:49:5
   |
49 |     Quick,    // Regex + basic checks (< 100ms)
   |     ^^^^^

warning: missing documentation for a variant
  --> src/agents/simple_verification.rs:50:5
   |
50 |     Standard, // Full NLP analysis (< 1s)
   |     ^^^^^^^^

warning: missing documentation for a variant
  --> src/agents/simple_verification.rs:51:5
   |
51 |     Thorough, // AI review agent (< 10s)
   |     ^^^^^^^^

warning: missing documentation for a struct field
  --> src/agents/simple_verification.rs:57:5
   |
57 |     pub issue_type: IssueType,
   |     ^^^^^^^^^^^^^^^^^^^^^^^^^

warning: missing documentation for a struct field
  --> src/agents/simple_verification.rs:58:5
   |
58 |     pub severity: IssueSeverity,
   |     ^^^^^^^^^^^^^^^^^^^^^^^^^^^

warning: missing documentation for a struct field
  --> src/agents/simple_verification.rs:59:5
   |
59 |     pub description: String,
   |     ^^^^^^^^^^^^^^^^^^^^^^^

warning: missing documentation for a struct field
  --> src/agents/simple_verification.rs:60:5
   |
60 |     pub suggestion: Option<String>,
   |     ^^^^^^^^^^^^^^^^^^^^^^^^^^^^^^

warning: missing documentation for an enum
  --> src/agents/simple_verification.rs:64:1
   |
64 | pub enum IssueType {
   | ^^^^^^^^^^^^^^^^^^

warning: missing documentation for a variant
  --> src/agents/simple_verification.rs:65:5
   |
65 |     GoalMismatch,
   |     ^^^^^^^^^^^^

warning: missing documentation for a variant
  --> src/agents/simple_verification.rs:66:5
   |
66 |     FormatError,
   |     ^^^^^^^^^^^

warning: missing documentation for a variant
  --> src/agents/simple_verification.rs:67:5
   |
67 |     LengthIssue,
   |     ^^^^^^^^^^^

warning: missing documentation for a variant
  --> src/agents/simple_verification.rs:68:5
   |
68 |     MissingKeywords,
   |     ^^^^^^^^^^^^^^^

warning: missing documentation for a variant
  --> src/agents/simple_verification.rs:69:5
   |
69 |     QualityIssue,
   |     ^^^^^^^^^^^^

warning: missing documentation for a variant
  --> src/agents/simple_verification.rs:70:5
   |
70 |     StructureIssue,
   |     ^^^^^^^^^^^^^^

warning: missing documentation for an enum
  --> src/agents/simple_verification.rs:74:1
   |
74 | pub enum IssueSeverity {
   | ^^^^^^^^^^^^^^^^^^^^^^

warning: missing documentation for a variant
  --> src/agents/simple_verification.rs:75:5
   |
75 |     Critical, // Task fails
   |     ^^^^^^^^

warning: missing documentation for a variant
  --> src/agents/simple_verification.rs:76:5
   |
76 |     Major,    // Significant issue
   |     ^^^^^

warning: missing documentation for a variant
  --> src/agents/simple_verification.rs:77:5
   |
77 |     Minor,    // Acceptable but suboptimal
   |     ^^^^^

warning: missing documentation for a variant
  --> src/agents/simple_verification.rs:78:5
   |
78 |     Info,     // Informational only
   |     ^^^^

warning: missing documentation for a struct field
  --> src/agents/simple_verification.rs:84:5
   |
84 |     pub rule_id: String,
   |     ^^^^^^^^^^^^^^^^^^^

warning: missing documentation for a struct field
  --> src/agents/simple_verification.rs:85:5
   |
85 |     pub rule_type: RuleType,
   |     ^^^^^^^^^^^^^^^^^^^^^^^

warning: missing documentation for a struct field
  --> src/agents/simple_verification.rs:86:5
   |
86 |     pub threshold: f64,
   |     ^^^^^^^^^^^^^^^^^^

warning: missing documentation for a struct field
  --> src/agents/simple_verification.rs:87:5
   |
87 |     pub weight: f64,
   |     ^^^^^^^^^^^^^^^

warning: missing documentation for a struct field
  --> src/agents/simple_verification.rs:88:5
   |
88 |     pub enabled: bool,
   |     ^^^^^^^^^^^^^^^^^

warning: missing documentation for an enum
  --> src/agents/simple_verification.rs:92:1
   |
92 | pub enum RuleType {
   | ^^^^^^^^^^^^^^^^^

warning: missing documentation for a variant
  --> src/agents/simple_verification.rs:93:5
   |
93 |     SemanticSimilarity,
   |     ^^^^^^^^^^^^^^^^^^

warning: missing documentation for a variant
  --> src/agents/simple_verification.rs:94:5
   |
94 |     RegexPattern { pattern: String },
   |     ^^^^^^^^^^^^

warning: missing documentation for a struct field
  --> src/agents/simple_verification.rs:94:20
   |
94 |     RegexPattern { pattern: String },
   |                    ^^^^^^^^^^^^^^^

warning: missing documentation for a variant
  --> src/agents/simple_verification.rs:95:5
   |
95 |     LengthCheck { min: usize, max: usize },
   |     ^^^^^^^^^^^

warning: missing documentation for a struct field
  --> src/agents/simple_verification.rs:95:19
   |
95 |     LengthCheck { min: usize, max: usize },
   |                   ^^^^^^^^^^

warning: missing documentation for a struct field
  --> src/agents/simple_verification.rs:95:31
   |
95 |     LengthCheck { min: usize, max: usize },
   |                               ^^^^^^^^^^

warning: missing documentation for a variant
  --> src/agents/simple_verification.rs:96:5
   |
96 |     KeywordPresence { keywords: Vec<String> },
   |     ^^^^^^^^^^^^^^^

warning: missing documentation for a struct field
  --> src/agents/simple_verification.rs:96:23
   |
96 |     KeywordPresence { keywords: Vec<String> },
   |                       ^^^^^^^^^^^^^^^^^^^^^

warning: missing documentation for a variant
  --> src/agents/simple_verification.rs:97:5
   |
97 |     KeywordAbsence { forbidden_words: Vec<String> },
   |     ^^^^^^^^^^^^^^

warning: missing documentation for a struct field
  --> src/agents/simple_verification.rs:97:22
   |
97 |     KeywordAbsence { forbidden_words: Vec<String> },
   |                      ^^^^^^^^^^^^^^^^^^^^^^^^^^^^

warning: missing documentation for a variant
  --> src/agents/simple_verification.rs:98:5
   |
98 |     SentimentCheck { min_sentiment: f64 },
   |     ^^^^^^^^^^^^^^

warning: missing documentation for a struct field
  --> src/agents/simple_verification.rs:98:22
   |
98 |     SentimentCheck { min_sentiment: f64 },
   |                      ^^^^^^^^^^^^^^^^^^

warning: missing documentation for a variant
  --> src/agents/simple_verification.rs:99:5
   |
99 |     StructureCheck { expected_sections: Vec<String> },
   |     ^^^^^^^^^^^^^^

warning: missing documentation for a struct field
  --> src/agents/simple_verification.rs:99:22
   |
99 |     StructureCheck { expected_sections: Vec<String> },
   |                      ^^^^^^^^^^^^^^^^^^^^^^^^^^^^^^

warning: missing documentation for a struct field
   --> src/agents/simple_verification.rs:115:5
    |
115 |     pub total_verifications: u64,
    |     ^^^^^^^^^^^^^^^^^^^^^^^^^^^^

warning: missing documentation for a struct field
   --> src/agents/simple_verification.rs:116:5
    |
116 |     pub passed_verifications: u64,
    |     ^^^^^^^^^^^^^^^^^^^^^^^^^^^^^

warning: missing documentation for a struct field
   --> src/agents/simple_verification.rs:117:5
    |
117 |     pub failed_verifications: u64,
    |     ^^^^^^^^^^^^^^^^^^^^^^^^^^^^^

warning: missing documentation for a struct field
   --> src/agents/simple_verification.rs:118:5
    |
118 |     pub average_verification_time_ms: f64,
    |     ^^^^^^^^^^^^^^^^^^^^^^^^^^^^^^^^^^^^^

warning: missing documentation for a struct field
   --> src/agents/simple_verification.rs:119:5
    |
119 |     pub average_confidence_score: f64,
    |     ^^^^^^^^^^^^^^^^^^^^^^^^^^^^^^^^^

warning: missing documentation for a struct field
   --> src/agents/simple_verification.rs:120:5
    |
120 |     pub tier_usage: HashMap<String, u64>, // tier -> count
    |     ^^^^^^^^^^^^^^^^^^^^^^^^^^^^^^^^^^^^

warning: missing documentation for a struct field
   --> src/agents/simple_verification.rs:121:5
    |
121 |     pub rule_effectiveness: HashMap<String, f64>, // rule_id -> success rate
    |     ^^^^^^^^^^^^^^^^^^^^^^^^^^^^^^^^^^^^^^^^^^^^

warning: missing documentation for a struct field
  --> src/agents/skill_evolution.rs:48:5
   |
48 |     pub skill_id: String,
   |     ^^^^^^^^^^^^^^^^^^^^

warning: missing documentation for a struct field
  --> src/agents/skill_evolution.rs:49:5
   |
49 |     pub name: String,
   |     ^^^^^^^^^^^^^^^^

warning: missing documentation for a struct field
  --> src/agents/skill_evolution.rs:50:5
   |
50 |     pub description: String,
   |     ^^^^^^^^^^^^^^^^^^^^^^^

warning: missing documentation for a struct field
  --> src/agents/skill_evolution.rs:51:5
   |
51 |     pub category: String,
   |     ^^^^^^^^^^^^^^^^^^^^

warning: missing documentation for a struct field
  --> src/agents/skill_evolution.rs:52:5
   |
52 |     pub difficulty_level: u8, // 1-10
   |     ^^^^^^^^^^^^^^^^^^^^^^^^

warning: missing documentation for a struct field
  --> src/agents/skill_evolution.rs:53:5
   |
53 |     pub prerequisites: Vec<String>,
   |     ^^^^^^^^^^^^^^^^^^^^^^^^^^^^^^

warning: missing documentation for a struct field
  --> src/agents/skill_evolution.rs:54:5
   |
54 |     pub learning_time_hours: f64,
   |     ^^^^^^^^^^^^^^^^^^^^^^^^^^^^

warning: missing documentation for a struct field
  --> src/agents/skill_evolution.rs:55:5
   |
55 |     pub base_proficiency: f64,
   |     ^^^^^^^^^^^^^^^^^^^^^^^^^

warning: missing documentation for a struct field
  --> src/agents/skill_evolution.rs:56:5
   |
56 |     pub max_proficiency: f64,
   |     ^^^^^^^^^^^^^^^^^^^^^^^^

warning: missing documentation for a struct field
  --> src/agents/skill_evolution.rs:57:5
   |
57 |     pub learning_curve: LearningCurve,
   |     ^^^^^^^^^^^^^^^^^^^^^^^^^^^^^^^^^

warning: missing documentation for a struct field
  --> src/agents/skill_evolution.rs:58:5
   |
58 |     pub related_skills: Vec<String>,
   |     ^^^^^^^^^^^^^^^^^^^^^^^^^^^^^^^

warning: missing documentation for a struct field
  --> src/agents/skill_evolution.rs:65:14
   |
65 |     Linear { rate: f64 },
   |              ^^^^^^^^^

warning: missing documentation for a struct field
  --> src/agents/skill_evolution.rs:68:9
   |
68 |         initial_rate: f64,
   |         ^^^^^^^^^^^^^^^^^

warning: missing documentation for a struct field
  --> src/agents/skill_evolution.rs:69:9
   |
69 |         decay_factor: f64,
   |         ^^^^^^^^^^^^^^^^^

warning: missing documentation for a struct field
  --> src/agents/skill_evolution.rs:72:19
   |
72 |     Logarithmic { base_rate: f64, acceleration: f64 },
   |                   ^^^^^^^^^^^^^^

warning: missing documentation for a struct field
  --> src/agents/skill_evolution.rs:72:35
   |
72 |     Logarithmic { base_rate: f64, acceleration: f64 },
   |                                   ^^^^^^^^^^^^^^^^^

warning: missing documentation for a struct field
  --> src/agents/skill_evolution.rs:75:9
   |
75 |         initial_rate: f64,
   |         ^^^^^^^^^^^^^^^^^

warning: missing documentation for a struct field
  --> src/agents/skill_evolution.rs:76:9
   |
76 |         peak_rate: f64,
   |         ^^^^^^^^^^^^^^

warning: missing documentation for a struct field
  --> src/agents/skill_evolution.rs:77:9
   |
77 |         plateau_threshold: f64,
   |         ^^^^^^^^^^^^^^^^^^^^^^

warning: missing documentation for a struct field
  --> src/agents/skill_evolution.rs:84:5
   |
84 |     pub from_skill: String,
   |     ^^^^^^^^^^^^^^^^^^^^^^

warning: missing documentation for a struct field
  --> src/agents/skill_evolution.rs:85:5
   |
85 |     pub to_skill: String,
   |     ^^^^^^^^^^^^^^^^^^^^

warning: missing documentation for a struct field
  --> src/agents/skill_evolution.rs:86:5
   |
86 |     pub transfer_efficiency: f64, // How much proficiency transfers (0.0-1.0)
   |     ^^^^^^^^^^^^^^^^^^^^^^^^^^^^

warning: missing documentation for a struct field
  --> src/agents/skill_evolution.rs:87:5
   |
87 |     pub unlock_threshold: f64,    // Minimum proficiency needed to unlock next skill
   |     ^^^^^^^^^^^^^^^^^^^^^^^^^

warning: missing documentation for a struct field
  --> src/agents/skill_evolution.rs:88:5
   |
88 |     pub synergy_bonus: f64,       // Bonus when both skills are present
   |     ^^^^^^^^^^^^^^^^^^^^^^

warning: missing documentation for a struct field
  --> src/agents/skill_evolution.rs:94:5
   |
94 |     pub category_id: String,
   |     ^^^^^^^^^^^^^^^^^^^^^^^

warning: missing documentation for a struct field
  --> src/agents/skill_evolution.rs:95:5
   |
95 |     pub name: String,
   |     ^^^^^^^^^^^^^^^^

warning: missing documentation for a struct field
  --> src/agents/skill_evolution.rs:96:5
   |
96 |     pub description: String,
   |     ^^^^^^^^^^^^^^^^^^^^^^^

warning: missing documentation for a struct field
  --> src/agents/skill_evolution.rs:97:5
   |
97 |     pub skills: Vec<String>,
   |     ^^^^^^^^^^^^^^^^^^^^^^^

warning: missing documentation for a struct field
  --> src/agents/skill_evolution.rs:98:5
   |
98 |     pub category_bonuses: Vec<CategoryBonus>,
   |     ^^^^^^^^^^^^^^^^^^^^^^^^^^^^^^^^^^^^^^^^

warning: missing documentation for a struct field
   --> src/agents/skill_evolution.rs:104:5
    |
104 |     pub required_skills: usize,
    |     ^^^^^^^^^^^^^^^^^^^^^^^^^^

warning: missing documentation for a struct field
   --> src/agents/skill_evolution.rs:105:5
    |
105 |     pub bonus_type: BonusType,
    |     ^^^^^^^^^^^^^^^^^^^^^^^^^

warning: missing documentation for a struct field
   --> src/agents/skill_evolution.rs:106:5
    |
106 |     pub bonus_value: f64,
    |     ^^^^^^^^^^^^^^^^^^^^

warning: missing documentation for an enum
   --> src/agents/skill_evolution.rs:110:1
    |
110 | pub enum BonusType {
    | ^^^^^^^^^^^^^^^^^^

warning: missing documentation for a struct field
   --> src/agents/skill_evolution.rs:124:5
    |
124 |     pub policy_id: Uuid,
    |     ^^^^^^^^^^^^^^^^^^^

warning: missing documentation for a struct field
   --> src/agents/skill_evolution.rs:125:5
    |
125 |     pub name: String,
    |     ^^^^^^^^^^^^^^^^

warning: missing documentation for a struct field
   --> src/agents/skill_evolution.rs:126:5
    |
126 |     pub triggers: Vec<LearningTrigger>,
    |     ^^^^^^^^^^^^^^^^^^^^^^^^^^^^^^^^^^

warning: missing documentation for a struct field
   --> src/agents/skill_evolution.rs:127:5
    |
127 |     pub skill_selection: SkillSelectionStrategy,
    |     ^^^^^^^^^^^^^^^^^^^^^^^^^^^^^^^^^^^^^^^^^^^

warning: missing documentation for a struct field
   --> src/agents/skill_evolution.rs:128:5
    |
128 |     pub learning_parameters: LearningParameters,
    |     ^^^^^^^^^^^^^^^^^^^^^^^^^^^^^^^^^^^^^^^^^^^

warning: missing documentation for a struct field
   --> src/agents/skill_evolution.rs:129:5
    |
129 |     pub enabled: bool,
    |     ^^^^^^^^^^^^^^^^^

warning: missing documentation for a struct field
   --> src/agents/skill_evolution.rs:130:5
    |
130 |     pub priority: u8,
    |     ^^^^^^^^^^^^^^^^

warning: missing documentation for a struct field
   --> src/agents/skill_evolution.rs:138:9
    |
138 |         failure_rate: f64,
    |         ^^^^^^^^^^^^^^^^^

warning: missing documentation for a struct field
   --> src/agents/skill_evolution.rs:139:9
    |
139 |         skill_category: String,
    |         ^^^^^^^^^^^^^^^^^^^^^^

warning: missing documentation for a struct field
   --> src/agents/skill_evolution.rs:142:26
    |
142 |     PerformancePlateau { stagnation_period_hours: f64 },
    |                          ^^^^^^^^^^^^^^^^^^^^^^^^^^^^

warning: missing documentation for a struct field
   --> src/agents/skill_evolution.rs:144:19
    |
144 |     NewTaskType { task_pattern: String },
    |                   ^^^^^^^^^^^^^^^^^^^^

warning: missing documentation for a struct field
   --> src/agents/skill_evolution.rs:146:32
    |
146 |     CollaborationOpportunity { required_skills: Vec<String> },
    |                                ^^^^^^^^^^^^^^^^^^^^^^^^^^^^

warning: missing documentation for a struct field
   --> src/agents/skill_evolution.rs:148:25
    |
148 |     ScheduledLearning { interval_hours: f64 },
    |                         ^^^^^^^^^^^^^^^^^^^

warning: missing documentation for a struct field
   --> src/agents/skill_evolution.rs:150:22
    |
150 |     PeerComparison { skill_gap_threshold: f64 },
    |                      ^^^^^^^^^^^^^^^^^^^^^^^^

warning: missing documentation for a struct field
   --> src/agents/skill_evolution.rs:165:25
    |
165 |     RandomExploration { exploration_rate: f64 },
    |                         ^^^^^^^^^^^^^^^^^^^^^

warning: missing documentation for a struct field
   --> src/agents/skill_evolution.rs:171:5
    |
171 |     pub max_concurrent_learning: usize,
    |     ^^^^^^^^^^^^^^^^^^^^^^^^^^^^^^^^^^

warning: missing documentation for a struct field
   --> src/agents/skill_evolution.rs:172:5
    |
172 |     pub learning_time_multiplier: f64,
    |     ^^^^^^^^^^^^^^^^^^^^^^^^^^^^^^^^^

warning: missing documentation for a struct field
   --> src/agents/skill_evolution.rs:173:5
    |
173 |     pub proficiency_gain_rate: f64,
    |     ^^^^^^^^^^^^^^^^^^^^^^^^^^^^^^

warning: missing documentation for a struct field
   --> src/agents/skill_evolution.rs:174:5
    |
174 |     pub forgetting_rate: f64,
    |     ^^^^^^^^^^^^^^^^^^^^^^^^

warning: missing documentation for a struct field
   --> src/agents/skill_evolution.rs:175:5
    |
175 |     pub energy_cost_per_hour: f64,
    |     ^^^^^^^^^^^^^^^^^^^^^^^^^^^^^

warning: missing documentation for a struct field
   --> src/agents/skill_evolution.rs:181:5
    |
181 |     pub event_id: Uuid,
    |     ^^^^^^^^^^^^^^^^^^

warning: missing documentation for a struct field
   --> src/agents/skill_evolution.rs:182:5
    |
182 |     pub agent_id: Uuid,
    |     ^^^^^^^^^^^^^^^^^^

warning: missing documentation for a struct field
   --> src/agents/skill_evolution.rs:183:5
    |
183 |     pub skill_id: String,
    |     ^^^^^^^^^^^^^^^^^^^^

warning: missing documentation for a struct field
   --> src/agents/skill_evolution.rs:184:5
    |
184 |     pub event_type: LearningEventType,
    |     ^^^^^^^^^^^^^^^^^^^^^^^^^^^^^^^^^

warning: missing documentation for a struct field
   --> src/agents/skill_evolution.rs:185:5
    |
185 |     pub timestamp: DateTime<Utc>,
    |     ^^^^^^^^^^^^^^^^^^^^^^^^^^^^

warning: missing documentation for a struct field
   --> src/agents/skill_evolution.rs:186:5
    |
186 |     pub proficiency_before: f64,
    |     ^^^^^^^^^^^^^^^^^^^^^^^^^^^

warning: missing documentation for a struct field
   --> src/agents/skill_evolution.rs:187:5
    |
187 |     pub proficiency_after: f64,
    |     ^^^^^^^^^^^^^^^^^^^^^^^^^^

warning: missing documentation for a struct field
   --> src/agents/skill_evolution.rs:188:5
    |
188 |     pub learning_time_hours: f64,
    |     ^^^^^^^^^^^^^^^^^^^^^^^^^^^^

warning: missing documentation for a struct field
   --> src/agents/skill_evolution.rs:189:5
    |
189 |     pub energy_cost: f64,
    |     ^^^^^^^^^^^^^^^^^^^^

warning: missing documentation for a struct field
   --> src/agents/skill_evolution.rs:190:5
    |
190 |     pub trigger_reason: String,
    |     ^^^^^^^^^^^^^^^^^^^^^^^^^^

warning: missing documentation for a struct field
   --> src/agents/skill_evolution.rs:191:5
    |
191 |     pub success: bool,
    |     ^^^^^^^^^^^^^^^^^

warning: missing documentation for an enum
   --> src/agents/skill_evolution.rs:195:1
    |
195 | pub enum LearningEventType {
    | ^^^^^^^^^^^^^^^^^^^^^^^^^^

warning: missing documentation for a variant
   --> src/agents/skill_evolution.rs:196:5
    |
196 |     Acquisition,
    |     ^^^^^^^^^^^

warning: missing documentation for a variant
   --> src/agents/skill_evolution.rs:197:5
    |
197 |     Improvement,
    |     ^^^^^^^^^^^

warning: missing documentation for a variant
   --> src/agents/skill_evolution.rs:198:5
    |
198 |     Transfer,
    |     ^^^^^^^^

warning: missing documentation for a variant
   --> src/agents/skill_evolution.rs:199:5
    |
199 |     Forgetting,
    |     ^^^^^^^^^^

warning: missing documentation for a variant
   --> src/agents/skill_evolution.rs:200:5
    |
200 |     Synergy,
    |     ^^^^^^^

warning: missing documentation for a struct field
   --> src/agents/skill_evolution.rs:206:5
    |
206 |     pub evaluation_interval_minutes: u64,
    |     ^^^^^^^^^^^^^^^^^^^^^^^^^^^^^^^^^^^^

warning: missing documentation for a struct field
   --> src/agents/skill_evolution.rs:207:5
    |
207 |     pub max_skills_per_agent: usize,
    |     ^^^^^^^^^^^^^^^^^^^^^^^^^^^^^^^

warning: missing documentation for a struct field
   --> src/agents/skill_evolution.rs:208:5
    |
208 |     pub enable_skill_forgetting: bool,
    |     ^^^^^^^^^^^^^^^^^^^^^^^^^^^^^^^^^

warning: missing documentation for a struct field
   --> src/agents/skill_evolution.rs:209:5
    |
209 |     pub enable_skill_transfer: bool,
    |     ^^^^^^^^^^^^^^^^^^^^^^^^^^^^^^^

warning: missing documentation for a struct field
   --> src/agents/skill_evolution.rs:210:5
    |
210 |     pub enable_peer_learning: bool,
    |     ^^^^^^^^^^^^^^^^^^^^^^^^^^^^^^

warning: missing documentation for a struct field
   --> src/agents/skill_evolution.rs:211:5
    |
211 |     pub learning_efficiency_factor: f64,
    |     ^^^^^^^^^^^^^^^^^^^^^^^^^^^^^^^^^^^

warning: missing documentation for a struct field
   --> src/agents/skill_evolution.rs:651:5
    |
651 |     pub new_proficiency: f64,
    |     ^^^^^^^^^^^^^^^^^^^^^^^^

warning: missing documentation for a struct field
   --> src/agents/skill_evolution.rs:652:5
    |
652 |     pub learning_time: f64,
    |     ^^^^^^^^^^^^^^^^^^^^^^

warning: missing documentation for a struct field
   --> src/agents/skill_evolution.rs:653:5
    |
653 |     pub energy_cost: f64,
    |     ^^^^^^^^^^^^^^^^^^^^

warning: missing documentation for a struct field
   --> src/agents/skill_evolution.rs:654:5
    |
654 |     pub learning_rate: f64,
    |     ^^^^^^^^^^^^^^^^^^^^^^

warning: missing documentation for a struct field
  --> src/agents/verification.rs:39:5
   |
39 |     pub criterion_id: Uuid,
   |     ^^^^^^^^^^^^^^^^^^^^^^

warning: missing documentation for a struct field
  --> src/agents/verification.rs:40:5
   |
40 |     pub description: String,
   |     ^^^^^^^^^^^^^^^^^^^^^^^

warning: missing documentation for a struct field
  --> src/agents/verification.rs:41:5
   |
41 |     pub measurable_outcome: String,
   |     ^^^^^^^^^^^^^^^^^^^^^^^^^^^^^^

warning: missing documentation for a struct field
  --> src/agents/verification.rs:42:5
   |
42 |     pub verification_method: VerificationMethod,
   |     ^^^^^^^^^^^^^^^^^^^^^^^^^^^^^^^^^^^^^^^^^^^

warning: missing documentation for a struct field
  --> src/agents/verification.rs:43:5
   |
43 |     pub weight: f64,    // Importance weight (0.0 to 1.0)
   |     ^^^^^^^^^^^^^^^

warning: missing documentation for a struct field
  --> src/agents/verification.rs:44:5
   |
44 |     pub threshold: f64, // Minimum score to pass this criterion
   |     ^^^^^^^^^^^^^^^^^^

warning: missing documentation for a struct field
  --> src/agents/verification.rs:95:5
   |
95 |     pub attempt_id: Uuid,
   |     ^^^^^^^^^^^^^^^^^^^^

warning: missing documentation for a struct field
  --> src/agents/verification.rs:96:5
   |
96 |     pub verifier_agent: Uuid,
   |     ^^^^^^^^^^^^^^^^^^^^^^^^

warning: missing documentation for a struct field
  --> src/agents/verification.rs:97:5
   |
97 |     pub method_used: VerificationMethod,
   |     ^^^^^^^^^^^^^^^^^^^^^^^^^^^^^^^^^^^

warning: missing documentation for a struct field
  --> src/agents/verification.rs:98:5
   |
98 |     pub result: VerificationResult,
   |     ^^^^^^^^^^^^^^^^^^^^^^^^^^^^^^

warning: missing documentation for a struct field
  --> src/agents/verification.rs:99:5
   |
99 |     pub timestamp: DateTime<Utc>,
   |     ^^^^^^^^^^^^^^^^^^^^^^^^^^^^

warning: missing documentation for a struct field
   --> src/agents/verification.rs:100:5
    |
100 |     pub duration: chrono::Duration,
    |     ^^^^^^^^^^^^^^^^^^^^^^^^^^^^^^

warning: missing documentation for a struct field
   --> src/agents/verification.rs:106:5
    |
106 |     pub verification_id: Uuid,
    |     ^^^^^^^^^^^^^^^^^^^^^^^^^

warning: missing documentation for a struct field
   --> src/agents/verification.rs:107:5
    |
107 |     pub task_id: Uuid,
    |     ^^^^^^^^^^^^^^^^^

warning: missing documentation for a struct field
   --> src/agents/verification.rs:108:5
    |
108 |     pub verifier_agent: Uuid,
    |     ^^^^^^^^^^^^^^^^^^^^^^^^

warning: missing documentation for a struct field
   --> src/agents/verification.rs:109:5
    |
109 |     pub verification_status: VerificationStatus,
    |     ^^^^^^^^^^^^^^^^^^^^^^^^^^^^^^^^^^^^^^^^^^^

warning: missing documentation for a struct field
   --> src/agents/verification.rs:110:5
    |
110 |     pub goal_alignment_score: f64,
    |     ^^^^^^^^^^^^^^^^^^^^^^^^^^^^^

warning: missing documentation for a struct field
   --> src/agents/verification.rs:111:5
    |
111 |     pub quality_score: f64,
    |     ^^^^^^^^^^^^^^^^^^^^^^

warning: missing documentation for a struct field
   --> src/agents/verification.rs:112:5
    |
112 |     pub independent_assessment: String,
    |     ^^^^^^^^^^^^^^^^^^^^^^^^^^^^^^^^^^

warning: missing documentation for a struct field
   --> src/agents/verification.rs:113:5
    |
113 |     pub discrepancies_found: Vec<Discrepancy>,
    |     ^^^^^^^^^^^^^^^^^^^^^^^^^^^^^^^^^^^^^^^^^

warning: missing documentation for a struct field
   --> src/agents/verification.rs:114:5
    |
114 |     pub verification_confidence: f64,
    |     ^^^^^^^^^^^^^^^^^^^^^^^^^^^^^^^^

warning: missing documentation for a struct field
   --> src/agents/verification.rs:115:5
    |
115 |     pub method_used: VerificationMethod,
    |     ^^^^^^^^^^^^^^^^^^^^^^^^^^^^^^^^^^^

warning: missing documentation for a struct field
   --> src/agents/verification.rs:116:5
    |
116 |     pub timestamp: DateTime<Utc>,
    |     ^^^^^^^^^^^^^^^^^^^^^^^^^^^^

warning: missing documentation for a struct field
   --> src/agents/verification.rs:117:5
    |
117 |     pub verification_details: VerificationDetails,
    |     ^^^^^^^^^^^^^^^^^^^^^^^^^^^^^^^^^^^^^^^^^^^^^

warning: missing documentation for a struct field
   --> src/agents/verification.rs:140:5
    |
140 |     pub id: Uuid,
    |     ^^^^^^^^^^^^

warning: missing documentation for a struct field
   --> src/agents/verification.rs:141:5
    |
141 |     pub criterion_id: Uuid,
    |     ^^^^^^^^^^^^^^^^^^^^^^

warning: missing documentation for a struct field
   --> src/agents/verification.rs:142:5
    |
142 |     pub expected: String,
    |     ^^^^^^^^^^^^^^^^^^^^

warning: missing documentation for a struct field
   --> src/agents/verification.rs:143:5
    |
143 |     pub actual: String,
    |     ^^^^^^^^^^^^^^^^^^

warning: missing documentation for a struct field
   --> src/agents/verification.rs:144:5
    |
144 |     pub severity: DiscrepancySeverity,
    |     ^^^^^^^^^^^^^^^^^^^^^^^^^^^^^^^^^

warning: missing documentation for a struct field
   --> src/agents/verification.rs:145:5
    |
145 |     pub description: String,
    |     ^^^^^^^^^^^^^^^^^^^^^^^

warning: missing documentation for a variant
   --> src/agents/verification.rs:151:5
    |
151 |     Critical, // Task fails completely
    |     ^^^^^^^^

warning: missing documentation for a variant
   --> src/agents/verification.rs:152:5
    |
152 |     Major,    // Significant issue but task might still be acceptable
    |     ^^^^^

warning: missing documentation for a variant
   --> src/agents/verification.rs:153:5
    |
153 |     Minor,    // Small issue that doesn't affect overall success
    |     ^^^^^

warning: missing documentation for a variant
   --> src/agents/verification.rs:154:5
    |
154 |     Cosmetic, // Aesthetic or style issue
    |     ^^^^^^^^

warning: missing documentation for a struct field
   --> src/agents/verification.rs:160:5
    |
160 |     pub criteria_scores: HashMap<Uuid, f64>,
    |     ^^^^^^^^^^^^^^^^^^^^^^^^^^^^^^^^^^^^^^^

warning: missing documentation for a struct field
   --> src/agents/verification.rs:161:5
    |
161 |     pub method_specific_data: HashMap<String, serde_json::Value>,
    |     ^^^^^^^^^^^^^^^^^^^^^^^^^^^^^^^^^^^^^^^^^^^^^^^^^^^^^^^^^^^^

warning: missing documentation for a struct field
   --> src/agents/verification.rs:162:5
    |
162 |     pub reasoning: String,
    |     ^^^^^^^^^^^^^^^^^^^^^

warning: missing documentation for a struct field
   --> src/agents/verification.rs:163:5
    |
163 |     pub alternative_approaches_considered: Vec<String>,
    |     ^^^^^^^^^^^^^^^^^^^^^^^^^^^^^^^^^^^^^^^^^^^^^^^^^^

warning: missing documentation for a struct field
   --> src/agents/verification.rs:164:5
    |
164 |     pub confidence_factors: Vec<String>,
    |     ^^^^^^^^^^^^^^^^^^^^^^^^^^^^^^^^^^^

warning: missing documentation for a struct field
   --> src/agents/verification.rs:170:5
    |
170 |     pub pair_id: Uuid,
    |     ^^^^^^^^^^^^^^^^^

warning: missing documentation for a struct field
   --> src/agents/verification.rs:171:5
    |
171 |     pub primary_agent: Uuid,
    |     ^^^^^^^^^^^^^^^^^^^^^^^

warning: missing documentation for a struct field
   --> src/agents/verification.rs:172:5
    |
172 |     pub verification_agent: Uuid,
    |     ^^^^^^^^^^^^^^^^^^^^^^^^^^^^

warning: missing documentation for a struct field
   --> src/agents/verification.rs:173:5
    |
173 |     pub specialization: String,
    |     ^^^^^^^^^^^^^^^^^^^^^^^^^^

warning: missing documentation for a struct field
   --> src/agents/verification.rs:174:5
    |
174 |     pub trust_score: f64,
    |     ^^^^^^^^^^^^^^^^^^^^

warning: missing documentation for a struct field
   --> src/agents/verification.rs:175:5
    |
175 |     pub verification_history: Vec<VerificationResult>,
    |     ^^^^^^^^^^^^^^^^^^^^^^^^^^^^^^^^^^^^^^^^^^^^^^^^^

warning: missing documentation for a struct field
   --> src/agents/verification.rs:176:5
    |
176 |     pub created_at: DateTime<Utc>,
    |     ^^^^^^^^^^^^^^^^^^^^^^^^^^^^^

warning: missing documentation for a struct field
   --> src/agents/verification.rs:177:5
    |
177 |     pub last_used: DateTime<Utc>,
    |     ^^^^^^^^^^^^^^^^^^^^^^^^^^^^

warning: missing documentation for a struct field
   --> src/agents/verification.rs:178:5
    |
178 |     pub performance_metrics: PairMetrics,
    |     ^^^^^^^^^^^^^^^^^^^^^^^^^^^^^^^^^^^^

warning: missing documentation for a struct field
   --> src/agents/verification.rs:184:5
    |
184 |     pub total_tasks: u32,
    |     ^^^^^^^^^^^^^^^^^^^^

warning: missing documentation for a struct field
   --> src/agents/verification.rs:185:5
    |
185 |     pub successful_verifications: u32,
    |     ^^^^^^^^^^^^^^^^^^^^^^^^^^^^^^^^^

warning: missing documentation for a struct field
   --> src/agents/verification.rs:186:5
    |
186 |     pub failed_verifications: u32,
    |     ^^^^^^^^^^^^^^^^^^^^^^^^^^^^^

warning: missing documentation for a struct field
   --> src/agents/verification.rs:187:5
    |
187 |     pub average_verification_time: f64,
    |     ^^^^^^^^^^^^^^^^^^^^^^^^^^^^^^^^^^

warning: missing documentation for a struct field
   --> src/agents/verification.rs:188:5
    |
188 |     pub average_confidence: f64,
    |     ^^^^^^^^^^^^^^^^^^^^^^^^^^^

warning: missing documentation for a struct field
   --> src/agents/verification.rs:189:5
    |
189 |     pub discrepancy_detection_rate: f64,
    |     ^^^^^^^^^^^^^^^^^^^^^^^^^^^^^^^^^^^

warning: missing documentation for a struct field
   --> src/agents/verification.rs:190:5
    |
190 |     pub false_positive_rate: f64,
    |     ^^^^^^^^^^^^^^^^^^^^^^^^^^^^

warning: missing documentation for a struct field
   --> src/agents/verification.rs:191:5
    |
191 |     pub false_negative_rate: f64,
    |     ^^^^^^^^^^^^^^^^^^^^^^^^^^^^

warning: missing documentation for a struct field
   --> src/agents/verification.rs:196:5
    |
196 |     pub active_pairs: HashMap<Uuid, AgentPair>,
    |     ^^^^^^^^^^^^^^^^^^^^^^^^^^^^^^^^^^^^^^^^^^

warning: missing documentation for a struct field
   --> src/agents/verification.rs:197:5
    |
197 |     pub pair_performance_metrics: HashMap<Uuid, PairMetrics>,
    |     ^^^^^^^^^^^^^^^^^^^^^^^^^^^^^^^^^^^^^^^^^^^^^^^^^^^^^^^^

warning: missing documentation for a struct field
   --> src/agents/verification.rs:198:5
    |
198 |     pub verification_standards: VerificationStandards,
    |     ^^^^^^^^^^^^^^^^^^^^^^^^^^^^^^^^^^^^^^^^^^^^^^^^^

warning: missing documentation for a struct field
   --> src/agents/verification.rs:199:5
    |
199 |     pub nlp_processor: std::sync::Arc<NLPProcessor>,
    |     ^^^^^^^^^^^^^^^^^^^^^^^^^^^^^^^^^^^^^^^^^^^^^^^

warning: missing documentation for a struct field
   --> src/agents/verification.rs:205:5
    |
205 |     pub min_goal_alignment_score: f64,
    |     ^^^^^^^^^^^^^^^^^^^^^^^^^^^^^^^^^

warning: missing documentation for a struct field
   --> src/agents/verification.rs:206:5
    |
206 |     pub min_quality_score: f64,
    |     ^^^^^^^^^^^^^^^^^^^^^^^^^^

warning: missing documentation for a struct field
   --> src/agents/verification.rs:207:5
    |
207 |     pub min_verification_confidence: f64,
    |     ^^^^^^^^^^^^^^^^^^^^^^^^^^^^^^^^^^^^

warning: missing documentation for a struct field
   --> src/agents/verification.rs:208:5
    |
208 |     pub max_acceptable_discrepancies: usize,
    |     ^^^^^^^^^^^^^^^^^^^^^^^^^^^^^^^^^^^^^^^

warning: missing documentation for a struct field
   --> src/agents/verification.rs:209:5
    |
209 |     pub critical_discrepancy_threshold: f64,
    |     ^^^^^^^^^^^^^^^^^^^^^^^^^^^^^^^^^^^^^^^

warning: missing documentation for an associated function
   --> src/agents/verification.rs:246:5
    |
246 |     pub fn new(nlp_processor: std::sync::Arc<NLPProcessor>) -> Self {
    |     ^^^^^^^^^^^^^^^^^^^^^^^^^^^^^^^^^^^^^^^^^^^^^^^^^^^^^^^^^^^^^^^

warning: missing documentation for a module
 --> src/communication/mod.rs:1:1
  |
1 | pub mod mcp;
  | ^^^^^^^^^^^

warning: missing documentation for a struct
  --> src/communication/mod.rs:13:1
   |
13 | pub struct WebSocketMessage {
   | ^^^^^^^^^^^^^^^^^^^^^^^^^^^

warning: missing documentation for a struct field
  --> src/communication/mod.rs:14:5
   |
14 |     pub message_type: String,
   |     ^^^^^^^^^^^^^^^^^^^^^^^^

warning: missing documentation for a struct field
  --> src/communication/mod.rs:15:5
   |
15 |     pub data: serde_json::Value,
   |     ^^^^^^^^^^^^^^^^^^^^^^^^^^^

warning: missing documentation for a struct field
  --> src/communication/mod.rs:16:5
   |
16 |     pub timestamp: chrono::DateTime<chrono::Utc>,
   |     ^^^^^^^^^^^^^^^^^^^^^^^^^^^^^^^^^^^^^^^^^^^^

warning: missing documentation for a struct
  --> src/communication/mod.rs:20:1
   |
20 | pub struct ClientMessage {
   | ^^^^^^^^^^^^^^^^^^^^^^^^

warning: missing documentation for a struct field
  --> src/communication/mod.rs:21:5
   |
21 |     pub action: String,
   |     ^^^^^^^^^^^^^^^^^^

warning: missing documentation for a struct field
  --> src/communication/mod.rs:22:5
   |
22 |     pub payload: Option<serde_json::Value>,
   |     ^^^^^^^^^^^^^^^^^^^^^^^^^^^^^^^^^^^^^^

warning: missing documentation for a function
  --> src/communication/mod.rs:25:1
   |
25 | pub async fn handle_websocket(socket: WebSocket, state: AppState) {
   | ^^^^^^^^^^^^^^^^^^^^^^^^^^^^^^^^^^^^^^^^^^^^^^^^^^^^^^^^^^^^^^^^^

warning: missing documentation for a struct field
  --> src/communication/mcp.rs:18:5
   |
18 |     pub jsonrpc: String,
   |     ^^^^^^^^^^^^^^^^^^^

warning: missing documentation for a struct field
  --> src/communication/mcp.rs:19:5
   |
19 |     pub id: Option<Value>,
   |     ^^^^^^^^^^^^^^^^^^^^^

warning: missing documentation for a struct field
  --> src/communication/mcp.rs:20:5
   |
20 |     pub method: String,
   |     ^^^^^^^^^^^^^^^^^^

warning: missing documentation for a struct field
  --> src/communication/mcp.rs:21:5
   |
21 |     pub params: Option<Value>,
   |     ^^^^^^^^^^^^^^^^^^^^^^^^^

warning: missing documentation for a struct
  --> src/communication/mcp.rs:25:1
   |
25 | pub struct MCPResponse {
   | ^^^^^^^^^^^^^^^^^^^^^^

warning: missing documentation for a struct field
  --> src/communication/mcp.rs:26:5
   |
26 |     pub jsonrpc: String,
   |     ^^^^^^^^^^^^^^^^^^^

warning: missing documentation for a struct field
  --> src/communication/mcp.rs:27:5
   |
27 |     pub id: Option<Value>,
   |     ^^^^^^^^^^^^^^^^^^^^^

warning: missing documentation for a struct field
  --> src/communication/mcp.rs:29:5
   |
29 |     pub result: Option<Value>,
   |     ^^^^^^^^^^^^^^^^^^^^^^^^^

warning: missing documentation for a struct field
  --> src/communication/mcp.rs:31:5
   |
31 |     pub error: Option<MCPError>,
   |     ^^^^^^^^^^^^^^^^^^^^^^^^^^^

warning: missing documentation for a struct
  --> src/communication/mcp.rs:35:1
   |
35 | pub struct MCPError {
   | ^^^^^^^^^^^^^^^^^^^

warning: missing documentation for a struct field
  --> src/communication/mcp.rs:36:5
   |
36 |     pub code: i32,
   |     ^^^^^^^^^^^^^

warning: missing documentation for a struct field
  --> src/communication/mcp.rs:37:5
   |
37 |     pub message: String,
   |     ^^^^^^^^^^^^^^^^^^^

warning: missing documentation for a struct field
  --> src/communication/mcp.rs:39:5
   |
39 |     pub data: Option<Value>,
   |     ^^^^^^^^^^^^^^^^^^^^^^^

warning: missing documentation for a struct
  --> src/communication/mcp.rs:43:1
   |
43 | pub struct MCPTool {
   | ^^^^^^^^^^^^^^^^^^

warning: missing documentation for a struct field
  --> src/communication/mcp.rs:44:5
   |
44 |     pub name: String,
   |     ^^^^^^^^^^^^^^^^

warning: missing documentation for a struct field
  --> src/communication/mcp.rs:45:5
   |
45 |     pub description: String,
   |     ^^^^^^^^^^^^^^^^^^^^^^^

warning: missing documentation for a struct field
  --> src/communication/mcp.rs:46:5
   |
46 |     pub input_schema: Value,
   |     ^^^^^^^^^^^^^^^^^^^^^^^

warning: missing documentation for a struct
  --> src/communication/mcp.rs:50:1
   |
50 | pub struct MCPResource {
   | ^^^^^^^^^^^^^^^^^^^^^^

warning: missing documentation for a struct field
  --> src/communication/mcp.rs:51:5
   |
51 |     pub uri: String,
   |     ^^^^^^^^^^^^^^^

warning: missing documentation for a struct field
  --> src/communication/mcp.rs:52:5
   |
52 |     pub name: String,
   |     ^^^^^^^^^^^^^^^^

warning: missing documentation for a struct field
  --> src/communication/mcp.rs:53:5
   |
53 |     pub description: Option<String>,
   |     ^^^^^^^^^^^^^^^^^^^^^^^^^^^^^^^

warning: missing documentation for a struct field
  --> src/communication/mcp.rs:54:5
   |
54 |     pub mime_type: Option<String>,
   |     ^^^^^^^^^^^^^^^^^^^^^^^^^^^^^

warning: missing documentation for a method
  --> src/communication/mcp.rs:75:5
   |
75 |     async fn execute(&self, params: &Value) -> Result<Value>;
   |     ^^^^^^^^^^^^^^^^^^^^^^^^^^^^^^^^^^^^^^^^^^^^^^^^^^^^^^^^^

warning: missing documentation for a method
  --> src/communication/mcp.rs:76:5
   |
76 |     fn get_schema(&self) -> Value;
   |     ^^^^^^^^^^^^^^^^^^^^^^^^^^^^^^

warning: missing documentation for a method
  --> src/communication/mcp.rs:77:5
   |
77 |     fn get_description(&self) -> String;
   |     ^^^^^^^^^^^^^^^^^^^^^^^^^^^^^^^^^^^^

warning: missing documentation for a struct field
  --> src/communication/mcp.rs:82:5
   |
82 |     pub name: String,
   |     ^^^^^^^^^^^^^^^^

warning: missing documentation for a struct field
  --> src/communication/mcp.rs:83:5
   |
83 |     pub version: String,
   |     ^^^^^^^^^^^^^^^^^^^

warning: missing documentation for a struct field
  --> src/communication/mcp.rs:84:5
   |
84 |     pub description: String,
   |     ^^^^^^^^^^^^^^^^^^^^^^^

warning: missing documentation for a struct field
  --> src/communication/mcp.rs:85:5
   |
85 |     pub hive: Arc<RwLock<HiveCoordinator>>,
   |     ^^^^^^^^^^^^^^^^^^^^^^^^^^^^^^^^^^^^^^

warning: missing documentation for a struct field
  --> src/communication/mcp.rs:86:5
   |
86 |     pub tools: HashMap<String, Box<dyn MCPToolHandler>>,
   |     ^^^^^^^^^^^^^^^^^^^^^^^^^^^^^^^^^^^^^^^^^^^^^^^^^^^

warning: missing documentation for a struct field
  --> src/communication/mcp.rs:87:5
   |
87 |     pub resources: HashMap<String, MCPResource>,
   |     ^^^^^^^^^^^^^^^^^^^^^^^^^^^^^^^^^^^^^^^^^^^

warning: missing documentation for a struct field
  --> src/communication/mcp.rs:88:5
   |
88 |     pub capabilities: Value,
   |     ^^^^^^^^^^^^^^^^^^^^^^^

warning: missing documentation for an associated function
  --> src/communication/mcp.rs:92:5
   |
92 |     pub fn new(hive: Arc<RwLock<HiveCoordinator>>) -> Self {
   |     ^^^^^^^^^^^^^^^^^^^^^^^^^^^^^^^^^^^^^^^^^^^^^^^^^^^^^^

warning: missing documentation for a struct
   --> src/communication/mcp.rs:340:1
    |
340 | pub struct CreateSwarmAgentTool {
    | ^^^^^^^^^^^^^^^^^^^^^^^^^^^^^^^

warning: missing documentation for an associated function
   --> src/communication/mcp.rs:345:5
    |
345 |     pub fn new(hive: Arc<RwLock<HiveCoordinator>>) -> Self {
    |     ^^^^^^^^^^^^^^^^^^^^^^^^^^^^^^^^^^^^^^^^^^^^^^^^^^^^^^

warning: missing documentation for a struct
   --> src/communication/mcp.rs:409:1
    |
409 | pub struct AssignSwarmTaskTool {
    | ^^^^^^^^^^^^^^^^^^^^^^^^^^^^^^

warning: missing documentation for an associated function
   --> src/communication/mcp.rs:414:5
    |
414 |     pub fn new(hive: Arc<RwLock<HiveCoordinator>>) -> Self {
    |     ^^^^^^^^^^^^^^^^^^^^^^^^^^^^^^^^^^^^^^^^^^^^^^^^^^^^^^

warning: missing documentation for a struct
   --> src/communication/mcp.rs:476:1
    |
476 | pub struct GetSwarmStatusTool {
    | ^^^^^^^^^^^^^^^^^^^^^^^^^^^^^

warning: missing documentation for an associated function
   --> src/communication/mcp.rs:481:5
    |
481 |     pub fn new(hive: Arc<RwLock<HiveCoordinator>>) -> Self {
    |     ^^^^^^^^^^^^^^^^^^^^^^^^^^^^^^^^^^^^^^^^^^^^^^^^^^^^^^

warning: missing documentation for a struct
   --> src/communication/mcp.rs:507:1
    |
507 | pub struct AnalyzeWithNLPTool {
    | ^^^^^^^^^^^^^^^^^^^^^^^^^^^^^

warning: missing documentation for an associated function
   --> src/communication/mcp.rs:512:5
    |
512 |     pub fn new(hive: Arc<RwLock<HiveCoordinator>>) -> Self {
    |     ^^^^^^^^^^^^^^^^^^^^^^^^^^^^^^^^^^^^^^^^^^^^^^^^^^^^^^

warning: missing documentation for a struct
   --> src/communication/mcp.rs:559:1
    |
559 | pub struct CoordinateAgentsTool {
    | ^^^^^^^^^^^^^^^^^^^^^^^^^^^^^^^

warning: missing documentation for an associated function
   --> src/communication/mcp.rs:564:5
    |
564 |     pub fn new(hive: Arc<RwLock<HiveCoordinator>>) -> Self {
    |     ^^^^^^^^^^^^^^^^^^^^^^^^^^^^^^^^^^^^^^^^^^^^^^^^^^^^^^

warning: missing documentation for a struct
   --> src/communication/mcp.rs:620:1
    |
620 | pub struct EchoTool;
    | ^^^^^^^^^^^^^^^^^^^

warning: missing documentation for a struct
   --> src/communication/mcp.rs:654:1
    |
654 | pub struct SystemInfoTool;
    | ^^^^^^^^^^^^^^^^^^^^^^^^^

warning: missing documentation for a constant
  --> src/communication/mcp.rs:59:5
   |
59 |     pub const PARSE_ERROR: i32 = -32700;
   |     ^^^^^^^^^^^^^^^^^^^^^^^^^^

warning: missing documentation for a constant
  --> src/communication/mcp.rs:60:5
   |
60 |     pub const INVALID_REQUEST: i32 = -32600;
   |     ^^^^^^^^^^^^^^^^^^^^^^^^^^^^^^

warning: missing documentation for a constant
  --> src/communication/mcp.rs:61:5
   |
61 |     pub const METHOD_NOT_FOUND: i32 = -32601;
   |     ^^^^^^^^^^^^^^^^^^^^^^^^^^^^^^^

warning: missing documentation for a constant
  --> src/communication/mcp.rs:62:5
   |
62 |     pub const INVALID_PARAMS: i32 = -32602;
   |     ^^^^^^^^^^^^^^^^^^^^^^^^^^^^^

warning: missing documentation for a constant
  --> src/communication/mcp.rs:63:5
   |
63 |     pub const INTERNAL_ERROR: i32 = -32603;
   |     ^^^^^^^^^^^^^^^^^^^^^^^^^^^^^

warning: missing documentation for a constant
  --> src/communication/mcp.rs:66:5
   |
66 |     pub const TOOL_NOT_FOUND: i32 = -32000;
   |     ^^^^^^^^^^^^^^^^^^^^^^^^^^^^^

warning: missing documentation for a constant
  --> src/communication/mcp.rs:67:5
   |
67 |     pub const RESOURCE_NOT_FOUND: i32 = -32001;
   |     ^^^^^^^^^^^^^^^^^^^^^^^^^^^^^^^^^

warning: missing documentation for a constant
  --> src/communication/mcp.rs:68:5
   |
68 |     pub const PERMISSION_DENIED: i32 = -32002;
   |     ^^^^^^^^^^^^^^^^^^^^^^^^^^^^^^^^

warning: missing documentation for a constant
  --> src/communication/mcp.rs:69:5
   |
69 |     pub const RATE_LIMITED: i32 = -32003;
   |     ^^^^^^^^^^^^^^^^^^^^^^^^^^^

warning: missing documentation for a struct field
  --> src/core/auto_scaling.rs:36:5
   |
36 |     pub policy_id: Uuid,
   |     ^^^^^^^^^^^^^^^^^^^

warning: missing documentation for a struct field
  --> src/core/auto_scaling.rs:37:5
   |
37 |     pub name: String,
   |     ^^^^^^^^^^^^^^^^

warning: missing documentation for a struct field
  --> src/core/auto_scaling.rs:38:5
   |
38 |     pub trigger_conditions: Vec<ScalingTrigger>,
   |     ^^^^^^^^^^^^^^^^^^^^^^^^^^^^^^^^^^^^^^^^^^^

warning: missing documentation for a struct field
  --> src/core/auto_scaling.rs:39:5
   |
39 |     pub scaling_action: ScalingAction,
   |     ^^^^^^^^^^^^^^^^^^^^^^^^^^^^^^^^^

warning: missing documentation for a struct field
  --> src/core/auto_scaling.rs:40:5
   |
40 |     pub cooldown_period: Duration,
   |     ^^^^^^^^^^^^^^^^^^^^^^^^^^^^^

warning: missing documentation for a struct field
  --> src/core/auto_scaling.rs:41:5
   |
41 |     pub enabled: bool,
   |     ^^^^^^^^^^^^^^^^^

warning: missing documentation for a struct field
  --> src/core/auto_scaling.rs:42:5
   |
42 |     pub priority: u8,
   |     ^^^^^^^^^^^^^^^^

warning: missing documentation for a struct field
  --> src/core/auto_scaling.rs:50:9
   |
50 |         threshold: usize,
   |         ^^^^^^^^^^^^^^^^

warning: missing documentation for a struct field
  --> src/core/auto_scaling.rs:51:9
   |
51 |         duration_minutes: u32,
   |         ^^^^^^^^^^^^^^^^^^^^^

warning: missing documentation for a struct field
  --> src/core/auto_scaling.rs:55:9
   |
55 |         min_threshold: f64,
   |         ^^^^^^^^^^^^^^^^^^

warning: missing documentation for a struct field
  --> src/core/auto_scaling.rs:56:9
   |
56 |         max_threshold: f64,
   |         ^^^^^^^^^^^^^^^^^^

warning: missing documentation for a struct field
  --> src/core/auto_scaling.rs:59:23
   |
59 |     TaskFailureRate { threshold: f64, window_minutes: u32 },
   |                       ^^^^^^^^^^^^^^

warning: missing documentation for a struct field
  --> src/core/auto_scaling.rs:59:39
   |
59 |     TaskFailureRate { threshold: f64, window_minutes: u32 },
   |                                       ^^^^^^^^^^^^^^^^^^^

warning: missing documentation for a struct field
  --> src/core/auto_scaling.rs:61:29
   |
61 |     ResponseTimeThreshold { threshold_ms: u64, percentile: u8 },
   |                             ^^^^^^^^^^^^^^^^^

warning: missing documentation for a struct field
  --> src/core/auto_scaling.rs:61:48
   |
61 |     ResponseTimeThreshold { threshold_ms: u64, percentile: u8 },
   |                                                ^^^^^^^^^^^^^^

warning: missing documentation for a struct field
  --> src/core/auto_scaling.rs:64:9
   |
64 |         cpu_threshold: f64,
   |         ^^^^^^^^^^^^^^^^^^

warning: missing documentation for a struct field
  --> src/core/auto_scaling.rs:65:9
   |
65 |         memory_threshold: f64,
   |         ^^^^^^^^^^^^^^^^^^^^^

warning: missing documentation for a struct field
  --> src/core/auto_scaling.rs:68:24
   |
68 |     TimeBasedScaling { schedule: ScalingSchedule },
   |                        ^^^^^^^^^^^^^^^^^^^^^^^^^

warning: missing documentation for a struct field
  --> src/core/auto_scaling.rs:76:9
   |
76 |         agent_count: usize,
   |         ^^^^^^^^^^^^^^^^^^

warning: missing documentation for a struct field
  --> src/core/auto_scaling.rs:77:9
   |
77 |         agent_type: AgentType,
   |         ^^^^^^^^^^^^^^^^^^^^^

warning: missing documentation for a struct field
  --> src/core/auto_scaling.rs:78:9
   |
78 |         capabilities: Vec<String>,
   |         ^^^^^^^^^^^^^^^^^^^^^^^^^

warning: missing documentation for a struct field
  --> src/core/auto_scaling.rs:82:9
   |
82 |         agent_count: usize,
   |         ^^^^^^^^^^^^^^^^^^

warning: missing documentation for a struct field
  --> src/core/auto_scaling.rs:83:9
   |
83 |         selection_strategy: AgentSelectionStrategy,
   |         ^^^^^^^^^^^^^^^^^^^^^^^^^^^^^^^^^^^^^^^^^^

warning: missing documentation for a struct field
  --> src/core/auto_scaling.rs:87:9
   |
87 |         performance_threshold: f64,
   |         ^^^^^^^^^^^^^^^^^^^^^^^^^^

warning: missing documentation for a struct field
  --> src/core/auto_scaling.rs:88:9
   |
88 |         replacement_type: AgentType,
   |         ^^^^^^^^^^^^^^^^^^^^^^^^^^^

warning: missing documentation for a struct field
   --> src/core/auto_scaling.rs:108:5
    |
108 |     pub timezone: String,
    |     ^^^^^^^^^^^^^^^^^^^^

warning: missing documentation for a struct field
   --> src/core/auto_scaling.rs:109:5
    |
109 |     pub daily_schedule: Vec<ScheduleEntry>,
    |     ^^^^^^^^^^^^^^^^^^^^^^^^^^^^^^^^^^^^^^

warning: missing documentation for a struct field
   --> src/core/auto_scaling.rs:110:5
    |
110 |     pub weekend_behavior: WeekendBehavior,
    |     ^^^^^^^^^^^^^^^^^^^^^^^^^^^^^^^^^^^^^

warning: missing documentation for a struct
   --> src/core/auto_scaling.rs:114:1
    |
114 | pub struct ScheduleEntry {
    | ^^^^^^^^^^^^^^^^^^^^^^^^

warning: missing documentation for a struct field
   --> src/core/auto_scaling.rs:115:5
    |
115 |     pub start_hour: u8,
    |     ^^^^^^^^^^^^^^^^^^

warning: missing documentation for a struct field
   --> src/core/auto_scaling.rs:116:5
    |
116 |     pub end_hour: u8,
    |     ^^^^^^^^^^^^^^^^

warning: missing documentation for a struct field
   --> src/core/auto_scaling.rs:117:5
    |
117 |     pub target_agent_count: usize,
    |     ^^^^^^^^^^^^^^^^^^^^^^^^^^^^^

warning: missing documentation for a struct field
   --> src/core/auto_scaling.rs:118:5
    |
118 |     pub agent_types: Vec<AgentType>,
    |     ^^^^^^^^^^^^^^^^^^^^^^^^^^^^^^^

warning: missing documentation for an enum
   --> src/core/auto_scaling.rs:122:1
    |
122 | pub enum WeekendBehavior {
    | ^^^^^^^^^^^^^^^^^^^^^^^^

warning: missing documentation for a variant
   --> src/core/auto_scaling.rs:123:5
    |
123 |     SameAsWeekday,
    |     ^^^^^^^^^^^^^

warning: missing documentation for a variant
   --> src/core/auto_scaling.rs:124:5
    |
124 |     ReducedCapacity(f64), // Factor to multiply weekday capacity
    |     ^^^^^^^^^^^^^^^

warning: missing documentation for a variant
   --> src/core/auto_scaling.rs:125:5
    |
125 |     CustomSchedule(Vec<ScheduleEntry>),
    |     ^^^^^^^^^^^^^^

warning: missing documentation for a struct field
   --> src/core/auto_scaling.rs:131:5
    |
131 |     pub event_id: Uuid,
    |     ^^^^^^^^^^^^^^^^^^

warning: missing documentation for a struct field
   --> src/core/auto_scaling.rs:132:5
    |
132 |     pub timestamp: DateTime<Utc>,
    |     ^^^^^^^^^^^^^^^^^^^^^^^^^^^^

warning: missing documentation for a struct field
   --> src/core/auto_scaling.rs:133:5
    |
133 |     pub policy_id: Uuid,
    |     ^^^^^^^^^^^^^^^^^^^

warning: missing documentation for a struct field
   --> src/core/auto_scaling.rs:134:5
    |
134 |     pub trigger_reason: String,
    |     ^^^^^^^^^^^^^^^^^^^^^^^^^^

warning: missing documentation for a struct field
   --> src/core/auto_scaling.rs:135:5
    |
135 |     pub action_taken: ScalingAction,
    |     ^^^^^^^^^^^^^^^^^^^^^^^^^^^^^^^

warning: missing documentation for a struct field
   --> src/core/auto_scaling.rs:136:5
    |
136 |     pub agents_affected: Vec<Uuid>,
    |     ^^^^^^^^^^^^^^^^^^^^^^^^^^^^^^

warning: missing documentation for a struct field
   --> src/core/auto_scaling.rs:137:5
    |
137 |     pub success: bool,
    |     ^^^^^^^^^^^^^^^^^

warning: missing documentation for a struct field
   --> src/core/auto_scaling.rs:138:5
    |
138 |     pub error_message: Option<String>,
    |     ^^^^^^^^^^^^^^^^^^^^^^^^^^^^^^^^^

warning: missing documentation for a struct field
   --> src/core/auto_scaling.rs:139:5
    |
139 |     pub metrics_before: ScalingMetrics,
    |     ^^^^^^^^^^^^^^^^^^^^^^^^^^^^^^^^^^

warning: missing documentation for a struct field
   --> src/core/auto_scaling.rs:140:5
    |
140 |     pub metrics_after: Option<ScalingMetrics>,
    |     ^^^^^^^^^^^^^^^^^^^^^^^^^^^^^^^^^^^^^^^^^

warning: missing documentation for a struct field
   --> src/core/auto_scaling.rs:146:5
    |
146 |     pub last_scaling_event: Option<DateTime<Utc>>,
    |     ^^^^^^^^^^^^^^^^^^^^^^^^^^^^^^^^^^^^^^^^^^^^^

warning: missing documentation for a struct field
   --> src/core/auto_scaling.rs:147:5
    |
147 |     pub active_cooldowns: HashMap<Uuid, DateTime<Utc>>, // Policy ID -> Cooldown end time
    |     ^^^^^^^^^^^^^^^^^^^^^^^^^^^^^^^^^^^^^^^^^^^^^^^^^^

warning: missing documentation for a struct field
   --> src/core/auto_scaling.rs:148:5
    |
148 |     pub target_agent_count: usize,
    |     ^^^^^^^^^^^^^^^^^^^^^^^^^^^^^

warning: missing documentation for a struct field
   --> src/core/auto_scaling.rs:149:5
    |
149 |     pub current_agent_count: usize,
    |     ^^^^^^^^^^^^^^^^^^^^^^^^^^^^^^

warning: missing documentation for a struct field
   --> src/core/auto_scaling.rs:150:5
    |
150 |     pub scaling_in_progress: bool,
    |     ^^^^^^^^^^^^^^^^^^^^^^^^^^^^^

warning: missing documentation for a struct field
   --> src/core/auto_scaling.rs:151:5
    |
151 |     pub last_evaluation: DateTime<Utc>,
    |     ^^^^^^^^^^^^^^^^^^^^^^^^^^^^^^^^^^

warning: missing documentation for a struct field
   --> src/core/auto_scaling.rs:157:5
    |
157 |     pub timestamp: DateTime<Utc>,
    |     ^^^^^^^^^^^^^^^^^^^^^^^^^^^^

warning: missing documentation for a struct field
   --> src/core/auto_scaling.rs:158:5
    |
158 |     pub agent_count: usize,
    |     ^^^^^^^^^^^^^^^^^^^^^^

warning: missing documentation for a struct field
   --> src/core/auto_scaling.rs:159:5
    |
159 |     pub queue_depth: usize,
    |     ^^^^^^^^^^^^^^^^^^^^^^

warning: missing documentation for a struct field
   --> src/core/auto_scaling.rs:160:5
    |
160 |     pub average_response_time_ms: f64,
    |     ^^^^^^^^^^^^^^^^^^^^^^^^^^^^^^^^^

warning: missing documentation for a struct field
   --> src/core/auto_scaling.rs:161:5
    |
161 |     pub agent_utilization: f64,
    |     ^^^^^^^^^^^^^^^^^^^^^^^^^^

warning: missing documentation for a struct field
   --> src/core/auto_scaling.rs:162:5
    |
162 |     pub task_failure_rate: f64,
    |     ^^^^^^^^^^^^^^^^^^^^^^^^^^

warning: missing documentation for a struct field
   --> src/core/auto_scaling.rs:163:5
    |
163 |     pub cpu_usage: f64,
    |     ^^^^^^^^^^^^^^^^^^

warning: missing documentation for a struct field
   --> src/core/auto_scaling.rs:164:5
    |
164 |     pub memory_usage: f64,
    |     ^^^^^^^^^^^^^^^^^^^^^

warning: missing documentation for a struct field
   --> src/core/auto_scaling.rs:170:5
    |
170 |     pub evaluation_interval_seconds: u64,
    |     ^^^^^^^^^^^^^^^^^^^^^^^^^^^^^^^^^^^^

warning: missing documentation for a struct field
   --> src/core/auto_scaling.rs:171:5
    |
171 |     pub min_agents: usize,
    |     ^^^^^^^^^^^^^^^^^^^^^

warning: missing documentation for a struct field
   --> src/core/auto_scaling.rs:172:5
    |
172 |     pub max_agents: usize,
    |     ^^^^^^^^^^^^^^^^^^^^^

warning: missing documentation for a struct field
   --> src/core/auto_scaling.rs:173:5
    |
173 |     pub default_cooldown_minutes: u32,
    |     ^^^^^^^^^^^^^^^^^^^^^^^^^^^^^^^^^

warning: missing documentation for a struct field
   --> src/core/auto_scaling.rs:174:5
    |
174 |     pub enable_predictive_scaling: bool,
    |     ^^^^^^^^^^^^^^^^^^^^^^^^^^^^^^^^^^^

warning: missing documentation for a struct field
   --> src/core/auto_scaling.rs:175:5
    |
175 |     pub safety_margin_factor: f64,
    |     ^^^^^^^^^^^^^^^^^^^^^^^^^^^^^

warning: missing documentation for a struct field
  --> src/core/swarm_coordination.rs:17:5
   |
17 |     pub formation_id: Uuid,
   |     ^^^^^^^^^^^^^^^^^^^^^^

warning: missing documentation for a struct field
  --> src/core/swarm_coordination.rs:18:5
   |
18 |     pub formation_type: FormationType,
   |     ^^^^^^^^^^^^^^^^^^^^^^^^^^^^^^^^^

warning: missing documentation for a struct field
  --> src/core/swarm_coordination.rs:19:5
   |
19 |     pub agents: Vec<Uuid>,
   |     ^^^^^^^^^^^^^^^^^^^^^

warning: missing documentation for a struct field
  --> src/core/swarm_coordination.rs:20:5
   |
20 |     pub neural_coordination_active: bool,
   |     ^^^^^^^^^^^^^^^^^^^^^^^^^^^^^^^^^^^^

warning: missing documentation for a struct field
  --> src/core/swarm_coordination.rs:21:5
   |
21 |     pub intelligence_level: f64,
   |     ^^^^^^^^^^^^^^^^^^^^^^^^^^^

warning: missing documentation for a struct field
  --> src/core/swarm_coordination.rs:22:5
   |
22 |     pub adaptation_rate: f64,
   |     ^^^^^^^^^^^^^^^^^^^^^^^^

warning: missing documentation for a struct field
  --> src/core/swarm_coordination.rs:23:5
   |
23 |     pub efficiency_score: f64,
   |     ^^^^^^^^^^^^^^^^^^^^^^^^^

warning: missing documentation for a struct field
  --> src/core/swarm_coordination.rs:24:5
   |
24 |     pub created_at: DateTime<Utc>,
   |     ^^^^^^^^^^^^^^^^^^^^^^^^^^^^^

warning: missing documentation for a struct field
  --> src/core/swarm_coordination.rs:25:5
   |
25 |     pub last_optimized: DateTime<Utc>,
   |     ^^^^^^^^^^^^^^^^^^^^^^^^^^^^^^^^^

warning: missing documentation for a struct field
  --> src/core/swarm_coordination.rs:26:5
   |
26 |     pub performance_history: VecDeque<FormationPerformance>,
   |     ^^^^^^^^^^^^^^^^^^^^^^^^^^^^^^^^^^^^^^^^^^^^^^^^^^^^^^^

warning: missing documentation for a struct field
  --> src/core/swarm_coordination.rs:27:5
   |
27 |     pub behavioral_patterns: Vec<BehavioralPattern>,
   |     ^^^^^^^^^^^^^^^^^^^^^^^^^^^^^^^^^^^^^^^^^^^^^^^

warning: missing documentation for a struct field
  --> src/core/swarm_coordination.rs:33:5
   |
33 |     pub timestamp: DateTime<Utc>,
   |     ^^^^^^^^^^^^^^^^^^^^^^^^^^^^

warning: missing documentation for a struct field
  --> src/core/swarm_coordination.rs:34:5
   |
34 |     pub task_completion_rate: f64,
   |     ^^^^^^^^^^^^^^^^^^^^^^^^^^^^^

warning: missing documentation for a struct field
  --> src/core/swarm_coordination.rs:35:5
   |
35 |     pub average_response_time: f64,
   |     ^^^^^^^^^^^^^^^^^^^^^^^^^^^^^^

warning: missing documentation for a struct field
  --> src/core/swarm_coordination.rs:36:5
   |
36 |     pub resource_efficiency: f64,
   |     ^^^^^^^^^^^^^^^^^^^^^^^^^^^^

warning: missing documentation for a struct field
  --> src/core/swarm_coordination.rs:37:5
   |
37 |     pub collaboration_quality: f64,
   |     ^^^^^^^^^^^^^^^^^^^^^^^^^^^^^^

warning: missing documentation for a struct field
  --> src/core/swarm_coordination.rs:38:5
   |
38 |     pub learning_rate: f64,
   |     ^^^^^^^^^^^^^^^^^^^^^^

warning: missing documentation for a struct field
  --> src/core/swarm_coordination.rs:39:5
   |
39 |     pub innovation_score: f64,
   |     ^^^^^^^^^^^^^^^^^^^^^^^^^

warning: missing documentation for a struct field
  --> src/core/swarm_coordination.rs:45:5
   |
45 |     pub pattern_id: Uuid,
   |     ^^^^^^^^^^^^^^^^^^^^

warning: missing documentation for a struct field
  --> src/core/swarm_coordination.rs:46:5
   |
46 |     pub pattern_type: PatternType,
   |     ^^^^^^^^^^^^^^^^^^^^^^^^^^^^^

warning: missing documentation for a struct field
  --> src/core/swarm_coordination.rs:47:5
   |
47 |     pub strength: f64,
   |     ^^^^^^^^^^^^^^^^^

warning: missing documentation for a struct field
  --> src/core/swarm_coordination.rs:48:5
   |
48 |     pub stability: f64,
   |     ^^^^^^^^^^^^^^^^^^

warning: missing documentation for a struct field
  --> src/core/swarm_coordination.rs:49:5
   |
49 |     pub emergence_time: DateTime<Utc>,
   |     ^^^^^^^^^^^^^^^^^^^^^^^^^^^^^^^^^

warning: missing documentation for a struct field
  --> src/core/swarm_coordination.rs:50:5
   |
50 |     pub participating_agents: Vec<Uuid>,
   |     ^^^^^^^^^^^^^^^^^^^^^^^^^^^^^^^^^^^

warning: missing documentation for a struct field
  --> src/core/swarm_coordination.rs:51:5
   |
51 |     pub impact_on_performance: f64,
   |     ^^^^^^^^^^^^^^^^^^^^^^^^^^^^^^

warning: missing documentation for a variant
  --> src/core/swarm_coordination.rs:57:5
   |
57 |     LeadershipEmergence,
   |     ^^^^^^^^^^^^^^^^^^^

warning: missing documentation for a variant
  --> src/core/swarm_coordination.rs:58:5
   |
58 |     SpecializationDivision,
   |     ^^^^^^^^^^^^^^^^^^^^^^

warning: missing documentation for a variant
  --> src/core/swarm_coordination.rs:59:5
   |
59 |     CommunicationOptimization,
   |     ^^^^^^^^^^^^^^^^^^^^^^^^^

warning: missing documentation for a variant
  --> src/core/swarm_coordination.rs:60:5
   |
60 |     ResourceSharing,
   |     ^^^^^^^^^^^^^^^

warning: missing documentation for a variant
  --> src/core/swarm_coordination.rs:61:5
   |
61 |     CollectiveLearning,
   |     ^^^^^^^^^^^^^^^^^^

warning: missing documentation for a variant
  --> src/core/swarm_coordination.rs:62:5
   |
62 |     AdaptiveReorganization,
   |     ^^^^^^^^^^^^^^^^^^^^^^

warning: missing documentation for a struct field
  --> src/core/swarm_coordination.rs:68:5
   |
68 |     pub total_formations: usize,
   |     ^^^^^^^^^^^^^^^^^^^^^^^^^^^

warning: missing documentation for a struct field
  --> src/core/swarm_coordination.rs:69:5
   |
69 |     pub active_formations: usize,
   |     ^^^^^^^^^^^^^^^^^^^^^^^^^^^^

warning: missing documentation for a struct field
  --> src/core/swarm_coordination.rs:70:5
   |
70 |     pub average_formation_efficiency: f64,
   |     ^^^^^^^^^^^^^^^^^^^^^^^^^^^^^^^^^^^^^

warning: missing documentation for a struct field
  --> src/core/swarm_coordination.rs:71:5
   |
71 |     pub total_optimizations: usize,
   |     ^^^^^^^^^^^^^^^^^^^^^^^^^^^^^^

warning: missing documentation for a struct field
  --> src/core/swarm_coordination.rs:72:5
   |
72 |     pub successful_optimizations: usize,
   |     ^^^^^^^^^^^^^^^^^^^^^^^^^^^^^^^^^^^

warning: missing documentation for a struct field
  --> src/core/swarm_coordination.rs:73:5
   |
73 |     pub average_optimization_improvement: f64,
   |     ^^^^^^^^^^^^^^^^^^^^^^^^^^^^^^^^^^^^^^^^^

warning: missing documentation for a struct field
  --> src/core/swarm_coordination.rs:74:5
   |
74 |     pub behavioral_patterns_detected: usize,
   |     ^^^^^^^^^^^^^^^^^^^^^^^^^^^^^^^^^^^^^^^

warning: missing documentation for a struct field
  --> src/core/swarm_coordination.rs:75:5
   |
75 |     pub adaptive_behaviors_learned: usize,
   |     ^^^^^^^^^^^^^^^^^^^^^^^^^^^^^^^^^^^^^

warning: missing documentation for a struct field
  --> src/core/swarm_coordination.rs:76:5
   |
76 |     pub swarm_intelligence_score: f64,
   |     ^^^^^^^^^^^^^^^^^^^^^^^^^^^^^^^^^

warning: missing documentation for a struct field
  --> src/core/swarm_coordination.rs:77:5
   |
77 |     pub coordination_overhead: f64,
   |     ^^^^^^^^^^^^^^^^^^^^^^^^^^^^^^

warning: missing documentation for a struct field
  --> src/core/swarm_coordination.rs:95:5
   |
95 |     pub strategy_id: Uuid,
   |     ^^^^^^^^^^^^^^^^^^^^^

warning: missing documentation for a struct field
  --> src/core/swarm_coordination.rs:96:5
   |
96 |     pub name: String,
   |     ^^^^^^^^^^^^^^^^

warning: missing documentation for a struct field
  --> src/core/swarm_coordination.rs:97:5
   |
97 |     pub description: String,
   |     ^^^^^^^^^^^^^^^^^^^^^^^

warning: missing documentation for a struct field
  --> src/core/swarm_coordination.rs:98:5
   |
98 |     pub effectiveness_score: f64,
   |     ^^^^^^^^^^^^^^^^^^^^^^^^^^^^

warning: missing documentation for a struct field
  --> src/core/swarm_coordination.rs:99:5
   |
99 |     pub applicable_formations: Vec<FormationType>,
   |     ^^^^^^^^^^^^^^^^^^^^^^^^^^^^^^^^^^^^^^^^^^^^^

warning: missing documentation for a struct field
   --> src/core/swarm_coordination.rs:100:5
    |
100 |     pub optimization_function: OptimizationFunction,
    |     ^^^^^^^^^^^^^^^^^^^^^^^^^^^^^^^^^^^^^^^^^^^^^^^

warning: missing documentation for a variant
   --> src/core/swarm_coordination.rs:106:5
    |
106 |     PerformanceMaximization,
    |     ^^^^^^^^^^^^^^^^^^^^^^^

warning: missing documentation for a variant
   --> src/core/swarm_coordination.rs:107:5
    |
107 |     EfficiencyOptimization,
    |     ^^^^^^^^^^^^^^^^^^^^^^

warning: missing documentation for a variant
   --> src/core/swarm_coordination.rs:108:5
    |
108 |     AdaptabilityEnhancement,
    |     ^^^^^^^^^^^^^^^^^^^^^^^

warning: missing documentation for a variant
   --> src/core/swarm_coordination.rs:109:5
    |
109 |     LearningAcceleration,
    |     ^^^^^^^^^^^^^^^^^^^^

warning: missing documentation for a variant
   --> src/core/swarm_coordination.rs:110:5
    |
110 |     CollaborationImprovement,
    |     ^^^^^^^^^^^^^^^^^^^^^^^^

warning: missing documentation for a struct field
   --> src/core/swarm_coordination.rs:116:5
    |
116 |     pub optimization_id: Uuid,
    |     ^^^^^^^^^^^^^^^^^^^^^^^^^

warning: missing documentation for a struct field
   --> src/core/swarm_coordination.rs:117:5
    |
117 |     pub strategy_used: Uuid,
    |     ^^^^^^^^^^^^^^^^^^^^^^^

warning: missing documentation for a struct field
   --> src/core/swarm_coordination.rs:118:5
    |
118 |     pub before_metrics: FormationPerformance,
    |     ^^^^^^^^^^^^^^^^^^^^^^^^^^^^^^^^^^^^^^^^

warning: missing documentation for a struct field
   --> src/core/swarm_coordination.rs:119:5
    |
119 |     pub after_metrics: FormationPerformance,
    |     ^^^^^^^^^^^^^^^^^^^^^^^^^^^^^^^^^^^^^^^

warning: missing documentation for a struct field
   --> src/core/swarm_coordination.rs:120:5
    |
120 |     pub improvement_score: f64,
    |     ^^^^^^^^^^^^^^^^^^^^^^^^^^

warning: missing documentation for a struct field
   --> src/core/swarm_coordination.rs:121:5
    |
121 |     pub optimization_time: DateTime<Utc>,
    |     ^^^^^^^^^^^^^^^^^^^^^^^^^^^^^^^^^^^^

warning: missing documentation for a struct field
   --> src/core/swarm_coordination.rs:122:5
    |
122 |     pub changes_made: Vec<FormationChange>,
    |     ^^^^^^^^^^^^^^^^^^^^^^^^^^^^^^^^^^^^^^

warning: missing documentation for a struct field
   --> src/core/swarm_coordination.rs:128:5
    |
128 |     pub change_type: ChangeType,
    |     ^^^^^^^^^^^^^^^^^^^^^^^^^^^

warning: missing documentation for a struct field
   --> src/core/swarm_coordination.rs:129:5
    |
129 |     pub description: String,
    |     ^^^^^^^^^^^^^^^^^^^^^^^

warning: missing documentation for a struct field
   --> src/core/swarm_coordination.rs:130:5
    |
130 |     pub impact_score: f64,
    |     ^^^^^^^^^^^^^^^^^^^^^

warning: missing documentation for an enum
   --> src/core/swarm_coordination.rs:134:1
    |
134 | pub enum ChangeType {
    | ^^^^^^^^^^^^^^^^^^^

warning: missing documentation for a variant
   --> src/core/swarm_coordination.rs:135:5
    |
135 |     AgentReassignment,
    |     ^^^^^^^^^^^^^^^^^

warning: missing documentation for a variant
   --> src/core/swarm_coordination.rs:136:5
    |
136 |     FormationRestructure,
    |     ^^^^^^^^^^^^^^^^^^^^

warning: missing documentation for a variant
   --> src/core/swarm_coordination.rs:137:5
    |
137 |     ParameterAdjustment,
    |     ^^^^^^^^^^^^^^^^^^^

warning: missing documentation for a variant
   --> src/core/swarm_coordination.rs:138:5
    |
138 |     BehaviorModification,
    |     ^^^^^^^^^^^^^^^^^^^^

warning: missing documentation for a struct field
   --> src/core/swarm_coordination.rs:144:5
    |
144 |     pub max_optimization_time: Duration,
    |     ^^^^^^^^^^^^^^^^^^^^^^^^^^^^^^^^^^^

warning: missing documentation for a struct field
   --> src/core/swarm_coordination.rs:145:5
    |
145 |     pub min_improvement_threshold: f64,
    |     ^^^^^^^^^^^^^^^^^^^^^^^^^^^^^^^^^^

warning: missing documentation for a struct field
   --> src/core/swarm_coordination.rs:146:5
    |
146 |     pub stability_weight: f64,
    |     ^^^^^^^^^^^^^^^^^^^^^^^^^

warning: missing documentation for a struct field
   --> src/core/swarm_coordination.rs:147:5
    |
147 |     pub performance_weight: f64,
    |     ^^^^^^^^^^^^^^^^^^^^^^^^^^^

warning: missing documentation for a struct field
   --> src/core/swarm_coordination.rs:148:5
    |
148 |     pub efficiency_weight: f64,
    |     ^^^^^^^^^^^^^^^^^^^^^^^^^^

warning: missing documentation for an associated function
   --> src/core/swarm_coordination.rs:161:5
    |
161 |     pub fn new() -> Self {
    |     ^^^^^^^^^^^^^^^^^^^^

warning: missing documentation for a method
   --> src/core/swarm_coordination.rs:190:5
    |
190 | /     pub async fn identify_optimization_opportunities(
191 | |         &self,
192 | |         _formation: &EnhancedSwarmFormation,
193 | |         _performance: &PerformanceAnalysis,
194 | |     ) -> HiveResult<Vec<OptimizationOpportunity>> {
    | |_________________________________________________^

warning: missing documentation for a method
   --> src/core/swarm_coordination.rs:204:5
    |
204 | /     pub async fn select_optimization_strategy(
205 | |         &self,
206 | |         _opportunities: &[OptimizationOpportunity],
207 | |     ) -> HiveResult<OptimizationStrategy> {
    | |_________________________________________^

warning: missing documentation for an associated function
   --> src/core/swarm_coordination.rs:221:5
    |
221 |     pub fn new() -> Self {
    |     ^^^^^^^^^^^^^^^^^^^^

warning: missing documentation for a method
   --> src/core/swarm_coordination.rs:229:5
    |
229 | /     pub async fn monitor_formation_behavior(
230 | |         &self,
231 | |         _formation: &EnhancedSwarmFormation,
232 | |     ) -> HiveResult<Vec<BehavioralPattern>> {
    | |___________________________________________^

warning: missing documentation for a method
   --> src/core/swarm_coordination.rs:237:5
    |
237 | /     pub async fn detect_new_patterns(
238 | |         &self,
239 | |         _formation: &EnhancedSwarmFormation,
240 | |         _current_patterns: &[BehavioralPattern],
241 | |     ) -> HiveResult<Vec<BehavioralPattern>> {
    | |___________________________________________^

warning: missing documentation for a method
   --> src/core/swarm_coordination.rs:246:5
    |
246 | /     pub async fn evaluate_pattern_effectiveness(
247 | |         &self,
248 | |         patterns: &[BehavioralPattern],
249 | |     ) -> HiveResult<Vec<BehavioralPattern>> {
    | |___________________________________________^

warning: missing documentation for a method
   --> src/core/swarm_coordination.rs:258:5
    |
258 |     pub async fn learn_from_patterns(&mut self, patterns: &[BehavioralPattern]) -> HiveResult<()> {
    |     ^^^^^^^^^^^^^^^^^^^^^^^^^^^^^^^^^^^^^^^^^^^^^^^^^^^^^^^^^^^^^^^^^^^^^^^^^^^^^^^^^^^^^^^^^^^^^

warning: missing documentation for a struct
   --> src/core/swarm_coordination.rs:277:1
    |
277 | pub struct PerformanceAnalysis {
    | ^^^^^^^^^^^^^^^^^^^^^^^^^^^^^^

warning: missing documentation for a struct field
   --> src/core/swarm_coordination.rs:278:5
    |
278 |     pub efficiency_score: f64,
    |     ^^^^^^^^^^^^^^^^^^^^^^^^^

warning: missing documentation for a struct field
   --> src/core/swarm_coordination.rs:279:5
    |
279 |     pub bottlenecks: Vec<String>,
    |     ^^^^^^^^^^^^^^^^^^^^^^^^^^^^

warning: missing documentation for a struct field
   --> src/core/swarm_coordination.rs:280:5
    |
280 |     pub improvement_opportunities: Vec<String>,
    |     ^^^^^^^^^^^^^^^^^^^^^^^^^^^^^^^^^^^^^^^^^^

warning: missing documentation for a struct
   --> src/core/swarm_coordination.rs:284:1
    |
284 | pub struct OptimizationOpportunity {
    | ^^^^^^^^^^^^^^^^^^^^^^^^^^^^^^^^^^

warning: missing documentation for a struct field
   --> src/core/swarm_coordination.rs:285:5
    |
285 |     pub opportunity_id: Uuid,
    |     ^^^^^^^^^^^^^^^^^^^^^^^^

warning: missing documentation for a struct field
   --> src/core/swarm_coordination.rs:286:5
    |
286 |     pub opportunity_type: String,
    |     ^^^^^^^^^^^^^^^^^^^^^^^^^^^^

warning: missing documentation for a struct field
   --> src/core/swarm_coordination.rs:287:5
    |
287 |     pub potential_improvement: f64,
    |     ^^^^^^^^^^^^^^^^^^^^^^^^^^^^^^

warning: missing documentation for a struct field
   --> src/core/swarm_coordination.rs:288:5
    |
288 |     pub confidence: f64,
    |     ^^^^^^^^^^^^^^^^^^^

warning: missing documentation for a struct
 --> src/core/swarm_intelligence.rs:9:1
  |
9 | pub struct SwarmFormation {
  | ^^^^^^^^^^^^^^^^^^^^^^^^^

warning: missing documentation for a struct field
  --> src/core/swarm_intelligence.rs:10:5
   |
10 |     pub formation_id: Uuid,
   |     ^^^^^^^^^^^^^^^^^^^^^^

warning: missing documentation for a struct field
  --> src/core/swarm_intelligence.rs:11:5
   |
11 |     pub agents: Vec<Uuid>,
   |     ^^^^^^^^^^^^^^^^^^^^^

warning: missing documentation for a struct field
  --> src/core/swarm_intelligence.rs:12:5
   |
12 |     pub formation_type: FormationType,
   |     ^^^^^^^^^^^^^^^^^^^^^^^^^^^^^^^^^

warning: missing documentation for a struct field
  --> src/core/swarm_intelligence.rs:13:5
   |
13 |     pub efficiency_score: f64,
   |     ^^^^^^^^^^^^^^^^^^^^^^^^^

warning: missing documentation for a struct field
  --> src/core/swarm_intelligence.rs:14:5
   |
14 |     pub created_at: chrono::DateTime<chrono::Utc>,
   |     ^^^^^^^^^^^^^^^^^^^^^^^^^^^^^^^^^^^^^^^^^^^^^

warning: missing documentation for a struct field
  --> src/core/swarm_intelligence.rs:15:5
   |
15 |     pub last_updated: chrono::DateTime<chrono::Utc>,
   |     ^^^^^^^^^^^^^^^^^^^^^^^^^^^^^^^^^^^^^^^^^^^^^^^

warning: missing documentation for an enum
  --> src/core/swarm_intelligence.rs:19:1
   |
19 | pub enum FormationType {
   | ^^^^^^^^^^^^^^^^^^^^^^

warning: missing documentation for a variant
  --> src/core/swarm_intelligence.rs:20:5
   |
20 |     Chain,     // Sequential processing
   |     ^^^^^

warning: missing documentation for a variant
  --> src/core/swarm_intelligence.rs:21:5
   |
21 |     Star,      // Central coordinator with workers
   |     ^^^^

warning: missing documentation for a variant
  --> src/core/swarm_intelligence.rs:22:5
   |
22 |     Mesh,      // Fully connected network
   |     ^^^^

warning: missing documentation for a variant
  --> src/core/swarm_intelligence.rs:23:5
   |
23 |     Hierarchy, // Tree-like structure
   |     ^^^^^^^^^

warning: missing documentation for a variant
  --> src/core/swarm_intelligence.rs:24:5
   |
24 |     Ring,      // Circular formation
   |     ^^^^

warning: missing documentation for a struct
  --> src/core/swarm_intelligence.rs:28:1
   |
28 | pub struct FormationMetrics {
   | ^^^^^^^^^^^^^^^^^^^^^^^^^^^

warning: missing documentation for a struct field
  --> src/core/swarm_intelligence.rs:29:5
   |
29 |     pub task_completion_rate: f64,
   |     ^^^^^^^^^^^^^^^^^^^^^^^^^^^^^

warning: missing documentation for a struct field
  --> src/core/swarm_intelligence.rs:30:5
   |
30 |     pub average_response_time: f64,
   |     ^^^^^^^^^^^^^^^^^^^^^^^^^^^^^^

warning: missing documentation for a struct field
  --> src/core/swarm_intelligence.rs:31:5
   |
31 |     pub resource_utilization: f64,
   |     ^^^^^^^^^^^^^^^^^^^^^^^^^^^^^

warning: missing documentation for a struct field
  --> src/core/swarm_intelligence.rs:32:5
   |
32 |     pub communication_overhead: f64,
   |     ^^^^^^^^^^^^^^^^^^^^^^^^^^^^^^^

warning: missing documentation for a struct
  --> src/core/swarm_intelligence.rs:36:1
   |
36 | pub struct SwarmIntelligenceEngine {
   | ^^^^^^^^^^^^^^^^^^^^^^^^^^^^^^^^^^

warning: missing documentation for a struct
  --> src/core/swarm_intelligence.rs:44:1
   |
44 | pub struct SwarmOptimizationConfig {
   | ^^^^^^^^^^^^^^^^^^^^^^^^^^^^^^^^^^

warning: missing documentation for a struct field
  --> src/core/swarm_intelligence.rs:45:5
   |
45 |     pub max_agents_per_formation: usize,
   |     ^^^^^^^^^^^^^^^^^^^^^^^^^^^^^^^^^^^

warning: missing documentation for a struct field
  --> src/core/swarm_intelligence.rs:46:5
   |
46 |     pub min_agents_per_formation: usize,
   |     ^^^^^^^^^^^^^^^^^^^^^^^^^^^^^^^^^^^

warning: missing documentation for a struct field
  --> src/core/swarm_intelligence.rs:47:5
   |
47 |     pub performance_history_size: usize,
   |     ^^^^^^^^^^^^^^^^^^^^^^^^^^^^^^^^^^^

warning: missing documentation for a struct field
  --> src/core/swarm_intelligence.rs:48:5
   |
48 |     pub efficiency_threshold: f64,
   |     ^^^^^^^^^^^^^^^^^^^^^^^^^^^^^

warning: missing documentation for a struct field
  --> src/core/swarm_intelligence.rs:49:5
   |
49 |     pub rebalance_interval_minutes: u32,
   |     ^^^^^^^^^^^^^^^^^^^^^^^^^^^^^^^^^^^

warning: missing documentation for an associated function
  --> src/core/swarm_intelligence.rs:66:5
   |
66 |     pub fn new() -> Self {
   |     ^^^^^^^^^^^^^^^^^^^^

warning: missing documentation for an associated function
  --> src/core/swarm_intelligence.rs:76:5
   |
76 |     pub fn with_config(config: SwarmOptimizationConfig) -> Self {
   |     ^^^^^^^^^^^^^^^^^^^^^^^^^^^^^^^^^^^^^^^^^^^^^^^^^^^^^^^^^^^

warning: missing documentation for a method
  --> src/core/swarm_intelligence.rs:85:5
   |
85 | /     pub async fn optimize_formation(
86 | |         &mut self,
87 | |         agents: &[Agent],
88 | |         task: &Task,
89 | |     ) -> anyhow::Result<SwarmFormation> {
   | |_______________________________________^

warning: missing documentation for a method
   --> src/core/swarm_intelligence.rs:399:5
    |
399 |     pub fn update_formation_performance(&mut self, formation_id: Uuid, performance_score: f64) {
    |     ^^^^^^^^^^^^^^^^^^^^^^^^^^^^^^^^^^^^^^^^^^^^^^^^^^^^^^^^^^^^^^^^^^^^^^^^^^^^^^^^^^^^^^^^^^

warning: missing documentation for a method
   --> src/core/swarm_intelligence.rs:411:5
    |
411 |     pub fn record_agent_performance(&mut self, agent_id: Uuid, performance: f64) {
    |     ^^^^^^^^^^^^^^^^^^^^^^^^^^^^^^^^^^^^^^^^^^^^^^^^^^^^^^^^^^^^^^^^^^^^^^^^^^^^

warning: missing documentation for a method
   --> src/core/swarm_intelligence.rs:427:5
    |
427 |     pub fn get_formation_efficiency(&self, formation_id: Uuid) -> Option<f64> {
    |     ^^^^^^^^^^^^^^^^^^^^^^^^^^^^^^^^^^^^^^^^^^^^^^^^^^^^^^^^^^^^^^^^^^^^^^^^^

warning: missing documentation for a method
   --> src/core/swarm_intelligence.rs:434:5
    |
434 |     pub fn get_active_formations(&self) -> Vec<&SwarmFormation> {
    |     ^^^^^^^^^^^^^^^^^^^^^^^^^^^^^^^^^^^^^^^^^^^^^^^^^^^^^^^^^^^

warning: missing documentation for a method
   --> src/core/swarm_intelligence.rs:438:5
    |
438 |     pub async fn rebalance_formations(&mut self, agents: &[Agent]) -> anyhow::Result<Vec<Uuid>> {
    |     ^^^^^^^^^^^^^^^^^^^^^^^^^^^^^^^^^^^^^^^^^^^^^^^^^^^^^^^^^^^^^^^^^^^^^^^^^^^^^^^^^^^^^^^^^^^

warning: missing documentation for a struct field
  --> src/infrastructure/benchmarks.rs:18:5
   |
18 |     pub suite_id: uuid::Uuid,
   |     ^^^^^^^^^^^^^^^^^^^^^^^^

warning: missing documentation for a struct field
  --> src/infrastructure/benchmarks.rs:19:5
   |
19 |     pub name: String,
   |     ^^^^^^^^^^^^^^^^

warning: missing documentation for a struct field
  --> src/infrastructure/benchmarks.rs:20:5
   |
20 |     pub description: String,
   |     ^^^^^^^^^^^^^^^^^^^^^^^

warning: missing documentation for a struct field
  --> src/infrastructure/benchmarks.rs:21:5
   |
21 |     pub benchmarks: Vec<BenchmarkTest>,
   |     ^^^^^^^^^^^^^^^^^^^^^^^^^^^^^^^^^^

warning: missing documentation for a struct field
  --> src/infrastructure/benchmarks.rs:22:5
   |
22 |     pub created_at: DateTime<Utc>,
   |     ^^^^^^^^^^^^^^^^^^^^^^^^^^^^^

warning: missing documentation for a struct field
  --> src/infrastructure/benchmarks.rs:23:5
   |
23 |     pub last_run: Option<DateTime<Utc>>,
   |     ^^^^^^^^^^^^^^^^^^^^^^^^^^^^^^^^^^^

warning: missing documentation for a struct field
  --> src/infrastructure/benchmarks.rs:29:5
   |
29 |     pub test_id: uuid::Uuid,
   |     ^^^^^^^^^^^^^^^^^^^^^^^

warning: missing documentation for a struct field
  --> src/infrastructure/benchmarks.rs:30:5
   |
30 |     pub name: String,
   |     ^^^^^^^^^^^^^^^^

warning: missing documentation for a struct field
  --> src/infrastructure/benchmarks.rs:31:5
   |
31 |     pub description: String,
   |     ^^^^^^^^^^^^^^^^^^^^^^^

warning: missing documentation for a struct field
  --> src/infrastructure/benchmarks.rs:32:5
   |
32 |     pub test_type: BenchmarkType,
   |     ^^^^^^^^^^^^^^^^^^^^^^^^^^^^

warning: missing documentation for a struct field
  --> src/infrastructure/benchmarks.rs:33:5
   |
33 |     pub expected_duration_ms: Option<u64>,
   |     ^^^^^^^^^^^^^^^^^^^^^^^^^^^^^^^^^^^^^

warning: missing documentation for a struct field
  --> src/infrastructure/benchmarks.rs:34:5
   |
34 |     pub memory_limit_mb: Option<u64>,
   |     ^^^^^^^^^^^^^^^^^^^^^^^^^^^^^^^^

warning: missing documentation for a struct field
  --> src/infrastructure/benchmarks.rs:35:5
   |
35 |     pub cpu_limit_percent: Option<f64>,
   |     ^^^^^^^^^^^^^^^^^^^^^^^^^^^^^^^^^^

warning: missing documentation for a struct field
  --> src/infrastructure/benchmarks.rs:36:5
   |
36 |     pub iterations: u32,
   |     ^^^^^^^^^^^^^^^^^^^

warning: missing documentation for a variant
  --> src/infrastructure/benchmarks.rs:42:5
   |
42 |     AgentCreation,
   |     ^^^^^^^^^^^^^

warning: missing documentation for a variant
  --> src/infrastructure/benchmarks.rs:43:5
   |
43 |     TaskExecution,
   |     ^^^^^^^^^^^^^

warning: missing documentation for a variant
  --> src/infrastructure/benchmarks.rs:44:5
   |
44 |     MemoryUsage,
   |     ^^^^^^^^^^^

warning: missing documentation for a variant
  --> src/infrastructure/benchmarks.rs:45:5
   |
45 |     CpuUtilization,
   |     ^^^^^^^^^^^^^^

warning: missing documentation for a variant
  --> src/infrastructure/benchmarks.rs:46:5
   |
46 |     NetworkLatency,
   |     ^^^^^^^^^^^^^^

warning: missing documentation for a variant
  --> src/infrastructure/benchmarks.rs:47:5
   |
47 |     DatabaseOperations,
   |     ^^^^^^^^^^^^^^^^^^

warning: missing documentation for a variant
  --> src/infrastructure/benchmarks.rs:48:5
   |
48 |     NeuralProcessing,
   |     ^^^^^^^^^^^^^^^^

warning: missing documentation for a variant
  --> src/infrastructure/benchmarks.rs:49:5
   |
49 |     SwarmCoordination,
   |     ^^^^^^^^^^^^^^^^^

warning: missing documentation for a variant
  --> src/infrastructure/benchmarks.rs:50:5
   |
50 |     AutoScaling,
   |     ^^^^^^^^^^^

warning: missing documentation for a variant
  --> src/infrastructure/benchmarks.rs:51:5
   |
51 |     Custom(String),
   |     ^^^^^^

warning: missing documentation for a struct field
  --> src/infrastructure/benchmarks.rs:57:5
   |
57 |     pub test_id: uuid::Uuid,
   |     ^^^^^^^^^^^^^^^^^^^^^^^

warning: missing documentation for a struct field
  --> src/infrastructure/benchmarks.rs:58:5
   |
58 |     pub execution_id: uuid::Uuid,
   |     ^^^^^^^^^^^^^^^^^^^^^^^^^^^^

warning: missing documentation for a struct field
  --> src/infrastructure/benchmarks.rs:59:5
   |
59 |     pub timestamp: DateTime<Utc>,
   |     ^^^^^^^^^^^^^^^^^^^^^^^^^^^^

warning: missing documentation for a struct field
  --> src/infrastructure/benchmarks.rs:60:5
   |
60 |     pub duration_ms: u64,
   |     ^^^^^^^^^^^^^^^^^^^^

warning: missing documentation for a struct field
  --> src/infrastructure/benchmarks.rs:61:5
   |
61 |     pub memory_usage: MemoryMetrics,
   |     ^^^^^^^^^^^^^^^^^^^^^^^^^^^^^^^

warning: missing documentation for a struct field
  --> src/infrastructure/benchmarks.rs:62:5
   |
62 |     pub cpu_usage: CpuMetrics,
   |     ^^^^^^^^^^^^^^^^^^^^^^^^^

warning: missing documentation for a struct field
  --> src/infrastructure/benchmarks.rs:63:5
   |
63 |     pub success: bool,
   |     ^^^^^^^^^^^^^^^^^

warning: missing documentation for a struct field
  --> src/infrastructure/benchmarks.rs:64:5
   |
64 |     pub error_message: Option<String>,
   |     ^^^^^^^^^^^^^^^^^^^^^^^^^^^^^^^^^

warning: missing documentation for a struct field
  --> src/infrastructure/benchmarks.rs:65:5
   |
65 |     pub custom_metrics: HashMap<String, f64>,
   |     ^^^^^^^^^^^^^^^^^^^^^^^^^^^^^^^^^^^^^^^^

warning: missing documentation for a struct field
  --> src/infrastructure/benchmarks.rs:66:5
   |
66 |     pub iterations_completed: u32,
   |     ^^^^^^^^^^^^^^^^^^^^^^^^^^^^^

warning: missing documentation for a struct field
  --> src/infrastructure/benchmarks.rs:67:5
   |
67 |     pub throughput_ops_per_sec: f64,
   |     ^^^^^^^^^^^^^^^^^^^^^^^^^^^^^^^

warning: missing documentation for a struct field
  --> src/infrastructure/benchmarks.rs:73:5
   |
73 |     pub peak_memory_mb: f64,
   |     ^^^^^^^^^^^^^^^^^^^^^^^

warning: missing documentation for a struct field
  --> src/infrastructure/benchmarks.rs:74:5
   |
74 |     pub average_memory_mb: f64,
   |     ^^^^^^^^^^^^^^^^^^^^^^^^^^

warning: missing documentation for a struct field
  --> src/infrastructure/benchmarks.rs:75:5
   |
75 |     pub memory_growth_mb: f64,
   |     ^^^^^^^^^^^^^^^^^^^^^^^^^

warning: missing documentation for a struct field
  --> src/infrastructure/benchmarks.rs:76:5
   |
76 |     pub allocations: u64,
   |     ^^^^^^^^^^^^^^^^^^^^

warning: missing documentation for a struct field
  --> src/infrastructure/benchmarks.rs:77:5
   |
77 |     pub deallocations: u64,
   |     ^^^^^^^^^^^^^^^^^^^^^^

warning: missing documentation for a struct field
  --> src/infrastructure/benchmarks.rs:78:5
   |
78 |     pub memory_leaks_detected: bool,
   |     ^^^^^^^^^^^^^^^^^^^^^^^^^^^^^^^

warning: missing documentation for a struct field
  --> src/infrastructure/benchmarks.rs:79:5
   |
79 |     pub gc_collections: u32,
   |     ^^^^^^^^^^^^^^^^^^^^^^^

warning: missing documentation for a struct field
  --> src/infrastructure/benchmarks.rs:85:5
   |
85 |     pub peak_cpu_percent: f64,
   |     ^^^^^^^^^^^^^^^^^^^^^^^^^

warning: missing documentation for a struct field
  --> src/infrastructure/benchmarks.rs:86:5
   |
86 |     pub average_cpu_percent: f64,
   |     ^^^^^^^^^^^^^^^^^^^^^^^^^^^^

warning: missing documentation for a struct field
  --> src/infrastructure/benchmarks.rs:87:5
   |
87 |     pub user_time_ms: u64,
   |     ^^^^^^^^^^^^^^^^^^^^^

warning: missing documentation for a struct field
  --> src/infrastructure/benchmarks.rs:88:5
   |
88 |     pub system_time_ms: u64,
   |     ^^^^^^^^^^^^^^^^^^^^^^^

warning: missing documentation for a struct field
  --> src/infrastructure/benchmarks.rs:89:5
   |
89 |     pub context_switches: u64,
   |     ^^^^^^^^^^^^^^^^^^^^^^^^^

warning: missing documentation for a struct field
  --> src/infrastructure/benchmarks.rs:90:5
   |
90 |     pub cache_misses: u64,
   |     ^^^^^^^^^^^^^^^^^^^^^

warning: missing documentation for a struct field
  --> src/infrastructure/benchmarks.rs:97:5
   |
97 |     pub monitoring_enabled: bool,
   |     ^^^^^^^^^^^^^^^^^^^^^^^^^^^^

warning: missing documentation for a struct field
  --> src/infrastructure/benchmarks.rs:98:5
   |
98 |     pub sampling_interval_ms: u64,
   |     ^^^^^^^^^^^^^^^^^^^^^^^^^^^^^

warning: missing documentation for a struct field
  --> src/infrastructure/benchmarks.rs:99:5
   |
99 |     pub memory_leak_detection: bool,
   |     ^^^^^^^^^^^^^^^^^^^^^^^^^^^^^^^

warning: missing documentation for a struct field
   --> src/infrastructure/benchmarks.rs:100:5
    |
100 |     pub cpu_profiling: bool,
    |     ^^^^^^^^^^^^^^^^^^^^^^^

warning: missing documentation for a struct field
   --> src/infrastructure/benchmarks.rs:101:5
    |
101 |     pub network_monitoring: bool,
    |     ^^^^^^^^^^^^^^^^^^^^^^^^^^^^

warning: missing documentation for a struct field
   --> src/infrastructure/benchmarks.rs:102:5
    |
102 |     pub alert_thresholds: AlertThresholds,
    |     ^^^^^^^^^^^^^^^^^^^^^^^^^^^^^^^^^^^^^

warning: missing documentation for a struct field
   --> src/infrastructure/benchmarks.rs:108:5
    |
108 |     pub memory_usage_mb: f64,
    |     ^^^^^^^^^^^^^^^^^^^^^^^^

warning: missing documentation for a struct field
   --> src/infrastructure/benchmarks.rs:109:5
    |
109 |     pub cpu_usage_percent: f64,
    |     ^^^^^^^^^^^^^^^^^^^^^^^^^^

warning: missing documentation for a struct field
   --> src/infrastructure/benchmarks.rs:110:5
    |
110 |     pub response_time_ms: u64,
    |     ^^^^^^^^^^^^^^^^^^^^^^^^^

warning: missing documentation for a struct field
   --> src/infrastructure/benchmarks.rs:111:5
    |
111 |     pub error_rate_percent: f64,
    |     ^^^^^^^^^^^^^^^^^^^^^^^^^^^

warning: missing documentation for a struct field
   --> src/infrastructure/benchmarks.rs:112:5
    |
112 |     pub memory_leak_growth_mb: f64,
    |     ^^^^^^^^^^^^^^^^^^^^^^^^^^^^^^

warning: missing documentation for a struct field
   --> src/infrastructure/benchmarks.rs:128:5
    |
128 |     pub timestamp: DateTime<Utc>,
    |     ^^^^^^^^^^^^^^^^^^^^^^^^^^^^

warning: missing documentation for a struct field
   --> src/infrastructure/benchmarks.rs:129:5
    |
129 |     pub memory: MemoryMetrics,
    |     ^^^^^^^^^^^^^^^^^^^^^^^^^

warning: missing documentation for a struct field
   --> src/infrastructure/benchmarks.rs:130:5
    |
130 |     pub cpu: CpuMetrics,
    |     ^^^^^^^^^^^^^^^^^^^

warning: missing documentation for a struct field
   --> src/infrastructure/benchmarks.rs:131:5
    |
131 |     pub active_agents: usize,
    |     ^^^^^^^^^^^^^^^^^^^^^^^^

warning: missing documentation for a struct field
   --> src/infrastructure/benchmarks.rs:132:5
    |
132 |     pub pending_tasks: usize,
    |     ^^^^^^^^^^^^^^^^^^^^^^^^

warning: missing documentation for a struct field
   --> src/infrastructure/benchmarks.rs:133:5
    |
133 |     pub network_connections: usize,
    |     ^^^^^^^^^^^^^^^^^^^^^^^^^^^^^^

warning: missing documentation for a struct field
   --> src/infrastructure/benchmarks.rs:134:5
    |
134 |     pub response_times_ms: Vec<u64>,
    |     ^^^^^^^^^^^^^^^^^^^^^^^^^^^^^^^

warning: missing documentation for a struct field
   --> src/infrastructure/benchmarks.rs:166:5
    |
166 |     pub alert_id: uuid::Uuid,
    |     ^^^^^^^^^^^^^^^^^^^^^^^^

warning: missing documentation for a struct field
   --> src/infrastructure/benchmarks.rs:167:5
    |
167 |     pub alert_type: AlertType,
    |     ^^^^^^^^^^^^^^^^^^^^^^^^^

warning: missing documentation for a struct field
   --> src/infrastructure/benchmarks.rs:168:5
    |
168 |     pub severity: AlertSeverity,
    |     ^^^^^^^^^^^^^^^^^^^^^^^^^^^

warning: missing documentation for a struct field
   --> src/infrastructure/benchmarks.rs:169:5
    |
169 |     pub message: String,
    |     ^^^^^^^^^^^^^^^^^^^

warning: missing documentation for a struct field
   --> src/infrastructure/benchmarks.rs:170:5
    |
170 |     pub timestamp: DateTime<Utc>,
    |     ^^^^^^^^^^^^^^^^^^^^^^^^^^^^

warning: missing documentation for a struct field
   --> src/infrastructure/benchmarks.rs:171:5
    |
171 |     pub resolved: bool,
    |     ^^^^^^^^^^^^^^^^^^

warning: missing documentation for a struct field
   --> src/infrastructure/benchmarks.rs:172:5
    |
172 |     pub resolution_time: Option<DateTime<Utc>>,
    |     ^^^^^^^^^^^^^^^^^^^^^^^^^^^^^^^^^^^^^^^^^^

warning: missing documentation for a struct field
   --> src/infrastructure/benchmarks.rs:173:5
    |
173 |     pub metrics: HashMap<String, f64>,
    |     ^^^^^^^^^^^^^^^^^^^^^^^^^^^^^^^^^

warning: missing documentation for a variant
   --> src/infrastructure/benchmarks.rs:179:5
    |
179 |     HighMemoryUsage,
    |     ^^^^^^^^^^^^^^^

warning: missing documentation for a variant
   --> src/infrastructure/benchmarks.rs:180:5
    |
180 |     HighCpuUsage,
    |     ^^^^^^^^^^^^

warning: missing documentation for a variant
   --> src/infrastructure/benchmarks.rs:181:5
    |
181 |     MemoryLeak,
    |     ^^^^^^^^^^

warning: missing documentation for a variant
   --> src/infrastructure/benchmarks.rs:182:5
    |
182 |     SlowResponse,
    |     ^^^^^^^^^^^^

warning: missing documentation for a variant
   --> src/infrastructure/benchmarks.rs:183:5
    |
183 |     HighErrorRate,
    |     ^^^^^^^^^^^^^

warning: missing documentation for a variant
   --> src/infrastructure/benchmarks.rs:184:5
    |
184 |     ResourceExhaustion,
    |     ^^^^^^^^^^^^^^^^^^

warning: missing documentation for a variant
   --> src/infrastructure/benchmarks.rs:190:5
    |
190 |     Info,
    |     ^^^^

warning: missing documentation for a variant
   --> src/infrastructure/benchmarks.rs:191:5
    |
191 |     Warning,
    |     ^^^^^^^

warning: missing documentation for a variant
   --> src/infrastructure/benchmarks.rs:192:5
    |
192 |     Critical,
    |     ^^^^^^^^

warning: missing documentation for a variant
   --> src/infrastructure/benchmarks.rs:193:5
    |
193 |     Emergency,
    |     ^^^^^^^^^

warning: missing documentation for a struct field
   --> src/infrastructure/benchmarks.rs:533:5
    |
533 |     pub total_snapshots: usize,
    |     ^^^^^^^^^^^^^^^^^^^^^^^^^^

warning: missing documentation for a struct field
   --> src/infrastructure/benchmarks.rs:534:5
    |
534 |     pub total_benchmarks: usize,
    |     ^^^^^^^^^^^^^^^^^^^^^^^^^^^

warning: missing documentation for a struct field
   --> src/infrastructure/benchmarks.rs:535:5
    |
535 |     pub active_alerts: usize,
    |     ^^^^^^^^^^^^^^^^^^^^^^^^

warning: missing documentation for a struct field
   --> src/infrastructure/benchmarks.rs:536:5
    |
536 |     pub average_memory_usage: f64,
    |     ^^^^^^^^^^^^^^^^^^^^^^^^^^^^^

warning: missing documentation for a struct field
   --> src/infrastructure/benchmarks.rs:537:5
    |
537 |     pub average_cpu_usage: f64,
    |     ^^^^^^^^^^^^^^^^^^^^^^^^^^

warning: missing documentation for a struct field
   --> src/infrastructure/benchmarks.rs:538:5
    |
538 |     pub memory_leak_detected: bool,
    |     ^^^^^^^^^^^^^^^^^^^^^^^^^^^^^^

warning: missing documentation for a struct field
   --> src/infrastructure/benchmarks.rs:539:5
    |
539 |     pub uptime_hours: f64,
    |     ^^^^^^^^^^^^^^^^^^^^^

warning: missing documentation for an associated function
   --> src/infrastructure/benchmarks.rs:544:5
    |
544 |     pub fn new(leak_threshold_mb: f64, sample_window_minutes: u64) -> Self {
    |     ^^^^^^^^^^^^^^^^^^^^^^^^^^^^^^^^^^^^^^^^^^^^^^^^^^^^^^^^^^^^^^^^^^^^^^

warning: missing documentation for a method
   --> src/infrastructure/benchmarks.rs:553:5
    |
553 |     pub async fn get_current_metrics(&self) -> MemoryMetrics {
    |     ^^^^^^^^^^^^^^^^^^^^^^^^^^^^^^^^^^^^^^^^^^^^^^^^^^^^^^^^

warning: missing documentation for a method
   --> src/infrastructure/benchmarks.rs:566:5
    |
566 |     pub async fn check_for_leaks(&self) -> bool {
    |     ^^^^^^^^^^^^^^^^^^^^^^^^^^^^^^^^^^^^^^^^^^^

warning: missing documentation for a method
   --> src/infrastructure/benchmarks.rs:571:5
    |
571 |     pub async fn has_memory_leak(&self) -> bool {
    |     ^^^^^^^^^^^^^^^^^^^^^^^^^^^^^^^^^^^^^^^^^^^

warning: missing documentation for an associated function
   --> src/infrastructure/benchmarks.rs:579:5
    |
579 |     pub fn new(profiling_enabled: bool, sample_window_minutes: u64) -> Self {
    |     ^^^^^^^^^^^^^^^^^^^^^^^^^^^^^^^^^^^^^^^^^^^^^^^^^^^^^^^^^^^^^^^^^^^^^^^

warning: missing documentation for a method
   --> src/infrastructure/benchmarks.rs:587:5
    |
587 |     pub async fn get_current_metrics(&self) -> CpuMetrics {
    |     ^^^^^^^^^^^^^^^^^^^^^^^^^^^^^^^^^^^^^^^^^^^^^^^^^^^^^

warning: missing documentation for an associated function
   --> src/infrastructure/benchmarks.rs:602:5
    |
602 |     pub fn new(thresholds: AlertThresholds) -> Self {
    |     ^^^^^^^^^^^^^^^^^^^^^^^^^^^^^^^^^^^^^^^^^^^^^^^

warning: missing documentation for a method
   --> src/infrastructure/benchmarks.rs:610:5
    |
610 |     pub async fn check_thresholds(&self, snapshot: &PerformanceSnapshot) {
    |     ^^^^^^^^^^^^^^^^^^^^^^^^^^^^^^^^^^^^^^^^^^^^^^^^^^^^^^^^^^^^^^^^^^^^

warning: missing documentation for a struct
  --> src/infrastructure/cache.rs:32:1
   |
32 | pub struct CacheStats {
   | ^^^^^^^^^^^^^^^^^^^^^

warning: missing documentation for a struct field
  --> src/infrastructure/cache.rs:33:5
   |
33 |     pub total_entries: usize,
   |     ^^^^^^^^^^^^^^^^^^^^^^^^

warning: missing documentation for a struct field
  --> src/infrastructure/cache.rs:34:5
   |
34 |     pub hit_rate: f64,
   |     ^^^^^^^^^^^^^^^^^

warning: missing documentation for a struct field
  --> src/infrastructure/cache.rs:35:5
   |
35 |     pub miss_rate: f64,
   |     ^^^^^^^^^^^^^^^^^^

warning: missing documentation for a struct field
  --> src/infrastructure/cache.rs:36:5
   |
36 |     pub total_hits: u64,
   |     ^^^^^^^^^^^^^^^^^^^

warning: missing documentation for a struct field
  --> src/infrastructure/cache.rs:37:5
   |
37 |     pub total_misses: u64,
   |     ^^^^^^^^^^^^^^^^^^^^^

warning: missing documentation for a struct field
  --> src/infrastructure/cache.rs:38:5
   |
38 |     pub evictions: u64,
   |     ^^^^^^^^^^^^^^^^^^

warning: missing documentation for a struct field
  --> src/infrastructure/cache.rs:39:5
   |
39 |     pub memory_usage_estimate: usize,
   |     ^^^^^^^^^^^^^^^^^^^^^^^^^^^^^^^^

warning: missing documentation for a struct field
   --> src/infrastructure/cache.rs:171:5
    |
171 |     pub agents: AgentCache,
    |     ^^^^^^^^^^^^^^^^^^^^^^

warning: missing documentation for a struct field
   --> src/infrastructure/cache.rs:172:5
    |
172 |     pub tasks: TaskCache,
    |     ^^^^^^^^^^^^^^^^^^^^

warning: missing documentation for a struct field
   --> src/infrastructure/cache.rs:173:5
    |
173 |     pub status: StatusCache,
    |     ^^^^^^^^^^^^^^^^^^^^^^^

warning: missing documentation for a struct field
   --> src/infrastructure/cache.rs:174:5
    |
174 |     pub metrics: Cache<String, SystemMetrics>,
    |     ^^^^^^^^^^^^^^^^^^^^^^^^^^^^^^^^^^^^^^^^^

warning: missing documentation for an enum
 --> src/infrastructure/circuit_breaker.rs:7:1
  |
7 | pub enum CircuitState {
  | ^^^^^^^^^^^^^^^^^^^^^

warning: missing documentation for a variant
 --> src/infrastructure/circuit_breaker.rs:8:5
  |
8 |     Closed,
  |     ^^^^^^

warning: missing documentation for a variant
 --> src/infrastructure/circuit_breaker.rs:9:5
  |
9 |     Open,
  |     ^^^^

warning: missing documentation for a variant
  --> src/infrastructure/circuit_breaker.rs:10:5
   |
10 |     HalfOpen,
   |     ^^^^^^^^

warning: missing documentation for a struct
  --> src/infrastructure/circuit_breaker.rs:13:1
   |
13 | pub struct CircuitBreaker {
   | ^^^^^^^^^^^^^^^^^^^^^^^^^

warning: missing documentation for an associated function
  --> src/infrastructure/circuit_breaker.rs:24:5
   |
24 |     pub fn new(failure_threshold: u64, recovery_timeout: Duration) -> Self {
   |     ^^^^^^^^^^^^^^^^^^^^^^^^^^^^^^^^^^^^^^^^^^^^^^^^^^^^^^^^^^^^^^^^^^^^^^

warning: missing documentation for a method
  --> src/infrastructure/circuit_breaker.rs:35:5
   |
35 | /     pub async fn execute<F, T, E>(&self, operation: F) -> Result<T, HiveError>
36 | |     where
37 | |         F: FnOnce() -> Result<T, E>,
38 | |         E: std::fmt::Display,
   | |_____________________________^

warning: missing documentation for a method
   --> src/infrastructure/circuit_breaker.rs:106:5
    |
106 |     pub async fn get_state(&self) -> CircuitState {
    |     ^^^^^^^^^^^^^^^^^^^^^^^^^^^^^^^^^^^^^^^^^^^^^

warning: missing documentation for a method
   --> src/infrastructure/circuit_breaker.rs:110:5
    |
110 |     pub fn get_failure_count(&self) -> u64 {
    |     ^^^^^^^^^^^^^^^^^^^^^^^^^^^^^^^^^^^^^^

warning: missing documentation for a struct
  --> src/infrastructure/intelligent_alerting.rs:25:1
   |
25 | pub struct IntelligentAlertConfig {
   | ^^^^^^^^^^^^^^^^^^^^^^^^^^^^^^^^^

warning: missing documentation for a struct field
  --> src/infrastructure/intelligent_alerting.rs:26:5
   |
26 |     pub max_alert_history: usize,
   |     ^^^^^^^^^^^^^^^^^^^^^^^^^^^^

warning: missing documentation for a struct field
  --> src/infrastructure/intelligent_alerting.rs:27:5
   |
27 |     pub adaptive_learning_enabled: bool,
   |     ^^^^^^^^^^^^^^^^^^^^^^^^^^^^^^^^^^^

warning: missing documentation for a struct field
  --> src/infrastructure/intelligent_alerting.rs:28:5
   |
28 |     pub predictive_alerting_enabled: bool,
   |     ^^^^^^^^^^^^^^^^^^^^^^^^^^^^^^^^^^^^^

warning: missing documentation for a struct field
  --> src/infrastructure/intelligent_alerting.rs:29:5
   |
29 |     pub alert_correlation_window_minutes: u32,
   |     ^^^^^^^^^^^^^^^^^^^^^^^^^^^^^^^^^^^^^^^^^

warning: missing documentation for a struct field
  --> src/infrastructure/intelligent_alerting.rs:30:5
   |
30 |     pub suppression_window_minutes: u32,
   |     ^^^^^^^^^^^^^^^^^^^^^^^^^^^^^^^^^^^

warning: missing documentation for a struct field
  --> src/infrastructure/intelligent_alerting.rs:31:5
   |
31 |     pub escalation_enabled: bool,
   |     ^^^^^^^^^^^^^^^^^^^^^^^^^^^^

warning: missing documentation for a struct
  --> src/infrastructure/intelligent_alerting.rs:35:1
   |
35 | pub struct AlertRule {
   | ^^^^^^^^^^^^^^^^^^^^

warning: missing documentation for a struct field
  --> src/infrastructure/intelligent_alerting.rs:36:5
   |
36 |     pub id: Uuid,
   |     ^^^^^^^^^^^^

warning: missing documentation for a struct field
  --> src/infrastructure/intelligent_alerting.rs:37:5
   |
37 |     pub name: String,
   |     ^^^^^^^^^^^^^^^^

warning: missing documentation for a struct field
  --> src/infrastructure/intelligent_alerting.rs:38:5
   |
38 |     pub description: String,
   |     ^^^^^^^^^^^^^^^^^^^^^^^

warning: missing documentation for a struct field
  --> src/infrastructure/intelligent_alerting.rs:39:5
   |
39 |     pub metric_name: String,
   |     ^^^^^^^^^^^^^^^^^^^^^^^

warning: missing documentation for a struct field
  --> src/infrastructure/intelligent_alerting.rs:40:5
   |
40 |     pub condition: AlertCondition,
   |     ^^^^^^^^^^^^^^^^^^^^^^^^^^^^^

warning: missing documentation for a struct field
  --> src/infrastructure/intelligent_alerting.rs:41:5
   |
41 |     pub threshold: f64,
   |     ^^^^^^^^^^^^^^^^^^

warning: missing documentation for a struct field
  --> src/infrastructure/intelligent_alerting.rs:42:5
   |
42 |     pub severity: AlertLevel,
   |     ^^^^^^^^^^^^^^^^^^^^^^^^

warning: missing documentation for a struct field
  --> src/infrastructure/intelligent_alerting.rs:43:5
   |
43 |     pub enabled: bool,
   |     ^^^^^^^^^^^^^^^^^

warning: missing documentation for a struct field
  --> src/infrastructure/intelligent_alerting.rs:44:5
   |
44 |     pub adaptive: bool,
   |     ^^^^^^^^^^^^^^^^^^

warning: missing documentation for a struct field
  --> src/infrastructure/intelligent_alerting.rs:45:5
   |
45 |     pub created_at: DateTime<Utc>,
   |     ^^^^^^^^^^^^^^^^^^^^^^^^^^^^^

warning: missing documentation for a struct field
  --> src/infrastructure/intelligent_alerting.rs:46:5
   |
46 |     pub last_triggered: Option<DateTime<Utc>>,
   |     ^^^^^^^^^^^^^^^^^^^^^^^^^^^^^^^^^^^^^^^^^

warning: missing documentation for a struct field
  --> src/infrastructure/intelligent_alerting.rs:47:5
   |
47 |     pub trigger_count: u32,
   |     ^^^^^^^^^^^^^^^^^^^^^^

warning: missing documentation for an enum
  --> src/infrastructure/intelligent_alerting.rs:51:1
   |
51 | pub enum AlertCondition {
   | ^^^^^^^^^^^^^^^^^^^^^^^

warning: missing documentation for a variant
  --> src/infrastructure/intelligent_alerting.rs:52:5
   |
52 |     GreaterThan,
   |     ^^^^^^^^^^^

warning: missing documentation for a variant
  --> src/infrastructure/intelligent_alerting.rs:53:5
   |
53 |     LessThan,
   |     ^^^^^^^^

warning: missing documentation for a variant
  --> src/infrastructure/intelligent_alerting.rs:54:5
   |
54 |     Equals,
   |     ^^^^^^

warning: missing documentation for a variant
  --> src/infrastructure/intelligent_alerting.rs:55:5
   |
55 |     NotEquals,
   |     ^^^^^^^^^

warning: missing documentation for a variant
  --> src/infrastructure/intelligent_alerting.rs:56:5
   |
56 |     RateOfChange,
   |     ^^^^^^^^^^^^

warning: missing documentation for a variant
  --> src/infrastructure/intelligent_alerting.rs:57:5
   |
57 |     Anomaly,
   |     ^^^^^^^

warning: missing documentation for a variant
  --> src/infrastructure/intelligent_alerting.rs:58:5
   |
58 |     Predictive,
   |     ^^^^^^^^^^

warning: missing documentation for a struct
  --> src/infrastructure/intelligent_alerting.rs:62:1
   |
62 | pub struct AdaptiveThresholds {
   | ^^^^^^^^^^^^^^^^^^^^^^^^^^^^^

warning: missing documentation for a struct field
  --> src/infrastructure/intelligent_alerting.rs:63:5
   |
63 |     pub thresholds: HashMap<String, AdaptiveThreshold>,
   |     ^^^^^^^^^^^^^^^^^^^^^^^^^^^^^^^^^^^^^^^^^^^^^^^^^^

warning: missing documentation for a struct field
  --> src/infrastructure/intelligent_alerting.rs:64:5
   |
64 |     pub learning_rate: f64,
   |     ^^^^^^^^^^^^^^^^^^^^^^

warning: missing documentation for a struct field
  --> src/infrastructure/intelligent_alerting.rs:65:5
   |
65 |     pub adaptation_window_hours: u32,
   |     ^^^^^^^^^^^^^^^^^^^^^^^^^^^^^^^^

warning: missing documentation for a struct
  --> src/infrastructure/intelligent_alerting.rs:69:1
   |
69 | pub struct AdaptiveThreshold {
   | ^^^^^^^^^^^^^^^^^^^^^^^^^^^^

warning: missing documentation for a struct field
  --> src/infrastructure/intelligent_alerting.rs:70:5
   |
70 |     pub metric_name: String,
   |     ^^^^^^^^^^^^^^^^^^^^^^^

warning: missing documentation for a struct field
  --> src/infrastructure/intelligent_alerting.rs:71:5
   |
71 |     pub current_threshold: f64,
   |     ^^^^^^^^^^^^^^^^^^^^^^^^^^

warning: missing documentation for a struct field
  --> src/infrastructure/intelligent_alerting.rs:72:5
   |
72 |     pub baseline_threshold: f64,
   |     ^^^^^^^^^^^^^^^^^^^^^^^^^^^

warning: missing documentation for a struct field
  --> src/infrastructure/intelligent_alerting.rs:73:5
   |
73 |     pub confidence: f64,
   |     ^^^^^^^^^^^^^^^^^^^

warning: missing documentation for a struct field
  --> src/infrastructure/intelligent_alerting.rs:74:5
   |
74 |     pub last_updated: DateTime<Utc>,
   |     ^^^^^^^^^^^^^^^^^^^^^^^^^^^^^^^

warning: missing documentation for a struct field
  --> src/infrastructure/intelligent_alerting.rs:75:5
   |
75 |     pub adaptation_history: Vec<ThresholdAdjustment>,
   |     ^^^^^^^^^^^^^^^^^^^^^^^^^^^^^^^^^^^^^^^^^^^^^^^^

warning: missing documentation for a struct
  --> src/infrastructure/intelligent_alerting.rs:79:1
   |
79 | pub struct ThresholdAdjustment {
   | ^^^^^^^^^^^^^^^^^^^^^^^^^^^^^^

warning: missing documentation for a struct field
  --> src/infrastructure/intelligent_alerting.rs:80:5
   |
80 |     pub timestamp: DateTime<Utc>,
   |     ^^^^^^^^^^^^^^^^^^^^^^^^^^^^

warning: missing documentation for a struct field
  --> src/infrastructure/intelligent_alerting.rs:81:5
   |
81 |     pub old_threshold: f64,
   |     ^^^^^^^^^^^^^^^^^^^^^^

warning: missing documentation for a struct field
  --> src/infrastructure/intelligent_alerting.rs:82:5
   |
82 |     pub new_threshold: f64,
   |     ^^^^^^^^^^^^^^^^^^^^^^

warning: missing documentation for a struct field
  --> src/infrastructure/intelligent_alerting.rs:83:5
   |
83 |     pub reason: String,
   |     ^^^^^^^^^^^^^^^^^^

warning: missing documentation for a struct field
  --> src/infrastructure/intelligent_alerting.rs:84:5
   |
84 |     pub confidence: f64,
   |     ^^^^^^^^^^^^^^^^^^^

warning: missing documentation for a struct
  --> src/infrastructure/intelligent_alerting.rs:88:1
   |
88 | pub struct NotificationChannel {
   | ^^^^^^^^^^^^^^^^^^^^^^^^^^^^^^

warning: missing documentation for a struct field
  --> src/infrastructure/intelligent_alerting.rs:89:5
   |
89 |     pub id: Uuid,
   |     ^^^^^^^^^^^^

warning: missing documentation for a struct field
  --> src/infrastructure/intelligent_alerting.rs:90:5
   |
90 |     pub name: String,
   |     ^^^^^^^^^^^^^^^^

warning: missing documentation for a struct field
  --> src/infrastructure/intelligent_alerting.rs:91:5
   |
91 |     pub channel_type: ChannelType,
   |     ^^^^^^^^^^^^^^^^^^^^^^^^^^^^^

warning: missing documentation for a struct field
  --> src/infrastructure/intelligent_alerting.rs:92:5
   |
92 |     pub config: ChannelConfig,
   |     ^^^^^^^^^^^^^^^^^^^^^^^^^

warning: missing documentation for a struct field
  --> src/infrastructure/intelligent_alerting.rs:93:5
   |
93 |     pub enabled: bool,
   |     ^^^^^^^^^^^^^^^^^

warning: missing documentation for a struct field
  --> src/infrastructure/intelligent_alerting.rs:94:5
   |
94 |     pub severity_filter: Vec<AlertLevel>,
   |     ^^^^^^^^^^^^^^^^^^^^^^^^^^^^^^^^^^^^

warning: missing documentation for an enum
  --> src/infrastructure/intelligent_alerting.rs:98:1
   |
98 | pub enum ChannelType {
   | ^^^^^^^^^^^^^^^^^^^^

warning: missing documentation for a variant
  --> src/infrastructure/intelligent_alerting.rs:99:5
   |
99 |     Email,
   |     ^^^^^

warning: missing documentation for a variant
   --> src/infrastructure/intelligent_alerting.rs:100:5
    |
100 |     Webhook,
    |     ^^^^^^^

warning: missing documentation for a variant
   --> src/infrastructure/intelligent_alerting.rs:101:5
    |
101 |     Slack,
    |     ^^^^^

warning: missing documentation for a variant
   --> src/infrastructure/intelligent_alerting.rs:102:5
    |
102 |     Discord,
    |     ^^^^^^^

warning: missing documentation for a variant
   --> src/infrastructure/intelligent_alerting.rs:103:5
    |
103 |     Console,
    |     ^^^^^^^

warning: missing documentation for a struct
   --> src/infrastructure/intelligent_alerting.rs:107:1
    |
107 | pub struct ChannelConfig {
    | ^^^^^^^^^^^^^^^^^^^^^^^^

warning: missing documentation for a struct field
   --> src/infrastructure/intelligent_alerting.rs:108:5
    |
108 |     pub endpoint: Option<String>,
    |     ^^^^^^^^^^^^^^^^^^^^^^^^^^^^

warning: missing documentation for a struct field
   --> src/infrastructure/intelligent_alerting.rs:109:5
    |
109 |     pub headers: HashMap<String, String>,
    |     ^^^^^^^^^^^^^^^^^^^^^^^^^^^^^^^^^^^^

warning: missing documentation for a struct field
   --> src/infrastructure/intelligent_alerting.rs:110:5
    |
110 |     pub template: Option<String>,
    |     ^^^^^^^^^^^^^^^^^^^^^^^^^^^^

warning: missing documentation for a struct field
   --> src/infrastructure/intelligent_alerting.rs:111:5
    |
111 |     pub rate_limit_per_hour: Option<u32>,
    |     ^^^^^^^^^^^^^^^^^^^^^^^^^^^^^^^^^^^^

warning: missing documentation for a struct
   --> src/infrastructure/intelligent_alerting.rs:115:1
    |
115 | pub struct AlertSuppression {
    | ^^^^^^^^^^^^^^^^^^^^^^^^^^^

warning: missing documentation for a struct field
   --> src/infrastructure/intelligent_alerting.rs:116:5
    |
116 |     pub suppressed_alerts: HashMap<String, DateTime<Utc>>,
    |     ^^^^^^^^^^^^^^^^^^^^^^^^^^^^^^^^^^^^^^^^^^^^^^^^^^^^^

warning: missing documentation for a struct field
   --> src/infrastructure/intelligent_alerting.rs:117:5
    |
117 |     pub correlation_groups: HashMap<String, Vec<Uuid>>,
    |     ^^^^^^^^^^^^^^^^^^^^^^^^^^^^^^^^^^^^^^^^^^^^^^^^^^

warning: missing documentation for a struct field
   --> src/infrastructure/intelligent_alerting.rs:118:5
    |
118 |     pub escalation_chains: HashMap<Uuid, EscalationChain>,
    |     ^^^^^^^^^^^^^^^^^^^^^^^^^^^^^^^^^^^^^^^^^^^^^^^^^^^^^

warning: missing documentation for a struct
   --> src/infrastructure/intelligent_alerting.rs:122:1
    |
122 | pub struct EscalationChain {
    | ^^^^^^^^^^^^^^^^^^^^^^^^^^

warning: missing documentation for a struct field
   --> src/infrastructure/intelligent_alerting.rs:123:5
    |
123 |     pub alert_id: Uuid,
    |     ^^^^^^^^^^^^^^^^^^

warning: missing documentation for a struct field
   --> src/infrastructure/intelligent_alerting.rs:124:5
    |
124 |     pub levels: Vec<EscalationLevel>,
    |     ^^^^^^^^^^^^^^^^^^^^^^^^^^^^^^^^

warning: missing documentation for a struct field
   --> src/infrastructure/intelligent_alerting.rs:125:5
    |
125 |     pub current_level: usize,
    |     ^^^^^^^^^^^^^^^^^^^^^^^^

warning: missing documentation for a struct field
   --> src/infrastructure/intelligent_alerting.rs:126:5
    |
126 |     pub started_at: DateTime<Utc>,
    |     ^^^^^^^^^^^^^^^^^^^^^^^^^^^^^

warning: missing documentation for a struct
   --> src/infrastructure/intelligent_alerting.rs:130:1
    |
130 | pub struct EscalationLevel {
    | ^^^^^^^^^^^^^^^^^^^^^^^^^^

warning: missing documentation for a struct field
   --> src/infrastructure/intelligent_alerting.rs:131:5
    |
131 |     pub delay_minutes: u32,
    |     ^^^^^^^^^^^^^^^^^^^^^^

warning: missing documentation for a struct field
   --> src/infrastructure/intelligent_alerting.rs:132:5
    |
132 |     pub channels: Vec<Uuid>,
    |     ^^^^^^^^^^^^^^^^^^^^^^^

warning: missing documentation for a struct field
   --> src/infrastructure/intelligent_alerting.rs:133:5
    |
133 |     pub severity_upgrade: Option<AlertLevel>,
    |     ^^^^^^^^^^^^^^^^^^^^^^^^^^^^^^^^^^^^^^^^

warning: missing documentation for a struct
   --> src/infrastructure/intelligent_alerting.rs:137:1
    |
137 | pub struct IntelligentAlert {
    | ^^^^^^^^^^^^^^^^^^^^^^^^^^^

warning: missing documentation for a struct field
   --> src/infrastructure/intelligent_alerting.rs:138:5
    |
138 |     pub base_alert: Alert,
    |     ^^^^^^^^^^^^^^^^^^^^^

warning: missing documentation for a struct field
   --> src/infrastructure/intelligent_alerting.rs:139:5
    |
139 |     pub correlation_id: Option<Uuid>,
    |     ^^^^^^^^^^^^^^^^^^^^^^^^^^^^^^^^

warning: missing documentation for a struct field
   --> src/infrastructure/intelligent_alerting.rs:140:5
    |
140 |     pub predicted: bool,
    |     ^^^^^^^^^^^^^^^^^^^

warning: missing documentation for a struct field
   --> src/infrastructure/intelligent_alerting.rs:141:5
    |
141 |     pub confidence: f64,
    |     ^^^^^^^^^^^^^^^^^^^

warning: missing documentation for a struct field
   --> src/infrastructure/intelligent_alerting.rs:142:5
    |
142 |     pub related_anomalies: Vec<Uuid>,
    |     ^^^^^^^^^^^^^^^^^^^^^^^^^^^^^^^^

warning: missing documentation for a struct field
   --> src/infrastructure/intelligent_alerting.rs:143:5
    |
143 |     pub suggested_actions: Vec<String>,
    |     ^^^^^^^^^^^^^^^^^^^^^^^^^^^^^^^^^^

warning: missing documentation for a struct field
   --> src/infrastructure/intelligent_alerting.rs:144:5
    |
144 |     pub auto_resolution_possible: bool,
    |     ^^^^^^^^^^^^^^^^^^^^^^^^^^^^^^^^^^

warning: missing documentation for an associated function
   --> src/infrastructure/intelligent_alerting.rs:149:5
    |
149 |     pub fn new(metrics_collector: Arc<MetricsCollector>, config: IntelligentAlertConfig) -> Self {
    |     ^^^^^^^^^^^^^^^^^^^^^^^^^^^^^^^^^^^^^^^^^^^^^^^^^^^^^^^^^^^^^^^^^^^^^^^^^^^^^^^^^^^^^^^^^^^^

warning: missing documentation for an associated function
   --> src/infrastructure/intelligent_alerting.rs:802:5
    |
802 |     pub fn new() -> Self {
    |     ^^^^^^^^^^^^^^^^^^^^

warning: missing documentation for an associated function
   --> src/infrastructure/intelligent_alerting.rs:819:5
    |
819 |     pub fn new() -> Self {
    |     ^^^^^^^^^^^^^^^^^^^^

warning: missing documentation for a struct
   --> src/infrastructure/intelligent_alerting.rs:848:1
    |
848 | pub struct AlertStatistics {
    | ^^^^^^^^^^^^^^^^^^^^^^^^^^

warning: missing documentation for a struct field
   --> src/infrastructure/intelligent_alerting.rs:849:5
    |
849 |     pub total_alerts: usize,
    |     ^^^^^^^^^^^^^^^^^^^^^^^

warning: missing documentation for a struct field
   --> src/infrastructure/intelligent_alerting.rs:850:5
    |
850 |     pub alerts_last_24h: usize,
    |     ^^^^^^^^^^^^^^^^^^^^^^^^^^

warning: missing documentation for a struct field
   --> src/infrastructure/intelligent_alerting.rs:851:5
    |
851 |     pub alerts_last_hour: usize,
    |     ^^^^^^^^^^^^^^^^^^^^^^^^^^^

warning: missing documentation for a struct field
   --> src/infrastructure/intelligent_alerting.rs:852:5
    |
852 |     pub critical_alerts_24h: usize,
    |     ^^^^^^^^^^^^^^^^^^^^^^^^^^^^^^

warning: missing documentation for a struct field
   --> src/infrastructure/intelligent_alerting.rs:853:5
    |
853 |     pub most_frequent_alert: Option<String>,
    |     ^^^^^^^^^^^^^^^^^^^^^^^^^^^^^^^^^^^^^^^

warning: missing documentation for a struct field
  --> src/infrastructure/memory_pool.rs:16:5
   |
16 |     pub id: Uuid,
   |     ^^^^^^^^^^^^

warning: missing documentation for a struct field
  --> src/infrastructure/memory_pool.rs:17:5
   |
17 |     pub name: String,
   |     ^^^^^^^^^^^^^^^^

warning: missing documentation for a struct field
  --> src/infrastructure/memory_pool.rs:18:5
   |
18 |     pub agent_type: AgentType,
   |     ^^^^^^^^^^^^^^^^^^^^^^^^^

warning: missing documentation for a struct field
  --> src/infrastructure/memory_pool.rs:19:5
   |
19 |     pub state: AgentState,
   |     ^^^^^^^^^^^^^^^^^^^^^

warning: missing documentation for a struct field
  --> src/infrastructure/memory_pool.rs:20:5
   |
20 |     pub position: (f32, f32), // f32 for better cache performance
   |     ^^^^^^^^^^^^^^^^^^^^^^^^

warning: missing documentation for a struct field
  --> src/infrastructure/memory_pool.rs:21:5
   |
21 |     pub energy: f32,
   |     ^^^^^^^^^^^^^^^

warning: missing documentation for a struct field
  --> src/infrastructure/memory_pool.rs:22:5
   |
22 |     pub last_activity: DateTime<Utc>,
   |     ^^^^^^^^^^^^^^^^^^^^^^^^^^^^^^^^

warning: missing documentation for a struct field
  --> src/infrastructure/memory_pool.rs:23:5
   |
23 |     pub current_task_id: Option<Uuid>,
   |     ^^^^^^^^^^^^^^^^^^^^^^^^^^^^^^^^^

warning: missing documentation for a struct field
  --> src/infrastructure/memory_pool.rs:24:5
   |
24 |     pub performance_score: f32, // Cached for quick access
   |     ^^^^^^^^^^^^^^^^^^^^^^^^^^

warning: missing documentation for a struct
  --> src/infrastructure/memory_pool.rs:28:1
   |
28 | pub struct AgentColdData {
   | ^^^^^^^^^^^^^^^^^^^^^^^^

warning: missing documentation for a struct field
  --> src/infrastructure/memory_pool.rs:29:5
   |
29 |     pub capabilities: Vec<AgentCapability>,
   |     ^^^^^^^^^^^^^^^^^^^^^^^^^^^^^^^^^^^^^^

warning: missing documentation for a struct field
  --> src/infrastructure/memory_pool.rs:30:5
   |
30 |     pub memory: AgentMemory,
   |     ^^^^^^^^^^^^^^^^^^^^^^^

warning: missing documentation for a struct field
  --> src/infrastructure/memory_pool.rs:31:5
   |
31 |     pub social_connections: std::collections::HashMap<Uuid, f64>,
   |     ^^^^^^^^^^^^^^^^^^^^^^^^^^^^^^^^^^^^^^^^^^^^^^^^^^^^^^^^^^^^

warning: missing documentation for a struct field
  --> src/infrastructure/memory_pool.rs:32:5
   |
32 |     pub learning_history: Vec<LearningEvent>,
   |     ^^^^^^^^^^^^^^^^^^^^^^^^^^^^^^^^^^^^^^^^

warning: missing documentation for a struct field
  --> src/infrastructure/memory_pool.rs:33:5
   |
33 |     pub detailed_stats: AgentDetailedStats,
   |     ^^^^^^^^^^^^^^^^^^^^^^^^^^^^^^^^^^^^^^

warning: missing documentation for a struct
  --> src/infrastructure/memory_pool.rs:37:1
   |
37 | pub struct LearningEvent {
   | ^^^^^^^^^^^^^^^^^^^^^^^^

warning: missing documentation for a struct field
  --> src/infrastructure/memory_pool.rs:38:5
   |
38 |     pub timestamp: DateTime<Utc>,
   |     ^^^^^^^^^^^^^^^^^^^^^^^^^^^^

warning: missing documentation for a struct field
  --> src/infrastructure/memory_pool.rs:39:5
   |
39 |     pub event_type: String,
   |     ^^^^^^^^^^^^^^^^^^^^^^

warning: missing documentation for a struct field
  --> src/infrastructure/memory_pool.rs:40:5
   |
40 |     pub improvement: f64,
   |     ^^^^^^^^^^^^^^^^^^^^

warning: missing documentation for a struct field
  --> src/infrastructure/memory_pool.rs:41:5
   |
41 |     pub context: String,
   |     ^^^^^^^^^^^^^^^^^^^

warning: missing documentation for a struct
  --> src/infrastructure/memory_pool.rs:45:1
   |
45 | pub struct AgentDetailedStats {
   | ^^^^^^^^^^^^^^^^^^^^^^^^^^^^^

warning: missing documentation for a struct field
  --> src/infrastructure/memory_pool.rs:46:5
   |
46 |     pub tasks_completed: u32,
   |     ^^^^^^^^^^^^^^^^^^^^^^^^

warning: missing documentation for a struct field
  --> src/infrastructure/memory_pool.rs:47:5
   |
47 |     pub tasks_failed: u32,
   |     ^^^^^^^^^^^^^^^^^^^^^

warning: missing documentation for a struct field
  --> src/infrastructure/memory_pool.rs:48:5
   |
48 |     pub total_learning_time: u64, // milliseconds
   |     ^^^^^^^^^^^^^^^^^^^^^^^^^^^^

warning: missing documentation for a struct field
  --> src/infrastructure/memory_pool.rs:49:5
   |
49 |     pub collaboration_count: u32,
   |     ^^^^^^^^^^^^^^^^^^^^^^^^^^^^

warning: missing documentation for a struct field
  --> src/infrastructure/memory_pool.rs:50:5
   |
50 |     pub specialization_level: f64,
   |     ^^^^^^^^^^^^^^^^^^^^^^^^^^^^^

warning: missing documentation for an associated function
  --> src/infrastructure/memory_pool.rs:76:5
   |
76 |     pub fn new(initial_pool_size: usize) -> Self {
   |     ^^^^^^^^^^^^^^^^^^^^^^^^^^^^^^^^^^^^^^^^^^^^

warning: missing documentation for a struct
   --> src/infrastructure/memory_pool.rs:235:1
    |
235 | pub struct PoolStats {
    | ^^^^^^^^^^^^^^^^^^^^

warning: missing documentation for a struct field
   --> src/infrastructure/memory_pool.rs:236:5
    |
236 |     pub hot_pool_size: usize,
    |     ^^^^^^^^^^^^^^^^^^^^^^^^

warning: missing documentation for a struct field
   --> src/infrastructure/memory_pool.rs:237:5
    |
237 |     pub cold_pool_size: usize,
    |     ^^^^^^^^^^^^^^^^^^^^^^^^^

warning: missing documentation for a struct field
   --> src/infrastructure/memory_pool.rs:238:5
    |
238 |     pub total_allocations: u64,
    |     ^^^^^^^^^^^^^^^^^^^^^^^^^^

warning: missing documentation for a struct field
   --> src/infrastructure/memory_pool.rs:239:5
    |
239 |     pub total_deallocations: u64,
    |     ^^^^^^^^^^^^^^^^^^^^^^^^^^^^

warning: missing documentation for a struct field
   --> src/infrastructure/memory_pool.rs:240:5
    |
240 |     pub active_objects: u64,
    |     ^^^^^^^^^^^^^^^^^^^^^^^

warning: missing documentation for a struct field
   --> src/infrastructure/memory_pool.rs:241:5
    |
241 |     pub pool_efficiency: f64,
    |     ^^^^^^^^^^^^^^^^^^^^^^^^

warning: missing documentation for a struct field
   --> src/infrastructure/memory_pool.rs:246:5
    |
246 |     pub hot_data: AgentHotData,
    |     ^^^^^^^^^^^^^^^^^^^^^^^^^^

warning: missing documentation for a struct field
   --> src/infrastructure/memory_pool.rs:247:5
    |
247 |     pub cold_data_id: Uuid, // Reference to cold data storage
    |     ^^^^^^^^^^^^^^^^^^^^^^

warning: missing documentation for an associated function
   --> src/infrastructure/memory_pool.rs:252:5
    |
252 |     pub fn new(hot_data: AgentHotData, cold_data_id: Uuid) -> Self {
    |     ^^^^^^^^^^^^^^^^^^^^^^^^^^^^^^^^^^^^^^^^^^^^^^^^^^^^^^^^^^^^^^

warning: missing documentation for a method
   --> src/infrastructure/memory_pool.rs:265:5
    |
265 |     pub fn update_position(&mut self, new_position: (f32, f32)) {
    |     ^^^^^^^^^^^^^^^^^^^^^^^^^^^^^^^^^^^^^^^^^^^^^^^^^^^^^^^^^^^

warning: missing documentation for a method
   --> src/infrastructure/memory_pool.rs:270:5
    |
270 |     pub fn update_energy(&mut self, energy_delta: f32) {
    |     ^^^^^^^^^^^^^^^^^^^^^^^^^^^^^^^^^^^^^^^^^^^^^^^^^^

warning: missing documentation for a method
   --> src/infrastructure/memory_pool.rs:275:5
    |
275 |     pub fn set_state(&mut self, new_state: AgentState) {
    |     ^^^^^^^^^^^^^^^^^^^^^^^^^^^^^^^^^^^^^^^^^^^^^^^^^^

warning: missing documentation for a method
   --> src/infrastructure/memory_pool.rs:280:5
    |
280 |     pub fn assign_task(&mut self, task_id: Uuid) {
    |     ^^^^^^^^^^^^^^^^^^^^^^^^^^^^^^^^^^^^^^^^^^^^

warning: missing documentation for a method
   --> src/infrastructure/memory_pool.rs:286:5
    |
286 |     pub fn complete_task(&mut self, performance_score: f32) {
    |     ^^^^^^^^^^^^^^^^^^^^^^^^^^^^^^^^^^^^^^^^^^^^^^^^^^^^^^^

warning: missing documentation for a struct field
  --> src/infrastructure/metrics.rs:12:5
   |
12 |     pub performance: PerformanceMetrics,
   |     ^^^^^^^^^^^^^^^^^^^^^^^^^^^^^^^^^^^

warning: missing documentation for a struct field
  --> src/infrastructure/metrics.rs:13:5
   |
13 |     pub resource_usage: ResourceUsageMetrics,
   |     ^^^^^^^^^^^^^^^^^^^^^^^^^^^^^^^^^^^^^^^^

warning: missing documentation for a struct field
  --> src/infrastructure/metrics.rs:14:5
   |
14 |     pub agent_metrics: AgentMetrics,
   |     ^^^^^^^^^^^^^^^^^^^^^^^^^^^^^^^

warning: missing documentation for a struct field
  --> src/infrastructure/metrics.rs:15:5
   |
15 |     pub task_metrics: TaskMetrics,
   |     ^^^^^^^^^^^^^^^^^^^^^^^^^^^^^

warning: missing documentation for a struct field
  --> src/infrastructure/metrics.rs:16:5
   |
16 |     pub error_metrics: ErrorMetrics,
   |     ^^^^^^^^^^^^^^^^^^^^^^^^^^^^^^^

warning: missing documentation for a struct field
  --> src/infrastructure/metrics.rs:17:5
   |
17 |     pub timestamp: DateTime<Utc>,
   |     ^^^^^^^^^^^^^^^^^^^^^^^^^^^^

warning: missing documentation for a struct
  --> src/infrastructure/metrics.rs:21:1
   |
21 | pub struct PerformanceMetrics {
   | ^^^^^^^^^^^^^^^^^^^^^^^^^^^^^

warning: missing documentation for a struct field
  --> src/infrastructure/metrics.rs:22:5
   |
22 |     pub requests_per_second: f64,
   |     ^^^^^^^^^^^^^^^^^^^^^^^^^^^^

warning: missing documentation for a struct field
  --> src/infrastructure/metrics.rs:23:5
   |
23 |     pub average_response_time_ms: f64,
   |     ^^^^^^^^^^^^^^^^^^^^^^^^^^^^^^^^^

warning: missing documentation for a struct field
  --> src/infrastructure/metrics.rs:24:5
   |
24 |     pub p95_response_time_ms: f64,
   |     ^^^^^^^^^^^^^^^^^^^^^^^^^^^^^

warning: missing documentation for a struct field
  --> src/infrastructure/metrics.rs:25:5
   |
25 |     pub p99_response_time_ms: f64,
   |     ^^^^^^^^^^^^^^^^^^^^^^^^^^^^^

warning: missing documentation for a struct field
  --> src/infrastructure/metrics.rs:26:5
   |
26 |     pub throughput_tasks_per_second: f64,
   |     ^^^^^^^^^^^^^^^^^^^^^^^^^^^^^^^^^^^^

warning: missing documentation for a struct
  --> src/infrastructure/metrics.rs:30:1
   |
30 | pub struct ResourceUsageMetrics {
   | ^^^^^^^^^^^^^^^^^^^^^^^^^^^^^^^

warning: missing documentation for a struct field
  --> src/infrastructure/metrics.rs:31:5
   |
31 |     pub cpu_usage_percent: f64,
   |     ^^^^^^^^^^^^^^^^^^^^^^^^^^

warning: missing documentation for a struct field
  --> src/infrastructure/metrics.rs:32:5
   |
32 |     pub memory_usage_percent: f64,
   |     ^^^^^^^^^^^^^^^^^^^^^^^^^^^^^

warning: missing documentation for a struct field
  --> src/infrastructure/metrics.rs:33:5
   |
33 |     pub memory_usage_bytes: u64,
   |     ^^^^^^^^^^^^^^^^^^^^^^^^^^^

warning: missing documentation for a struct field
  --> src/infrastructure/metrics.rs:34:5
   |
34 |     pub network_bytes_in: u64,
   |     ^^^^^^^^^^^^^^^^^^^^^^^^^

warning: missing documentation for a struct field
  --> src/infrastructure/metrics.rs:35:5
   |
35 |     pub network_bytes_out: u64,
   |     ^^^^^^^^^^^^^^^^^^^^^^^^^^

warning: missing documentation for a struct field
  --> src/infrastructure/metrics.rs:36:5
   |
36 |     pub disk_usage_bytes: u64,
   |     ^^^^^^^^^^^^^^^^^^^^^^^^^

warning: missing documentation for a struct field
  --> src/infrastructure/metrics.rs:37:5
   |
37 |     pub network_io: NetworkMetrics,
   |     ^^^^^^^^^^^^^^^^^^^^^^^^^^^^^^

warning: missing documentation for a struct field
  --> src/infrastructure/metrics.rs:38:5
   |
38 |     pub disk_io: DiskMetrics,
   |     ^^^^^^^^^^^^^^^^^^^^^^^^

warning: missing documentation for a struct
  --> src/infrastructure/metrics.rs:42:1
   |
42 | pub struct NetworkMetrics {
   | ^^^^^^^^^^^^^^^^^^^^^^^^^

warning: missing documentation for a struct field
  --> src/infrastructure/metrics.rs:43:5
   |
43 |     pub bytes_sent: u64,
   |     ^^^^^^^^^^^^^^^^^^^

warning: missing documentation for a struct field
  --> src/infrastructure/metrics.rs:44:5
   |
44 |     pub bytes_received: u64,
   |     ^^^^^^^^^^^^^^^^^^^^^^^

warning: missing documentation for a struct field
  --> src/infrastructure/metrics.rs:45:5
   |
45 |     pub connections_active: u32,
   |     ^^^^^^^^^^^^^^^^^^^^^^^^^^^

warning: missing documentation for a struct field
  --> src/infrastructure/metrics.rs:46:5
   |
46 |     pub websocket_connections: u32,
   |     ^^^^^^^^^^^^^^^^^^^^^^^^^^^^^^

warning: missing documentation for a struct field
  --> src/infrastructure/metrics.rs:47:5
   |
47 |     pub requests_per_second: f64,
   |     ^^^^^^^^^^^^^^^^^^^^^^^^^^^^

warning: missing documentation for a struct
  --> src/infrastructure/metrics.rs:51:1
   |
51 | pub struct DiskMetrics {
   | ^^^^^^^^^^^^^^^^^^^^^^

warning: missing documentation for a struct field
  --> src/infrastructure/metrics.rs:52:5
   |
52 |     pub reads_per_second: f64,
   |     ^^^^^^^^^^^^^^^^^^^^^^^^^

warning: missing documentation for a struct field
  --> src/infrastructure/metrics.rs:53:5
   |
53 |     pub writes_per_second: f64,
   |     ^^^^^^^^^^^^^^^^^^^^^^^^^^

warning: missing documentation for a struct field
  --> src/infrastructure/metrics.rs:54:5
   |
54 |     pub read_bytes: u64,
   |     ^^^^^^^^^^^^^^^^^^^

warning: missing documentation for a struct field
  --> src/infrastructure/metrics.rs:55:5
   |
55 |     pub write_bytes: u64,
   |     ^^^^^^^^^^^^^^^^^^^^

warning: missing documentation for a struct field
  --> src/infrastructure/metrics.rs:56:5
   |
56 |     pub disk_usage_percent: f64,
   |     ^^^^^^^^^^^^^^^^^^^^^^^^^^^

warning: missing documentation for a struct
  --> src/infrastructure/metrics.rs:60:1
   |
60 | pub struct AgentMetrics {
   | ^^^^^^^^^^^^^^^^^^^^^^^

warning: missing documentation for a struct field
  --> src/infrastructure/metrics.rs:61:5
   |
61 |     pub total_agents: usize,
   |     ^^^^^^^^^^^^^^^^^^^^^^^

warning: missing documentation for a struct field
  --> src/infrastructure/metrics.rs:62:5
   |
62 |     pub active_agents: usize,
   |     ^^^^^^^^^^^^^^^^^^^^^^^^

warning: missing documentation for a struct field
  --> src/infrastructure/metrics.rs:63:5
   |
63 |     pub idle_agents: usize,
   |     ^^^^^^^^^^^^^^^^^^^^^^

warning: missing documentation for a struct field
  --> src/infrastructure/metrics.rs:64:5
   |
64 |     pub failed_agents: usize,
   |     ^^^^^^^^^^^^^^^^^^^^^^^^

warning: missing documentation for a struct field
  --> src/infrastructure/metrics.rs:65:5
   |
65 |     pub average_agent_performance: f64,
   |     ^^^^^^^^^^^^^^^^^^^^^^^^^^^^^^^^^^

warning: missing documentation for a struct field
  --> src/infrastructure/metrics.rs:66:5
   |
66 |     pub agent_utilization_percent: f64,
   |     ^^^^^^^^^^^^^^^^^^^^^^^^^^^^^^^^^^

warning: missing documentation for a struct field
  --> src/infrastructure/metrics.rs:68:5
   |
68 |     pub individual_agent_metrics: HashMap<uuid::Uuid, IndividualAgentMetrics>,
   |     ^^^^^^^^^^^^^^^^^^^^^^^^^^^^^^^^^^^^^^^^^^^^^^^^^^^^^^^^^^^^^^^^^^^^^^^^^

warning: missing documentation for a struct
  --> src/infrastructure/metrics.rs:72:1
   |
72 | pub struct IndividualAgentMetrics {
   | ^^^^^^^^^^^^^^^^^^^^^^^^^^^^^^^^^

warning: missing documentation for a struct field
  --> src/infrastructure/metrics.rs:73:5
   |
73 |     pub agent_id: uuid::Uuid,
   |     ^^^^^^^^^^^^^^^^^^^^^^^^

warning: missing documentation for a struct field
  --> src/infrastructure/metrics.rs:74:5
   |
74 |     pub tasks_completed: u32,
   |     ^^^^^^^^^^^^^^^^^^^^^^^^

warning: missing documentation for a struct field
  --> src/infrastructure/metrics.rs:75:5
   |
75 |     pub tasks_failed: u32,
   |     ^^^^^^^^^^^^^^^^^^^^^

warning: missing documentation for a struct field
  --> src/infrastructure/metrics.rs:76:5
   |
76 |     pub average_task_duration: f64,
   |     ^^^^^^^^^^^^^^^^^^^^^^^^^^^^^^

warning: missing documentation for a struct field
  --> src/infrastructure/metrics.rs:77:5
   |
77 |     pub energy_consumption_rate: f64,
   |     ^^^^^^^^^^^^^^^^^^^^^^^^^^^^^^^^

warning: missing documentation for a struct field
  --> src/infrastructure/metrics.rs:78:5
   |
78 |     pub learning_progress: f64,
   |     ^^^^^^^^^^^^^^^^^^^^^^^^^^

warning: missing documentation for a struct field
  --> src/infrastructure/metrics.rs:79:5
   |
79 |     pub social_interaction_count: u32,
   |     ^^^^^^^^^^^^^^^^^^^^^^^^^^^^^^^^^

warning: missing documentation for a struct field
  --> src/infrastructure/metrics.rs:80:5
   |
80 |     pub last_activity: chrono::DateTime<chrono::Utc>,
   |     ^^^^^^^^^^^^^^^^^^^^^^^^^^^^^^^^^^^^^^^^^^^^^^^^

warning: missing documentation for a struct field
  --> src/infrastructure/metrics.rs:81:5
   |
81 |     pub current_state: String,
   |     ^^^^^^^^^^^^^^^^^^^^^^^^^

warning: missing documentation for a struct
  --> src/infrastructure/metrics.rs:85:1
   |
85 | pub struct TaskMetrics {
   | ^^^^^^^^^^^^^^^^^^^^^^

warning: missing documentation for a struct field
  --> src/infrastructure/metrics.rs:86:5
   |
86 |     pub total_tasks_submitted: u64,
   |     ^^^^^^^^^^^^^^^^^^^^^^^^^^^^^^

warning: missing documentation for a struct field
  --> src/infrastructure/metrics.rs:87:5
   |
87 |     pub total_tasks_completed: u64,
   |     ^^^^^^^^^^^^^^^^^^^^^^^^^^^^^^

warning: missing documentation for a struct field
  --> src/infrastructure/metrics.rs:88:5
   |
88 |     pub total_tasks_failed: u64,
   |     ^^^^^^^^^^^^^^^^^^^^^^^^^^^

warning: missing documentation for a struct field
  --> src/infrastructure/metrics.rs:89:5
   |
89 |     pub tasks_in_queue: usize,
   |     ^^^^^^^^^^^^^^^^^^^^^^^^^

warning: missing documentation for a struct field
  --> src/infrastructure/metrics.rs:90:5
   |
90 |     pub average_task_duration_ms: f64,
   |     ^^^^^^^^^^^^^^^^^^^^^^^^^^^^^^^^^

warning: missing documentation for a struct field
  --> src/infrastructure/metrics.rs:91:5
   |
91 |     pub task_success_rate: f64,
   |     ^^^^^^^^^^^^^^^^^^^^^^^^^^

warning: missing documentation for a struct
  --> src/infrastructure/metrics.rs:95:1
   |
95 | pub struct ErrorMetrics {
   | ^^^^^^^^^^^^^^^^^^^^^^^

warning: missing documentation for a struct field
  --> src/infrastructure/metrics.rs:96:5
   |
96 |     pub total_errors: u64,
   |     ^^^^^^^^^^^^^^^^^^^^^

warning: missing documentation for a struct field
  --> src/infrastructure/metrics.rs:97:5
   |
97 |     pub error_rate_per_minute: f64,
   |     ^^^^^^^^^^^^^^^^^^^^^^^^^^^^^^

warning: missing documentation for a struct field
  --> src/infrastructure/metrics.rs:98:5
   |
98 |     pub errors_by_type: HashMap<String, u64>,
   |     ^^^^^^^^^^^^^^^^^^^^^^^^^^^^^^^^^^^^^^^^

warning: missing documentation for a struct field
  --> src/infrastructure/metrics.rs:99:5
   |
99 |     pub critical_errors: u64,
   |     ^^^^^^^^^^^^^^^^^^^^^^^^

warning: missing documentation for an associated function
   --> src/infrastructure/metrics.rs:117:5
    |
117 |     pub fn new(max_history_size: usize) -> Self {
    |     ^^^^^^^^^^^^^^^^^^^^^^^^^^^^^^^^^^^^^^^^^^^

warning: missing documentation for an associated function
   --> src/infrastructure/metrics.rs:130:5
    |
130 |     pub fn with_thresholds(max_history_size: usize, thresholds: MetricThresholds) -> Self {
    |     ^^^^^^^^^^^^^^^^^^^^^^^^^^^^^^^^^^^^^^^^^^^^^^^^^^^^^^^^^^^^^^^^^^^^^^^^^^^^^^^^^^^^^

warning: missing documentation for a method
   --> src/infrastructure/metrics.rs:142:5
    |
142 |     pub async fn update_performance_metrics(&self, metrics: PerformanceMetrics) {
    |     ^^^^^^^^^^^^^^^^^^^^^^^^^^^^^^^^^^^^^^^^^^^^^^^^^^^^^^^^^^^^^^^^^^^^^^^^^^^

warning: missing documentation for a method
   --> src/infrastructure/metrics.rs:148:5
    |
148 |     pub async fn update_resource_metrics(&self, metrics: ResourceUsageMetrics) {
    |     ^^^^^^^^^^^^^^^^^^^^^^^^^^^^^^^^^^^^^^^^^^^^^^^^^^^^^^^^^^^^^^^^^^^^^^^^^^

warning: missing documentation for a method
   --> src/infrastructure/metrics.rs:154:5
    |
154 |     pub async fn update_agent_metrics(&self, metrics: AgentMetrics) {
    |     ^^^^^^^^^^^^^^^^^^^^^^^^^^^^^^^^^^^^^^^^^^^^^^^^^^^^^^^^^^^^^^^

warning: missing documentation for a method
   --> src/infrastructure/metrics.rs:160:5
    |
160 |     pub async fn update_task_metrics(&self, metrics: TaskMetrics) {
    |     ^^^^^^^^^^^^^^^^^^^^^^^^^^^^^^^^^^^^^^^^^^^^^^^^^^^^^^^^^^^^^

warning: missing documentation for a method
   --> src/infrastructure/metrics.rs:166:5
    |
166 |     pub async fn record_error(&self, error_type: &str) {
    |     ^^^^^^^^^^^^^^^^^^^^^^^^^^^^^^^^^^^^^^^^^^^^^^^^^^

warning: missing documentation for a method
   --> src/infrastructure/metrics.rs:177:5
    |
177 |     pub async fn get_current_metrics(&self) -> SystemMetrics {
    |     ^^^^^^^^^^^^^^^^^^^^^^^^^^^^^^^^^^^^^^^^^^^^^^^^^^^^^^^^

warning: missing documentation for a method
   --> src/infrastructure/metrics.rs:181:5
    |
181 |     pub async fn get_historical_metrics(&self, limit: Option<usize>) -> Vec<SystemMetrics> {
    |     ^^^^^^^^^^^^^^^^^^^^^^^^^^^^^^^^^^^^^^^^^^^^^^^^^^^^^^^^^^^^^^^^^^^^^^^^^^^^^^^^^^^^^^

warning: missing documentation for a method
   --> src/infrastructure/metrics.rs:189:5
    |
189 |     pub async fn snapshot_current_metrics(&self) {
    |     ^^^^^^^^^^^^^^^^^^^^^^^^^^^^^^^^^^^^^^^^^^^^

warning: missing documentation for a struct
   --> src/infrastructure/metrics.rs:459:1
    |
459 | pub struct TrendAnalyzer {
    | ^^^^^^^^^^^^^^^^^^^^^^^^

warning: missing documentation for an associated function
   --> src/infrastructure/metrics.rs:466:5
    |
466 |     pub fn new(window_size: usize, trend_threshold: f64) -> Self {
    |     ^^^^^^^^^^^^^^^^^^^^^^^^^^^^^^^^^^^^^^^^^^^^^^^^^^^^^^^^^^^^

warning: missing documentation for a struct
   --> src/infrastructure/metrics.rs:475:1
    |
475 | pub struct AnomalyDetector {
    | ^^^^^^^^^^^^^^^^^^^^^^^^^^

warning: missing documentation for an associated function
   --> src/infrastructure/metrics.rs:482:5
    |
482 |     pub fn new(sensitivity: f64, baseline_window: usize) -> Self {
    |     ^^^^^^^^^^^^^^^^^^^^^^^^^^^^^^^^^^^^^^^^^^^^^^^^^^^^^^^^^^^^

warning: missing documentation for a method
   --> src/infrastructure/metrics.rs:491:5
    |
491 |     pub fn detect(&self, _history: &[SystemMetrics]) -> Vec<Anomaly> {
    |     ^^^^^^^^^^^^^^^^^^^^^^^^^^^^^^^^^^^^^^^^^^^^^^^^^^^^^^^^^^^^^^^^

warning: missing documentation for a struct
   --> src/infrastructure/metrics.rs:498:1
    |
498 | pub struct PredictiveInsights {
    | ^^^^^^^^^^^^^^^^^^^^^^^^^^^^^

warning: missing documentation for a struct field
   --> src/infrastructure/metrics.rs:499:5
    |
499 |     pub trends: MetricsTrends,
    |     ^^^^^^^^^^^^^^^^^^^^^^^^^

warning: missing documentation for a struct field
   --> src/infrastructure/metrics.rs:500:5
    |
500 |     pub anomalies: Vec<Anomaly>,
    |     ^^^^^^^^^^^^^^^^^^^^^^^^^^^

warning: missing documentation for a struct field
   --> src/infrastructure/metrics.rs:501:5
    |
501 |     pub recommendations: Vec<String>,
    |     ^^^^^^^^^^^^^^^^^^^^^^^^^^^^^^^^

warning: missing documentation for a struct field
   --> src/infrastructure/metrics.rs:502:5
    |
502 |     pub forecast: SystemForecast,
    |     ^^^^^^^^^^^^^^^^^^^^^^^^^^^^

warning: missing documentation for a struct
   --> src/infrastructure/metrics.rs:506:1
    |
506 | pub struct SystemForecast {
    | ^^^^^^^^^^^^^^^^^^^^^^^^^

warning: missing documentation for a struct field
   --> src/infrastructure/metrics.rs:507:5
    |
507 |     pub predicted_health_score_1h: f64,
    |     ^^^^^^^^^^^^^^^^^^^^^^^^^^^^^^^^^^

warning: missing documentation for a struct field
   --> src/infrastructure/metrics.rs:508:5
    |
508 |     pub predicted_health_score_24h: f64,
    |     ^^^^^^^^^^^^^^^^^^^^^^^^^^^^^^^^^^^

warning: missing documentation for a struct field
   --> src/infrastructure/metrics.rs:509:5
    |
509 |     pub confidence: f64,
    |     ^^^^^^^^^^^^^^^^^^^

warning: missing documentation for a struct field
   --> src/infrastructure/metrics.rs:510:5
    |
510 |     pub risk_factors: Vec<String>,
    |     ^^^^^^^^^^^^^^^^^^^^^^^^^^^^^

warning: missing documentation for a struct
   --> src/infrastructure/metrics.rs:525:1
    |
525 | pub struct Anomaly {
    | ^^^^^^^^^^^^^^^^^^

warning: missing documentation for a struct field
   --> src/infrastructure/metrics.rs:526:5
    |
526 |     pub timestamp: DateTime<Utc>,
    |     ^^^^^^^^^^^^^^^^^^^^^^^^^^^^

warning: missing documentation for a struct field
   --> src/infrastructure/metrics.rs:528:5
    |
528 |     pub anomaly_type: AnomalyType,
    |     ^^^^^^^^^^^^^^^^^^^^^^^^^^^^^

warning: missing documentation for a struct field
   --> src/infrastructure/metrics.rs:529:5
    |
529 |     pub severity: AnomalySeverity,
    |     ^^^^^^^^^^^^^^^^^^^^^^^^^^^^^

warning: missing documentation for a struct field
   --> src/infrastructure/metrics.rs:530:5
    |
530 |     pub description: String,
    |     ^^^^^^^^^^^^^^^^^^^^^^^

warning: missing documentation for a struct field
   --> src/infrastructure/metrics.rs:531:5
    |
531 |     pub affected_metrics: Vec<String>,
    |     ^^^^^^^^^^^^^^^^^^^^^^^^^^^^^^^^^

warning: missing documentation for an enum
   --> src/infrastructure/metrics.rs:535:1
    |
535 | pub enum AnomalyType {
    | ^^^^^^^^^^^^^^^^^^^^

warning: missing documentation for a variant
   --> src/infrastructure/metrics.rs:536:5
    |
536 |     PerformanceSpike,
    |     ^^^^^^^^^^^^^^^^

warning: missing documentation for a variant
   --> src/infrastructure/metrics.rs:537:5
    |
537 |     PerformanceDrop,
    |     ^^^^^^^^^^^^^^^

warning: missing documentation for a variant
   --> src/infrastructure/metrics.rs:538:5
    |
538 |     ResourceExhaustion,
    |     ^^^^^^^^^^^^^^^^^^

warning: missing documentation for a variant
   --> src/infrastructure/metrics.rs:539:5
    |
539 |     UnexpectedBehavior,
    |     ^^^^^^^^^^^^^^^^^^

warning: missing documentation for an enum
   --> src/infrastructure/metrics.rs:543:1
    |
543 | pub enum AnomalySeverity {
    | ^^^^^^^^^^^^^^^^^^^^^^^^

warning: missing documentation for a variant
   --> src/infrastructure/metrics.rs:544:5
    |
544 |     Low,
    |     ^^^

warning: missing documentation for a variant
   --> src/infrastructure/metrics.rs:545:5
    |
545 |     Medium,
    |     ^^^^^^

warning: missing documentation for a variant
   --> src/infrastructure/metrics.rs:546:5
    |
546 |     High,
    |     ^^^^

warning: missing documentation for a variant
   --> src/infrastructure/metrics.rs:547:5
    |
547 |     Critical,
    |     ^^^^^^^^

warning: missing documentation for a struct
   --> src/infrastructure/metrics.rs:552:1
    |
552 | pub struct MetricsTrends {
    | ^^^^^^^^^^^^^^^^^^^^^^^^

warning: missing documentation for a struct field
   --> src/infrastructure/metrics.rs:553:5
    |
553 |     pub cpu_trend: TrendDirection,
    |     ^^^^^^^^^^^^^^^^^^^^^^^^^^^^^

warning: missing documentation for a struct field
   --> src/infrastructure/metrics.rs:554:5
    |
554 |     pub memory_trend: TrendDirection,
    |     ^^^^^^^^^^^^^^^^^^^^^^^^^^^^^^^^

warning: missing documentation for a struct field
   --> src/infrastructure/metrics.rs:555:5
    |
555 |     pub task_completion_trend: TrendDirection,
    |     ^^^^^^^^^^^^^^^^^^^^^^^^^^^^^^^^^^^^^^^^^

warning: missing documentation for a struct field
   --> src/infrastructure/metrics.rs:556:5
    |
556 |     pub agent_performance_trend: TrendDirection,
    |     ^^^^^^^^^^^^^^^^^^^^^^^^^^^^^^^^^^^^^^^^^^^

warning: missing documentation for a struct field
   --> src/infrastructure/metrics.rs:557:5
    |
557 |     pub error_rate_trend: TrendDirection,
    |     ^^^^^^^^^^^^^^^^^^^^^^^^^^^^^^^^^^^^

warning: missing documentation for an enum
   --> src/infrastructure/metrics.rs:561:1
    |
561 | pub enum TrendDirection {
    | ^^^^^^^^^^^^^^^^^^^^^^^

warning: missing documentation for a variant
   --> src/infrastructure/metrics.rs:562:5
    |
562 |     Increasing,
    |     ^^^^^^^^^^

warning: missing documentation for a variant
   --> src/infrastructure/metrics.rs:563:5
    |
563 |     Decreasing,
    |     ^^^^^^^^^^

warning: missing documentation for a variant
   --> src/infrastructure/metrics.rs:564:5
    |
564 |     Stable,
    |     ^^^^^^

warning: missing documentation for a variant
   --> src/infrastructure/metrics.rs:565:5
    |
565 |     Unknown,
    |     ^^^^^^^

warning: missing documentation for a struct
   --> src/infrastructure/metrics.rs:569:1
    |
569 | pub struct MetricThresholds {
    | ^^^^^^^^^^^^^^^^^^^^^^^^^^^

warning: missing documentation for a struct field
   --> src/infrastructure/metrics.rs:570:5
    |
570 |     pub cpu_warning: f64,
    |     ^^^^^^^^^^^^^^^^^^^^

warning: missing documentation for a struct field
   --> src/infrastructure/metrics.rs:571:5
    |
571 |     pub cpu_critical: f64,
    |     ^^^^^^^^^^^^^^^^^^^^^

warning: missing documentation for a struct field
   --> src/infrastructure/metrics.rs:572:5
    |
572 |     pub memory_warning: f64,
    |     ^^^^^^^^^^^^^^^^^^^^^^^

warning: missing documentation for a struct field
   --> src/infrastructure/metrics.rs:573:5
    |
573 |     pub memory_critical: f64,
    |     ^^^^^^^^^^^^^^^^^^^^^^^^

warning: missing documentation for a struct field
   --> src/infrastructure/metrics.rs:574:5
    |
574 |     pub task_failure_rate_warning: f64,
    |     ^^^^^^^^^^^^^^^^^^^^^^^^^^^^^^^^^^

warning: missing documentation for a struct field
   --> src/infrastructure/metrics.rs:575:5
    |
575 |     pub task_failure_rate_critical: f64,
    |     ^^^^^^^^^^^^^^^^^^^^^^^^^^^^^^^^^^^

warning: missing documentation for a struct field
   --> src/infrastructure/metrics.rs:576:5
    |
576 |     pub agent_failure_rate_warning: f64,
    |     ^^^^^^^^^^^^^^^^^^^^^^^^^^^^^^^^^^^

warning: missing documentation for a struct field
   --> src/infrastructure/metrics.rs:577:5
    |
577 |     pub agent_failure_rate_critical: f64,
    |     ^^^^^^^^^^^^^^^^^^^^^^^^^^^^^^^^^^^^

warning: missing documentation for a struct field
   --> src/infrastructure/metrics.rs:578:5
    |
578 |     pub response_time_warning: f64,
    |     ^^^^^^^^^^^^^^^^^^^^^^^^^^^^^^

warning: missing documentation for a struct field
   --> src/infrastructure/metrics.rs:579:5
    |
579 |     pub response_time_critical: f64,
    |     ^^^^^^^^^^^^^^^^^^^^^^^^^^^^^^^

warning: missing documentation for a struct
   --> src/infrastructure/metrics.rs:600:1
    |
600 | pub struct Alert {
    | ^^^^^^^^^^^^^^^^

warning: missing documentation for a struct field
   --> src/infrastructure/metrics.rs:601:5
    |
601 |     pub level: AlertLevel,
    |     ^^^^^^^^^^^^^^^^^^^^^

warning: missing documentation for a struct field
   --> src/infrastructure/metrics.rs:602:5
    |
602 |     pub title: String,
    |     ^^^^^^^^^^^^^^^^^

warning: missing documentation for a struct field
   --> src/infrastructure/metrics.rs:603:5
    |
603 |     pub description: String,
    |     ^^^^^^^^^^^^^^^^^^^^^^^

warning: missing documentation for a struct field
   --> src/infrastructure/metrics.rs:604:5
    |
604 |     pub timestamp: chrono::DateTime<chrono::Utc>,
    |     ^^^^^^^^^^^^^^^^^^^^^^^^^^^^^^^^^^^^^^^^^^^^

warning: missing documentation for a struct field
   --> src/infrastructure/metrics.rs:605:5
    |
605 |     pub id: uuid::Uuid,
    |     ^^^^^^^^^^^^^^^^^^

warning: missing documentation for an enum
   --> src/infrastructure/metrics.rs:609:1
    |
609 | pub enum AlertLevel {
    | ^^^^^^^^^^^^^^^^^^^

warning: missing documentation for a variant
   --> src/infrastructure/metrics.rs:610:5
    |
610 |     Info,
    |     ^^^^

warning: missing documentation for a variant
   --> src/infrastructure/metrics.rs:611:5
    |
611 |     Warning,
    |     ^^^^^^^

warning: missing documentation for a variant
   --> src/infrastructure/metrics.rs:612:5
    |
612 |     Critical,
    |     ^^^^^^^^

warning: missing documentation for an associated function
   --> src/infrastructure/metrics.rs:617:5
    |
617 |     pub fn new(level: AlertLevel, title: String, description: String) -> Self {
    |     ^^^^^^^^^^^^^^^^^^^^^^^^^^^^^^^^^^^^^^^^^^^^^^^^^^^^^^^^^^^^^^^^^^^^^^^^^

warning: missing documentation for a struct
  --> src/infrastructure/monitoring.rs:16:1
   |
16 | pub struct AgentMonitor {
   | ^^^^^^^^^^^^^^^^^^^^^^^

warning: missing documentation for a struct field
  --> src/infrastructure/monitoring.rs:17:5
   |
17 |     pub config: Arc<MonitoringConfig>,
   |     ^^^^^^^^^^^^^^^^^^^^^^^^^^^^^^^^^

warning: missing documentation for a struct field
  --> src/infrastructure/monitoring.rs:18:5
   |
18 |     pub metrics_collector: Arc<MetricsCollector>,
   |     ^^^^^^^^^^^^^^^^^^^^^^^^^^^^^^^^^^^^^^^^^^^^

warning: missing documentation for a struct field
  --> src/infrastructure/monitoring.rs:19:5
   |
19 |     pub telemetry_collector: Arc<TelemetryCollector>,
   |     ^^^^^^^^^^^^^^^^^^^^^^^^^^^^^^^^^^^^^^^^^^^^^^^^

warning: missing documentation for a struct field
  --> src/infrastructure/monitoring.rs:20:5
   |
20 |     pub alerting_system: Arc<IntelligentAlertingSystem>,
   |     ^^^^^^^^^^^^^^^^^^^^^^^^^^^^^^^^^^^^^^^^^^^^^^^^^^^

warning: missing documentation for a struct field
  --> src/infrastructure/monitoring.rs:21:5
   |
21 |     pub agent_discovery: Arc<AgentDiscovery>,
   |     ^^^^^^^^^^^^^^^^^^^^^^^^^^^^^^^^^^^^^^^^

warning: missing documentation for a struct field
  --> src/infrastructure/monitoring.rs:22:5
   |
22 |     pub health_monitor: Arc<HealthMonitor>,
   |     ^^^^^^^^^^^^^^^^^^^^^^^^^^^^^^^^^^^^^^

warning: missing documentation for a struct field
  --> src/infrastructure/monitoring.rs:23:5
   |
23 |     pub performance_monitor: Arc<PerformanceMonitor>,
   |     ^^^^^^^^^^^^^^^^^^^^^^^^^^^^^^^^^^^^^^^^^^^^^^^^

warning: missing documentation for a struct field
  --> src/infrastructure/monitoring.rs:24:5
   |
24 |     pub behavior_analyzer: Arc<BehaviorAnalyzer>,
   |     ^^^^^^^^^^^^^^^^^^^^^^^^^^^^^^^^^^^^^^^^^^^^

warning: missing documentation for a struct field
  --> src/infrastructure/monitoring.rs:25:5
   |
25 |     pub dashboard: Arc<Dashboard>,
   |     ^^^^^^^^^^^^^^^^^^^^^^^^^^^^^

warning: missing documentation for a struct field
  --> src/infrastructure/monitoring.rs:26:5
   |
26 |     pub diagnostics: Arc<Diagnostics>,
   |     ^^^^^^^^^^^^^^^^^^^^^^^^^^^^^^^^^

warning: missing documentation for a struct field
  --> src/infrastructure/monitoring.rs:27:5
   |
27 |     pub reporting: Arc<Reporting>,
   |     ^^^^^^^^^^^^^^^^^^^^^^^^^^^^^

warning: missing documentation for a struct field
  --> src/infrastructure/monitoring.rs:28:5
   |
28 |     pub automation: Arc<Automation>,
   |     ^^^^^^^^^^^^^^^^^^^^^^^^^^^^^^^

warning: missing documentation for a struct field
  --> src/infrastructure/monitoring.rs:29:5
   |
29 |     pub integration: Arc<Integration>,
   |     ^^^^^^^^^^^^^^^^^^^^^^^^^^^^^^^^^

warning: missing documentation for a struct
  --> src/infrastructure/monitoring.rs:34:1
   |
34 | pub struct AgentDiscovery {
   | ^^^^^^^^^^^^^^^^^^^^^^^^^

warning: missing documentation for an associated function
  --> src/infrastructure/monitoring.rs:48:5
   |
48 |     pub fn new() -> Self {
   |     ^^^^^^^^^^^^^^^^^^^^

warning: missing documentation for an associated function
  --> src/infrastructure/monitoring.rs:73:5
   |
73 |     pub fn new() -> Self {
   |     ^^^^^^^^^^^^^^^^^^^^

warning: missing documentation for a method
  --> src/infrastructure/monitoring.rs:81:5
   |
81 |     pub async fn get_health_status(&self) -> HiveResult<SystemHealth> {
   |     ^^^^^^^^^^^^^^^^^^^^^^^^^^^^^^^^^^^^^^^^^^^^^^^^^^^^^^^^^^^^^^^^^

warning: missing documentation for a method
  --> src/infrastructure/monitoring.rs:86:5
   |
86 |     pub async fn start_monitoring(&self) -> HiveResult<()> {
   |     ^^^^^^^^^^^^^^^^^^^^^^^^^^^^^^^^^^^^^^^^^^^^^^^^^^^^^^

warning: missing documentation for an associated function
   --> src/infrastructure/monitoring.rs:102:5
    |
102 |     pub fn new() -> Self {
    |     ^^^^^^^^^^^^^^^^^^^^

warning: missing documentation for a method
   --> src/infrastructure/monitoring.rs:110:5
    |
110 |     pub async fn start_monitoring(&self) -> HiveResult<()> {
    |     ^^^^^^^^^^^^^^^^^^^^^^^^^^^^^^^^^^^^^^^^^^^^^^^^^^^^^^

warning: missing documentation for a method
   --> src/infrastructure/monitoring.rs:115:5
    |
115 |     pub async fn get_performance_status(&self) -> HiveResult<SystemPerformance> {
    |     ^^^^^^^^^^^^^^^^^^^^^^^^^^^^^^^^^^^^^^^^^^^^^^^^^^^^^^^^^^^^^^^^^^^^^^^^^^^

warning: missing documentation for a method
   --> src/infrastructure/monitoring.rs:120:5
    |
120 |     pub async fn get_system_performance(&self) -> HiveResult<PerformanceStatusSummary> {
    |     ^^^^^^^^^^^^^^^^^^^^^^^^^^^^^^^^^^^^^^^^^^^^^^^^^^^^^^^^^^^^^^^^^^^^^^^^^^^^^^^^^^

warning: missing documentation for a method
   --> src/infrastructure/monitoring.rs:144:5
    |
144 | /     pub async fn get_performance_trends(
145 | |         &self,
146 | |         metric_name: &str,
147 | |         hours: u32,
148 | |     ) -> HiveResult<PerformanceTrend> {
    | |_____________________________________^

warning: missing documentation for a struct field
   --> src/infrastructure/monitoring.rs:217:5
    |
217 |     pub id: Uuid,
    |     ^^^^^^^^^^^^

warning: missing documentation for a struct field
   --> src/infrastructure/monitoring.rs:218:5
    |
218 |     pub name: String,
    |     ^^^^^^^^^^^^^^^^

warning: missing documentation for a struct field
   --> src/infrastructure/monitoring.rs:219:5
    |
219 |     pub agent_type: String,
    |     ^^^^^^^^^^^^^^^^^^^^^^

warning: missing documentation for a struct field
   --> src/infrastructure/monitoring.rs:220:5
    |
220 |     pub capabilities: Vec<String>,
    |     ^^^^^^^^^^^^^^^^^^^^^^^^^^^^^

warning: missing documentation for a struct field
   --> src/infrastructure/monitoring.rs:221:5
    |
221 |     pub status: AgentStatus,
    |     ^^^^^^^^^^^^^^^^^^^^^^^

warning: missing documentation for a struct field
   --> src/infrastructure/monitoring.rs:222:5
    |
222 |     pub created_at: DateTime<Utc>,
    |     ^^^^^^^^^^^^^^^^^^^^^^^^^^^^^

warning: missing documentation for a struct field
   --> src/infrastructure/monitoring.rs:223:5
    |
223 |     pub last_seen: DateTime<Utc>,
    |     ^^^^^^^^^^^^^^^^^^^^^^^^^^^^

warning: missing documentation for a variant
   --> src/infrastructure/monitoring.rs:229:5
    |
229 |     Active,
    |     ^^^^^^

warning: missing documentation for a variant
   --> src/infrastructure/monitoring.rs:230:5
    |
230 |     Idle,
    |     ^^^^

warning: missing documentation for a variant
   --> src/infrastructure/monitoring.rs:231:5
    |
231 |     Error,
    |     ^^^^^

warning: missing documentation for a variant
   --> src/infrastructure/monitoring.rs:232:5
    |
232 |     Offline,
    |     ^^^^^^^

warning: missing documentation for a struct field
   --> src/infrastructure/monitoring.rs:238:5
    |
238 |     pub agent_id: Uuid,
    |     ^^^^^^^^^^^^^^^^^^

warning: missing documentation for a struct field
   --> src/infrastructure/monitoring.rs:239:5
    |
239 |     pub status: HealthStatus,
    |     ^^^^^^^^^^^^^^^^^^^^^^^^

warning: missing documentation for a struct field
   --> src/infrastructure/monitoring.rs:240:5
    |
240 |     pub connectivity: ConnectivityStatus,
    |     ^^^^^^^^^^^^^^^^^^^^^^^^^^^^^^^^^^^^

warning: missing documentation for a struct field
   --> src/infrastructure/monitoring.rs:241:5
    |
241 |     pub resource_health: ResourceHealth,
    |     ^^^^^^^^^^^^^^^^^^^^^^^^^^^^^^^^^^^

warning: missing documentation for a struct field
   --> src/infrastructure/monitoring.rs:242:5
    |
242 |     pub error_rate: f64,
    |     ^^^^^^^^^^^^^^^^^^^

warning: missing documentation for a struct field
   --> src/infrastructure/monitoring.rs:243:5
    |
243 |     pub recovery_time: Option<u64>,
    |     ^^^^^^^^^^^^^^^^^^^^^^^^^^^^^^

warning: missing documentation for a struct field
   --> src/infrastructure/monitoring.rs:244:5
    |
244 |     pub last_check: DateTime<Utc>,
    |     ^^^^^^^^^^^^^^^^^^^^^^^^^^^^^

warning: missing documentation for a variant
   --> src/infrastructure/monitoring.rs:250:5
    |
250 |     Healthy,
    |     ^^^^^^^

warning: missing documentation for a variant
   --> src/infrastructure/monitoring.rs:251:5
    |
251 |     Warning,
    |     ^^^^^^^

warning: missing documentation for a variant
   --> src/infrastructure/monitoring.rs:252:5
    |
252 |     Critical,
    |     ^^^^^^^^

warning: missing documentation for a variant
   --> src/infrastructure/monitoring.rs:253:5
    |
253 |     Unknown,
    |     ^^^^^^^

warning: missing documentation for a struct field
   --> src/infrastructure/monitoring.rs:259:5
    |
259 |     pub network_connectivity: bool,
    |     ^^^^^^^^^^^^^^^^^^^^^^^^^^^^^^

warning: missing documentation for a struct field
   --> src/infrastructure/monitoring.rs:260:5
    |
260 |     pub communication_health: f64,
    |     ^^^^^^^^^^^^^^^^^^^^^^^^^^^^^

warning: missing documentation for a struct field
   --> src/infrastructure/monitoring.rs:261:5
    |
261 |     pub response_time_ms: u64,
    |     ^^^^^^^^^^^^^^^^^^^^^^^^^

warning: missing documentation for a struct field
   --> src/infrastructure/monitoring.rs:268:5
    |
268 |     pub cpu_usage_percent: f64,
    |     ^^^^^^^^^^^^^^^^^^^^^^^^^^

warning: missing documentation for a struct field
   --> src/infrastructure/monitoring.rs:269:5
    |
269 |     pub memory_usage_percent: f64,
    |     ^^^^^^^^^^^^^^^^^^^^^^^^^^^^^

warning: missing documentation for a struct field
   --> src/infrastructure/monitoring.rs:270:5
    |
270 |     pub disk_usage_percent: f64,
    |     ^^^^^^^^^^^^^^^^^^^^^^^^^^^

warning: missing documentation for a struct field
   --> src/infrastructure/monitoring.rs:276:5
    |
276 |     pub timestamp: DateTime<Utc>,
    |     ^^^^^^^^^^^^^^^^^^^^^^^^^^^^

warning: missing documentation for a struct field
   --> src/infrastructure/monitoring.rs:277:5
    |
277 |     pub overall_health_score: f64,
    |     ^^^^^^^^^^^^^^^^^^^^^^^^^^^^^

warning: missing documentation for a struct field
   --> src/infrastructure/monitoring.rs:278:5
    |
278 |     pub agent_health_summary: HashMap<HealthStatus, usize>,
    |     ^^^^^^^^^^^^^^^^^^^^^^^^^^^^^^^^^^^^^^^^^^^^^^^^^^^^^^

warning: missing documentation for a struct field
   --> src/infrastructure/monitoring.rs:279:5
    |
279 |     pub system_health: SystemHealth,
    |     ^^^^^^^^^^^^^^^^^^^^^^^^^^^^^^^

warning: missing documentation for a struct field
   --> src/infrastructure/monitoring.rs:285:5
    |
285 |     pub overall_score: f64,
    |     ^^^^^^^^^^^^^^^^^^^^^^

warning: missing documentation for a struct field
   --> src/infrastructure/monitoring.rs:286:5
    |
286 |     pub component_health: HashMap<String, f64>,
    |     ^^^^^^^^^^^^^^^^^^^^^^^^^^^^^^^^^^^^^^^^^^

warning: missing documentation for a struct field
   --> src/infrastructure/monitoring.rs:287:5
    |
287 |     pub critical_issues: Vec<String>,
    |     ^^^^^^^^^^^^^^^^^^^^^^^^^^^^^^^^

warning: missing documentation for a struct field
   --> src/infrastructure/monitoring.rs:293:5
    |
293 |     pub overall_health: f64,
    |     ^^^^^^^^^^^^^^^^^^^^^^^

warning: missing documentation for a struct field
   --> src/infrastructure/monitoring.rs:294:5
    |
294 |     pub health_status: Option<SystemHealth>,
    |     ^^^^^^^^^^^^^^^^^^^^^^^^^^^^^^^^^^^^^^^

warning: missing documentation for a struct field
   --> src/infrastructure/monitoring.rs:295:5
    |
295 |     pub health_count: usize,
    |     ^^^^^^^^^^^^^^^^^^^^^^^

warning: missing documentation for a struct field
   --> src/infrastructure/monitoring.rs:301:5
    |
301 |     pub agent_id: Uuid,
    |     ^^^^^^^^^^^^^^^^^^

warning: missing documentation for a struct field
   --> src/infrastructure/monitoring.rs:302:5
    |
302 |     pub response_time_ms: f64,
    |     ^^^^^^^^^^^^^^^^^^^^^^^^^

warning: missing documentation for a struct field
   --> src/infrastructure/monitoring.rs:303:5
    |
303 |     pub throughput_tasks_per_second: f64,
    |     ^^^^^^^^^^^^^^^^^^^^^^^^^^^^^^^^^^^^

warning: missing documentation for a struct field
   --> src/infrastructure/monitoring.rs:304:5
    |
304 |     pub resource_utilization: ResourceUtilization,
    |     ^^^^^^^^^^^^^^^^^^^^^^^^^^^^^^^^^^^^^^^^^^^^^

warning: missing documentation for a struct field
   --> src/infrastructure/monitoring.rs:305:5
    |
305 |     pub success_rate: f64,
    |     ^^^^^^^^^^^^^^^^^^^^^

warning: missing documentation for a struct field
   --> src/infrastructure/monitoring.rs:306:5
    |
306 |     pub queue_length: usize,
    |     ^^^^^^^^^^^^^^^^^^^^^^^

warning: missing documentation for a struct field
   --> src/infrastructure/monitoring.rs:307:5
    |
307 |     pub last_updated: DateTime<Utc>,
    |     ^^^^^^^^^^^^^^^^^^^^^^^^^^^^^^^

warning: missing documentation for a struct field
   --> src/infrastructure/monitoring.rs:313:5
    |
313 |     pub cpu_percent: f64,
    |     ^^^^^^^^^^^^^^^^^^^^

warning: missing documentation for a struct field
   --> src/infrastructure/monitoring.rs:314:5
    |
314 |     pub memory_percent: f64,
    |     ^^^^^^^^^^^^^^^^^^^^^^^

warning: missing documentation for a struct field
   --> src/infrastructure/monitoring.rs:315:5
    |
315 |     pub network_bytes_per_second: u64,
    |     ^^^^^^^^^^^^^^^^^^^^^^^^^^^^^^^^^

warning: missing documentation for a struct field
   --> src/infrastructure/monitoring.rs:316:5
    |
316 |     pub disk_io_per_second: f64,
    |     ^^^^^^^^^^^^^^^^^^^^^^^^^^^

warning: missing documentation for a struct field
   --> src/infrastructure/monitoring.rs:322:5
    |
322 |     pub requests_per_second: f64,
    |     ^^^^^^^^^^^^^^^^^^^^^^^^^^^^

warning: missing documentation for a struct field
   --> src/infrastructure/monitoring.rs:323:5
    |
323 |     pub average_response_time_ms: f64,
    |     ^^^^^^^^^^^^^^^^^^^^^^^^^^^^^^^^^

warning: missing documentation for a struct field
   --> src/infrastructure/monitoring.rs:324:5
    |
324 |     pub throughput_tasks_per_second: f64,
    |     ^^^^^^^^^^^^^^^^^^^^^^^^^^^^^^^^^^^^

warning: missing documentation for a struct field
   --> src/infrastructure/monitoring.rs:325:5
    |
325 |     pub resource_utilization: SystemResourceUtilization,
    |     ^^^^^^^^^^^^^^^^^^^^^^^^^^^^^^^^^^^^^^^^^^^^^^^^^^^

warning: missing documentation for a struct field
   --> src/infrastructure/monitoring.rs:326:5
    |
326 |     pub bottleneck_analysis: Vec<String>,
    |     ^^^^^^^^^^^^^^^^^^^^^^^^^^^^^^^^^^^^

warning: missing documentation for a struct field
   --> src/infrastructure/monitoring.rs:332:5
    |
332 |     pub overall_score: f64,
    |     ^^^^^^^^^^^^^^^^^^^^^^

warning: missing documentation for a struct field
   --> src/infrastructure/monitoring.rs:333:5
    |
333 |     pub average_response_time_ms: f64,
    |     ^^^^^^^^^^^^^^^^^^^^^^^^^^^^^^^^^

warning: missing documentation for a struct field
   --> src/infrastructure/monitoring.rs:334:5
    |
334 |     pub throughput_tasks_per_second: f64,
    |     ^^^^^^^^^^^^^^^^^^^^^^^^^^^^^^^^^^^^

warning: missing documentation for a struct field
   --> src/infrastructure/monitoring.rs:335:5
    |
335 |     pub resource_utilization_percent: f64,
    |     ^^^^^^^^^^^^^^^^^^^^^^^^^^^^^^^^^^^^^

warning: missing documentation for a struct field
   --> src/infrastructure/monitoring.rs:341:5
    |
341 |     pub communication_efficiency: f64,
    |     ^^^^^^^^^^^^^^^^^^^^^^^^^^^^^^^^^

warning: missing documentation for a struct field
   --> src/infrastructure/monitoring.rs:342:5
    |
342 |     pub decision_quality_score: f64,
    |     ^^^^^^^^^^^^^^^^^^^^^^^^^^^^^^^

warning: missing documentation for a struct field
   --> src/infrastructure/monitoring.rs:343:5
    |
343 |     pub adaptation_rate: f64,
    |     ^^^^^^^^^^^^^^^^^^^^^^^^

warning: missing documentation for a struct field
   --> src/infrastructure/monitoring.rs:344:5
    |
344 |     pub collaboration_score: f64,
    |     ^^^^^^^^^^^^^^^^^^^^^^^^^^^^

warning: missing documentation for a variant
   --> src/infrastructure/monitoring.rs:350:5
    |
350 |     Created,
    |     ^^^^^^^

warning: missing documentation for a variant
   --> src/infrastructure/monitoring.rs:351:5
    |
351 |     Started,
    |     ^^^^^^^

warning: missing documentation for a variant
   --> src/infrastructure/monitoring.rs:352:5
    |
352 |     Stopped,
    |     ^^^^^^^

warning: missing documentation for a variant
   --> src/infrastructure/monitoring.rs:353:5
    |
353 |     Failed,
    |     ^^^^^^

warning: missing documentation for a variant
   --> src/infrastructure/monitoring.rs:354:5
    |
354 |     Recovered,
    |     ^^^^^^^^^

warning: missing documentation for a variant
   --> src/infrastructure/monitoring.rs:360:5
    |
360 |     Json,
    |     ^^^^

warning: missing documentation for a variant
   --> src/infrastructure/monitoring.rs:361:5
    |
361 |     Csv,
    |     ^^^

warning: missing documentation for a variant
   --> src/infrastructure/monitoring.rs:362:5
    |
362 |     Pdf,
    |     ^^^

warning: missing documentation for a struct field
   --> src/infrastructure/monitoring.rs:368:5
    |
368 |     pub timestamp: DateTime<Utc>,
    |     ^^^^^^^^^^^^^^^^^^^^^^^^^^^^

warning: missing documentation for a struct field
   --> src/infrastructure/monitoring.rs:369:5
    |
369 |     pub level: String,
    |     ^^^^^^^^^^^^^^^^^

warning: missing documentation for a struct field
   --> src/infrastructure/monitoring.rs:370:5
    |
370 |     pub message: String,
    |     ^^^^^^^^^^^^^^^^^^^

warning: missing documentation for a struct field
   --> src/infrastructure/monitoring.rs:371:5
    |
371 |     pub source: String,
    |     ^^^^^^^^^^^^^^^^^^

warning: missing documentation for a struct field
   --> src/infrastructure/monitoring.rs:378:5
    |
378 |     pub cpu_usage_percent: f64,
    |     ^^^^^^^^^^^^^^^^^^^^^^^^^^

warning: missing documentation for a struct field
   --> src/infrastructure/monitoring.rs:379:5
    |
379 |     pub memory_usage_percent: f64,
    |     ^^^^^^^^^^^^^^^^^^^^^^^^^^^^^

warning: missing documentation for a struct field
   --> src/infrastructure/monitoring.rs:380:5
    |
380 |     pub network_usage_percent: f64,
    |     ^^^^^^^^^^^^^^^^^^^^^^^^^^^^^^

warning: missing documentation for a struct field
   --> src/infrastructure/monitoring.rs:381:5
    |
381 |     pub disk_usage_percent: f64,
    |     ^^^^^^^^^^^^^^^^^^^^^^^^^^^

warning: missing documentation for a struct field
   --> src/infrastructure/monitoring.rs:387:5
    |
387 |     pub metric_name: String,
    |     ^^^^^^^^^^^^^^^^^^^^^^^

warning: missing documentation for a struct field
   --> src/infrastructure/monitoring.rs:388:5
    |
388 |     pub baseline_value: f64,
    |     ^^^^^^^^^^^^^^^^^^^^^^^

warning: missing documentation for a struct field
   --> src/infrastructure/monitoring.rs:389:5
    |
389 |     pub threshold_percent: f64,
    |     ^^^^^^^^^^^^^^^^^^^^^^^^^^

warning: missing documentation for a struct field
   --> src/infrastructure/monitoring.rs:390:5
    |
390 |     pub last_updated: DateTime<Utc>,
    |     ^^^^^^^^^^^^^^^^^^^^^^^^^^^^^^^

warning: missing documentation for a struct field
   --> src/infrastructure/monitoring.rs:396:5
    |
396 |     pub agent_id: Uuid,
    |     ^^^^^^^^^^^^^^^^^^

warning: missing documentation for a struct field
   --> src/infrastructure/monitoring.rs:397:5
    |
397 |     pub messages_sent: u64,
    |     ^^^^^^^^^^^^^^^^^^^^^^

warning: missing documentation for a struct field
   --> src/infrastructure/monitoring.rs:398:5
    |
398 |     pub messages_received: u64,
    |     ^^^^^^^^^^^^^^^^^^^^^^^^^^

warning: missing documentation for a struct field
   --> src/infrastructure/monitoring.rs:399:5
    |
399 |     pub communication_frequency: f64,
    |     ^^^^^^^^^^^^^^^^^^^^^^^^^^^^^^^^

warning: missing documentation for a struct field
   --> src/infrastructure/monitoring.rs:400:5
    |
400 |     pub average_response_time: f64,
    |     ^^^^^^^^^^^^^^^^^^^^^^^^^^^^^^

warning: missing documentation for a struct field
   --> src/infrastructure/monitoring.rs:401:5
    |
401 |     pub communication_partners: Vec<Uuid>,
    |     ^^^^^^^^^^^^^^^^^^^^^^^^^^^^^^^^^^^^^

warning: missing documentation for a struct field
   --> src/infrastructure/monitoring.rs:407:5
    |
407 |     pub agent_id: Uuid,
    |     ^^^^^^^^^^^^^^^^^^

warning: missing documentation for a struct field
   --> src/infrastructure/monitoring.rs:408:5
    |
408 |     pub decisions_made: u64,
    |     ^^^^^^^^^^^^^^^^^^^^^^^

warning: missing documentation for a struct field
   --> src/infrastructure/monitoring.rs:409:5
    |
409 |     pub decision_quality_score: f64,
    |     ^^^^^^^^^^^^^^^^^^^^^^^^^^^^^^^

warning: missing documentation for a struct field
   --> src/infrastructure/monitoring.rs:410:5
    |
410 |     pub decision_speed_ms: f64,
    |     ^^^^^^^^^^^^^^^^^^^^^^^^^^

warning: missing documentation for a struct field
   --> src/infrastructure/monitoring.rs:411:5
    |
411 |     pub decision_types: HashMap<String, u64>,
    |     ^^^^^^^^^^^^^^^^^^^^^^^^^^^^^^^^^^^^^^^^

warning: missing documentation for a struct field
   --> src/infrastructure/monitoring.rs:417:5
    |
417 |     pub agent_id: Uuid,
    |     ^^^^^^^^^^^^^^^^^^

warning: missing documentation for a struct field
   --> src/infrastructure/monitoring.rs:418:5
    |
418 |     pub learning_progress: f64,
    |     ^^^^^^^^^^^^^^^^^^^^^^^^^^

warning: missing documentation for a struct field
   --> src/infrastructure/monitoring.rs:419:5
    |
419 |     pub adaptation_events: u64,
    |     ^^^^^^^^^^^^^^^^^^^^^^^^^^

warning: missing documentation for a struct field
   --> src/infrastructure/monitoring.rs:420:5
    |
420 |     pub skill_improvements: Vec<String>,
    |     ^^^^^^^^^^^^^^^^^^^^^^^^^^^^^^^^^^^

warning: missing documentation for a struct field
   --> src/infrastructure/monitoring.rs:421:5
    |
421 |     pub last_adaptation: DateTime<Utc>,
    |     ^^^^^^^^^^^^^^^^^^^^^^^^^^^^^^^^^^

warning: missing documentation for a struct field
   --> src/infrastructure/monitoring.rs:427:5
    |
427 |     pub id: String,
    |     ^^^^^^^^^^^^^^

warning: missing documentation for a struct field
   --> src/infrastructure/monitoring.rs:428:5
    |
428 |     pub widget_type: WidgetType,
    |     ^^^^^^^^^^^^^^^^^^^^^^^^^^^

warning: missing documentation for a struct field
   --> src/infrastructure/monitoring.rs:429:5
    |
429 |     pub title: String,
    |     ^^^^^^^^^^^^^^^^^

warning: missing documentation for a struct field
   --> src/infrastructure/monitoring.rs:430:5
    |
430 |     pub data_source: String,
    |     ^^^^^^^^^^^^^^^^^^^^^^^

warning: missing documentation for a struct field
   --> src/infrastructure/monitoring.rs:431:5
    |
431 |     pub refresh_interval_secs: u64,
    |     ^^^^^^^^^^^^^^^^^^^^^^^^^^^^^^

warning: missing documentation for a struct field
   --> src/infrastructure/monitoring.rs:432:5
    |
432 |     pub position: WidgetPosition,
    |     ^^^^^^^^^^^^^^^^^^^^^^^^^^^^

warning: missing documentation for a variant
   --> src/infrastructure/monitoring.rs:438:5
    |
438 |     HealthStatus,
    |     ^^^^^^^^^^^^

warning: missing documentation for a variant
   --> src/infrastructure/monitoring.rs:439:5
    |
439 |     PerformanceChart,
    |     ^^^^^^^^^^^^^^^^

warning: missing documentation for a variant
   --> src/infrastructure/monitoring.rs:440:5
    |
440 |     ResourceMonitor,
    |     ^^^^^^^^^^^^^^^

warning: missing documentation for a variant
   --> src/infrastructure/monitoring.rs:441:5
    |
441 |     AlertSummary,
    |     ^^^^^^^^^^^^

warning: missing documentation for a variant
   --> src/infrastructure/monitoring.rs:442:5
    |
442 |     BehaviorAnalysis,
    |     ^^^^^^^^^^^^^^^^

warning: missing documentation for a variant
   --> src/infrastructure/monitoring.rs:443:5
    |
443 |     TrendAnalysis,
    |     ^^^^^^^^^^^^^

warning: missing documentation for a struct field
   --> src/infrastructure/monitoring.rs:449:5
    |
449 |     pub x: u32,
    |     ^^^^^^^^^^

warning: missing documentation for a struct field
   --> src/infrastructure/monitoring.rs:450:5
    |
450 |     pub y: u32,
    |     ^^^^^^^^^^

warning: missing documentation for a struct field
   --> src/infrastructure/monitoring.rs:451:5
    |
451 |     pub width: u32,
    |     ^^^^^^^^^^^^^^

warning: missing documentation for a struct field
   --> src/infrastructure/monitoring.rs:452:5
    |
452 |     pub height: u32,
    |     ^^^^^^^^^^^^^^^

warning: missing documentation for a struct field
   --> src/infrastructure/monitoring.rs:458:5
    |
458 |     pub title: String,
    |     ^^^^^^^^^^^^^^^^^

warning: missing documentation for a struct field
   --> src/infrastructure/monitoring.rs:459:5
    |
459 |     pub refresh_interval_secs: u64,
    |     ^^^^^^^^^^^^^^^^^^^^^^^^^^^^^^

warning: missing documentation for a struct field
   --> src/infrastructure/monitoring.rs:460:5
    |
460 |     pub theme: String,
    |     ^^^^^^^^^^^^^^^^^

warning: missing documentation for a struct field
   --> src/infrastructure/monitoring.rs:461:5
    |
461 |     pub layout: String,
    |     ^^^^^^^^^^^^^^^^^^

warning: missing documentation for a struct field
   --> src/infrastructure/monitoring.rs:467:5
    |
467 |     pub agent_id: Uuid,
    |     ^^^^^^^^^^^^^^^^^^

warning: missing documentation for a struct field
   --> src/infrastructure/monitoring.rs:468:5
    |
468 |     pub logs: Vec<DiagnosticLog>,
    |     ^^^^^^^^^^^^^^^^^^^^^^^^^^^^

warning: missing documentation for a struct field
   --> src/infrastructure/monitoring.rs:469:5
    |
469 |     pub configuration: HashMap<String, String>,
    |     ^^^^^^^^^^^^^^^^^^^^^^^^^^^^^^^^^^^^^^^^^^

warning: missing documentation for a struct field
   --> src/infrastructure/monitoring.rs:470:5
    |
470 |     pub performance_profile: PerformanceProfile,
    |     ^^^^^^^^^^^^^^^^^^^^^^^^^^^^^^^^^^^^^^^^^^^

warning: missing documentation for a struct field
   --> src/infrastructure/monitoring.rs:471:5
    |
471 |     pub error_analysis: ErrorAnalysis,
    |     ^^^^^^^^^^^^^^^^^^^^^^^^^^^^^^^^^

warning: missing documentation for a struct field
   --> src/infrastructure/monitoring.rs:477:5
    |
477 |     pub timestamp: DateTime<Utc>,
    |     ^^^^^^^^^^^^^^^^^^^^^^^^^^^^

warning: missing documentation for a struct field
   --> src/infrastructure/monitoring.rs:478:5
    |
478 |     pub level: String,
    |     ^^^^^^^^^^^^^^^^^

warning: missing documentation for a struct field
   --> src/infrastructure/monitoring.rs:479:5
    |
479 |     pub message: String,
    |     ^^^^^^^^^^^^^^^^^^^

warning: missing documentation for a struct field
   --> src/infrastructure/monitoring.rs:480:5
    |
480 |     pub source: String,
    |     ^^^^^^^^^^^^^^^^^^

warning: missing documentation for a struct field
   --> src/infrastructure/monitoring.rs:486:5
    |
486 |     pub bottlenecks: Vec<String>,
    |     ^^^^^^^^^^^^^^^^^^^^^^^^^^^^

warning: missing documentation for a struct field
   --> src/infrastructure/monitoring.rs:487:5
    |
487 |     pub optimization_suggestions: Vec<String>,
    |     ^^^^^^^^^^^^^^^^^^^^^^^^^^^^^^^^^^^^^^^^^

warning: missing documentation for a struct field
   --> src/infrastructure/monitoring.rs:488:5
    |
488 |     pub resource_usage_pattern: String,
    |     ^^^^^^^^^^^^^^^^^^^^^^^^^^^^^^^^^^

warning: missing documentation for a struct field
   --> src/infrastructure/monitoring.rs:494:5
    |
494 |     pub error_types: HashMap<String, u64>,
    |     ^^^^^^^^^^^^^^^^^^^^^^^^^^^^^^^^^^^^^

warning: missing documentation for a struct field
   --> src/infrastructure/monitoring.rs:495:5
    |
495 |     pub error_patterns: Vec<String>,
    |     ^^^^^^^^^^^^^^^^^^^^^^^^^^^^^^^

warning: missing documentation for a struct field
   --> src/infrastructure/monitoring.rs:496:5
    |
496 |     pub root_cause_analysis: Vec<String>,
    |     ^^^^^^^^^^^^^^^^^^^^^^^^^^^^^^^^^^^^

warning: missing documentation for a struct field
   --> src/infrastructure/monitoring.rs:502:5
    |
502 |     pub component_diagnostics: HashMap<String, ComponentDiagnostics>,
    |     ^^^^^^^^^^^^^^^^^^^^^^^^^^^^^^^^^^^^^^^^^^^^^^^^^^^^^^^^^^^^^^^^

warning: missing documentation for a struct field
   --> src/infrastructure/monitoring.rs:503:5
    |
503 |     pub system_performance_profile: SystemPerformanceProfile,
    |     ^^^^^^^^^^^^^^^^^^^^^^^^^^^^^^^^^^^^^^^^^^^^^^^^^^^^^^^^

warning: missing documentation for a struct field
   --> src/infrastructure/monitoring.rs:504:5
    |
504 |     pub network_diagnostics: NetworkDiagnostics,
    |     ^^^^^^^^^^^^^^^^^^^^^^^^^^^^^^^^^^^^^^^^^^^

warning: missing documentation for a struct field
   --> src/infrastructure/monitoring.rs:510:5
    |
510 |     pub component_name: String,
    |     ^^^^^^^^^^^^^^^^^^^^^^^^^^

warning: missing documentation for a struct field
   --> src/infrastructure/monitoring.rs:511:5
    |
511 |     pub health_score: f64,
    |     ^^^^^^^^^^^^^^^^^^^^^

warning: missing documentation for a struct field
   --> src/infrastructure/monitoring.rs:512:5
    |
512 |     pub issues: Vec<String>,
    |     ^^^^^^^^^^^^^^^^^^^^^^^

warning: missing documentation for a struct field
   --> src/infrastructure/monitoring.rs:513:5
    |
513 |     pub recommendations: Vec<String>,
    |     ^^^^^^^^^^^^^^^^^^^^^^^^^^^^^^^^

warning: missing documentation for a struct field
   --> src/infrastructure/monitoring.rs:519:5
    |
519 |     pub overall_performance_score: f64,
    |     ^^^^^^^^^^^^^^^^^^^^^^^^^^^^^^^^^^

warning: missing documentation for a struct field
   --> src/infrastructure/monitoring.rs:520:5
    |
520 |     pub performance_bottlenecks: Vec<String>,
    |     ^^^^^^^^^^^^^^^^^^^^^^^^^^^^^^^^^^^^^^^^

warning: missing documentation for a struct field
   --> src/infrastructure/monitoring.rs:521:5
    |
521 |     pub optimization_opportunities: Vec<String>,
    |     ^^^^^^^^^^^^^^^^^^^^^^^^^^^^^^^^^^^^^^^^^^^

warning: missing documentation for a struct field
   --> src/infrastructure/monitoring.rs:527:5
    |
527 |     pub connectivity_status: HashMap<String, bool>,
    |     ^^^^^^^^^^^^^^^^^^^^^^^^^^^^^^^^^^^^^^^^^^^^^^

warning: missing documentation for a struct field
   --> src/infrastructure/monitoring.rs:528:5
    |
528 |     pub latency_measurements: HashMap<String, u64>,
    |     ^^^^^^^^^^^^^^^^^^^^^^^^^^^^^^^^^^^^^^^^^^^^^^

warning: missing documentation for a struct field
   --> src/infrastructure/monitoring.rs:529:5
    |
529 |     pub throughput_measurements: HashMap<String, u64>,
    |     ^^^^^^^^^^^^^^^^^^^^^^^^^^^^^^^^^^^^^^^^^^^^^^^^^

warning: missing documentation for a struct field
   --> src/infrastructure/monitoring.rs:535:5
    |
535 |     pub id: Uuid,
    |     ^^^^^^^^^^^^

warning: missing documentation for a struct field
   --> src/infrastructure/monitoring.rs:536:5
    |
536 |     pub report_type: ReportType,
    |     ^^^^^^^^^^^^^^^^^^^^^^^^^^^

warning: missing documentation for a struct field
   --> src/infrastructure/monitoring.rs:537:5
    |
537 |     pub title: String,
    |     ^^^^^^^^^^^^^^^^^

warning: missing documentation for a struct field
   --> src/infrastructure/monitoring.rs:538:5
    |
538 |     pub generated_at: DateTime<Utc>,
    |     ^^^^^^^^^^^^^^^^^^^^^^^^^^^^^^^

warning: missing documentation for a struct field
   --> src/infrastructure/monitoring.rs:539:5
    |
539 |     pub period_start: DateTime<Utc>,
    |     ^^^^^^^^^^^^^^^^^^^^^^^^^^^^^^^

warning: missing documentation for a struct field
   --> src/infrastructure/monitoring.rs:540:5
    |
540 |     pub period_end: DateTime<Utc>,
    |     ^^^^^^^^^^^^^^^^^^^^^^^^^^^^^

warning: missing documentation for a struct field
   --> src/infrastructure/monitoring.rs:541:5
    |
541 |     pub summary: ReportSummary,
    |     ^^^^^^^^^^^^^^^^^^^^^^^^^^

warning: missing documentation for a struct field
   --> src/infrastructure/monitoring.rs:542:5
    |
542 |     pub sections: Vec<ReportSection>,
    |     ^^^^^^^^^^^^^^^^^^^^^^^^^^^^^^^^

warning: missing documentation for a variant
   --> src/infrastructure/monitoring.rs:548:5
    |
548 |     Health,
    |     ^^^^^^

warning: missing documentation for a variant
   --> src/infrastructure/monitoring.rs:549:5
    |
549 |     Performance,
    |     ^^^^^^^^^^^

warning: missing documentation for a variant
   --> src/infrastructure/monitoring.rs:550:5
    |
550 |     Behavior,
    |     ^^^^^^^^

warning: missing documentation for a variant
   --> src/infrastructure/monitoring.rs:551:5
    |
551 |     Security,
    |     ^^^^^^^^

warning: missing documentation for a variant
   --> src/infrastructure/monitoring.rs:552:5
    |
552 |     Compliance,
    |     ^^^^^^^^^^

warning: missing documentation for a struct field
   --> src/infrastructure/monitoring.rs:558:5
    |
558 |     pub overall_score: f64,
    |     ^^^^^^^^^^^^^^^^^^^^^^

warning: missing documentation for a struct field
   --> src/infrastructure/monitoring.rs:559:5
    |
559 |     pub key_findings: Vec<String>,
    |     ^^^^^^^^^^^^^^^^^^^^^^^^^^^^^

warning: missing documentation for a struct field
   --> src/infrastructure/monitoring.rs:560:5
    |
560 |     pub critical_issues: Vec<String>,
    |     ^^^^^^^^^^^^^^^^^^^^^^^^^^^^^^^^

warning: missing documentation for a struct field
   --> src/infrastructure/monitoring.rs:561:5
    |
561 |     pub recommendations: Vec<String>,
    |     ^^^^^^^^^^^^^^^^^^^^^^^^^^^^^^^^

warning: missing documentation for a struct field
   --> src/infrastructure/monitoring.rs:567:5
    |
567 |     pub title: String,
    |     ^^^^^^^^^^^^^^^^^

warning: missing documentation for a struct field
   --> src/infrastructure/monitoring.rs:568:5
    |
568 |     pub content: String,
    |     ^^^^^^^^^^^^^^^^^^^

warning: missing documentation for a struct field
   --> src/infrastructure/monitoring.rs:569:5
    |
569 |     pub charts: Vec<String>,
    |     ^^^^^^^^^^^^^^^^^^^^^^^

warning: missing documentation for a struct field
   --> src/infrastructure/monitoring.rs:570:5
    |
570 |     pub metrics: HashMap<String, f64>,
    |     ^^^^^^^^^^^^^^^^^^^^^^^^^^^^^^^^^

warning: missing documentation for a struct field
   --> src/infrastructure/monitoring.rs:576:5
    |
576 |     pub name: String,
    |     ^^^^^^^^^^^^^^^^

warning: missing documentation for a struct field
   --> src/infrastructure/monitoring.rs:577:5
    |
577 |     pub report_type: ReportType,
    |     ^^^^^^^^^^^^^^^^^^^^^^^^^^^

warning: missing documentation for a struct field
   --> src/infrastructure/monitoring.rs:578:5
    |
578 |     pub sections: Vec<String>,
    |     ^^^^^^^^^^^^^^^^^^^^^^^^^

warning: missing documentation for a struct field
   --> src/infrastructure/monitoring.rs:579:5
    |
579 |     pub charts: Vec<String>,
    |     ^^^^^^^^^^^^^^^^^^^^^^^

warning: missing documentation for a struct field
   --> src/infrastructure/monitoring.rs:580:5
    |
580 |     pub schedule: Option<String>,
    |     ^^^^^^^^^^^^^^^^^^^^^^^^^^^^

warning: missing documentation for a struct field
   --> src/infrastructure/monitoring.rs:586:5
    |
586 |     pub id: Uuid,
    |     ^^^^^^^^^^^^

warning: missing documentation for a struct field
   --> src/infrastructure/monitoring.rs:587:5
    |
587 |     pub name: String,
    |     ^^^^^^^^^^^^^^^^

warning: missing documentation for a struct field
   --> src/infrastructure/monitoring.rs:588:5
    |
588 |     pub task_type: AutomationTaskType,
    |     ^^^^^^^^^^^^^^^^^^^^^^^^^^^^^^^^^

warning: missing documentation for a struct field
   --> src/infrastructure/monitoring.rs:589:5
    |
589 |     pub schedule: String,
    |     ^^^^^^^^^^^^^^^^^^^^

warning: missing documentation for a struct field
   --> src/infrastructure/monitoring.rs:590:5
    |
590 |     pub enabled: bool,
    |     ^^^^^^^^^^^^^^^^^

warning: missing documentation for a struct field
   --> src/infrastructure/monitoring.rs:591:5
    |
591 |     pub last_run: Option<DateTime<Utc>>,
    |     ^^^^^^^^^^^^^^^^^^^^^^^^^^^^^^^^^^^

warning: missing documentation for a struct field
   --> src/infrastructure/monitoring.rs:592:5
    |
592 |     pub next_run: Option<DateTime<Utc>>,
    |     ^^^^^^^^^^^^^^^^^^^^^^^^^^^^^^^^^^^

warning: missing documentation for a variant
   --> src/infrastructure/monitoring.rs:598:5
    |
598 |     HealthCheck,
    |     ^^^^^^^^^^^

warning: missing documentation for a variant
   --> src/infrastructure/monitoring.rs:599:5
    |
599 |     PerformanceAnalysis,
    |     ^^^^^^^^^^^^^^^^^^^

warning: missing documentation for a variant
   --> src/infrastructure/monitoring.rs:600:5
    |
600 |     ReportGeneration,
    |     ^^^^^^^^^^^^^^^^

warning: missing documentation for a variant
   --> src/infrastructure/monitoring.rs:601:5
    |
601 |     AlertEscalation,
    |     ^^^^^^^^^^^^^^^

warning: missing documentation for a variant
   --> src/infrastructure/monitoring.rs:602:5
    |
602 |     ResourceOptimization,
    |     ^^^^^^^^^^^^^^^^^^^^

warning: missing documentation for a struct field
   --> src/infrastructure/monitoring.rs:608:5
    |
608 |     pub name: String,
    |     ^^^^^^^^^^^^^^^^

warning: missing documentation for a struct field
   --> src/infrastructure/monitoring.rs:609:5
    |
609 |     pub cron_expression: String,
    |     ^^^^^^^^^^^^^^^^^^^^^^^^^^^

warning: missing documentation for a struct field
   --> src/infrastructure/monitoring.rs:610:5
    |
610 |     pub tasks: Vec<Uuid>,
    |     ^^^^^^^^^^^^^^^^^^^^

warning: missing documentation for a struct field
   --> src/infrastructure/monitoring.rs:611:5
    |
611 |     pub enabled: bool,
    |     ^^^^^^^^^^^^^^^^^

warning: missing documentation for a struct field
   --> src/infrastructure/monitoring.rs:617:5
    |
617 |     pub name: String,
    |     ^^^^^^^^^^^^^^^^

warning: missing documentation for a struct field
   --> src/infrastructure/monitoring.rs:618:5
    |
618 |     pub integration_type: IntegrationType,
    |     ^^^^^^^^^^^^^^^^^^^^^^^^^^^^^^^^^^^^^

warning: missing documentation for a struct field
   --> src/infrastructure/monitoring.rs:619:5
    |
619 |     pub endpoint: String,
    |     ^^^^^^^^^^^^^^^^^^^^

warning: missing documentation for a struct field
   --> src/infrastructure/monitoring.rs:620:5
    |
620 |     pub config: HashMap<String, String>,
    |     ^^^^^^^^^^^^^^^^^^^^^^^^^^^^^^^^^^^

warning: missing documentation for a struct field
   --> src/infrastructure/monitoring.rs:621:5
    |
621 |     pub enabled: bool,
    |     ^^^^^^^^^^^^^^^^^

warning: missing documentation for a variant
   --> src/infrastructure/monitoring.rs:627:5
    |
627 |     Prometheus,
    |     ^^^^^^^^^^

warning: missing documentation for a variant
   --> src/infrastructure/monitoring.rs:628:5
    |
628 |     Grafana,
    |     ^^^^^^^

warning: missing documentation for a variant
   --> src/infrastructure/monitoring.rs:629:5
    |
629 |     Elasticsearch,
    |     ^^^^^^^^^^^^^

warning: missing documentation for a variant
   --> src/infrastructure/monitoring.rs:630:5
    |
630 |     Slack,
    |     ^^^^^

warning: missing documentation for a variant
   --> src/infrastructure/monitoring.rs:631:5
    |
631 |     Email,
    |     ^^^^^

warning: missing documentation for a variant
   --> src/infrastructure/monitoring.rs:632:5
    |
632 |     Webhook,
    |     ^^^^^^^

warning: missing documentation for a struct field
    --> src/infrastructure/monitoring.rs:1241:5
     |
1241 |     pub metric_name: String,
     |     ^^^^^^^^^^^^^^^^^^^^^^^

warning: missing documentation for a struct field
    --> src/infrastructure/monitoring.rs:1242:5
     |
1242 |     pub trend_direction: TrendDirection,
     |     ^^^^^^^^^^^^^^^^^^^^^^^^^^^^^^^^^^^

warning: missing documentation for a struct field
    --> src/infrastructure/monitoring.rs:1243:5
     |
1243 |     pub change_percent: f64,
     |     ^^^^^^^^^^^^^^^^^^^^^^^

warning: missing documentation for a struct field
    --> src/infrastructure/monitoring.rs:1244:5
     |
1244 |     pub period_hours: u32,
     |     ^^^^^^^^^^^^^^^^^^^^^

warning: missing documentation for a struct field
    --> src/infrastructure/monitoring.rs:1245:5
     |
1245 |     pub data_points: Vec<(f64, f64)>, // (hour, value)
     |     ^^^^^^^^^^^^^^^^^^^^^^^^^^^^^^^^

warning: missing documentation for a variant
    --> src/infrastructure/monitoring.rs:1251:5
     |
1251 |     Increasing,
     |     ^^^^^^^^^^

warning: missing documentation for a variant
    --> src/infrastructure/monitoring.rs:1252:5
     |
1252 |     Decreasing,
     |     ^^^^^^^^^^

warning: missing documentation for a variant
    --> src/infrastructure/monitoring.rs:1253:5
     |
1253 |     Stable,
     |     ^^^^^^

warning: missing documentation for an associated function
    --> src/infrastructure/monitoring.rs:1264:5
     |
1264 |     pub fn new() -> Self {
     |     ^^^^^^^^^^^^^^^^^^^^

warning: missing documentation for an associated function
    --> src/infrastructure/monitoring.rs:1616:5
     |
1616 |     pub fn new() -> Self {
     |     ^^^^^^^^^^^^^^^^^^^^

warning: missing documentation for a struct field
    --> src/infrastructure/monitoring.rs:1968:5
     |
1968 |     pub widget_id: String,
     |     ^^^^^^^^^^^^^^^^^^^^^

warning: missing documentation for a struct field
    --> src/infrastructure/monitoring.rs:1969:5
     |
1969 |     pub metric_name: String,
     |     ^^^^^^^^^^^^^^^^^^^^^^^

warning: missing documentation for a struct field
    --> src/infrastructure/monitoring.rs:1970:5
     |
1970 |     pub condition: String,
     |     ^^^^^^^^^^^^^^^^^^^^^

warning: missing documentation for a struct field
    --> src/infrastructure/monitoring.rs:1971:5
     |
1971 |     pub threshold: f64,
     |     ^^^^^^^^^^^^^^^^^^

warning: missing documentation for a struct field
    --> src/infrastructure/monitoring.rs:1972:5
     |
1972 |     pub severity: String,
     |     ^^^^^^^^^^^^^^^^^^^^

warning: missing documentation for an associated function
    --> src/infrastructure/monitoring.rs:1983:5
     |
1983 |     pub fn new() -> Self {
     |     ^^^^^^^^^^^^^^^^^^^^

warning: missing documentation for a struct field
    --> src/infrastructure/monitoring.rs:2388:5
     |
2388 |     pub time_range: (DateTime<Utc>, DateTime<Utc>),
     |     ^^^^^^^^^^^^^^^^^^^^^^^^^^^^^^^^^^^^^^^^^^^^^^

warning: missing documentation for a struct field
    --> src/infrastructure/monitoring.rs:2389:5
     |
2389 |     pub total_logs: u64,
     |     ^^^^^^^^^^^^^^^^^^^

warning: missing documentation for a struct field
    --> src/infrastructure/monitoring.rs:2390:5
     |
2390 |     pub error_count: u64,
     |     ^^^^^^^^^^^^^^^^^^^^

warning: missing documentation for a struct field
    --> src/infrastructure/monitoring.rs:2391:5
     |
2391 |     pub warning_count: u64,
     |     ^^^^^^^^^^^^^^^^^^^^^^

warning: missing documentation for a struct field
    --> src/infrastructure/monitoring.rs:2392:5
     |
2392 |     pub info_count: u64,
     |     ^^^^^^^^^^^^^^^^^^^

warning: missing documentation for a struct field
    --> src/infrastructure/monitoring.rs:2393:5
     |
2393 |     pub patterns: Vec<String>,
     |     ^^^^^^^^^^^^^^^^^^^^^^^^^

warning: missing documentation for a struct field
    --> src/infrastructure/monitoring.rs:2394:5
     |
2394 |     pub anomalies: Vec<String>,
     |     ^^^^^^^^^^^^^^^^^^^^^^^^^^

warning: missing documentation for a struct field
    --> src/infrastructure/monitoring.rs:2395:5
     |
2395 |     pub recommendations: Vec<String>,
     |     ^^^^^^^^^^^^^^^^^^^^^^^^^^^^^^^^

warning: missing documentation for a struct field
    --> src/infrastructure/monitoring.rs:2401:5
     |
2401 |     pub generated_at: DateTime<Utc>,
     |     ^^^^^^^^^^^^^^^^^^^^^^^^^^^^^^^

warning: missing documentation for a struct field
    --> src/infrastructure/monitoring.rs:2402:5
     |
2402 |     pub sections: Vec<DiagnosticSection>,
     |     ^^^^^^^^^^^^^^^^^^^^^^^^^^^^^^^^^^^^

warning: missing documentation for a struct field
    --> src/infrastructure/monitoring.rs:2403:5
     |
2403 |     pub summary: String,
     |     ^^^^^^^^^^^^^^^^^^^

warning: missing documentation for a struct field
    --> src/infrastructure/monitoring.rs:2409:5
     |
2409 |     pub title: String,
     |     ^^^^^^^^^^^^^^^^^

warning: missing documentation for a struct field
    --> src/infrastructure/monitoring.rs:2410:5
     |
2410 |     pub content: String,
     |     ^^^^^^^^^^^^^^^^^^^

warning: missing documentation for a struct field
    --> src/infrastructure/monitoring.rs:2411:5
     |
2411 |     pub findings: Vec<String>,
     |     ^^^^^^^^^^^^^^^^^^^^^^^^^

warning: missing documentation for a struct field
    --> src/infrastructure/monitoring.rs:2412:5
     |
2412 |     pub recommendations: Vec<String>,
     |     ^^^^^^^^^^^^^^^^^^^^^^^^^^^^^^^^

warning: missing documentation for a struct field
    --> src/infrastructure/monitoring.rs:2418:5
     |
2418 |     pub is_valid: bool,
     |     ^^^^^^^^^^^^^^^^^^

warning: missing documentation for a struct field
    --> src/infrastructure/monitoring.rs:2419:5
     |
2419 |     pub issues: Vec<String>,
     |     ^^^^^^^^^^^^^^^^^^^^^^^

warning: missing documentation for a struct field
    --> src/infrastructure/monitoring.rs:2420:5
     |
2420 |     pub recommendations: Vec<String>,
     |     ^^^^^^^^^^^^^^^^^^^^^^^^^^^^^^^^

warning: missing documentation for a struct field
    --> src/infrastructure/monitoring.rs:2421:5
     |
2421 |     pub last_validated: DateTime<Utc>,
     |     ^^^^^^^^^^^^^^^^^^^^^^^^^^^^^^^^^

warning: missing documentation for an associated function
    --> src/infrastructure/monitoring.rs:2432:5
     |
2432 |     pub fn new() -> Self {
     |     ^^^^^^^^^^^^^^^^^^^^

warning: missing documentation for a struct field
    --> src/infrastructure/monitoring.rs:2888:5
     |
2888 |     pub report_type: ReportType,
     |     ^^^^^^^^^^^^^^^^^^^^^^^^^^^

warning: missing documentation for a struct field
    --> src/infrastructure/monitoring.rs:2889:5
     |
2889 |     pub schedule: String, // Cron expression
     |     ^^^^^^^^^^^^^^^^^^^^

warning: missing documentation for a struct field
    --> src/infrastructure/monitoring.rs:2890:5
     |
2890 |     pub recipients: Vec<String>,
     |     ^^^^^^^^^^^^^^^^^^^^^^^^^^^

warning: missing documentation for a struct field
    --> src/infrastructure/monitoring.rs:2891:5
     |
2891 |     pub enabled: bool,
     |     ^^^^^^^^^^^^^^^^^

warning: missing documentation for a struct field
    --> src/infrastructure/monitoring.rs:2897:5
     |
2897 |     pub total_reports: usize,
     |     ^^^^^^^^^^^^^^^^^^^^^^^^

warning: missing documentation for a struct field
    --> src/infrastructure/monitoring.rs:2898:5
     |
2898 |     pub reports_by_type: HashMap<String, usize>,
     |     ^^^^^^^^^^^^^^^^^^^^^^^^^^^^^^^^^^^^^^^^^^^

warning: missing documentation for a struct field
    --> src/infrastructure/monitoring.rs:2899:5
     |
2899 |     pub total_templates: usize,
     |     ^^^^^^^^^^^^^^^^^^^^^^^^^^

warning: missing documentation for a struct field
    --> src/infrastructure/monitoring.rs:2900:5
     |
2900 |     pub last_report_generated: Option<DateTime<Utc>>,
     |     ^^^^^^^^^^^^^^^^^^^^^^^^^^^^^^^^^^^^^^^^^^^^^^^^

warning: missing documentation for a struct field
    --> src/infrastructure/monitoring.rs:2901:5
     |
2901 |     pub average_generation_time_ms: f64,
     |     ^^^^^^^^^^^^^^^^^^^^^^^^^^^^^^^^^^^

warning: missing documentation for an associated function
    --> src/infrastructure/monitoring.rs:2912:5
     |
2912 |     pub fn new() -> Self {
     |     ^^^^^^^^^^^^^^^^^^^^

warning: missing documentation for a struct field
    --> src/infrastructure/monitoring.rs:3248:5
     |
3248 |     pub name: Option<String>,
     |     ^^^^^^^^^^^^^^^^^^^^^^^^

warning: missing documentation for a struct field
    --> src/infrastructure/monitoring.rs:3249:5
     |
3249 |     pub enabled: Option<bool>,
     |     ^^^^^^^^^^^^^^^^^^^^^^^^^

warning: missing documentation for a struct field
    --> src/infrastructure/monitoring.rs:3250:5
     |
3250 |     pub schedule: Option<String>,
     |     ^^^^^^^^^^^^^^^^^^^^^^^^^^^^

warning: missing documentation for a struct field
    --> src/infrastructure/monitoring.rs:3256:5
     |
3256 |     pub total_tasks: usize,
     |     ^^^^^^^^^^^^^^^^^^^^^^

warning: missing documentation for a struct field
    --> src/infrastructure/monitoring.rs:3257:5
     |
3257 |     pub enabled_tasks: usize,
     |     ^^^^^^^^^^^^^^^^^^^^^^^^

warning: missing documentation for a struct field
    --> src/infrastructure/monitoring.rs:3258:5
     |
3258 |     pub completed_runs: usize,
     |     ^^^^^^^^^^^^^^^^^^^^^^^^^

warning: missing documentation for a struct field
    --> src/infrastructure/monitoring.rs:3259:5
     |
3259 |     pub tasks_by_type: HashMap<String, usize>,
     |     ^^^^^^^^^^^^^^^^^^^^^^^^^^^^^^^^^^^^^^^^^

warning: missing documentation for a struct field
    --> src/infrastructure/monitoring.rs:3260:5
     |
3260 |     pub total_schedules: usize,
     |     ^^^^^^^^^^^^^^^^^^^^^^^^^^

warning: missing documentation for a struct field
    --> src/infrastructure/monitoring.rs:3261:5
     |
3261 |     pub enabled_schedules: usize,
     |     ^^^^^^^^^^^^^^^^^^^^^^^^^^^^

warning: missing documentation for an associated function
    --> src/infrastructure/monitoring.rs:3272:5
     |
3272 |     pub fn new() -> Self {
     |     ^^^^^^^^^^^^^^^^^^^^

warning: missing documentation for a method
    --> src/infrastructure/monitoring.rs:3649:5
     |
3649 |     pub async fn export_logs_to_elasticsearch(&self, logs: &[LogEntry]) -> HiveResult<()> {
     |     ^^^^^^^^^^^^^^^^^^^^^^^^^^^^^^^^^^^^^^^^^^^^^^^^^^^^^^^^^^^^^^^^^^^^^^^^^^^^^^^^^^^^^

warning: missing documentation for a struct field
    --> src/infrastructure/monitoring.rs:3818:5
     |
3818 |     pub integration_name: String,
     |     ^^^^^^^^^^^^^^^^^^^^^^^^^^^^

warning: missing documentation for a struct field
    --> src/infrastructure/monitoring.rs:3819:5
     |
3819 |     pub is_connected: bool,
     |     ^^^^^^^^^^^^^^^^^^^^^^

warning: missing documentation for a struct field
    --> src/infrastructure/monitoring.rs:3820:5
     |
3820 |     pub response_time_ms: u64,
     |     ^^^^^^^^^^^^^^^^^^^^^^^^^

warning: missing documentation for a struct field
    --> src/infrastructure/monitoring.rs:3821:5
     |
3821 |     pub last_tested: DateTime<Utc>,
     |     ^^^^^^^^^^^^^^^^^^^^^^^^^^^^^^

warning: missing documentation for a struct field
    --> src/infrastructure/monitoring.rs:3822:5
     |
3822 |     pub error_message: Option<String>,
     |     ^^^^^^^^^^^^^^^^^^^^^^^^^^^^^^^^^

warning: missing documentation for a struct field
    --> src/infrastructure/monitoring.rs:3828:5
     |
3828 |     pub total_integrations: usize,
     |     ^^^^^^^^^^^^^^^^^^^^^^^^^^^^^

warning: missing documentation for a struct field
    --> src/infrastructure/monitoring.rs:3829:5
     |
3829 |     pub enabled_integrations: usize,
     |     ^^^^^^^^^^^^^^^^^^^^^^^^^^^^^^^

warning: missing documentation for a struct field
    --> src/infrastructure/monitoring.rs:3830:5
     |
3830 |     pub integrations_by_type: HashMap<String, usize>,
     |     ^^^^^^^^^^^^^^^^^^^^^^^^^^^^^^^^^^^^^^^^^^^^^^^^

warning: missing documentation for a struct
  --> src/infrastructure/performance_optimizer.rs:76:1
   |
76 | pub struct ConnectionStats {
   | ^^^^^^^^^^^^^^^^^^^^^^^^^^

warning: missing documentation for a struct
   --> src/infrastructure/performance_optimizer.rs:186:1
    |
186 | pub struct MemoryStats {
    | ^^^^^^^^^^^^^^^^^^^^^^

warning: missing documentation for a struct
   --> src/infrastructure/performance_optimizer.rs:274:1
    |
274 | pub struct CpuStats {
    | ^^^^^^^^^^^^^^^^^^^

warning: missing documentation for a struct
   --> src/infrastructure/performance_optimizer.rs:354:1
    |
354 | pub struct CacheStats {
    | ^^^^^^^^^^^^^^^^^^^^^

warning: missing documentation for a struct field
   --> src/infrastructure/performance_optimizer.rs:599:5
    |
599 |     pub connection_stats: ConnectionStats,
    |     ^^^^^^^^^^^^^^^^^^^^^^^^^^^^^^^^^^^^^

warning: missing documentation for a struct field
   --> src/infrastructure/performance_optimizer.rs:600:5
    |
600 |     pub memory_stats: MemoryStats,
    |     ^^^^^^^^^^^^^^^^^^^^^^^^^^^^^

warning: missing documentation for a struct field
   --> src/infrastructure/performance_optimizer.rs:601:5
    |
601 |     pub cpu_stats: CpuStats,
    |     ^^^^^^^^^^^^^^^^^^^^^^^

warning: missing documentation for a struct field
   --> src/infrastructure/performance_optimizer.rs:602:5
    |
602 |     pub cache_stats: CacheStats,
    |     ^^^^^^^^^^^^^^^^^^^^^^^^^^^

warning: missing documentation for a struct field
  --> src/infrastructure/persistence.rs:23:5
   |
23 |     pub snapshot_id: Uuid,
   |     ^^^^^^^^^^^^^^^^^^^^^

warning: missing documentation for a struct field
  --> src/infrastructure/persistence.rs:24:5
   |
24 |     pub timestamp: DateTime<Utc>,
   |     ^^^^^^^^^^^^^^^^^^^^^^^^^^^^

warning: missing documentation for a struct field
  --> src/infrastructure/persistence.rs:25:5
   |
25 |     pub version: String,
   |     ^^^^^^^^^^^^^^^^^^^

warning: missing documentation for a struct field
  --> src/infrastructure/persistence.rs:26:5
   |
26 |     pub hive_state: HiveState,
   |     ^^^^^^^^^^^^^^^^^^^^^^^^^

warning: missing documentation for a struct field
  --> src/infrastructure/persistence.rs:27:5
   |
27 |     pub agents: Vec<Agent>,
   |     ^^^^^^^^^^^^^^^^^^^^^^

warning: missing documentation for a struct field
  --> src/infrastructure/persistence.rs:28:5
   |
28 |     pub tasks: Vec<Task>,
   |     ^^^^^^^^^^^^^^^^^^^^

warning: missing documentation for a struct field
  --> src/infrastructure/persistence.rs:29:5
   |
29 |     pub metrics: SystemMetrics,
   |     ^^^^^^^^^^^^^^^^^^^^^^^^^^

warning: missing documentation for a struct field
  --> src/infrastructure/persistence.rs:30:5
   |
30 |     pub configuration: serde_json::Value,
   |     ^^^^^^^^^^^^^^^^^^^^^^^^^^^^^^^^^^^^

warning: missing documentation for a struct field
  --> src/infrastructure/persistence.rs:36:5
   |
36 |     pub hive_id: Uuid,
   |     ^^^^^^^^^^^^^^^^^

warning: missing documentation for a struct field
  --> src/infrastructure/persistence.rs:37:5
   |
37 |     pub created_at: DateTime<Utc>,
   |     ^^^^^^^^^^^^^^^^^^^^^^^^^^^^^

warning: missing documentation for a struct field
  --> src/infrastructure/persistence.rs:38:5
   |
38 |     pub last_update: DateTime<Utc>,
   |     ^^^^^^^^^^^^^^^^^^^^^^^^^^^^^^

warning: missing documentation for a struct field
  --> src/infrastructure/persistence.rs:39:5
   |
39 |     pub total_energy: f64,
   |     ^^^^^^^^^^^^^^^^^^^^^

warning: missing documentation for a struct field
  --> src/infrastructure/persistence.rs:40:5
   |
40 |     pub swarm_center: (f64, f64),
   |     ^^^^^^^^^^^^^^^^^^^^^^^^^^^^

warning: missing documentation for a struct field
  --> src/infrastructure/persistence.rs:41:5
   |
41 |     pub auto_scaling_enabled: bool,
   |     ^^^^^^^^^^^^^^^^^^^^^^^^^^^^^^

warning: missing documentation for a struct field
  --> src/infrastructure/persistence.rs:42:5
   |
42 |     pub learning_enabled: bool,
   |     ^^^^^^^^^^^^^^^^^^^^^^^^^^

warning: missing documentation for a struct field
  --> src/infrastructure/persistence.rs:48:5
   |
48 |     pub total_agents: usize,
   |     ^^^^^^^^^^^^^^^^^^^^^^^

warning: missing documentation for a struct field
  --> src/infrastructure/persistence.rs:49:5
   |
49 |     pub active_agents: usize,
   |     ^^^^^^^^^^^^^^^^^^^^^^^^

warning: missing documentation for a struct field
  --> src/infrastructure/persistence.rs:50:5
   |
50 |     pub completed_tasks: u64,
   |     ^^^^^^^^^^^^^^^^^^^^^^^^

warning: missing documentation for a struct field
  --> src/infrastructure/persistence.rs:51:5
   |
51 |     pub failed_tasks: u64,
   |     ^^^^^^^^^^^^^^^^^^^^^

warning: missing documentation for a struct field
  --> src/infrastructure/persistence.rs:52:5
   |
52 |     pub average_performance: f64,
   |     ^^^^^^^^^^^^^^^^^^^^^^^^^^^^

warning: missing documentation for a struct field
  --> src/infrastructure/persistence.rs:53:5
   |
53 |     pub swarm_cohesion: f64,
   |     ^^^^^^^^^^^^^^^^^^^^^^^

warning: missing documentation for a struct field
  --> src/infrastructure/persistence.rs:54:5
   |
54 |     pub learning_progress: f64,
   |     ^^^^^^^^^^^^^^^^^^^^^^^^^^

warning: missing documentation for a struct field
  --> src/infrastructure/persistence.rs:55:5
   |
55 |     pub uptime_seconds: u64,
   |     ^^^^^^^^^^^^^^^^^^^^^^^

warning: missing documentation for a struct field
  --> src/infrastructure/persistence.rs:62:5
   |
62 |     pub storage_backend: StorageBackend,
   |     ^^^^^^^^^^^^^^^^^^^^^^^^^^^^^^^^^^^

warning: missing documentation for a struct field
  --> src/infrastructure/persistence.rs:63:5
   |
63 |     pub checkpoint_interval_minutes: u64,
   |     ^^^^^^^^^^^^^^^^^^^^^^^^^^^^^^^^^^^^

warning: missing documentation for a struct field
  --> src/infrastructure/persistence.rs:64:5
   |
64 |     pub max_snapshots: usize,
   |     ^^^^^^^^^^^^^^^^^^^^^^^^

warning: missing documentation for a struct field
  --> src/infrastructure/persistence.rs:65:5
   |
65 |     pub compression_enabled: bool,
   |     ^^^^^^^^^^^^^^^^^^^^^^^^^^^^^

warning: missing documentation for a struct field
  --> src/infrastructure/persistence.rs:66:5
   |
66 |     pub encryption_enabled: bool,
   |     ^^^^^^^^^^^^^^^^^^^^^^^^^^^^

warning: missing documentation for a struct field
  --> src/infrastructure/persistence.rs:67:5
   |
67 |     pub backup_enabled: bool,
   |     ^^^^^^^^^^^^^^^^^^^^^^^^

warning: missing documentation for a struct field
  --> src/infrastructure/persistence.rs:68:5
   |
68 |     pub storage_path: PathBuf,
   |     ^^^^^^^^^^^^^^^^^^^^^^^^^

warning: missing documentation for a struct field
  --> src/infrastructure/persistence.rs:69:5
   |
69 |     pub encryption_key: Option<String>,
   |     ^^^^^^^^^^^^^^^^^^^^^^^^^^^^^^^^^^

warning: missing documentation for a struct field
  --> src/infrastructure/persistence.rs:70:5
   |
70 |     pub compression_level: u32,
   |     ^^^^^^^^^^^^^^^^^^^^^^^^^^

warning: missing documentation for a struct field
  --> src/infrastructure/persistence.rs:71:5
   |
71 |     pub backup_retention_days: u32,
   |     ^^^^^^^^^^^^^^^^^^^^^^^^^^^^^^

warning: missing documentation for a struct field
  --> src/infrastructure/persistence.rs:72:5
   |
72 |     pub backup_location: Option<PathBuf>,
   |     ^^^^^^^^^^^^^^^^^^^^^^^^^^^^^^^^^^^^

warning: missing documentation for a struct field
  --> src/infrastructure/persistence.rs:73:5
   |
73 |     pub incremental_backup: bool,
   |     ^^^^^^^^^^^^^^^^^^^^^^^^^^^^

warning: missing documentation for a variant
  --> src/infrastructure/persistence.rs:79:5
   |
79 |     FileSystem { base_path: PathBuf },
   |     ^^^^^^^^^^

warning: missing documentation for a struct field
  --> src/infrastructure/persistence.rs:79:18
   |
79 |     FileSystem { base_path: PathBuf },
   |                  ^^^^^^^^^^^^^^^^^^

warning: missing documentation for a variant
  --> src/infrastructure/persistence.rs:80:5
   |
80 |     SQLite { database_path: PathBuf },
   |     ^^^^^^

warning: missing documentation for a struct field
  --> src/infrastructure/persistence.rs:80:14
   |
80 |     SQLite { database_path: PathBuf },
   |              ^^^^^^^^^^^^^^^^^^^^^^

warning: missing documentation for a variant
  --> src/infrastructure/persistence.rs:81:5
   |
81 |     Memory { max_snapshots: usize },
   |     ^^^^^^

warning: missing documentation for a struct field
  --> src/infrastructure/persistence.rs:81:14
   |
81 |     Memory { max_snapshots: usize },
   |              ^^^^^^^^^^^^^^^^^^^^

warning: missing documentation for a struct field
  --> src/infrastructure/persistence.rs:87:5
   |
87 |     pub checkpoint_id: Uuid,
   |     ^^^^^^^^^^^^^^^^^^^^^^^

warning: missing documentation for a struct field
  --> src/infrastructure/persistence.rs:88:5
   |
88 |     pub timestamp: DateTime<Utc>,
   |     ^^^^^^^^^^^^^^^^^^^^^^^^^^^^

warning: missing documentation for a struct field
  --> src/infrastructure/persistence.rs:89:5
   |
89 |     pub size_bytes: u64,
   |     ^^^^^^^^^^^^^^^^^^^

warning: missing documentation for a struct field
  --> src/infrastructure/persistence.rs:90:5
   |
90 |     pub compression_ratio: f64,
   |     ^^^^^^^^^^^^^^^^^^^^^^^^^^

warning: missing documentation for a struct field
  --> src/infrastructure/persistence.rs:91:5
   |
91 |     pub agent_count: usize,
   |     ^^^^^^^^^^^^^^^^^^^^^^

warning: missing documentation for a struct field
  --> src/infrastructure/persistence.rs:92:5
   |
92 |     pub task_count: usize,
   |     ^^^^^^^^^^^^^^^^^^^^^

warning: missing documentation for a struct field
  --> src/infrastructure/persistence.rs:93:5
   |
93 |     pub description: String,
   |     ^^^^^^^^^^^^^^^^^^^^^^^

warning: missing documentation for a struct field
  --> src/infrastructure/persistence.rs:99:5
   |
99 |     pub total_snapshots: usize,
   |     ^^^^^^^^^^^^^^^^^^^^^^^^^^

warning: missing documentation for a struct field
   --> src/infrastructure/persistence.rs:100:5
    |
100 |     pub total_size_bytes: u64,
    |     ^^^^^^^^^^^^^^^^^^^^^^^^^

warning: missing documentation for a struct field
   --> src/infrastructure/persistence.rs:101:5
    |
101 |     pub average_size_bytes: f64,
    |     ^^^^^^^^^^^^^^^^^^^^^^^^^^^

warning: missing documentation for a struct field
   --> src/infrastructure/persistence.rs:102:5
    |
102 |     pub oldest_snapshot: Option<DateTime<Utc>>,
    |     ^^^^^^^^^^^^^^^^^^^^^^^^^^^^^^^^^^^^^^^^^^

warning: missing documentation for a struct field
   --> src/infrastructure/persistence.rs:103:5
    |
103 |     pub newest_snapshot: Option<DateTime<Utc>>,
    |     ^^^^^^^^^^^^^^^^^^^^^^^^^^^^^^^^^^^^^^^^^^

warning: missing documentation for a struct field
   --> src/infrastructure/persistence.rs:104:5
    |
104 |     pub last_checkpoint: Option<DateTime<Utc>>,
    |     ^^^^^^^^^^^^^^^^^^^^^^^^^^^^^^^^^^^^^^^^^^

warning: missing documentation for a struct field
   --> src/infrastructure/persistence.rs:105:5
    |
105 |     pub compression_savings: f64,
    |     ^^^^^^^^^^^^^^^^^^^^^^^^^^^^

warning: missing documentation for a struct field
   --> src/infrastructure/persistence.rs:106:5
    |
106 |     pub encrypted_snapshots: usize,
    |     ^^^^^^^^^^^^^^^^^^^^^^^^^^^^^^

warning: missing documentation for a struct field
   --> src/infrastructure/persistence.rs:107:5
    |
107 |     pub backup_count: usize,
    |     ^^^^^^^^^^^^^^^^^^^^^^^

warning: missing documentation for a struct field
   --> src/infrastructure/persistence.rs:108:5
    |
108 |     pub last_backup: Option<DateTime<Utc>>,
    |     ^^^^^^^^^^^^^^^^^^^^^^^^^^^^^^^^^^^^^^

warning: missing documentation for a struct field
   --> src/infrastructure/persistence.rs:134:5
    |
134 |     pub data: Vec<u8>,
    |     ^^^^^^^^^^^^^^^^^

warning: missing documentation for a struct field
   --> src/infrastructure/persistence.rs:135:5
    |
135 |     pub is_compressed: bool,
    |     ^^^^^^^^^^^^^^^^^^^^^^^

warning: missing documentation for a struct field
   --> src/infrastructure/persistence.rs:136:5
    |
136 |     pub is_encrypted: bool,
    |     ^^^^^^^^^^^^^^^^^^^^^^

warning: missing documentation for a struct field
   --> src/infrastructure/persistence.rs:137:5
    |
137 |     pub original_size: usize,
    |     ^^^^^^^^^^^^^^^^^^^^^^^^

warning: missing documentation for a struct field
   --> src/infrastructure/persistence.rs:138:5
    |
138 |     pub processed_size: usize,
    |     ^^^^^^^^^^^^^^^^^^^^^^^^^

warning: missing documentation for a struct field
   --> src/infrastructure/persistence.rs:139:5
    |
139 |     pub compression_ratio: f64,
    |     ^^^^^^^^^^^^^^^^^^^^^^^^^^

warning: missing documentation for a method
   --> src/infrastructure/persistence.rs:145:5
    |
145 |     async fn save_snapshot(&self, snapshot: &SystemSnapshot) -> HiveResult<String>;
    |     ^^^^^^^^^^^^^^^^^^^^^^^^^^^^^^^^^^^^^^^^^^^^^^^^^^^^^^^^^^^^^^^^^^^^^^^^^^^^^^^

warning: missing documentation for a method
   --> src/infrastructure/persistence.rs:146:5
    |
146 |     async fn load_snapshot(&self, snapshot_id: &str) -> HiveResult<SystemSnapshot>;
    |     ^^^^^^^^^^^^^^^^^^^^^^^^^^^^^^^^^^^^^^^^^^^^^^^^^^^^^^^^^^^^^^^^^^^^^^^^^^^^^^^

warning: missing documentation for a method
   --> src/infrastructure/persistence.rs:147:5
    |
147 |     async fn list_snapshots(&self) -> HiveResult<Vec<CheckpointMetadata>>;
    |     ^^^^^^^^^^^^^^^^^^^^^^^^^^^^^^^^^^^^^^^^^^^^^^^^^^^^^^^^^^^^^^^^^^^^^^

warning: missing documentation for a method
   --> src/infrastructure/persistence.rs:148:5
    |
148 |     async fn delete_snapshot(&self, snapshot_id: &str) -> HiveResult<()>;
    |     ^^^^^^^^^^^^^^^^^^^^^^^^^^^^^^^^^^^^^^^^^^^^^^^^^^^^^^^^^^^^^^^^^^^^^

warning: missing documentation for a method
   --> src/infrastructure/persistence.rs:143:1
    |
143 | #[async_trait::async_trait]
    | ^^^^^^^^^^^^^^^^^^^^^^^^^^^

warning: missing documentation for a method
   --> src/infrastructure/persistence.rs:234:5
    |
234 |     fn base_path(&self) -> &PathBuf {
    |     ^^^^^^^^^^^^^^^^^^^^^^^^^^^^^^^

warning: missing documentation for an associated function
   --> src/infrastructure/persistence.rs:249:5
    |
249 |     pub async fn new(database_path: PathBuf) -> HiveResult<Self> {
    |     ^^^^^^^^^^^^^^^^^^^^^^^^^^^^^^^^^^^^^^^^^^^^^^^^^^^^^^^^^^^^

warning: missing documentation for an associated function
   --> src/infrastructure/persistence.rs:456:5
    |
456 |     pub async fn new(base_path: PathBuf) -> HiveResult<Self> {
    |     ^^^^^^^^^^^^^^^^^^^^^^^^^^^^^^^^^^^^^^^^^^^^^^^^^^^^^^^^

warning: missing documentation for an associated function
   --> src/infrastructure/persistence.rs:579:5
    |
579 |     pub fn new(max_snapshots: usize) -> Self {
    |     ^^^^^^^^^^^^^^^^^^^^^^^^^^^^^^^^^^^^^^^^

warning: missing documentation for a struct
 --> src/infrastructure/resource_manager.rs:7:1
  |
7 | pub struct SystemResources {
  | ^^^^^^^^^^^^^^^^^^^^^^^^^^

warning: missing documentation for a struct field
 --> src/infrastructure/resource_manager.rs:8:5
  |
8 |     pub cpu_cores: usize,
  |     ^^^^^^^^^^^^^^^^^^^^

warning: missing documentation for a struct field
 --> src/infrastructure/resource_manager.rs:9:5
  |
9 |     pub available_memory: u64,
  |     ^^^^^^^^^^^^^^^^^^^^^^^^^

warning: missing documentation for a struct field
  --> src/infrastructure/resource_manager.rs:10:5
   |
10 |     pub cpu_usage: f64,
   |     ^^^^^^^^^^^^^^^^^^

warning: missing documentation for a struct field
  --> src/infrastructure/resource_manager.rs:11:5
   |
11 |     pub memory_usage: f64,
   |     ^^^^^^^^^^^^^^^^^^^^^

warning: missing documentation for a struct field
  --> src/infrastructure/resource_manager.rs:12:5
   |
12 |     pub simd_capabilities: Vec<String>,
   |     ^^^^^^^^^^^^^^^^^^^^^^^^^^^^^^^^^^

warning: missing documentation for a struct field
  --> src/infrastructure/resource_manager.rs:13:5
   |
13 |     pub last_updated: DateTime<Utc>,
   |     ^^^^^^^^^^^^^^^^^^^^^^^^^^^^^^^

warning: missing documentation for a struct
  --> src/infrastructure/resource_manager.rs:17:1
   |
17 | pub struct ResourceProfile {
   | ^^^^^^^^^^^^^^^^^^^^^^^^^^

warning: missing documentation for a struct field
  --> src/infrastructure/resource_manager.rs:18:5
   |
18 |     pub profile_name: String,
   |     ^^^^^^^^^^^^^^^^^^^^^^^^

warning: missing documentation for a struct field
  --> src/infrastructure/resource_manager.rs:19:5
   |
19 |     pub max_agents: usize,
   |     ^^^^^^^^^^^^^^^^^^^^^

warning: missing documentation for a struct field
  --> src/infrastructure/resource_manager.rs:20:5
   |
20 |     pub neural_complexity: f64,
   |     ^^^^^^^^^^^^^^^^^^^^^^^^^^

warning: missing documentation for a struct field
  --> src/infrastructure/resource_manager.rs:21:5
   |
21 |     pub batch_size: usize,
   |     ^^^^^^^^^^^^^^^^^^^^^

warning: missing documentation for a struct field
  --> src/infrastructure/resource_manager.rs:22:5
   |
22 |     pub update_frequency: u64, // milliseconds
   |     ^^^^^^^^^^^^^^^^^^^^^^^^^

warning: missing documentation for an enum
  --> src/infrastructure/resource_manager.rs:26:1
   |
26 | pub enum HardwareClass {
   | ^^^^^^^^^^^^^^^^^^^^^^

warning: missing documentation for a variant
  --> src/infrastructure/resource_manager.rs:27:5
   |
27 |     EdgeDevice, // Raspberry Pi, IoT devices
   |     ^^^^^^^^^^

warning: missing documentation for a variant
  --> src/infrastructure/resource_manager.rs:28:5
   |
28 |     Desktop,    // Standard desktop/laptop
   |     ^^^^^^^

warning: missing documentation for a variant
  --> src/infrastructure/resource_manager.rs:29:5
   |
29 |     Server,     // High-performance server
   |     ^^^^^^

warning: missing documentation for a variant
  --> src/infrastructure/resource_manager.rs:30:5
   |
30 |     Cloud,      // Cloud instance
   |     ^^^^^

warning: missing documentation for a struct
  --> src/infrastructure/resource_manager.rs:34:1
   |
34 | pub struct ResourceManager {
   | ^^^^^^^^^^^^^^^^^^^^^^^^^^

warning: missing documentation for a struct field
  --> src/infrastructure/resource_manager.rs:35:5
   |
35 |     pub system_resources: Arc<RwLock<SystemResources>>,
   |     ^^^^^^^^^^^^^^^^^^^^^^^^^^^^^^^^^^^^^^^^^^^^^^^^^^

warning: missing documentation for a struct field
  --> src/infrastructure/resource_manager.rs:36:5
   |
36 |     pub current_profile: Arc<RwLock<ResourceProfile>>,
   |     ^^^^^^^^^^^^^^^^^^^^^^^^^^^^^^^^^^^^^^^^^^^^^^^^^

warning: missing documentation for a struct field
  --> src/infrastructure/resource_manager.rs:37:5
   |
37 |     pub hardware_class: HardwareClass,
   |     ^^^^^^^^^^^^^^^^^^^^^^^^^^^^^^^^^

warning: missing documentation for a struct field
  --> src/infrastructure/resource_manager.rs:38:5
   |
38 |     pub auto_optimization: bool,
   |     ^^^^^^^^^^^^^^^^^^^^^^^^^^^

warning: missing documentation for an associated function
  --> src/infrastructure/resource_manager.rs:42:5
   |
42 |     pub async fn new() -> anyhow::Result<Self> {
   |     ^^^^^^^^^^^^^^^^^^^^^^^^^^^^^^^^^^^^^^^^^^

warning: missing documentation for a method
   --> src/infrastructure/resource_manager.rs:115:5
    |
115 |     pub async fn update_system_metrics(&self) -> anyhow::Result<()> {
    |     ^^^^^^^^^^^^^^^^^^^^^^^^^^^^^^^^^^^^^^^^^^^^^^^^^^^^^^^^^^^^^^^

warning: missing documentation for a method
   --> src/infrastructure/resource_manager.rs:175:5
    |
175 |     pub async fn get_current_profile(&self) -> ResourceProfile {
    |     ^^^^^^^^^^^^^^^^^^^^^^^^^^^^^^^^^^^^^^^^^^^^^^^^^^^^^^^^^^

warning: missing documentation for a method
   --> src/infrastructure/resource_manager.rs:179:5
    |
179 |     pub async fn get_system_info(&self) -> (SystemResources, ResourceProfile, HardwareClass) {
    |     ^^^^^^^^^^^^^^^^^^^^^^^^^^^^^^^^^^^^^^^^^^^^^^^^^^^^^^^^^^^^^^^^^^^^^^^^^^^^^^^^^^^^^^^^

warning: missing documentation for a method
   --> src/infrastructure/resource_manager.rs:185:5
    |
185 |     pub async fn set_profile(&self, new_profile: ResourceProfile) -> anyhow::Result<()> {
    |     ^^^^^^^^^^^^^^^^^^^^^^^^^^^^^^^^^^^^^^^^^^^^^^^^^^^^^^^^^^^^^^^^^^^^^^^^^^^^^^^^^^^

warning: missing documentation for a struct field
  --> src/infrastructure/security_middleware.rs:25:5
   |
25 |     pub auth_manager: Arc<AuthManager>,
   |     ^^^^^^^^^^^^^^^^^^^^^^^^^^^^^^^^^^

warning: missing documentation for a struct field
  --> src/infrastructure/telemetry.rs:11:5
   |
11 |     pub id: uuid::Uuid,
   |     ^^^^^^^^^^^^^^^^^^

warning: missing documentation for a struct field
  --> src/infrastructure/telemetry.rs:12:5
   |
12 |     pub timestamp: u64,
   |     ^^^^^^^^^^^^^^^^^^

warning: missing documentation for a struct field
  --> src/infrastructure/telemetry.rs:13:5
   |
13 |     pub event_type: EventType,
   |     ^^^^^^^^^^^^^^^^^^^^^^^^^

warning: missing documentation for a struct field
  --> src/infrastructure/telemetry.rs:14:5
   |
14 |     pub source: String,
   |     ^^^^^^^^^^^^^^^^^^

warning: missing documentation for a struct field
  --> src/infrastructure/telemetry.rs:15:5
   |
15 |     pub data: serde_json::Value,
   |     ^^^^^^^^^^^^^^^^^^^^^^^^^^^

warning: missing documentation for a struct field
  --> src/infrastructure/telemetry.rs:16:5
   |
16 |     pub tags: HashMap<String, String>,
   |     ^^^^^^^^^^^^^^^^^^^^^^^^^^^^^^^^^

warning: missing documentation for a struct field
  --> src/infrastructure/telemetry.rs:17:5
   |
17 |     pub severity: Severity,
   |     ^^^^^^^^^^^^^^^^^^^^^^

warning: missing documentation for an enum
  --> src/infrastructure/telemetry.rs:21:1
   |
21 | pub enum EventType {
   | ^^^^^^^^^^^^^^^^^^

warning: missing documentation for a variant
  --> src/infrastructure/telemetry.rs:22:5
   |
22 |     AgentCreated,
   |     ^^^^^^^^^^^^

warning: missing documentation for a variant
  --> src/infrastructure/telemetry.rs:23:5
   |
23 |     AgentStateChanged,
   |     ^^^^^^^^^^^^^^^^^

warning: missing documentation for a variant
  --> src/infrastructure/telemetry.rs:24:5
   |
24 |     TaskSubmitted,
   |     ^^^^^^^^^^^^^

warning: missing documentation for a variant
  --> src/infrastructure/telemetry.rs:25:5
   |
25 |     TaskCompleted,
   |     ^^^^^^^^^^^^^

warning: missing documentation for a variant
  --> src/infrastructure/telemetry.rs:26:5
   |
26 |     TaskFailed,
   |     ^^^^^^^^^^

warning: missing documentation for a variant
  --> src/infrastructure/telemetry.rs:27:5
   |
27 |     SystemAlert,
   |     ^^^^^^^^^^^

warning: missing documentation for a variant
  --> src/infrastructure/telemetry.rs:28:5
   |
28 |     PerformanceMetric,
   |     ^^^^^^^^^^^^^^^^^

warning: missing documentation for a variant
  --> src/infrastructure/telemetry.rs:29:5
   |
29 |     ResourceUsage,
   |     ^^^^^^^^^^^^^

warning: missing documentation for a variant
  --> src/infrastructure/telemetry.rs:30:5
   |
30 |     Error,
   |     ^^^^^

warning: missing documentation for a variant
  --> src/infrastructure/telemetry.rs:31:5
   |
31 |     Custom(String),
   |     ^^^^^^

warning: missing documentation for an enum
  --> src/infrastructure/telemetry.rs:35:1
   |
35 | pub enum Severity {
   | ^^^^^^^^^^^^^^^^^

warning: missing documentation for a variant
  --> src/infrastructure/telemetry.rs:36:5
   |
36 |     Debug,
   |     ^^^^^

warning: missing documentation for a variant
  --> src/infrastructure/telemetry.rs:37:5
   |
37 |     Info,
   |     ^^^^

warning: missing documentation for a variant
  --> src/infrastructure/telemetry.rs:38:5
   |
38 |     Warning,
   |     ^^^^^^^

warning: missing documentation for a variant
  --> src/infrastructure/telemetry.rs:39:5
   |
39 |     Error,
   |     ^^^^^

warning: missing documentation for a variant
  --> src/infrastructure/telemetry.rs:40:5
   |
40 |     Critical,
   |     ^^^^^^^^

warning: missing documentation for a struct
  --> src/infrastructure/telemetry.rs:52:1
   |
52 | pub struct TelemetryMetrics {
   | ^^^^^^^^^^^^^^^^^^^^^^^^^^^

warning: missing documentation for a struct field
  --> src/infrastructure/telemetry.rs:53:5
   |
53 |     pub total_events: u64,
   |     ^^^^^^^^^^^^^^^^^^^^^

warning: missing documentation for a struct field
  --> src/infrastructure/telemetry.rs:54:5
   |
54 |     pub events_by_type: HashMap<String, u64>,
   |     ^^^^^^^^^^^^^^^^^^^^^^^^^^^^^^^^^^^^^^^^

warning: missing documentation for a struct field
  --> src/infrastructure/telemetry.rs:55:5
   |
55 |     pub events_by_severity: HashMap<String, u64>,
   |     ^^^^^^^^^^^^^^^^^^^^^^^^^^^^^^^^^^^^^^^^^^^^

warning: missing documentation for a struct field
  --> src/infrastructure/telemetry.rs:56:5
   |
56 |     pub average_events_per_minute: f64,
   |     ^^^^^^^^^^^^^^^^^^^^^^^^^^^^^^^^^^

warning: missing documentation for a struct field
  --> src/infrastructure/telemetry.rs:57:5
   |
57 |     pub last_event_timestamp: u64,
   |     ^^^^^^^^^^^^^^^^^^^^^^^^^^^^^

warning: missing documentation for a struct field
  --> src/infrastructure/telemetry.rs:58:5
   |
58 |     pub uptime_seconds: u64,
   |     ^^^^^^^^^^^^^^^^^^^^^^^

warning: missing documentation for a struct field
  --> src/infrastructure/telemetry.rs:59:5
   |
59 |     pub start_time: u64,
   |     ^^^^^^^^^^^^^^^^^^^

warning: missing documentation for a method
  --> src/infrastructure/telemetry.rs:64:5
   |
64 | /     fn on_event(
65 | |         &self,
66 | |         event: &TelemetryEvent,
67 | |     ) -> Result<(), Box<dyn std::error::Error + Send + Sync>>;
   | |______________________________________________________________^

warning: missing documentation for a method
  --> src/infrastructure/telemetry.rs:68:5
   |
68 |     fn name(&self) -> &str;
   |     ^^^^^^^^^^^^^^^^^^^^^^^

warning: missing documentation for an associated function
   --> src/infrastructure/telemetry.rs:102:5
    |
102 |     pub fn new(url: String) -> Self {
    |     ^^^^^^^^^^^^^^^^^^^^^^^^^^^^^^^

warning: missing documentation for a macro
   --> src/infrastructure/telemetry.rs:309:1
    |
309 | macro_rules! telemetry_error {
    | ^^^^^^^^^^^^^^^^^^^^^^^^^^^^

warning: missing documentation for a struct
 --> src/neural/adaptive_learning.rs:8:1
  |
8 | pub struct LearningPattern {
  | ^^^^^^^^^^^^^^^^^^^^^^^^^^

warning: missing documentation for a struct field
 --> src/neural/adaptive_learning.rs:9:5
  |
9 |     pub pattern_id: String,
  |     ^^^^^^^^^^^^^^^^^^^^^^

warning: missing documentation for a struct field
  --> src/neural/adaptive_learning.rs:10:5
   |
10 |     pub input_features: Vec<f64>,
   |     ^^^^^^^^^^^^^^^^^^^^^^^^^^^^

warning: missing documentation for a struct field
  --> src/neural/adaptive_learning.rs:11:5
   |
11 |     pub expected_output: Vec<f64>,
   |     ^^^^^^^^^^^^^^^^^^^^^^^^^^^^^

warning: missing documentation for a struct field
  --> src/neural/adaptive_learning.rs:12:5
   |
12 |     pub confidence: f64,
   |     ^^^^^^^^^^^^^^^^^^^

warning: missing documentation for a struct field
  --> src/neural/adaptive_learning.rs:13:5
   |
13 |     pub frequency: u32,
   |     ^^^^^^^^^^^^^^^^^^

warning: missing documentation for a struct field
  --> src/neural/adaptive_learning.rs:14:5
   |
14 |     pub last_seen: chrono::DateTime<chrono::Utc>,
   |     ^^^^^^^^^^^^^^^^^^^^^^^^^^^^^^^^^^^^^^^^^^^^

warning: missing documentation for a struct
  --> src/neural/adaptive_learning.rs:18:1
   |
18 | pub struct AdaptiveLearningConfig {
   | ^^^^^^^^^^^^^^^^^^^^^^^^^^^^^^^^^

warning: missing documentation for a struct field
  --> src/neural/adaptive_learning.rs:19:5
   |
19 |     pub learning_rate: f64,
   |     ^^^^^^^^^^^^^^^^^^^^^^

warning: missing documentation for a struct field
  --> src/neural/adaptive_learning.rs:20:5
   |
20 |     pub momentum: f64,
   |     ^^^^^^^^^^^^^^^^^

warning: missing documentation for a struct field
  --> src/neural/adaptive_learning.rs:21:5
   |
21 |     pub decay_factor: f64,
   |     ^^^^^^^^^^^^^^^^^^^^^

warning: missing documentation for a struct field
  --> src/neural/adaptive_learning.rs:22:5
   |
22 |     pub min_confidence_threshold: f64,
   |     ^^^^^^^^^^^^^^^^^^^^^^^^^^^^^^^^^

warning: missing documentation for a struct field
  --> src/neural/adaptive_learning.rs:23:5
   |
23 |     pub pattern_retention_days: u32,
   |     ^^^^^^^^^^^^^^^^^^^^^^^^^^^^^^^

warning: missing documentation for a struct field
  --> src/neural/adaptive_learning.rs:24:5
   |
24 |     pub max_patterns: usize,
   |     ^^^^^^^^^^^^^^^^^^^^^^^

warning: missing documentation for a struct
  --> src/neural/adaptive_learning.rs:41:1
   |
41 | pub struct AdaptiveLearningSystem {
   | ^^^^^^^^^^^^^^^^^^^^^^^^^^^^^^^^^

warning: missing documentation for a struct
  --> src/neural/adaptive_learning.rs:49:1
   |
49 | pub struct LearningEvent {
   | ^^^^^^^^^^^^^^^^^^^^^^^^

warning: missing documentation for a struct field
  --> src/neural/adaptive_learning.rs:50:5
   |
50 |     pub timestamp: chrono::DateTime<chrono::Utc>,
   |     ^^^^^^^^^^^^^^^^^^^^^^^^^^^^^^^^^^^^^^^^^^^^

warning: missing documentation for a struct field
  --> src/neural/adaptive_learning.rs:51:5
   |
51 |     pub pattern_id: String,
   |     ^^^^^^^^^^^^^^^^^^^^^^

warning: missing documentation for a struct field
  --> src/neural/adaptive_learning.rs:52:5
   |
52 |     pub outcome: f64,
   |     ^^^^^^^^^^^^^^^^

warning: missing documentation for a struct field
  --> src/neural/adaptive_learning.rs:53:5
   |
53 |     pub confidence_before: f64,
   |     ^^^^^^^^^^^^^^^^^^^^^^^^^^

warning: missing documentation for a struct field
  --> src/neural/adaptive_learning.rs:54:5
   |
54 |     pub confidence_after: f64,
   |     ^^^^^^^^^^^^^^^^^^^^^^^^^

warning: missing documentation for an associated function
  --> src/neural/adaptive_learning.rs:58:5
   |
58 |     pub async fn new(config: AdaptiveLearningConfig) -> anyhow::Result<Self> {
   |     ^^^^^^^^^^^^^^^^^^^^^^^^^^^^^^^^^^^^^^^^^^^^^^^^^^^^^^^^^^^^^^^^^^^^^^^^

warning: missing documentation for a method
  --> src/neural/adaptive_learning.rs:67:5
   |
67 | /     pub async fn learn_from_interaction(
68 | |         &mut self,
69 | |         agent: &Agent,
70 | |         context: &str,
71 | |         outcome: f64,
72 | |     ) -> anyhow::Result<()> {
   | |___________________________^

warning: missing documentation for a method
   --> src/neural/adaptive_learning.rs:143:5
    |
143 |     pub async fn predict_outcome(&self, agent: &Agent, context: &str) -> anyhow::Result<f64> {
    |     ^^^^^^^^^^^^^^^^^^^^^^^^^^^^^^^^^^^^^^^^^^^^^^^^^^^^^^^^^^^^^^^^^^^^^^^^^^^^^^^^^^^^^^^^

warning: missing documentation for a method
   --> src/neural/adaptive_learning.rs:165:5
    |
165 |     pub async fn get_learning_insights(&self, agent_id: uuid::Uuid) -> LearningInsights {
    |     ^^^^^^^^^^^^^^^^^^^^^^^^^^^^^^^^^^^^^^^^^^^^^^^^^^^^^^^^^^^^^^^^^^^^^^^^^^^^^^^^^^^

warning: missing documentation for a method
   --> src/neural/adaptive_learning.rs:296:5
    |
296 |     pub fn cleanup_old_patterns(&mut self) {
    |     ^^^^^^^^^^^^^^^^^^^^^^^^^^^^^^^^^^^^^^

warning: missing documentation for a method
   --> src/neural/adaptive_learning.rs:326:5
    |
326 |     pub fn get_pattern_statistics(&self) -> PatternStatistics {
    |     ^^^^^^^^^^^^^^^^^^^^^^^^^^^^^^^^^^^^^^^^^^^^^^^^^^^^^^^^^

warning: missing documentation for a struct
   --> src/neural/adaptive_learning.rs:353:1
    |
353 | pub struct LearningInsights {
    | ^^^^^^^^^^^^^^^^^^^^^^^^^^^

warning: missing documentation for a struct field
   --> src/neural/adaptive_learning.rs:354:5
    |
354 |     pub total_patterns: usize,
    |     ^^^^^^^^^^^^^^^^^^^^^^^^^

warning: missing documentation for a struct field
   --> src/neural/adaptive_learning.rs:355:5
    |
355 |     pub high_confidence_patterns: usize,
    |     ^^^^^^^^^^^^^^^^^^^^^^^^^^^^^^^^^^^

warning: missing documentation for a struct field
   --> src/neural/adaptive_learning.rs:356:5
    |
356 |     pub average_confidence: f64,
    |     ^^^^^^^^^^^^^^^^^^^^^^^^^^^

warning: missing documentation for a struct field
   --> src/neural/adaptive_learning.rs:357:5
    |
357 |     pub recent_learning_events: usize,
    |     ^^^^^^^^^^^^^^^^^^^^^^^^^^^^^^^^^

warning: missing documentation for a struct field
   --> src/neural/adaptive_learning.rs:358:5
    |
358 |     pub learning_velocity: f64,
    |     ^^^^^^^^^^^^^^^^^^^^^^^^^^

warning: missing documentation for a struct
   --> src/neural/adaptive_learning.rs:362:1
    |
362 | pub struct PatternStatistics {
    | ^^^^^^^^^^^^^^^^^^^^^^^^^^^^

warning: missing documentation for a struct field
   --> src/neural/adaptive_learning.rs:363:5
    |
363 |     pub total_patterns: usize,
    |     ^^^^^^^^^^^^^^^^^^^^^^^^^

warning: missing documentation for a struct field
   --> src/neural/adaptive_learning.rs:364:5
    |
364 |     pub high_confidence_patterns: usize,
    |     ^^^^^^^^^^^^^^^^^^^^^^^^^^^^^^^^^^^

warning: missing documentation for a struct field
   --> src/neural/adaptive_learning.rs:365:5
    |
365 |     pub average_confidence: f64,
    |     ^^^^^^^^^^^^^^^^^^^^^^^^^^^

warning: missing documentation for a struct field
   --> src/neural/adaptive_learning.rs:366:5
    |
366 |     pub total_interactions: u32,
    |     ^^^^^^^^^^^^^^^^^^^^^^^^^^^

warning: missing documentation for a struct field
   --> src/neural/adaptive_learning.rs:367:5
    |
367 |     pub recent_learning_events: usize,
    |     ^^^^^^^^^^^^^^^^^^^^^^^^^^^^^^^^^

warning: missing documentation for a struct
  --> src/neural/core.rs:19:1
   |
19 | pub struct NeuralAgent {
   | ^^^^^^^^^^^^^^^^^^^^^^

warning: missing documentation for a struct field
  --> src/neural/core.rs:20:5
   |
20 |     pub agent_id: Uuid,
   |     ^^^^^^^^^^^^^^^^^^

warning: missing documentation for a struct field
  --> src/neural/core.rs:21:5
   |
21 |     pub network_type: NetworkType,
   |     ^^^^^^^^^^^^^^^^^^^^^^^^^^^^^

warning: missing documentation for a struct field
  --> src/neural/core.rs:22:5
   |
22 |     pub performance_history: Vec<f64>,
   |     ^^^^^^^^^^^^^^^^^^^^^^^^^^^^^^^^^

warning: missing documentation for a struct field
  --> src/neural/core.rs:23:5
   |
23 |     pub learning_rate: f64,
   |     ^^^^^^^^^^^^^^^^^^^^^^

warning: missing documentation for a struct field
  --> src/neural/core.rs:24:5
   |
24 |     pub specialization: String,
   |     ^^^^^^^^^^^^^^^^^^^^^^^^^^

warning: missing documentation for a struct field
  --> src/neural/core.rs:25:5
   |
25 |     pub training_epochs: u32,
   |     ^^^^^^^^^^^^^^^^^^^^^^^^

warning: missing documentation for a struct field
  --> src/neural/core.rs:26:5
   |
26 |     pub confidence_threshold: f64,
   |     ^^^^^^^^^^^^^^^^^^^^^^^^^^^^^

warning: missing documentation for a struct field
  --> src/neural/core.rs:27:5
   |
27 |     pub adaptation_rate: f64,
   |     ^^^^^^^^^^^^^^^^^^^^^^^^

warning: missing documentation for a struct field
  --> src/neural/core.rs:28:5
   |
28 |     pub last_performance_trend: f64,
   |     ^^^^^^^^^^^^^^^^^^^^^^^^^^^^^^^

warning: missing documentation for a struct field
  --> src/neural/core.rs:62:5
   |
62 |     pub pattern_id: Uuid,
   |     ^^^^^^^^^^^^^^^^^^^^

warning: missing documentation for a struct field
  --> src/neural/core.rs:63:5
   |
63 |     pub pattern_type: String,
   |     ^^^^^^^^^^^^^^^^^^^^^^^^

warning: missing documentation for a struct field
  --> src/neural/core.rs:64:5
   |
64 |     pub source_agent: Uuid,
   |     ^^^^^^^^^^^^^^^^^^^^^^

warning: missing documentation for a struct field
  --> src/neural/core.rs:65:5
   |
65 |     pub learned_at: DateTime<Utc>,
   |     ^^^^^^^^^^^^^^^^^^^^^^^^^^^^^

warning: missing documentation for a struct field
  --> src/neural/core.rs:66:5
   |
66 |     pub effectiveness_score: f64,
   |     ^^^^^^^^^^^^^^^^^^^^^^^^^^^^

warning: missing documentation for a struct field
  --> src/neural/core.rs:67:5
   |
67 |     pub transfer_count: u32,
   |     ^^^^^^^^^^^^^^^^^^^^^^^

warning: missing documentation for a struct field
  --> src/neural/core.rs:68:5
   |
68 |     pub pattern_data: Vec<f64>,
   |     ^^^^^^^^^^^^^^^^^^^^^^^^^^

warning: missing documentation for a struct field
  --> src/neural/core.rs:74:5
   |
74 |     pub successful_transfers: u32,
   |     ^^^^^^^^^^^^^^^^^^^^^^^^^^^^^

warning: missing documentation for a struct field
  --> src/neural/core.rs:75:5
   |
75 |     pub failed_transfers: u32,
   |     ^^^^^^^^^^^^^^^^^^^^^^^^^

warning: missing documentation for a struct field
  --> src/neural/core.rs:76:5
   |
76 |     pub average_improvement: f64,
   |     ^^^^^^^^^^^^^^^^^^^^^^^^^^^^

warning: missing documentation for a struct field
  --> src/neural/core.rs:77:5
   |
77 |     pub last_transfer: DateTime<Utc>,
   |     ^^^^^^^^^^^^^^^^^^^^^^^^^^^^^^^^

warning: missing documentation for a struct field
  --> src/neural/core.rs:83:5
   |
83 |     pub session_id: Uuid,
   |     ^^^^^^^^^^^^^^^^^^^^

warning: missing documentation for a struct field
  --> src/neural/core.rs:84:5
   |
84 |     pub source_agent: Uuid,
   |     ^^^^^^^^^^^^^^^^^^^^^^

warning: missing documentation for a struct field
  --> src/neural/core.rs:85:5
   |
85 |     pub target_agent: Uuid,
   |     ^^^^^^^^^^^^^^^^^^^^^^

warning: missing documentation for a struct field
  --> src/neural/core.rs:86:5
   |
86 |     pub pattern_id: Uuid,
   |     ^^^^^^^^^^^^^^^^^^^^

warning: missing documentation for a struct field
  --> src/neural/core.rs:87:5
   |
87 |     pub started_at: DateTime<Utc>,
   |     ^^^^^^^^^^^^^^^^^^^^^^^^^^^^^

warning: missing documentation for a struct field
  --> src/neural/core.rs:88:5
   |
88 |     pub status: TransferStatus,
   |     ^^^^^^^^^^^^^^^^^^^^^^^^^^

warning: missing documentation for an enum
  --> src/neural/core.rs:92:1
   |
92 | pub enum TransferStatus {
   | ^^^^^^^^^^^^^^^^^^^^^^^

warning: missing documentation for a variant
  --> src/neural/core.rs:93:5
   |
93 |     Preparing,
   |     ^^^^^^^^^

warning: missing documentation for a variant
  --> src/neural/core.rs:94:5
   |
94 |     InProgress,
   |     ^^^^^^^^^^

warning: missing documentation for a variant
  --> src/neural/core.rs:95:5
   |
95 |     Completed,
   |     ^^^^^^^^^

warning: missing documentation for a variant
  --> src/neural/core.rs:96:5
   |
96 |     Failed(String),
   |     ^^^^^^

warning: missing documentation for a struct field
   --> src/neural/core.rs:110:5
    |
110 |     pub model_id: Uuid,
    |     ^^^^^^^^^^^^^^^^^^

warning: missing documentation for a struct field
   --> src/neural/core.rs:111:5
    |
111 |     pub model_type: String,
    |     ^^^^^^^^^^^^^^^^^^^^^^

warning: missing documentation for a struct field
   --> src/neural/core.rs:112:5
    |
112 |     pub accuracy: f64,
    |     ^^^^^^^^^^^^^^^^^

warning: missing documentation for a struct field
   --> src/neural/core.rs:113:5
    |
113 |     pub last_trained: DateTime<Utc>,
    |     ^^^^^^^^^^^^^^^^^^^^^^^^^^^^^^^

warning: missing documentation for a struct field
   --> src/neural/core.rs:119:5
    |
119 |     pub timestamp: DateTime<Utc>,
    |     ^^^^^^^^^^^^^^^^^^^^^^^^^^^^

warning: missing documentation for a struct field
   --> src/neural/core.rs:120:5
    |
120 |     pub agent_id: Uuid,
    |     ^^^^^^^^^^^^^^^^^^

warning: missing documentation for a struct field
   --> src/neural/core.rs:121:5
    |
121 |     pub performance_score: f64,
    |     ^^^^^^^^^^^^^^^^^^^^^^^^^^

warning: missing documentation for a struct field
   --> src/neural/core.rs:122:5
    |
122 |     pub task_completion_rate: f64,
    |     ^^^^^^^^^^^^^^^^^^^^^^^^^^^^^

warning: missing documentation for a struct field
   --> src/neural/core.rs:123:5
    |
123 |     pub learning_rate: f64,
    |     ^^^^^^^^^^^^^^^^^^^^^^

warning: missing documentation for a struct field
   --> src/neural/core.rs:124:5
    |
124 |     pub energy_level: f64,
    |     ^^^^^^^^^^^^^^^^^^^^^

warning: missing documentation for a struct field
   --> src/neural/core.rs:139:5
    |
139 |     pub behavior_id: Uuid,
    |     ^^^^^^^^^^^^^^^^^^^^^

warning: missing documentation for a struct field
   --> src/neural/core.rs:140:5
    |
140 |     pub behavior_type: BehaviorType,
    |     ^^^^^^^^^^^^^^^^^^^^^^^^^^^^^^^

warning: missing documentation for a struct field
   --> src/neural/core.rs:141:5
    |
141 |     pub participating_agents: Vec<Uuid>,
    |     ^^^^^^^^^^^^^^^^^^^^^^^^^^^^^^^^^^^

warning: missing documentation for a struct field
   --> src/neural/core.rs:142:5
    |
142 |     pub emergence_strength: f64,
    |     ^^^^^^^^^^^^^^^^^^^^^^^^^^^

warning: missing documentation for a struct field
   --> src/neural/core.rs:143:5
    |
143 |     pub stability_score: f64,
    |     ^^^^^^^^^^^^^^^^^^^^^^^^

warning: missing documentation for a struct field
   --> src/neural/core.rs:144:5
    |
144 |     pub detected_at: DateTime<Utc>,
    |     ^^^^^^^^^^^^^^^^^^^^^^^^^^^^^^

warning: missing documentation for a struct field
   --> src/neural/core.rs:145:5
    |
145 |     pub impact_metrics: BehaviorImpactMetrics,
    |     ^^^^^^^^^^^^^^^^^^^^^^^^^^^^^^^^^^^^^^^^^

warning: missing documentation for an enum
   --> src/neural/core.rs:149:1
    |
149 | pub enum BehaviorType {
    | ^^^^^^^^^^^^^^^^^^^^^

warning: missing documentation for a variant
   --> src/neural/core.rs:150:5
    |
150 |     SpontaneousCollaboration,
    |     ^^^^^^^^^^^^^^^^^^^^^^^^

warning: missing documentation for a variant
   --> src/neural/core.rs:151:5
    |
151 |     AdaptiveSpecialization,
    |     ^^^^^^^^^^^^^^^^^^^^^^

warning: missing documentation for a variant
   --> src/neural/core.rs:152:5
    |
152 |     EmergentLeadership,
    |     ^^^^^^^^^^^^^^^^^^

warning: missing documentation for a variant
   --> src/neural/core.rs:153:5
    |
153 |     CollectiveLearning,
    |     ^^^^^^^^^^^^^^^^^^

warning: missing documentation for a variant
   --> src/neural/core.rs:154:5
    |
154 |     ResourceOptimization,
    |     ^^^^^^^^^^^^^^^^^^^^

warning: missing documentation for a struct
   --> src/neural/core.rs:158:1
    |
158 | pub struct BehaviorImpactMetrics {
    | ^^^^^^^^^^^^^^^^^^^^^^^^^^^^^^^^

warning: missing documentation for a struct field
   --> src/neural/core.rs:159:5
    |
159 |     pub performance_improvement: f64,
    |     ^^^^^^^^^^^^^^^^^^^^^^^^^^^^^^^^

warning: missing documentation for a struct field
   --> src/neural/core.rs:160:5
    |
160 |     pub efficiency_gain: f64,
    |     ^^^^^^^^^^^^^^^^^^^^^^^^

warning: missing documentation for a struct field
   --> src/neural/core.rs:161:5
    |
161 |     pub learning_acceleration: f64,
    |     ^^^^^^^^^^^^^^^^^^^^^^^^^^^^^^

warning: missing documentation for a struct field
   --> src/neural/core.rs:162:5
    |
162 |     pub coordination_enhancement: f64,
    |     ^^^^^^^^^^^^^^^^^^^^^^^^^^^^^^^^^

warning: missing documentation for a struct field
   --> src/neural/core.rs:168:5
    |
168 |     pub total_knowledge_transfers: u32,
    |     ^^^^^^^^^^^^^^^^^^^^^^^^^^^^^^^^^^

warning: missing documentation for a struct field
   --> src/neural/core.rs:169:5
    |
169 |     pub successful_transfers: u32,
    |     ^^^^^^^^^^^^^^^^^^^^^^^^^^^^^

warning: missing documentation for a struct field
   --> src/neural/core.rs:170:5
    |
170 |     pub average_transfer_effectiveness: f64,
    |     ^^^^^^^^^^^^^^^^^^^^^^^^^^^^^^^^^^^^^^^

warning: missing documentation for a struct field
   --> src/neural/core.rs:171:5
    |
171 |     pub emergent_behaviors_detected: u32,
    |     ^^^^^^^^^^^^^^^^^^^^^^^^^^^^^^^^^^^^

warning: missing documentation for a struct field
   --> src/neural/core.rs:172:5
    |
172 |     pub performance_predictions_made: u32,
    |     ^^^^^^^^^^^^^^^^^^^^^^^^^^^^^^^^^^^^^

warning: missing documentation for a struct field
   --> src/neural/core.rs:173:5
    |
173 |     pub prediction_accuracy: f64,
    |     ^^^^^^^^^^^^^^^^^^^^^^^^^^^^

warning: missing documentation for a struct field
   --> src/neural/core.rs:174:5
    |
174 |     pub coordination_efficiency: f64,
    |     ^^^^^^^^^^^^^^^^^^^^^^^^^^^^^^^^

warning: missing documentation for a struct field
   --> src/neural/core.rs:180:5
    |
180 |     pub coordination_efficiency: f64,
    |     ^^^^^^^^^^^^^^^^^^^^^^^^^^^^^^^^

warning: missing documentation for a struct field
   --> src/neural/core.rs:181:5
    |
181 |     pub processing_results: Vec<AgentProcessingResult>,
    |     ^^^^^^^^^^^^^^^^^^^^^^^^^^^^^^^^^^^^^^^^^^^^^^^^^^

warning: missing documentation for a struct field
   --> src/neural/core.rs:182:5
    |
182 |     pub knowledge_transfers: Vec<KnowledgeTransferSession>,
    |     ^^^^^^^^^^^^^^^^^^^^^^^^^^^^^^^^^^^^^^^^^^^^^^^^^^^^^^

warning: missing documentation for a struct field
   --> src/neural/core.rs:183:5
    |
183 |     pub emergent_behaviors: Vec<EmergentBehavior>,
    |     ^^^^^^^^^^^^^^^^^^^^^^^^^^^^^^^^^^^^^^^^^^^^^

warning: missing documentation for a struct field
   --> src/neural/core.rs:184:5
    |
184 |     pub performance_improvements: PerformanceImprovements,
    |     ^^^^^^^^^^^^^^^^^^^^^^^^^^^^^^^^^^^^^^^^^^^^^^^^^^^^^

warning: missing documentation for a struct
   --> src/neural/core.rs:188:1
    |
188 | pub struct AgentProcessingResult {
    | ^^^^^^^^^^^^^^^^^^^^^^^^^^^^^^^^

warning: missing documentation for a struct field
   --> src/neural/core.rs:189:5
    |
189 |     pub agent_id: Uuid,
    |     ^^^^^^^^^^^^^^^^^^

warning: missing documentation for a struct field
   --> src/neural/core.rs:190:5
    |
190 |     pub confidence_score: f64,
    |     ^^^^^^^^^^^^^^^^^^^^^^^^^

warning: missing documentation for a struct field
   --> src/neural/core.rs:191:5
    |
191 |     pub performance_prediction: f64,
    |     ^^^^^^^^^^^^^^^^^^^^^^^^^^^^^^^

warning: missing documentation for a struct field
   --> src/neural/core.rs:192:5
    |
192 |     pub recommended_actions: Vec<String>,
    |     ^^^^^^^^^^^^^^^^^^^^^^^^^^^^^^^^^^^^

warning: missing documentation for a struct
   --> src/neural/core.rs:196:1
    |
196 | pub struct PerformanceImprovements {
    | ^^^^^^^^^^^^^^^^^^^^^^^^^^^^^^^^^^

warning: missing documentation for a struct field
   --> src/neural/core.rs:197:5
    |
197 |     pub learning_acceleration: f64,
    |     ^^^^^^^^^^^^^^^^^^^^^^^^^^^^^^

warning: missing documentation for a struct field
   --> src/neural/core.rs:198:5
    |
198 |     pub efficiency_gain: f64,
    |     ^^^^^^^^^^^^^^^^^^^^^^^^

warning: missing documentation for a struct field
   --> src/neural/core.rs:199:5
    |
199 |     pub coordination_improvement: f64,
    |     ^^^^^^^^^^^^^^^^^^^^^^^^^^^^^^^^^

warning: missing documentation for a struct
   --> src/neural/core.rs:203:1
    |
203 | pub struct AgentMetrics {
    | ^^^^^^^^^^^^^^^^^^^^^^^

warning: missing documentation for a struct field
   --> src/neural/core.rs:204:5
    |
204 |     pub performance: f64,
    |     ^^^^^^^^^^^^^^^^^^^^

warning: missing documentation for a struct field
   --> src/neural/core.rs:205:5
    |
205 |     pub confidence: f64,
    |     ^^^^^^^^^^^^^^^^^^^

warning: missing documentation for a struct field
   --> src/neural/core.rs:206:5
    |
206 |     pub trend: f64,
    |     ^^^^^^^^^^^^^^

warning: missing documentation for a struct field
   --> src/neural/core.rs:207:5
    |
207 |     pub training_level: u32,
    |     ^^^^^^^^^^^^^^^^^^^^^^^

warning: missing documentation for a struct field
   --> src/neural/core.rs:208:5
    |
208 |     pub specialization: String,
    |     ^^^^^^^^^^^^^^^^^^^^^^^^^^

warning: missing documentation for a struct field
   --> src/neural/core.rs:209:5
    |
209 |     pub network_type: String,
    |     ^^^^^^^^^^^^^^^^^^^^^^^^

warning: missing documentation for an enum
   --> src/neural/core.rs:213:1
    |
213 | pub enum NetworkType {
    | ^^^^^^^^^^^^^^^^^^^^

warning: missing documentation for a variant
   --> src/neural/core.rs:214:5
    |
214 |     Basic, // Uses current NLP.rs
    |     ^^^^^

warning: missing documentation for a struct
   --> src/neural/core.rs:238:1
    |
238 | pub struct HybridNeuralProcessor {
    | ^^^^^^^^^^^^^^^^^^^^^^^^^^^^^^^^

warning: missing documentation for a struct field
   --> src/neural/core.rs:239:5
    |
239 |     pub nlp_processor: NLPProcessor,
    |     ^^^^^^^^^^^^^^^^^^^^^^^^^^^^^^^

warning: missing documentation for a struct field
   --> src/neural/core.rs:242:5
    |
242 |     pub neural_agents: HashMap<Uuid, NeuralAgent>,
    |     ^^^^^^^^^^^^^^^^^^^^^^^^^^^^^^^^^^^^^^^^^^^^^

warning: missing documentation for an associated function
   --> src/neural/core.rs:246:5
    |
246 |     pub async fn new() -> Result<Self> {
    |     ^^^^^^^^^^^^^^^^^^^^^^^^^^^^^^^^^^

warning: missing documentation for an associated function
    --> src/neural/core.rs:1062:5
     |
1062 |     pub fn new() -> Self {
     |     ^^^^^^^^^^^^^^^^^^^^

warning: missing documentation for an associated function
    --> src/neural/core.rs:1079:5
     |
1079 |     pub fn new() -> Self {
     |     ^^^^^^^^^^^^^^^^^^^^

warning: missing documentation for an associated function
    --> src/neural/core.rs:1095:5
     |
1095 |     pub fn new() -> Self {
     |     ^^^^^^^^^^^^^^^^^^^^

warning: missing documentation for a method
    --> src/neural/core.rs:1103:5
     |
1103 | /     pub async fn detect_behaviors(
1104 | |         &mut self,
1105 | |         _agents: &[Agent],
1106 | |     ) -> HiveResult<Vec<EmergentBehavior>> {
     | |__________________________________________^

warning: missing documentation for a struct field
  --> src/neural/cpu_optimization.rs:16:5
   |
16 |     pub simd_support: SimdSupport,
   |     ^^^^^^^^^^^^^^^^^^^^^^^^^^^^^

warning: missing documentation for a struct field
  --> src/neural/cpu_optimization.rs:17:5
   |
17 |     pub quantization_enabled: bool,
   |     ^^^^^^^^^^^^^^^^^^^^^^^^^^^^^^

warning: missing documentation for a struct field
  --> src/neural/cpu_optimization.rs:18:5
   |
18 |     pub cache_line_size: usize,
   |     ^^^^^^^^^^^^^^^^^^^^^^^^^^

warning: missing documentation for a struct field
  --> src/neural/cpu_optimization.rs:19:5
   |
19 |     pub preferred_vector_width: usize,
   |     ^^^^^^^^^^^^^^^^^^^^^^^^^^^^^^^^^

warning: missing documentation for a struct
  --> src/neural/cpu_optimization.rs:24:1
   |
24 | pub struct SimdSupport {
   | ^^^^^^^^^^^^^^^^^^^^^^

warning: missing documentation for a struct field
  --> src/neural/cpu_optimization.rs:25:5
   |
25 |     pub avx2: bool,
   |     ^^^^^^^^^^^^^^

warning: missing documentation for a struct field
  --> src/neural/cpu_optimization.rs:26:5
   |
26 |     pub avx512: bool,
   |     ^^^^^^^^^^^^^^^^

warning: missing documentation for a struct field
  --> src/neural/cpu_optimization.rs:27:5
   |
27 |     pub sse4_1: bool,
   |     ^^^^^^^^^^^^^^^^

warning: missing documentation for a struct field
  --> src/neural/cpu_optimization.rs:28:5
   |
28 |     pub neon: bool,
   |     ^^^^^^^^^^^^^^

warning: missing documentation for an associated function
  --> src/neural/cpu_optimization.rs:39:5
   |
39 |     pub fn new() -> Self {
   |     ^^^^^^^^^^^^^^^^^^^^

warning: missing documentation for a struct
   --> src/neural/cpu_optimization.rs:419:1
    |
419 | pub struct QuantizedWeights {
    | ^^^^^^^^^^^^^^^^^^^^^^^^^^^

warning: missing documentation for a struct field
   --> src/neural/cpu_optimization.rs:420:5
    |
420 |     pub data: Vec<u8>,
    |     ^^^^^^^^^^^^^^^^^

warning: missing documentation for a struct field
   --> src/neural/cpu_optimization.rs:421:5
    |
421 |     pub scale: f32,
    |     ^^^^^^^^^^^^^^

warning: missing documentation for a struct field
   --> src/neural/cpu_optimization.rs:422:5
    |
422 |     pub zero_point: u8,
    |     ^^^^^^^^^^^^^^^^^^

warning: missing documentation for a struct
   --> src/neural/cpu_optimization.rs:426:1
    |
426 | pub struct QuantizedWeights16 {
    | ^^^^^^^^^^^^^^^^^^^^^^^^^^^^^

warning: missing documentation for a struct field
   --> src/neural/cpu_optimization.rs:427:5
    |
427 |     pub data: Vec<u16>,
    |     ^^^^^^^^^^^^^^^^^^

warning: missing documentation for a struct field
   --> src/neural/cpu_optimization.rs:428:5
    |
428 |     pub scale: f32,
    |     ^^^^^^^^^^^^^^

warning: missing documentation for a struct field
   --> src/neural/cpu_optimization.rs:429:5
    |
429 |     pub zero_point: u16,
    |     ^^^^^^^^^^^^^^^^^^^

warning: missing documentation for an associated function
   --> src/neural/cpu_optimization.rs:500:5
    |
500 |     pub fn benchmark_dot_product(size: usize, iterations: usize) -> f64 {
    |     ^^^^^^^^^^^^^^^^^^^^^^^^^^^^^^^^^^^^^^^^^^^^^^^^^^^^^^^^^^^^^^^^^^^

warning: missing documentation for an associated function
   --> src/neural/cpu_optimization.rs:515:5
    |
515 |     pub fn benchmark_quantization(size: usize, iterations: usize) -> f64 {
    |     ^^^^^^^^^^^^^^^^^^^^^^^^^^^^^^^^^^^^^^^^^^^^^^^^^^^^^^^^^^^^^^^^^^^^

warning: missing documentation for an associated function
   --> src/neural/cpu_optimization.rs:531:5
    |
531 |     pub fn run_comprehensive_benchmark() -> BenchmarkResults {
    |     ^^^^^^^^^^^^^^^^^^^^^^^^^^^^^^^^^^^^^^^^^^^^^^^^^^^^^^^^

warning: missing documentation for a struct
   --> src/neural/cpu_optimization.rs:550:1
    |
550 | pub struct BenchmarkResults {
    | ^^^^^^^^^^^^^^^^^^^^^^^^^^^

warning: missing documentation for a struct field
   --> src/neural/cpu_optimization.rs:551:5
    |
551 |     pub dot_product_time_us: f64,
    |     ^^^^^^^^^^^^^^^^^^^^^^^^^^^^

warning: missing documentation for a struct field
   --> src/neural/cpu_optimization.rs:552:5
    |
552 |     pub quantization_time_us: f64,
    |     ^^^^^^^^^^^^^^^^^^^^^^^^^^^^^

warning: missing documentation for a struct field
   --> src/neural/cpu_optimization.rs:553:5
    |
553 |     pub simd_support: SimdSupport,
    |     ^^^^^^^^^^^^^^^^^^^^^^^^^^^^^

warning: missing documentation for a struct field
   --> src/neural/cpu_optimization.rs:554:5
    |
554 |     pub cache_line_size: usize,
    |     ^^^^^^^^^^^^^^^^^^^^^^^^^^

warning: missing documentation for a struct field
   --> src/neural/cpu_optimization.rs:555:5
    |
555 |     pub vector_width: usize,
    |     ^^^^^^^^^^^^^^^^^^^^^^^

warning: missing documentation for a method
   --> src/neural/cpu_optimization.rs:559:5
    |
559 |     pub fn print_report(&self) {
    |     ^^^^^^^^^^^^^^^^^^^^^^^^^^

warning: missing documentation for a struct field
  --> src/neural/data.rs:26:5
   |
26 |     pub name: String,
   |     ^^^^^^^^^^^^^^^^

warning: missing documentation for a struct field
  --> src/neural/data.rs:27:5
   |
27 |     pub features: Vec<Vec<f32>>,
   |     ^^^^^^^^^^^^^^^^^^^^^^^^^^^

warning: missing documentation for a struct field
  --> src/neural/data.rs:28:5
   |
28 |     pub labels: Vec<Vec<f32>>,
   |     ^^^^^^^^^^^^^^^^^^^^^^^^^

warning: missing documentation for a struct field
  --> src/neural/data.rs:29:5
   |
29 |     pub metadata: DatasetMetadata,
   |     ^^^^^^^^^^^^^^^^^^^^^^^^^^^^^

warning: missing documentation for a struct field
  --> src/neural/data.rs:35:5
   |
35 |     pub num_samples: usize,
   |     ^^^^^^^^^^^^^^^^^^^^^^

warning: missing documentation for a struct field
  --> src/neural/data.rs:36:5
   |
36 |     pub num_features: usize,
   |     ^^^^^^^^^^^^^^^^^^^^^^^

warning: missing documentation for a struct field
  --> src/neural/data.rs:37:5
   |
37 |     pub num_classes: usize,
   |     ^^^^^^^^^^^^^^^^^^^^^^

warning: missing documentation for a struct field
  --> src/neural/data.rs:38:5
   |
38 |     pub feature_names: Vec<String>,
   |     ^^^^^^^^^^^^^^^^^^^^^^^^^^^^^^

warning: missing documentation for a struct field
  --> src/neural/data.rs:39:5
   |
39 |     pub class_names: Vec<String>,
   |     ^^^^^^^^^^^^^^^^^^^^^^^^^^^^

warning: missing documentation for a struct field
  --> src/neural/data.rs:40:5
   |
40 |     pub data_type: DataType,
   |     ^^^^^^^^^^^^^^^^^^^^^^^

warning: missing documentation for a variant
  --> src/neural/data.rs:46:5
   |
46 |     Tabular,
   |     ^^^^^^^

warning: missing documentation for a variant
  --> src/neural/data.rs:47:5
   |
47 |     Image,
   |     ^^^^^

warning: missing documentation for a variant
  --> src/neural/data.rs:48:5
   |
48 |     Text,
   |     ^^^^

warning: missing documentation for a variant
  --> src/neural/data.rs:49:5
   |
49 |     TimeSeries,
   |     ^^^^^^^^^^

warning: missing documentation for a variant
  --> src/neural/data.rs:50:5
   |
50 |     Graph,
   |     ^^^^^

warning: missing documentation for a struct field
  --> src/neural/data.rs:56:5
   |
56 |     pub dataset: Arc<RwLock<Dataset>>,
   |     ^^^^^^^^^^^^^^^^^^^^^^^^^^^^^^^^^

warning: missing documentation for a struct field
  --> src/neural/data.rs:57:5
   |
57 |     pub batch_size: usize,
   |     ^^^^^^^^^^^^^^^^^^^^^

warning: missing documentation for a struct field
  --> src/neural/data.rs:58:5
   |
58 |     pub shuffle: bool,
   |     ^^^^^^^^^^^^^^^^^

warning: missing documentation for a struct field
  --> src/neural/data.rs:59:5
   |
59 |     pub current_index: usize,
   |     ^^^^^^^^^^^^^^^^^^^^^^^^

warning: missing documentation for a struct field
  --> src/neural/data.rs:60:5
   |
60 |     pub indices: Vec<usize>,
   |     ^^^^^^^^^^^^^^^^^^^^^^^

warning: missing documentation for a struct field
  --> src/neural/data.rs:66:5
   |
66 |     pub features: Vec<Vec<f32>>,
   |     ^^^^^^^^^^^^^^^^^^^^^^^^^^^

warning: missing documentation for a struct field
  --> src/neural/data.rs:67:5
   |
67 |     pub labels: Vec<Vec<f32>>,
   |     ^^^^^^^^^^^^^^^^^^^^^^^^^

warning: missing documentation for a struct field
  --> src/neural/data.rs:68:5
   |
68 |     pub batch_size: usize,
   |     ^^^^^^^^^^^^^^^^^^^^^

warning: missing documentation for a struct field
  --> src/neural/data.rs:69:5
   |
69 |     pub metadata: BatchMetadata,
   |     ^^^^^^^^^^^^^^^^^^^^^^^^^^^

warning: missing documentation for a struct field
  --> src/neural/data.rs:75:5
   |
75 |     pub batch_index: usize,
   |     ^^^^^^^^^^^^^^^^^^^^^^

warning: missing documentation for a struct field
  --> src/neural/data.rs:76:5
   |
76 |     pub total_batches: usize,
   |     ^^^^^^^^^^^^^^^^^^^^^^^^

warning: missing documentation for a struct field
  --> src/neural/data.rs:77:5
   |
77 |     pub sample_indices: Vec<usize>,
   |     ^^^^^^^^^^^^^^^^^^^^^^^^^^^^^^

warning: missing documentation for a struct field
  --> src/neural/data.rs:83:5
   |
83 |     pub steps: Vec<PreprocessingStep>,
   |     ^^^^^^^^^^^^^^^^^^^^^^^^^^^^^^^^^

warning: missing documentation for a variant
  --> src/neural/data.rs:89:5
   |
89 |     Normalization(NormalizationConfig),
   |     ^^^^^^^^^^^^^

warning: missing documentation for a variant
  --> src/neural/data.rs:90:5
   |
90 |     Standardization(StandardizationConfig),
   |     ^^^^^^^^^^^^^^^

warning: missing documentation for a variant
  --> src/neural/data.rs:91:5
   |
91 |     Encoding(EncodingConfig),
   |     ^^^^^^^^

warning: missing documentation for a variant
  --> src/neural/data.rs:92:5
   |
92 |     Augmentation(AugmentationConfig),
   |     ^^^^^^^^^^^^

warning: missing documentation for a variant
  --> src/neural/data.rs:93:5
   |
93 |     FeatureSelection(FeatureSelectionConfig),
   |     ^^^^^^^^^^^^^^^^

warning: missing documentation for a struct field
  --> src/neural/data.rs:99:5
   |
99 |     pub method: NormalizationMethod,
   |     ^^^^^^^^^^^^^^^^^^^^^^^^^^^^^^^

warning: missing documentation for a struct field
   --> src/neural/data.rs:100:5
    |
100 |     pub feature_range: Option<(f32, f32)>,
    |     ^^^^^^^^^^^^^^^^^^^^^^^^^^^^^^^^^^^^^

warning: missing documentation for a variant
   --> src/neural/data.rs:106:5
    |
106 |     MinMax,
    |     ^^^^^^

warning: missing documentation for a variant
   --> src/neural/data.rs:107:5
    |
107 |     L1,
    |     ^^

warning: missing documentation for a variant
   --> src/neural/data.rs:108:5
    |
108 |     L2,
    |     ^^

warning: missing documentation for a variant
   --> src/neural/data.rs:109:5
    |
109 |     ZScore,
    |     ^^^^^^

warning: missing documentation for a struct field
   --> src/neural/data.rs:115:5
    |
115 |     pub with_mean: bool,
    |     ^^^^^^^^^^^^^^^^^^^

warning: missing documentation for a struct field
   --> src/neural/data.rs:116:5
    |
116 |     pub with_std: bool,
    |     ^^^^^^^^^^^^^^^^^^

warning: missing documentation for a struct field
   --> src/neural/data.rs:122:5
    |
122 |     pub method: EncodingMethod,
    |     ^^^^^^^^^^^^^^^^^^^^^^^^^^

warning: missing documentation for a struct field
   --> src/neural/data.rs:123:5
    |
123 |     pub categories: Option<Vec<String>>,
    |     ^^^^^^^^^^^^^^^^^^^^^^^^^^^^^^^^^^^

warning: missing documentation for a variant
   --> src/neural/data.rs:129:5
    |
129 |     OneHot,
    |     ^^^^^^

warning: missing documentation for a variant
   --> src/neural/data.rs:130:5
    |
130 |     Label,
    |     ^^^^^

warning: missing documentation for a variant
   --> src/neural/data.rs:131:5
    |
131 |     Ordinal,
    |     ^^^^^^^

warning: missing documentation for a variant
   --> src/neural/data.rs:132:5
    |
132 |     Binary,
    |     ^^^^^^

warning: missing documentation for a struct field
   --> src/neural/data.rs:138:5
    |
138 |     pub techniques: Vec<AugmentationTechnique>,
    |     ^^^^^^^^^^^^^^^^^^^^^^^^^^^^^^^^^^^^^^^^^^

warning: missing documentation for a struct field
   --> src/neural/data.rs:139:5
    |
139 |     pub probability: f64,
    |     ^^^^^^^^^^^^^^^^^^^^

warning: missing documentation for a variant
   --> src/neural/data.rs:145:5
    |
145 |     Noise { std: f32 },
    |     ^^^^^

warning: missing documentation for a struct field
   --> src/neural/data.rs:145:13
    |
145 |     Noise { std: f32 },
    |             ^^^^^^^^

warning: missing documentation for a variant
   --> src/neural/data.rs:146:5
    |
146 |     Rotation { degrees: f32 },
    |     ^^^^^^^^

warning: missing documentation for a struct field
   --> src/neural/data.rs:146:16
    |
146 |     Rotation { degrees: f32 },
    |                ^^^^^^^^^^^^

warning: missing documentation for a variant
   --> src/neural/data.rs:147:5
    |
147 |     Flip { horizontal: bool, vertical: bool },
    |     ^^^^

warning: missing documentation for a struct field
   --> src/neural/data.rs:147:12
    |
147 |     Flip { horizontal: bool, vertical: bool },
    |            ^^^^^^^^^^^^^^^^

warning: missing documentation for a struct field
   --> src/neural/data.rs:147:30
    |
147 |     Flip { horizontal: bool, vertical: bool },
    |                              ^^^^^^^^^^^^^^

warning: missing documentation for a variant
   --> src/neural/data.rs:148:5
    |
148 |     Scale { factor: f32 },
    |     ^^^^^

warning: missing documentation for a struct field
   --> src/neural/data.rs:148:13
    |
148 |     Scale { factor: f32 },
    |             ^^^^^^^^^^^

warning: missing documentation for a variant
   --> src/neural/data.rs:149:5
    |
149 |     Translation { x: f32, y: f32 },
    |     ^^^^^^^^^^^

warning: missing documentation for a struct field
   --> src/neural/data.rs:149:19
    |
149 |     Translation { x: f32, y: f32 },
    |                   ^^^^^^

warning: missing documentation for a struct field
   --> src/neural/data.rs:149:27
    |
149 |     Translation { x: f32, y: f32 },
    |                           ^^^^^^

warning: missing documentation for a struct field
   --> src/neural/data.rs:155:5
    |
155 |     pub method: FeatureSelectionMethod,
    |     ^^^^^^^^^^^^^^^^^^^^^^^^^^^^^^^^^^

warning: missing documentation for a struct field
   --> src/neural/data.rs:156:5
    |
156 |     pub k: usize,
    |     ^^^^^^^^^^^^

warning: missing documentation for a variant
   --> src/neural/data.rs:162:5
    |
162 |     VarianceThreshold { threshold: f64 },
    |     ^^^^^^^^^^^^^^^^^

warning: missing documentation for a struct field
   --> src/neural/data.rs:162:25
    |
162 |     VarianceThreshold { threshold: f64 },
    |                         ^^^^^^^^^^^^^^

warning: missing documentation for a variant
   --> src/neural/data.rs:163:5
    |
163 |     SelectKBest { score_func: String },
    |     ^^^^^^^^^^^

warning: missing documentation for a struct field
   --> src/neural/data.rs:163:19
    |
163 |     SelectKBest { score_func: String },
    |                   ^^^^^^^^^^^^^^^^^^

warning: missing documentation for a variant
   --> src/neural/data.rs:164:5
    |
164 |     RecursiveFeatureElimination,
    |     ^^^^^^^^^^^^^^^^^^^^^^^^^^^

warning: missing documentation for a struct field
   --> src/neural/data.rs:170:5
    |
170 |     pub train_ratio: f64,
    |     ^^^^^^^^^^^^^^^^^^^^

warning: missing documentation for a struct field
   --> src/neural/data.rs:171:5
    |
171 |     pub val_ratio: f64,
    |     ^^^^^^^^^^^^^^^^^^

warning: missing documentation for a struct field
   --> src/neural/data.rs:172:5
    |
172 |     pub test_ratio: f64,
    |     ^^^^^^^^^^^^^^^^^^^

warning: missing documentation for a struct field
   --> src/neural/data.rs:173:5
    |
173 |     pub stratify: bool,
    |     ^^^^^^^^^^^^^^^^^^

warning: missing documentation for a struct field
   --> src/neural/data.rs:179:5
    |
179 |     pub train: Dataset,
    |     ^^^^^^^^^^^^^^^^^^

warning: missing documentation for a struct field
   --> src/neural/data.rs:180:5
    |
180 |     pub validation: Dataset,
    |     ^^^^^^^^^^^^^^^^^^^^^^^

warning: missing documentation for a struct field
   --> src/neural/data.rs:181:5
    |
181 |     pub test: Dataset,
    |     ^^^^^^^^^^^^^^^^^

warning: missing documentation for a struct field
  --> src/neural/experiments.rs:24:5
   |
24 |     pub experiment_id: String,
   |     ^^^^^^^^^^^^^^^^^^^^^^^^^

warning: missing documentation for a struct field
  --> src/neural/experiments.rs:25:5
   |
25 |     pub name: String,
   |     ^^^^^^^^^^^^^^^^

warning: missing documentation for a struct field
  --> src/neural/experiments.rs:26:5
   |
26 |     pub description: String,
   |     ^^^^^^^^^^^^^^^^^^^^^^^

warning: missing documentation for a struct field
  --> src/neural/experiments.rs:27:5
   |
27 |     pub created_at: DateTime<Utc>,
   |     ^^^^^^^^^^^^^^^^^^^^^^^^^^^^^

warning: missing documentation for a struct field
  --> src/neural/experiments.rs:28:5
   |
28 |     pub status: ExperimentStatus,
   |     ^^^^^^^^^^^^^^^^^^^^^^^^^^^^

warning: missing documentation for a struct field
  --> src/neural/experiments.rs:29:5
   |
29 |     pub config: ExperimentConfig,
   |     ^^^^^^^^^^^^^^^^^^^^^^^^^^^^

warning: missing documentation for a struct field
  --> src/neural/experiments.rs:30:5
   |
30 |     pub tags: Vec<String>,
   |     ^^^^^^^^^^^^^^^^^^^^^

warning: missing documentation for a variant
  --> src/neural/experiments.rs:36:5
   |
36 |     Created,
   |     ^^^^^^^

warning: missing documentation for a variant
  --> src/neural/experiments.rs:37:5
   |
37 |     Running,
   |     ^^^^^^^

warning: missing documentation for a variant
  --> src/neural/experiments.rs:38:5
   |
38 |     Completed,
   |     ^^^^^^^^^

warning: missing documentation for a variant
  --> src/neural/experiments.rs:39:5
   |
39 |     Failed(String),
   |     ^^^^^^

warning: missing documentation for a struct field
  --> src/neural/experiments.rs:45:5
   |
45 |     pub patience: usize,
   |     ^^^^^^^^^^^^^^^^^^^

warning: missing documentation for a struct field
  --> src/neural/experiments.rs:46:5
   |
46 |     pub min_delta: f64,
   |     ^^^^^^^^^^^^^^^^^^

warning: missing documentation for a struct field
  --> src/neural/experiments.rs:47:5
   |
47 |     pub monitor_metric: String,
   |     ^^^^^^^^^^^^^^^^^^^^^^^^^^

warning: missing documentation for a struct field
  --> src/neural/experiments.rs:48:5
   |
48 |     pub mode: EarlyStoppingMode,
   |     ^^^^^^^^^^^^^^^^^^^^^^^^^^^

warning: missing documentation for a variant
  --> src/neural/experiments.rs:54:5
   |
54 |     Min, // For loss - stop when metric stops decreasing
   |     ^^^

warning: missing documentation for a variant
  --> src/neural/experiments.rs:55:5
   |
55 |     Max, // For accuracy - stop when metric stops increasing
   |     ^^^

warning: missing documentation for a struct field
  --> src/neural/experiments.rs:61:5
   |
61 |     pub base_config: TrainingConfig,
   |     ^^^^^^^^^^^^^^^^^^^^^^^^^^^^^^^

warning: missing documentation for a struct field
  --> src/neural/experiments.rs:62:5
   |
62 |     pub num_runs: usize,
   |     ^^^^^^^^^^^^^^^^^^^

warning: missing documentation for a struct field
  --> src/neural/experiments.rs:63:5
   |
63 |     pub parallel_runs: usize,
   |     ^^^^^^^^^^^^^^^^^^^^^^^^

warning: missing documentation for a struct field
  --> src/neural/experiments.rs:64:5
   |
64 |     pub evaluation_datasets: Vec<String>,
   |     ^^^^^^^^^^^^^^^^^^^^^^^^^^^^^^^^^^^^

warning: missing documentation for a struct field
  --> src/neural/experiments.rs:65:5
   |
65 |     pub metrics_to_track: Vec<String>,
   |     ^^^^^^^^^^^^^^^^^^^^^^^^^^^^^^^^^

warning: missing documentation for a struct field
  --> src/neural/experiments.rs:66:5
   |
66 |     pub early_stopping: Option<EarlyStoppingConfig>,
   |     ^^^^^^^^^^^^^^^^^^^^^^^^^^^^^^^^^^^^^^^^^^^^^^^

warning: missing documentation for a struct field
  --> src/neural/experiments.rs:72:5
   |
72 |     pub run_id: Uuid,
   |     ^^^^^^^^^^^^^^^^

warning: missing documentation for a struct field
  --> src/neural/experiments.rs:73:5
   |
73 |     pub experiment_id: String,
   |     ^^^^^^^^^^^^^^^^^^^^^^^^^

warning: missing documentation for a struct field
  --> src/neural/experiments.rs:74:5
   |
74 |     pub session_id: Option<Uuid>,
   |     ^^^^^^^^^^^^^^^^^^^^^^^^^^^^

warning: missing documentation for a struct field
  --> src/neural/experiments.rs:75:5
   |
75 |     pub start_time: DateTime<Utc>,
   |     ^^^^^^^^^^^^^^^^^^^^^^^^^^^^^

warning: missing documentation for a struct field
  --> src/neural/experiments.rs:76:5
   |
76 |     pub end_time: Option<DateTime<Utc>>,
   |     ^^^^^^^^^^^^^^^^^^^^^^^^^^^^^^^^^^^

warning: missing documentation for a struct field
  --> src/neural/experiments.rs:77:5
   |
77 |     pub status: RunStatus,
   |     ^^^^^^^^^^^^^^^^^^^^^

warning: missing documentation for a struct field
  --> src/neural/experiments.rs:78:5
   |
78 |     pub config: TrainingConfig,
   |     ^^^^^^^^^^^^^^^^^^^^^^^^^^

warning: missing documentation for a struct field
  --> src/neural/experiments.rs:79:5
   |
79 |     pub metrics: Option<TrainingMetrics>,
   |     ^^^^^^^^^^^^^^^^^^^^^^^^^^^^^^^^^^^^

warning: missing documentation for a struct field
  --> src/neural/experiments.rs:80:5
   |
80 |     pub evaluation_results: Option<EvaluationResults>,
   |     ^^^^^^^^^^^^^^^^^^^^^^^^^^^^^^^^^^^^^^^^^^^^^^^^^

warning: missing documentation for a struct field
  --> src/neural/experiments.rs:81:5
   |
81 |     pub hyperparameters: HashMap<String, serde_json::Value>,
   |     ^^^^^^^^^^^^^^^^^^^^^^^^^^^^^^^^^^^^^^^^^^^^^^^^^^^^^^^

warning: missing documentation for a struct field
  --> src/neural/experiments.rs:82:5
   |
82 |     pub artifacts: Vec<ExperimentArtifact>,
   |     ^^^^^^^^^^^^^^^^^^^^^^^^^^^^^^^^^^^^^^

warning: missing documentation for a variant
  --> src/neural/experiments.rs:88:5
   |
88 |     Pending,
   |     ^^^^^^^

warning: missing documentation for a variant
  --> src/neural/experiments.rs:89:5
   |
89 |     Running,
   |     ^^^^^^^

warning: missing documentation for a variant
  --> src/neural/experiments.rs:90:5
   |
90 |     Completed,
   |     ^^^^^^^^^

warning: missing documentation for a variant
  --> src/neural/experiments.rs:91:5
   |
91 |     Failed(String),
   |     ^^^^^^

warning: missing documentation for a struct field
  --> src/neural/experiments.rs:97:5
   |
97 |     pub artifact_id: Uuid,
   |     ^^^^^^^^^^^^^^^^^^^^^

warning: missing documentation for a struct field
  --> src/neural/experiments.rs:98:5
   |
98 |     pub name: String,
   |     ^^^^^^^^^^^^^^^^

warning: missing documentation for a struct field
  --> src/neural/experiments.rs:99:5
   |
99 |     pub artifact_type: ArtifactType,
   |     ^^^^^^^^^^^^^^^^^^^^^^^^^^^^^^^

warning: missing documentation for a struct field
   --> src/neural/experiments.rs:100:5
    |
100 |     pub path: String,
    |     ^^^^^^^^^^^^^^^^

warning: missing documentation for a struct field
   --> src/neural/experiments.rs:101:5
    |
101 |     pub size_bytes: u64,
    |     ^^^^^^^^^^^^^^^^^^^

warning: missing documentation for a struct field
   --> src/neural/experiments.rs:102:5
    |
102 |     pub created_at: DateTime<Utc>,
    |     ^^^^^^^^^^^^^^^^^^^^^^^^^^^^^

warning: missing documentation for a variant
   --> src/neural/experiments.rs:108:5
    |
108 |     Model,
    |     ^^^^^

warning: missing documentation for a variant
   --> src/neural/experiments.rs:109:5
    |
109 |     Checkpoint,
    |     ^^^^^^^^^^

warning: missing documentation for a variant
   --> src/neural/experiments.rs:110:5
    |
110 |     Metrics,
    |     ^^^^^^^

warning: missing documentation for a variant
   --> src/neural/experiments.rs:111:5
    |
111 |     Plot,
    |     ^^^^

warning: missing documentation for a variant
   --> src/neural/experiments.rs:112:5
    |
112 |     Log,
    |     ^^^

warning: missing documentation for a variant
   --> src/neural/experiments.rs:113:5
    |
113 |     Config,
    |     ^^^^^^

warning: missing documentation for a struct field
   --> src/neural/experiments.rs:119:5
    |
119 |     pub comparison_id: String,
    |     ^^^^^^^^^^^^^^^^^^^^^^^^^

warning: missing documentation for a struct field
   --> src/neural/experiments.rs:120:5
    |
120 |     pub experiment_ids: Vec<String>,
    |     ^^^^^^^^^^^^^^^^^^^^^^^^^^^^^^^

warning: missing documentation for a struct field
   --> src/neural/experiments.rs:121:5
    |
121 |     pub comparison_type: ComparisonType,
    |     ^^^^^^^^^^^^^^^^^^^^^^^^^^^^^^^^^^^

warning: missing documentation for a struct field
   --> src/neural/experiments.rs:122:5
    |
122 |     pub results: ComparisonResults,
    |     ^^^^^^^^^^^^^^^^^^^^^^^^^^^^^^

warning: missing documentation for a struct field
   --> src/neural/experiments.rs:123:5
    |
123 |     pub created_at: DateTime<Utc>,
    |     ^^^^^^^^^^^^^^^^^^^^^^^^^^^^^

warning: missing documentation for a variant
   --> src/neural/experiments.rs:129:5
    |
129 |     Performance,
    |     ^^^^^^^^^^^

warning: missing documentation for a variant
   --> src/neural/experiments.rs:130:5
    |
130 |     Convergence,
    |     ^^^^^^^^^^^

warning: missing documentation for a variant
   --> src/neural/experiments.rs:131:5
    |
131 |     ResourceUsage,
    |     ^^^^^^^^^^^^^

warning: missing documentation for a variant
   --> src/neural/experiments.rs:132:5
    |
132 |     HyperparameterImpact,
    |     ^^^^^^^^^^^^^^^^^^^^

warning: missing documentation for a variant
   --> src/neural/experiments.rs:133:5
    |
133 |     AblationStudy,
    |     ^^^^^^^^^^^^^

warning: missing documentation for a struct field
   --> src/neural/experiments.rs:139:5
    |
139 |     pub metrics_comparison: HashMap<String, MetricComparison>,
    |     ^^^^^^^^^^^^^^^^^^^^^^^^^^^^^^^^^^^^^^^^^^^^^^^^^^^^^^^^^

warning: missing documentation for a struct field
   --> src/neural/experiments.rs:140:5
    |
140 |     pub statistical_tests: Vec<StatisticalTest>,
    |     ^^^^^^^^^^^^^^^^^^^^^^^^^^^^^^^^^^^^^^^^^^^

warning: missing documentation for a struct field
   --> src/neural/experiments.rs:141:5
    |
141 |     pub rankings: Vec<ExperimentRanking>,
    |     ^^^^^^^^^^^^^^^^^^^^^^^^^^^^^^^^^^^^

warning: missing documentation for a struct field
   --> src/neural/experiments.rs:142:5
    |
142 |     pub insights: Vec<String>,
    |     ^^^^^^^^^^^^^^^^^^^^^^^^^

warning: missing documentation for a struct field
   --> src/neural/experiments.rs:148:5
    |
148 |     pub metric_name: String,
    |     ^^^^^^^^^^^^^^^^^^^^^^^

warning: missing documentation for a struct field
   --> src/neural/experiments.rs:149:5
    |
149 |     pub values: HashMap<String, f64>,
    |     ^^^^^^^^^^^^^^^^^^^^^^^^^^^^^^^^

warning: missing documentation for a struct field
   --> src/neural/experiments.rs:150:5
    |
150 |     pub best_experiment: String,
    |     ^^^^^^^^^^^^^^^^^^^^^^^^^^^

warning: missing documentation for a struct field
   --> src/neural/experiments.rs:151:5
    |
151 |     pub improvement_percentage: f64,
    |     ^^^^^^^^^^^^^^^^^^^^^^^^^^^^^^^

warning: missing documentation for a struct field
   --> src/neural/experiments.rs:157:5
    |
157 |     pub test_name: String,
    |     ^^^^^^^^^^^^^^^^^^^^^

warning: missing documentation for a struct field
   --> src/neural/experiments.rs:158:5
    |
158 |     pub p_value: f64,
    |     ^^^^^^^^^^^^^^^^

warning: missing documentation for a struct field
   --> src/neural/experiments.rs:159:5
    |
159 |     pub significant: bool,
    |     ^^^^^^^^^^^^^^^^^^^^^

warning: missing documentation for a struct field
   --> src/neural/experiments.rs:160:5
    |
160 |     pub description: String,
    |     ^^^^^^^^^^^^^^^^^^^^^^^

warning: missing documentation for a struct field
   --> src/neural/experiments.rs:166:5
    |
166 |     pub experiment_id: String,
    |     ^^^^^^^^^^^^^^^^^^^^^^^^^

warning: missing documentation for a struct field
   --> src/neural/experiments.rs:167:5
    |
167 |     pub rank: usize,
    |     ^^^^^^^^^^^^^^^

warning: missing documentation for a struct field
   --> src/neural/experiments.rs:168:5
    |
168 |     pub score: f64,
    |     ^^^^^^^^^^^^^^

warning: missing documentation for a struct field
   --> src/neural/experiments.rs:169:5
    |
169 |     pub confidence: f64,
    |     ^^^^^^^^^^^^^^^^^^^

warning: missing documentation for a struct field
   --> src/neural/experiments.rs:175:5
    |
175 |     pub total_runs: usize,
    |     ^^^^^^^^^^^^^^^^^^^^^

warning: missing documentation for a struct field
   --> src/neural/experiments.rs:176:5
    |
176 |     pub completed_runs: usize,
    |     ^^^^^^^^^^^^^^^^^^^^^^^^^

warning: missing documentation for a struct field
   --> src/neural/experiments.rs:177:5
    |
177 |     pub failed_runs: usize,
    |     ^^^^^^^^^^^^^^^^^^^^^^

warning: missing documentation for a struct field
   --> src/neural/experiments.rs:178:5
    |
178 |     pub best_run_id: Option<Uuid>,
    |     ^^^^^^^^^^^^^^^^^^^^^^^^^^^^^

warning: missing documentation for a struct field
   --> src/neural/experiments.rs:179:5
    |
179 |     pub average_runtime: Option<f64>,
    |     ^^^^^^^^^^^^^^^^^^^^^^^^^^^^^^^^

warning: missing documentation for a struct field
   --> src/neural/experiments.rs:180:5
    |
180 |     pub total_compute_cost: Option<f64>,
    |     ^^^^^^^^^^^^^^^^^^^^^^^^^^^^^^^^^^^

warning: missing documentation for a struct field
   --> src/neural/experiments.rs:186:5
    |
186 |     pub name_filter: Option<String>,
    |     ^^^^^^^^^^^^^^^^^^^^^^^^^^^^^^^

warning: missing documentation for a struct field
   --> src/neural/experiments.rs:187:5
    |
187 |     pub tag_filter: Vec<String>,
    |     ^^^^^^^^^^^^^^^^^^^^^^^^^^^

warning: missing documentation for a struct field
   --> src/neural/experiments.rs:188:5
    |
188 |     pub status_filter: Vec<ExperimentStatus>,
    |     ^^^^^^^^^^^^^^^^^^^^^^^^^^^^^^^^^^^^^^^^

warning: missing documentation for a struct field
   --> src/neural/experiments.rs:189:5
    |
189 |     pub date_range: Option<(DateTime<Utc>, DateTime<Utc>)>,
    |     ^^^^^^^^^^^^^^^^^^^^^^^^^^^^^^^^^^^^^^^^^^^^^^^^^^^^^^

warning: missing documentation for a struct field
   --> src/neural/experiments.rs:190:5
    |
190 |     pub metric_filters: HashMap<String, (f64, f64)>, // metric_name -> (min, max)
    |     ^^^^^^^^^^^^^^^^^^^^^^^^^^^^^^^^^^^^^^^^^^^^^^^

warning: missing documentation for a struct field
   --> src/neural/experiments.rs:196:5
    |
196 |     pub experiment: Experiment,
    |     ^^^^^^^^^^^^^^^^^^^^^^^^^^

warning: missing documentation for a struct field
   --> src/neural/experiments.rs:197:5
    |
197 |     pub runs: Vec<ExperimentRun>,
    |     ^^^^^^^^^^^^^^^^^^^^^^^^^^^^

warning: missing documentation for a struct field
   --> src/neural/experiments.rs:198:5
    |
198 |     pub summary: ExperimentSummary,
    |     ^^^^^^^^^^^^^^^^^^^^^^^^^^^^^^

warning: missing documentation for a struct field
   --> src/neural/experiments.rs:199:5
    |
199 |     pub recommendations: Vec<String>,
    |     ^^^^^^^^^^^^^^^^^^^^^^^^^^^^^^^^

warning: missing documentation for a struct field
   --> src/neural/experiments.rs:205:5
    |
205 |     pub total_runs: usize,
    |     ^^^^^^^^^^^^^^^^^^^^^

warning: missing documentation for a struct field
   --> src/neural/experiments.rs:206:5
    |
206 |     pub successful_runs: usize,
    |     ^^^^^^^^^^^^^^^^^^^^^^^^^^

warning: missing documentation for a struct field
   --> src/neural/experiments.rs:207:5
    |
207 |     pub best_metrics: HashMap<String, f64>,
    |     ^^^^^^^^^^^^^^^^^^^^^^^^^^^^^^^^^^^^^^

warning: missing documentation for a struct field
   --> src/neural/experiments.rs:208:5
    |
208 |     pub average_metrics: HashMap<String, f64>,
    |     ^^^^^^^^^^^^^^^^^^^^^^^^^^^^^^^^^^^^^^^^^

warning: missing documentation for a struct field
   --> src/neural/experiments.rs:209:5
    |
209 |     pub convergence_analysis: ConvergenceAnalysis,
    |     ^^^^^^^^^^^^^^^^^^^^^^^^^^^^^^^^^^^^^^^^^^^^^

warning: missing documentation for a struct field
   --> src/neural/experiments.rs:210:5
    |
210 |     pub resource_analysis: ResourceAnalysis,
    |     ^^^^^^^^^^^^^^^^^^^^^^^^^^^^^^^^^^^^^^^

warning: missing documentation for a struct field
   --> src/neural/experiments.rs:216:5
    |
216 |     pub average_epochs_to_converge: f64,
    |     ^^^^^^^^^^^^^^^^^^^^^^^^^^^^^^^^^^^

warning: missing documentation for a struct field
   --> src/neural/experiments.rs:217:5
    |
217 |     pub convergence_stability: f64,
    |     ^^^^^^^^^^^^^^^^^^^^^^^^^^^^^^

warning: missing documentation for a struct field
   --> src/neural/experiments.rs:218:5
    |
218 |     pub best_convergence_run: Uuid,
    |     ^^^^^^^^^^^^^^^^^^^^^^^^^^^^^^

warning: missing documentation for a struct field
   --> src/neural/experiments.rs:224:5
    |
224 |     pub average_cpu_usage: f64,
    |     ^^^^^^^^^^^^^^^^^^^^^^^^^^

warning: missing documentation for a struct field
   --> src/neural/experiments.rs:225:5
    |
225 |     pub average_memory_usage: f64,
    |     ^^^^^^^^^^^^^^^^^^^^^^^^^^^^^

warning: missing documentation for a struct field
   --> src/neural/experiments.rs:226:5
    |
226 |     pub average_training_time: f64,
    |     ^^^^^^^^^^^^^^^^^^^^^^^^^^^^^^

warning: missing documentation for a struct field
   --> src/neural/experiments.rs:227:5
    |
227 |     pub compute_efficiency_score: f64,
    |     ^^^^^^^^^^^^^^^^^^^^^^^^^^^^^^^^^

warning: calls to `std::mem::drop` with a reference instead of an owned value does nothing
   --> src/neural/experiments.rs:377:17
    |
377 |                 drop(metadata);
    |                 ^^^^^--------^
    |                      |
    |                      argument has type `&mut ExperimentMetadata`
    |
    = note: `#[warn(dropping_references)]` on by default
help: use `let _ = ...` to ignore the expression or result
    |
377 -                 drop(metadata);
377 +                 let _ = metadata;
    |

warning: missing documentation for a struct field
  --> src/neural/monitoring.rs:25:5
   |
25 |     pub session_id: uuid::Uuid,
   |     ^^^^^^^^^^^^^^^^^^^^^^^^^^

warning: missing documentation for a struct field
  --> src/neural/monitoring.rs:26:5
   |
26 |     pub start_time: DateTime<Utc>,
   |     ^^^^^^^^^^^^^^^^^^^^^^^^^^^^^

warning: missing documentation for a struct field
  --> src/neural/monitoring.rs:27:5
   |
27 |     pub last_update: DateTime<Utc>,
   |     ^^^^^^^^^^^^^^^^^^^^^^^^^^^^^^

warning: missing documentation for a struct field
  --> src/neural/monitoring.rs:28:5
   |
28 |     pub metrics_history: Vec<MetricsSnapshot>,
   |     ^^^^^^^^^^^^^^^^^^^^^^^^^^^^^^^^^^^^^^^^^

warning: missing documentation for a struct field
  --> src/neural/monitoring.rs:29:5
   |
29 |     pub alerts: Vec<Alert>,
   |     ^^^^^^^^^^^^^^^^^^^^^^

warning: missing documentation for a struct field
  --> src/neural/monitoring.rs:30:5
   |
30 |     pub performance_indicators: PerformanceIndicators,
   |     ^^^^^^^^^^^^^^^^^^^^^^^^^^^^^^^^^^^^^^^^^^^^^^^^^

warning: missing documentation for a struct field
  --> src/neural/monitoring.rs:36:5
   |
36 |     pub timestamp: DateTime<Utc>,
   |     ^^^^^^^^^^^^^^^^^^^^^^^^^^^^

warning: missing documentation for a struct field
  --> src/neural/monitoring.rs:37:5
   |
37 |     pub epoch: usize,
   |     ^^^^^^^^^^^^^^^^

warning: missing documentation for a struct field
  --> src/neural/monitoring.rs:38:5
   |
38 |     pub metrics: TrainingMetrics,
   |     ^^^^^^^^^^^^^^^^^^^^^^^^^^^^

warning: missing documentation for a struct field
  --> src/neural/monitoring.rs:39:5
   |
39 |     pub system_resources: SystemResources,
   |     ^^^^^^^^^^^^^^^^^^^^^^^^^^^^^^^^^^^^^

warning: missing documentation for a struct field
  --> src/neural/monitoring.rs:45:5
   |
45 |     pub cpu_usage: f64,
   |     ^^^^^^^^^^^^^^^^^^

warning: missing documentation for a struct field
  --> src/neural/monitoring.rs:46:5
   |
46 |     pub memory_usage: f64,
   |     ^^^^^^^^^^^^^^^^^^^^^

warning: missing documentation for a struct field
  --> src/neural/monitoring.rs:47:5
   |
47 |     pub gpu_usage: Option<f64>,
   |     ^^^^^^^^^^^^^^^^^^^^^^^^^^

warning: missing documentation for a struct field
  --> src/neural/monitoring.rs:48:5
   |
48 |     pub disk_io: f64,
   |     ^^^^^^^^^^^^^^^^

warning: missing documentation for a struct field
  --> src/neural/monitoring.rs:49:5
   |
49 |     pub network_io: f64,
   |     ^^^^^^^^^^^^^^^^^^^

warning: missing documentation for a struct field
  --> src/neural/monitoring.rs:55:5
   |
55 |     pub convergence_rate: f64,
   |     ^^^^^^^^^^^^^^^^^^^^^^^^^

warning: missing documentation for a struct field
  --> src/neural/monitoring.rs:56:5
   |
56 |     pub stability_score: f64,
   |     ^^^^^^^^^^^^^^^^^^^^^^^^

warning: missing documentation for a struct field
  --> src/neural/monitoring.rs:57:5
   |
57 |     pub efficiency_score: f64,
   |     ^^^^^^^^^^^^^^^^^^^^^^^^^

warning: missing documentation for a struct field
  --> src/neural/monitoring.rs:58:5
   |
58 |     pub resource_efficiency: f64,
   |     ^^^^^^^^^^^^^^^^^^^^^^^^^^^^

warning: missing documentation for a struct field
  --> src/neural/monitoring.rs:64:5
   |
64 |     pub alert_id: uuid::Uuid,
   |     ^^^^^^^^^^^^^^^^^^^^^^^^

warning: missing documentation for a struct field
  --> src/neural/monitoring.rs:65:5
   |
65 |     pub timestamp: DateTime<Utc>,
   |     ^^^^^^^^^^^^^^^^^^^^^^^^^^^^

warning: missing documentation for a struct field
  --> src/neural/monitoring.rs:66:5
   |
66 |     pub alert_type: AlertType,
   |     ^^^^^^^^^^^^^^^^^^^^^^^^^

warning: missing documentation for a struct field
  --> src/neural/monitoring.rs:67:5
   |
67 |     pub severity: AlertSeverity,
   |     ^^^^^^^^^^^^^^^^^^^^^^^^^^^

warning: missing documentation for a struct field
  --> src/neural/monitoring.rs:68:5
   |
68 |     pub message: String,
   |     ^^^^^^^^^^^^^^^^^^^

warning: missing documentation for a struct field
  --> src/neural/monitoring.rs:69:5
   |
69 |     pub resolved: bool,
   |     ^^^^^^^^^^^^^^^^^^

warning: missing documentation for a variant
  --> src/neural/monitoring.rs:75:5
   |
75 |     PerformanceDegradation,
   |     ^^^^^^^^^^^^^^^^^^^^^^

warning: missing documentation for a variant
  --> src/neural/monitoring.rs:76:5
   |
76 |     MemoryLeak,
   |     ^^^^^^^^^^

warning: missing documentation for a variant
  --> src/neural/monitoring.rs:77:5
   |
77 |     ConvergenceStall,
   |     ^^^^^^^^^^^^^^^^

warning: missing documentation for a variant
  --> src/neural/monitoring.rs:78:5
   |
78 |     ResourceExhaustion,
   |     ^^^^^^^^^^^^^^^^^^

warning: missing documentation for a variant
  --> src/neural/monitoring.rs:79:5
   |
79 |     TrainingDivergence,
   |     ^^^^^^^^^^^^^^^^^^

warning: missing documentation for a variant
  --> src/neural/monitoring.rs:80:5
   |
80 |     HardwareFailure,
   |     ^^^^^^^^^^^^^^^

warning: missing documentation for a variant
  --> src/neural/monitoring.rs:86:5
   |
86 |     Low,
   |     ^^^

warning: missing documentation for a variant
  --> src/neural/monitoring.rs:87:5
   |
87 |     Medium,
   |     ^^^^^^

warning: missing documentation for a variant
  --> src/neural/monitoring.rs:88:5
   |
88 |     High,
   |     ^^^^

warning: missing documentation for a variant
  --> src/neural/monitoring.rs:89:5
   |
89 |     Critical,
   |     ^^^^^^^^

warning: missing documentation for a struct field
  --> src/neural/monitoring.rs:95:5
   |
95 |     pub max_memory_usage: f64,
   |     ^^^^^^^^^^^^^^^^^^^^^^^^^

warning: missing documentation for a struct field
  --> src/neural/monitoring.rs:96:5
   |
96 |     pub max_cpu_usage: f64,
   |     ^^^^^^^^^^^^^^^^^^^^^^

warning: missing documentation for a struct field
  --> src/neural/monitoring.rs:97:5
   |
97 |     pub min_convergence_rate: f64,
   |     ^^^^^^^^^^^^^^^^^^^^^^^^^^^^^

warning: missing documentation for a struct field
  --> src/neural/monitoring.rs:98:5
   |
98 |     pub max_loss_increase: f64,
   |     ^^^^^^^^^^^^^^^^^^^^^^^^^^

warning: missing documentation for a struct field
  --> src/neural/monitoring.rs:99:5
   |
99 |     pub max_training_time: Duration,
   |     ^^^^^^^^^^^^^^^^^^^^^^^^^^^^^^^

warning: missing documentation for a struct field
   --> src/neural/monitoring.rs:105:5
    |
105 |     pub benchmark_id: String,
    |     ^^^^^^^^^^^^^^^^^^^^^^^^

warning: missing documentation for a struct field
   --> src/neural/monitoring.rs:106:5
    |
106 |     pub timestamp: DateTime<Utc>,
    |     ^^^^^^^^^^^^^^^^^^^^^^^^^^^^

warning: missing documentation for a struct field
   --> src/neural/monitoring.rs:107:5
    |
107 |     pub operation: String,
    |     ^^^^^^^^^^^^^^^^^^^^^

warning: missing documentation for a struct field
   --> src/neural/monitoring.rs:108:5
    |
108 |     pub duration: Duration,
    |     ^^^^^^^^^^^^^^^^^^^^^^

warning: missing documentation for a struct field
   --> src/neural/monitoring.rs:109:5
    |
109 |     pub throughput: f64,
    |     ^^^^^^^^^^^^^^^^^^^

warning: missing documentation for a struct field
   --> src/neural/monitoring.rs:110:5
    |
110 |     pub latency: Duration,
    |     ^^^^^^^^^^^^^^^^^^^^^

warning: missing documentation for a struct field
   --> src/neural/monitoring.rs:111:5
    |
111 |     pub resource_usage: SystemResources,
    |     ^^^^^^^^^^^^^^^^^^^^^^^^^^^^^^^^^^^

warning: missing documentation for a struct field
   --> src/neural/monitoring.rs:117:5
    |
117 |     pub event_id: uuid::Uuid,
    |     ^^^^^^^^^^^^^^^^^^^^^^^^

warning: missing documentation for a struct field
   --> src/neural/monitoring.rs:118:5
    |
118 |     pub timestamp: DateTime<Utc>,
    |     ^^^^^^^^^^^^^^^^^^^^^^^^^^^^

warning: missing documentation for a struct field
   --> src/neural/monitoring.rs:119:5
    |
119 |     pub event_type: MonitoringEventType,
    |     ^^^^^^^^^^^^^^^^^^^^^^^^^^^^^^^^^^^

warning: missing documentation for a struct field
   --> src/neural/monitoring.rs:120:5
    |
120 |     pub session_id: Option<uuid::Uuid>,
    |     ^^^^^^^^^^^^^^^^^^^^^^^^^^^^^^^^^^

warning: missing documentation for a struct field
   --> src/neural/monitoring.rs:121:5
    |
121 |     pub details: serde_json::Value,
    |     ^^^^^^^^^^^^^^^^^^^^^^^^^^^^^^

warning: missing documentation for a variant
   --> src/neural/monitoring.rs:127:5
    |
127 |     SessionStarted,
    |     ^^^^^^^^^^^^^^

warning: missing documentation for a variant
   --> src/neural/monitoring.rs:128:5
    |
128 |     SessionCompleted,
    |     ^^^^^^^^^^^^^^^^

warning: missing documentation for a variant
   --> src/neural/monitoring.rs:129:5
    |
129 |     EpochCompleted,
    |     ^^^^^^^^^^^^^^

warning: missing documentation for a variant
   --> src/neural/monitoring.rs:130:5
    |
130 |     AlertTriggered,
    |     ^^^^^^^^^^^^^^

warning: missing documentation for a variant
   --> src/neural/monitoring.rs:131:5
    |
131 |     BenchmarkCompleted,
    |     ^^^^^^^^^^^^^^^^^^

warning: missing documentation for a variant
   --> src/neural/monitoring.rs:132:5
    |
132 |     ResourceWarning,
    |     ^^^^^^^^^^^^^^^

warning: missing documentation for a struct field
   --> src/neural/monitoring.rs:151:5
    |
151 |     pub name: String,
    |     ^^^^^^^^^^^^^^^^

warning: missing documentation for a struct field
   --> src/neural/monitoring.rs:152:5
    |
152 |     pub value: f64,
    |     ^^^^^^^^^^^^^^

warning: missing documentation for a struct field
   --> src/neural/monitoring.rs:153:5
    |
153 |     pub confidence_interval: Option<(f64, f64)>,
    |     ^^^^^^^^^^^^^^^^^^^^^^^^^^^^^^^^^^^^^^^^^^^

warning: missing documentation for a struct field
   --> src/neural/monitoring.rs:154:5
    |
154 |     pub timestamp: DateTime<Utc>,
    |     ^^^^^^^^^^^^^^^^^^^^^^^^^^^^

warning: missing documentation for a struct field
   --> src/neural/monitoring.rs:160:5
    |
160 |     pub matrix: Vec<Vec<u32>>,
    |     ^^^^^^^^^^^^^^^^^^^^^^^^^

warning: missing documentation for a struct field
   --> src/neural/monitoring.rs:161:5
    |
161 |     pub labels: Vec<String>,
    |     ^^^^^^^^^^^^^^^^^^^^^^^

warning: missing documentation for a struct field
   --> src/neural/monitoring.rs:162:5
    |
162 |     pub timestamp: DateTime<Utc>,
    |     ^^^^^^^^^^^^^^^^^^^^^^^^^^^^

warning: missing documentation for a struct field
   --> src/neural/monitoring.rs:168:5
    |
168 |     pub fpr: Vec<f64>,
    |     ^^^^^^^^^^^^^^^^^

warning: missing documentation for a struct field
   --> src/neural/monitoring.rs:169:5
    |
169 |     pub tpr: Vec<f64>,
    |     ^^^^^^^^^^^^^^^^^

warning: missing documentation for a struct field
   --> src/neural/monitoring.rs:170:5
    |
170 |     pub thresholds: Vec<f64>,
    |     ^^^^^^^^^^^^^^^^^^^^^^^^

warning: missing documentation for a struct field
   --> src/neural/monitoring.rs:171:5
    |
171 |     pub auc: f64,
    |     ^^^^^^^^^^^^

warning: missing documentation for a struct field
   --> src/neural/monitoring.rs:172:5
    |
172 |     pub timestamp: DateTime<Utc>,
    |     ^^^^^^^^^^^^^^^^^^^^^^^^^^^^

warning: missing documentation for a struct field
   --> src/neural/monitoring.rs:178:5
    |
178 |     pub feature_name: String,
    |     ^^^^^^^^^^^^^^^^^^^^^^^^

warning: missing documentation for a struct field
   --> src/neural/monitoring.rs:179:5
    |
179 |     pub importance_score: f64,
    |     ^^^^^^^^^^^^^^^^^^^^^^^^^

warning: missing documentation for a struct field
   --> src/neural/monitoring.rs:180:5
    |
180 |     pub rank: usize,
    |     ^^^^^^^^^^^^^^^

warning: missing documentation for a struct field
   --> src/neural/monitoring.rs:195:5
    |
195 |     pub plot_id: String,
    |     ^^^^^^^^^^^^^^^^^^^

warning: missing documentation for a struct field
   --> src/neural/monitoring.rs:196:5
    |
196 |     pub title: String,
    |     ^^^^^^^^^^^^^^^^^

warning: missing documentation for a struct field
   --> src/neural/monitoring.rs:197:5
    |
197 |     pub x_label: String,
    |     ^^^^^^^^^^^^^^^^^^^

warning: missing documentation for a struct field
   --> src/neural/monitoring.rs:198:5
    |
198 |     pub y_label: String,
    |     ^^^^^^^^^^^^^^^^^^^

warning: missing documentation for a struct field
   --> src/neural/monitoring.rs:199:5
    |
199 |     pub x_data: Vec<f64>,
    |     ^^^^^^^^^^^^^^^^^^^^

warning: missing documentation for a struct field
   --> src/neural/monitoring.rs:200:5
    |
200 |     pub y_data: Vec<f64>,
    |     ^^^^^^^^^^^^^^^^^^^^

warning: missing documentation for a struct field
   --> src/neural/monitoring.rs:201:5
    |
201 |     pub plot_type: PlotType,
    |     ^^^^^^^^^^^^^^^^^^^^^^^

warning: missing documentation for a struct field
   --> src/neural/monitoring.rs:207:5
    |
207 |     pub chart_id: String,
    |     ^^^^^^^^^^^^^^^^^^^^

warning: missing documentation for a struct field
   --> src/neural/monitoring.rs:208:5
    |
208 |     pub title: String,
    |     ^^^^^^^^^^^^^^^^^

warning: missing documentation for a struct field
   --> src/neural/monitoring.rs:209:5
    |
209 |     pub data: Vec<ChartSeries>,
    |     ^^^^^^^^^^^^^^^^^^^^^^^^^^

warning: missing documentation for a struct field
   --> src/neural/monitoring.rs:215:5
    |
215 |     pub name: String,
    |     ^^^^^^^^^^^^^^^^

warning: missing documentation for a struct field
   --> src/neural/monitoring.rs:216:5
    |
216 |     pub data: Vec<f64>,
    |     ^^^^^^^^^^^^^^^^^^

warning: missing documentation for a struct field
   --> src/neural/monitoring.rs:217:5
    |
217 |     pub color: String,
    |     ^^^^^^^^^^^^^^^^^

warning: missing documentation for a variant
   --> src/neural/monitoring.rs:223:5
    |
223 |     Line,
    |     ^^^^

warning: missing documentation for a variant
   --> src/neural/monitoring.rs:224:5
    |
224 |     Scatter,
    |     ^^^^^^^

warning: missing documentation for a variant
   --> src/neural/monitoring.rs:225:5
    |
225 |     Bar,
    |     ^^^

warning: missing documentation for a variant
   --> src/neural/monitoring.rs:226:5
    |
226 |     Histogram,
    |     ^^^^^^^^^

warning: missing documentation for a struct field
    --> src/neural/monitoring.rs:1000:5
     |
1000 |     pub model_id: String,
     |     ^^^^^^^^^^^^^^^^^^^^

warning: missing documentation for a struct field
    --> src/neural/monitoring.rs:1001:5
     |
1001 |     pub metrics: Vec<EvaluationMetric>,
     |     ^^^^^^^^^^^^^^^^^^^^^^^^^^^^^^^^^^

warning: missing documentation for a struct field
    --> src/neural/monitoring.rs:1002:5
     |
1002 |     pub confusion_matrix: ConfusionMatrix,
     |     ^^^^^^^^^^^^^^^^^^^^^^^^^^^^^^^^^^^^^

warning: missing documentation for a struct field
    --> src/neural/monitoring.rs:1003:5
     |
1003 |     pub roc_curve: ROCCurve,
     |     ^^^^^^^^^^^^^^^^^^^^^^^

warning: missing documentation for a struct field
    --> src/neural/monitoring.rs:1004:5
     |
1004 |     pub feature_importance: Vec<FeatureImportance>,
     |     ^^^^^^^^^^^^^^^^^^^^^^^^^^^^^^^^^^^^^^^^^^^^^^

warning: missing documentation for a struct field
    --> src/neural/monitoring.rs:1010:5
     |
1010 |     pub session_id: uuid::Uuid,
     |     ^^^^^^^^^^^^^^^^^^^^^^^^^^

warning: missing documentation for a struct field
    --> src/neural/monitoring.rs:1011:5
     |
1011 |     pub total_epochs: usize,
     |     ^^^^^^^^^^^^^^^^^^^^^^^

warning: missing documentation for a struct field
    --> src/neural/monitoring.rs:1012:5
     |
1012 |     pub avg_loss: f64,
     |     ^^^^^^^^^^^^^^^^^

warning: missing documentation for a struct field
    --> src/neural/monitoring.rs:1013:5
     |
1013 |     pub avg_accuracy: f64,
     |     ^^^^^^^^^^^^^^^^^^^^^

warning: missing documentation for a struct field
    --> src/neural/monitoring.rs:1014:5
     |
1014 |     pub total_training_time: Duration,
     |     ^^^^^^^^^^^^^^^^^^^^^^^^^^^^^^^^^

warning: missing documentation for a struct field
    --> src/neural/monitoring.rs:1015:5
     |
1015 |     pub active_alerts: usize,
     |     ^^^^^^^^^^^^^^^^^^^^^^^^

warning: missing documentation for a struct field
    --> src/neural/monitoring.rs:1016:5
     |
1016 |     pub performance_indicators: PerformanceIndicators,
     |     ^^^^^^^^^^^^^^^^^^^^^^^^^^^^^^^^^^^^^^^^^^^^^^^^^

warning: missing documentation for a struct
 --> src/neural/nlp.rs:9:1
  |
9 | pub struct NLPInsight {
  | ^^^^^^^^^^^^^^^^^^^^^

warning: missing documentation for a struct field
  --> src/neural/nlp.rs:10:5
   |
10 |     pub pattern: String,
   |     ^^^^^^^^^^^^^^^^^^^

warning: missing documentation for a struct field
  --> src/neural/nlp.rs:11:5
   |
11 |     pub confidence: f64,
   |     ^^^^^^^^^^^^^^^^^^^

warning: missing documentation for a struct field
  --> src/neural/nlp.rs:12:5
   |
12 |     pub context: String,
   |     ^^^^^^^^^^^^^^^^^^^

warning: missing documentation for a struct field
  --> src/neural/nlp.rs:13:5
   |
13 |     pub learned_from: Vec<Uuid>, // agent IDs that contributed to this insight
   |     ^^^^^^^^^^^^^^^^^^^^^^^^^^^

warning: missing documentation for a struct
  --> src/neural/nlp.rs:17:1
   |
17 | pub struct SemanticVector {
   | ^^^^^^^^^^^^^^^^^^^^^^^^^

warning: missing documentation for a struct field
  --> src/neural/nlp.rs:18:5
   |
18 |     pub dimensions: Vec<f64>,
   |     ^^^^^^^^^^^^^^^^^^^^^^^^

warning: missing documentation for a struct field
  --> src/neural/nlp.rs:19:5
   |
19 |     pub magnitude: f64,
   |     ^^^^^^^^^^^^^^^^^^

warning: missing documentation for a struct
  --> src/neural/nlp.rs:23:1
   |
23 | pub struct LanguagePattern {
   | ^^^^^^^^^^^^^^^^^^^^^^^^^^

warning: missing documentation for a struct field
  --> src/neural/nlp.rs:24:5
   |
24 |     pub pattern_id: Uuid,
   |     ^^^^^^^^^^^^^^^^^^^^

warning: missing documentation for a struct field
  --> src/neural/nlp.rs:25:5
   |
25 |     pub pattern_type: PatternType,
   |     ^^^^^^^^^^^^^^^^^^^^^^^^^^^^^

warning: missing documentation for a struct field
  --> src/neural/nlp.rs:26:5
   |
26 |     pub keywords: Vec<String>,
   |     ^^^^^^^^^^^^^^^^^^^^^^^^^

warning: missing documentation for a struct field
  --> src/neural/nlp.rs:27:5
   |
27 |     pub semantic_vector: SemanticVector,
   |     ^^^^^^^^^^^^^^^^^^^^^^^^^^^^^^^^^^^

warning: missing documentation for a struct field
  --> src/neural/nlp.rs:28:5
   |
28 |     pub success_rate: f64,
   |     ^^^^^^^^^^^^^^^^^^^^^

warning: missing documentation for a struct field
  --> src/neural/nlp.rs:29:5
   |
29 |     pub usage_count: u32,
   |     ^^^^^^^^^^^^^^^^^^^^

warning: missing documentation for an enum
  --> src/neural/nlp.rs:33:1
   |
33 | pub enum PatternType {
   | ^^^^^^^^^^^^^^^^^^^^

warning: missing documentation for a variant
  --> src/neural/nlp.rs:34:5
   |
34 |     TaskDescription,
   |     ^^^^^^^^^^^^^^^

warning: missing documentation for a variant
  --> src/neural/nlp.rs:35:5
   |
35 |     SuccessIndicator,
   |     ^^^^^^^^^^^^^^^^

warning: missing documentation for a variant
  --> src/neural/nlp.rs:36:5
   |
36 |     FailureIndicator,
   |     ^^^^^^^^^^^^^^^^

warning: missing documentation for a variant
  --> src/neural/nlp.rs:37:5
   |
37 |     CommunicationStyle,
   |     ^^^^^^^^^^^^^^^^^^

warning: missing documentation for a variant
  --> src/neural/nlp.rs:38:5
   |
38 |     LearningCue,
   |     ^^^^^^^^^^^

warning: missing documentation for a struct
  --> src/neural/nlp.rs:42:1
   |
42 | pub struct NLPProcessor {
   | ^^^^^^^^^^^^^^^^^^^^^^^

warning: missing documentation for a struct field
  --> src/neural/nlp.rs:43:5
   |
43 |     pub learned_patterns: RwLock<HashMap<String, LanguagePattern>>,
   |     ^^^^^^^^^^^^^^^^^^^^^^^^^^^^^^^^^^^^^^^^^^^^^^^^^^^^^^^^^^^^^^

warning: missing documentation for a struct field
  --> src/neural/nlp.rs:44:5
   |
44 |     pub insights: RwLock<Vec<NLPInsight>>,
   |     ^^^^^^^^^^^^^^^^^^^^^^^^^^^^^^^^^^^^^

warning: missing documentation for a struct field
  --> src/neural/nlp.rs:45:5
   |
45 |     pub vocabulary: RwLock<HashMap<String, f64>>, // word -> importance score
   |     ^^^^^^^^^^^^^^^^^^^^^^^^^^^^^^^^^^^^^^^^^^^^

warning: missing documentation for a struct field
  --> src/neural/nlp.rs:46:5
   |
46 |     pub semantic_cache: RwLock<HashMap<String, SemanticVector>>,
   |     ^^^^^^^^^^^^^^^^^^^^^^^^^^^^^^^^^^^^^^^^^^^^^^^^^^^^^^^^^^^

warning: missing documentation for a struct field
  --> src/neural/nlp.rs:47:5
   |
47 |     pub cpu_optimizer: CpuOptimizer,
   |     ^^^^^^^^^^^^^^^^^^^^^^^^^^^^^^^

warning: missing documentation for an associated function
  --> src/neural/nlp.rs:51:5
   |
51 |     pub async fn new() -> Result<Self> {
   |     ^^^^^^^^^^^^^^^^^^^^^^^^^^^^^^^^^^

warning: missing documentation for a method
  --> src/neural/nlp.rs:68:5
   |
68 |     pub async fn process_text(&self, text: &str) -> Result<ProcessedText> {
   |     ^^^^^^^^^^^^^^^^^^^^^^^^^^^^^^^^^^^^^^^^^^^^^^^^^^^^^^^^^^^^^^^^^^^^^

warning: missing documentation for a method
  --> src/neural/nlp.rs:85:5
   |
85 | /     pub async fn learn_from_interaction(
86 | |         &self,
87 | |         input: &str,
88 | |         output: &str,
89 | |         success: bool,
90 | |         agent_id: Uuid,
91 | |     ) -> Result<()> {
   | |___________________^

warning: missing documentation for a method
   --> src/neural/nlp.rs:117:5
    |
117 |     pub async fn suggest_improvements(&self, text: &str) -> Result<Vec<String>> {
    |     ^^^^^^^^^^^^^^^^^^^^^^^^^^^^^^^^^^^^^^^^^^^^^^^^^^^^^^^^^^^^^^^^^^^^^^^^^^^

warning: missing documentation for a method
   --> src/neural/nlp.rs:150:5
    |
150 |     pub async fn find_similar_experiences(&self, text: &str) -> Result<Vec<NLPInsight>> {
    |     ^^^^^^^^^^^^^^^^^^^^^^^^^^^^^^^^^^^^^^^^^^^^^^^^^^^^^^^^^^^^^^^^^^^^^^^^^^^^^^^^^^^

warning: missing documentation for a method
   --> src/neural/nlp.rs:209:5
    |
209 |     pub fn analyze_sentiment(&self, tokens: &[String]) -> f64 {
    |     ^^^^^^^^^^^^^^^^^^^^^^^^^^^^^^^^^^^^^^^^^^^^^^^^^^^^^^^^^

warning: missing documentation for a method
   --> src/neural/nlp.rs:247:5
    |
247 |     pub async fn extract_keywords(&self, text: &str, limit: usize) -> Vec<String> {
    |     ^^^^^^^^^^^^^^^^^^^^^^^^^^^^^^^^^^^^^^^^^^^^^^^^^^^^^^^^^^^^^^^^^^^^^^^^^^^^^

warning: missing documentation for a struct
   --> src/neural/nlp.rs:402:1
    |
402 | pub struct ProcessedText {
    | ^^^^^^^^^^^^^^^^^^^^^^^^

warning: missing documentation for a struct field
   --> src/neural/nlp.rs:403:5
    |
403 |     pub original_text: String,
    |     ^^^^^^^^^^^^^^^^^^^^^^^^^

warning: missing documentation for a struct field
   --> src/neural/nlp.rs:404:5
    |
404 |     pub tokens: Vec<String>,
    |     ^^^^^^^^^^^^^^^^^^^^^^^

warning: missing documentation for a struct field
   --> src/neural/nlp.rs:405:5
    |
405 |     pub semantic_vector: SemanticVector,
    |     ^^^^^^^^^^^^^^^^^^^^^^^^^^^^^^^^^^^

warning: missing documentation for a struct field
   --> src/neural/nlp.rs:406:5
    |
406 |     pub sentiment: f64,
    |     ^^^^^^^^^^^^^^^^^^

warning: missing documentation for a struct field
   --> src/neural/nlp.rs:407:5
    |
407 |     pub keywords: Vec<String>,
    |     ^^^^^^^^^^^^^^^^^^^^^^^^^

warning: missing documentation for a struct field
   --> src/neural/nlp.rs:408:5
    |
408 |     pub identified_patterns: Vec<Uuid>,
    |     ^^^^^^^^^^^^^^^^^^^^^^^^^^^^^^^^^^

warning: missing documentation for a struct field
  --> src/neural/training.rs:37:5
   |
37 |     pub model_type: ModelType,
   |     ^^^^^^^^^^^^^^^^^^^^^^^^^

warning: missing documentation for a struct field
  --> src/neural/training.rs:38:5
   |
38 |     pub architecture: ArchitectureConfig,
   |     ^^^^^^^^^^^^^^^^^^^^^^^^^^^^^^^^^^^^

warning: missing documentation for a struct field
  --> src/neural/training.rs:39:5
   |
39 |     pub training: TrainingParams,
   |     ^^^^^^^^^^^^^^^^^^^^^^^^^^^^

warning: missing documentation for a struct field
  --> src/neural/training.rs:40:5
   |
40 |     pub optimization: OptimizationConfig,
   |     ^^^^^^^^^^^^^^^^^^^^^^^^^^^^^^^^^^^^

warning: missing documentation for a struct field
  --> src/neural/training.rs:41:5
   |
41 |     pub data: DataConfig,
   |     ^^^^^^^^^^^^^^^^^^^^

warning: missing documentation for a variant
  --> src/neural/training.rs:47:5
   |
47 |     Transformer,
   |     ^^^^^^^^^^^

warning: missing documentation for a variant
  --> src/neural/training.rs:48:5
   |
48 |     Convolutional,
   |     ^^^^^^^^^^^^^

warning: missing documentation for a variant
  --> src/neural/training.rs:49:5
   |
49 |     Recurrent,
   |     ^^^^^^^^^

warning: missing documentation for a variant
  --> src/neural/training.rs:50:5
   |
50 |     GraphNeural,
   |     ^^^^^^^^^^^

warning: missing documentation for a variant
  --> src/neural/training.rs:51:5
   |
51 |     FeedForward,
   |     ^^^^^^^^^^^

warning: missing documentation for a variant
  --> src/neural/training.rs:57:5
   |
57 |     Transformer(TransformerConfig),
   |     ^^^^^^^^^^^

warning: missing documentation for a variant
  --> src/neural/training.rs:58:5
   |
58 |     CNN(CNNConfig),
   |     ^^^

warning: missing documentation for a variant
  --> src/neural/training.rs:59:5
   |
59 |     RNN(RNNConfig),
   |     ^^^

warning: missing documentation for a variant
  --> src/neural/training.rs:60:5
   |
60 |     GNN(GNNConfig),
   |     ^^^

warning: missing documentation for a struct field
  --> src/neural/training.rs:70:5
   |
70 |     pub layers: usize,
   |     ^^^^^^^^^^^^^^^^^

warning: missing documentation for a struct field
  --> src/neural/training.rs:71:5
   |
71 |     pub attention_heads: usize,
   |     ^^^^^^^^^^^^^^^^^^^^^^^^^^

warning: missing documentation for a struct field
  --> src/neural/training.rs:72:5
   |
72 |     pub hidden_size: usize,
   |     ^^^^^^^^^^^^^^^^^^^^^^

warning: missing documentation for a struct field
  --> src/neural/training.rs:73:5
   |
73 |     pub feedforward_size: usize,
   |     ^^^^^^^^^^^^^^^^^^^^^^^^^^^

warning: missing documentation for a struct field
  --> src/neural/training.rs:74:5
   |
74 |     pub dropout: f64,
   |     ^^^^^^^^^^^^^^^^

warning: missing documentation for a struct field
  --> src/neural/training.rs:80:5
   |
80 |     pub layers: Vec<ConvLayerConfig>,
   |     ^^^^^^^^^^^^^^^^^^^^^^^^^^^^^^^^

warning: missing documentation for a struct field
  --> src/neural/training.rs:81:5
   |
81 |     pub fully_connected: Vec<usize>,
   |     ^^^^^^^^^^^^^^^^^^^^^^^^^^^^^^^

warning: missing documentation for a struct field
  --> src/neural/training.rs:87:5
   |
87 |     pub cell_type: RNNCellType,
   |     ^^^^^^^^^^^^^^^^^^^^^^^^^^

warning: missing documentation for a struct field
  --> src/neural/training.rs:88:5
   |
88 |     pub hidden_size: usize,
   |     ^^^^^^^^^^^^^^^^^^^^^^

warning: missing documentation for a struct field
  --> src/neural/training.rs:89:5
   |
89 |     pub num_layers: usize,
   |     ^^^^^^^^^^^^^^^^^^^^^

warning: missing documentation for a struct field
  --> src/neural/training.rs:90:5
   |
90 |     pub bidirectional: bool,
   |     ^^^^^^^^^^^^^^^^^^^^^^^

warning: missing documentation for a struct field
  --> src/neural/training.rs:96:5
   |
96 |     pub node_features: usize,
   |     ^^^^^^^^^^^^^^^^^^^^^^^^

warning: missing documentation for a struct field
  --> src/neural/training.rs:97:5
   |
97 |     pub edge_features: usize,
   |     ^^^^^^^^^^^^^^^^^^^^^^^^

warning: missing documentation for a struct field
  --> src/neural/training.rs:98:5
   |
98 |     pub hidden_channels: usize,
   |     ^^^^^^^^^^^^^^^^^^^^^^^^^^

warning: missing documentation for a struct field
  --> src/neural/training.rs:99:5
   |
99 |     pub num_layers: usize,
   |     ^^^^^^^^^^^^^^^^^^^^^

warning: missing documentation for a struct field
   --> src/neural/training.rs:105:5
    |
105 |     pub filters: usize,
    |     ^^^^^^^^^^^^^^^^^^

warning: missing documentation for a struct field
   --> src/neural/training.rs:106:5
    |
106 |     pub kernel_size: (usize, usize),
    |     ^^^^^^^^^^^^^^^^^^^^^^^^^^^^^^^

warning: missing documentation for a struct field
   --> src/neural/training.rs:107:5
    |
107 |     pub stride: (usize, usize),
    |     ^^^^^^^^^^^^^^^^^^^^^^^^^^

warning: missing documentation for a struct field
   --> src/neural/training.rs:108:5
    |
108 |     pub padding: (usize, usize),
    |     ^^^^^^^^^^^^^^^^^^^^^^^^^^^

warning: missing documentation for a struct field
   --> src/neural/training.rs:109:5
    |
109 |     pub activation: ActivationFunction,
    |     ^^^^^^^^^^^^^^^^^^^^^^^^^^^^^^^^^^

warning: missing documentation for a variant
   --> src/neural/training.rs:115:5
    |
115 |     LSTM,
    |     ^^^^

warning: missing documentation for a variant
   --> src/neural/training.rs:116:5
    |
116 |     GRU,
    |     ^^^

warning: missing documentation for a variant
   --> src/neural/training.rs:117:5
    |
117 |     Simple,
    |     ^^^^^^

warning: missing documentation for a struct field
   --> src/neural/training.rs:123:5
    |
123 |     pub optimizer: OptimizerType,
    |     ^^^^^^^^^^^^^^^^^^^^^^^^^^^^

warning: missing documentation for a struct field
   --> src/neural/training.rs:124:5
    |
124 |     pub learning_rate: f64,
    |     ^^^^^^^^^^^^^^^^^^^^^^

warning: missing documentation for a struct field
   --> src/neural/training.rs:125:5
    |
125 |     pub batch_size: usize,
    |     ^^^^^^^^^^^^^^^^^^^^^

warning: missing documentation for a struct field
   --> src/neural/training.rs:126:5
    |
126 |     pub epochs: usize,
    |     ^^^^^^^^^^^^^^^^^

warning: missing documentation for a struct field
   --> src/neural/training.rs:127:5
    |
127 |     pub loss_function: LossFunction,
    |     ^^^^^^^^^^^^^^^^^^^^^^^^^^^^^^^

warning: missing documentation for a struct field
   --> src/neural/training.rs:128:5
    |
128 |     pub early_stopping: Option<EarlyStoppingConfig>,
    |     ^^^^^^^^^^^^^^^^^^^^^^^^^^^^^^^^^^^^^^^^^^^^^^^

warning: missing documentation for a struct field
   --> src/neural/training.rs:129:5
    |
129 |     pub gradient_clipping: Option<f64>,
    |     ^^^^^^^^^^^^^^^^^^^^^^^^^^^^^^^^^^

warning: missing documentation for a variant
   --> src/neural/training.rs:135:5
    |
135 |     Adam,
    |     ^^^^

warning: missing documentation for a variant
   --> src/neural/training.rs:136:5
    |
136 |     AdamW,
    |     ^^^^^

warning: missing documentation for a variant
   --> src/neural/training.rs:137:5
    |
137 |     SGD,
    |     ^^^

warning: missing documentation for a variant
   --> src/neural/training.rs:138:5
    |
138 |     RMSProp,
    |     ^^^^^^^

warning: missing documentation for a variant
   --> src/neural/training.rs:139:5
    |
139 |     Adagrad,
    |     ^^^^^^^

warning: missing documentation for a variant
   --> src/neural/training.rs:145:5
    |
145 |     CrossEntropy,
    |     ^^^^^^^^^^^^

warning: missing documentation for a variant
   --> src/neural/training.rs:146:5
    |
146 |     MSE,
    |     ^^^

warning: missing documentation for a variant
   --> src/neural/training.rs:147:5
    |
147 |     MAE,
    |     ^^^

warning: missing documentation for a variant
   --> src/neural/training.rs:148:5
    |
148 |     Huber,
    |     ^^^^^

warning: missing documentation for a variant
   --> src/neural/training.rs:149:5
    |
149 |     BinaryCrossEntropy,
    |     ^^^^^^^^^^^^^^^^^^

warning: missing documentation for a struct field
   --> src/neural/training.rs:155:5
    |
155 |     pub patience: usize,
    |     ^^^^^^^^^^^^^^^^^^^

warning: missing documentation for a struct field
   --> src/neural/training.rs:156:5
    |
156 |     pub min_delta: f64,
    |     ^^^^^^^^^^^^^^^^^^

warning: missing documentation for a struct field
   --> src/neural/training.rs:157:5
    |
157 |     pub restore_best_weights: bool,
    |     ^^^^^^^^^^^^^^^^^^^^^^^^^^^^^^

warning: missing documentation for a struct field
   --> src/neural/training.rs:163:5
    |
163 |     pub mixed_precision: bool,
    |     ^^^^^^^^^^^^^^^^^^^^^^^^^

warning: missing documentation for a struct field
   --> src/neural/training.rs:164:5
    |
164 |     pub gradient_accumulation: Option<usize>,
    |     ^^^^^^^^^^^^^^^^^^^^^^^^^^^^^^^^^^^^^^^^

warning: missing documentation for a struct field
   --> src/neural/training.rs:165:5
    |
165 |     pub distributed_training: Option<DistributedConfig>,
    |     ^^^^^^^^^^^^^^^^^^^^^^^^^^^^^^^^^^^^^^^^^^^^^^^^^^^

warning: missing documentation for a struct field
   --> src/neural/training.rs:166:5
    |
166 |     pub memory_optimization: MemoryOptimization,
    |     ^^^^^^^^^^^^^^^^^^^^^^^^^^^^^^^^^^^^^^^^^^^

warning: missing documentation for a struct field
   --> src/neural/training.rs:172:5
    |
172 |     pub world_size: usize,
    |     ^^^^^^^^^^^^^^^^^^^^^

warning: missing documentation for a struct field
   --> src/neural/training.rs:173:5
    |
173 |     pub backend: String,
    |     ^^^^^^^^^^^^^^^^^^^

warning: missing documentation for a struct field
   --> src/neural/training.rs:174:5
    |
174 |     pub master_addr: String,
    |     ^^^^^^^^^^^^^^^^^^^^^^^

warning: missing documentation for a struct field
   --> src/neural/training.rs:175:5
    |
175 |     pub master_port: u16,
    |     ^^^^^^^^^^^^^^^^^^^^

warning: missing documentation for a variant
   --> src/neural/training.rs:181:5
    |
181 |     None,
    |     ^^^^

warning: missing documentation for a variant
   --> src/neural/training.rs:182:5
    |
182 |     GradientCheckpointing,
    |     ^^^^^^^^^^^^^^^^^^^^^

warning: missing documentation for a variant
   --> src/neural/training.rs:183:5
    |
183 |     ModelParallelism,
    |     ^^^^^^^^^^^^^^^^

warning: missing documentation for a variant
   --> src/neural/training.rs:184:5
    |
184 |     CPUOffload,
    |     ^^^^^^^^^^

warning: missing documentation for a struct field
   --> src/neural/training.rs:190:5
    |
190 |     pub dataset: String,
    |     ^^^^^^^^^^^^^^^^^^^

warning: missing documentation for a struct field
   --> src/neural/training.rs:191:5
    |
191 |     pub train_split: f64,
    |     ^^^^^^^^^^^^^^^^^^^^

warning: missing documentation for a struct field
   --> src/neural/training.rs:192:5
    |
192 |     pub val_split: f64,
    |     ^^^^^^^^^^^^^^^^^^

warning: missing documentation for a struct field
   --> src/neural/training.rs:193:5
    |
193 |     pub test_split: f64,
    |     ^^^^^^^^^^^^^^^^^^^

warning: missing documentation for a struct field
   --> src/neural/training.rs:194:5
    |
194 |     pub shuffle: bool,
    |     ^^^^^^^^^^^^^^^^^

warning: missing documentation for a struct field
   --> src/neural/training.rs:195:5
    |
195 |     pub augmentations: Vec<String>,
    |     ^^^^^^^^^^^^^^^^^^^^^^^^^^^^^^

warning: missing documentation for a variant
   --> src/neural/training.rs:201:5
    |
201 |     ReLU,
    |     ^^^^

warning: missing documentation for a variant
   --> src/neural/training.rs:202:5
    |
202 |     Sigmoid,
    |     ^^^^^^^

warning: missing documentation for a variant
   --> src/neural/training.rs:203:5
    |
203 |     Tanh,
    |     ^^^^

warning: missing documentation for a variant
   --> src/neural/training.rs:204:5
    |
204 |     LeakyReLU,
    |     ^^^^^^^^^

warning: missing documentation for a variant
   --> src/neural/training.rs:205:5
    |
205 |     ELU,
    |     ^^^

warning: missing documentation for a struct field
   --> src/neural/training.rs:211:5
    |
211 |     pub session_id: Uuid,
    |     ^^^^^^^^^^^^^^^^^^^^

warning: missing documentation for a struct field
   --> src/neural/training.rs:212:5
    |
212 |     pub config: TrainingConfig,
    |     ^^^^^^^^^^^^^^^^^^^^^^^^^^

warning: missing documentation for a struct field
   --> src/neural/training.rs:213:5
    |
213 |     pub start_time: DateTime<Utc>,
    |     ^^^^^^^^^^^^^^^^^^^^^^^^^^^^^

warning: missing documentation for a struct field
   --> src/neural/training.rs:214:5
    |
214 |     pub current_epoch: usize,
    |     ^^^^^^^^^^^^^^^^^^^^^^^^

warning: missing documentation for a struct field
   --> src/neural/training.rs:215:5
    |
215 |     pub best_loss: f64,
    |     ^^^^^^^^^^^^^^^^^^

warning: missing documentation for a struct field
   --> src/neural/training.rs:216:5
    |
216 |     pub metrics: TrainingMetrics,
    |     ^^^^^^^^^^^^^^^^^^^^^^^^^^^^

warning: missing documentation for a struct field
   --> src/neural/training.rs:217:5
    |
217 |     pub status: TrainingStatus,
    |     ^^^^^^^^^^^^^^^^^^^^^^^^^^

warning: missing documentation for a variant
   --> src/neural/training.rs:223:5
    |
223 |     Initializing,
    |     ^^^^^^^^^^^^

warning: missing documentation for a variant
   --> src/neural/training.rs:224:5
    |
224 |     Running,
    |     ^^^^^^^

warning: missing documentation for a variant
   --> src/neural/training.rs:225:5
    |
225 |     Paused,
    |     ^^^^^^

warning: missing documentation for a variant
   --> src/neural/training.rs:226:5
    |
226 |     Completed,
    |     ^^^^^^^^^

warning: missing documentation for a variant
   --> src/neural/training.rs:227:5
    |
227 |     Failed(String),
    |     ^^^^^^

warning: missing documentation for a struct field
   --> src/neural/training.rs:233:5
    |
233 |     pub loss_history: Vec<f64>,
    |     ^^^^^^^^^^^^^^^^^^^^^^^^^^

warning: missing documentation for a struct field
   --> src/neural/training.rs:234:5
    |
234 |     pub accuracy_history: Vec<f64>,
    |     ^^^^^^^^^^^^^^^^^^^^^^^^^^^^^^

warning: missing documentation for a struct field
   --> src/neural/training.rs:235:5
    |
235 |     pub val_loss_history: Vec<f64>,
    |     ^^^^^^^^^^^^^^^^^^^^^^^^^^^^^^

warning: missing documentation for a struct field
   --> src/neural/training.rs:236:5
    |
236 |     pub val_accuracy_history: Vec<f64>,
    |     ^^^^^^^^^^^^^^^^^^^^^^^^^^^^^^^^^^

warning: missing documentation for a struct field
   --> src/neural/training.rs:237:5
    |
237 |     pub learning_rate_history: Vec<f64>,
    |     ^^^^^^^^^^^^^^^^^^^^^^^^^^^^^^^^^^^

warning: missing documentation for a struct field
   --> src/neural/training.rs:238:5
    |
238 |     pub epoch_times: Vec<f64>,
    |     ^^^^^^^^^^^^^^^^^^^^^^^^^

warning: missing documentation for a struct field
   --> src/neural/training.rs:244:5
    |
244 |     pub session_id: Uuid,
    |     ^^^^^^^^^^^^^^^^^^^^

warning: missing documentation for a struct field
   --> src/neural/training.rs:245:5
    |
245 |     pub config: TrainingConfig,
    |     ^^^^^^^^^^^^^^^^^^^^^^^^^^

warning: missing documentation for a struct field
   --> src/neural/training.rs:246:5
    |
246 |     pub start_time: DateTime<Utc>,
    |     ^^^^^^^^^^^^^^^^^^^^^^^^^^^^^

warning: missing documentation for a struct field
   --> src/neural/training.rs:247:5
    |
247 |     pub end_time: DateTime<Utc>,
    |     ^^^^^^^^^^^^^^^^^^^^^^^^^^^

warning: missing documentation for a struct field
   --> src/neural/training.rs:248:5
    |
248 |     pub final_metrics: TrainingMetrics,
    |     ^^^^^^^^^^^^^^^^^^^^^^^^^^^^^^^^^^

warning: missing documentation for a struct field
   --> src/neural/training.rs:249:5
    |
249 |     pub status: TrainingStatus,
    |     ^^^^^^^^^^^^^^^^^^^^^^^^^^

warning: missing documentation for a struct field
   --> src/neural/training.rs:250:5
    |
250 |     pub model_path: Option<String>,
    |     ^^^^^^^^^^^^^^^^^^^^^^^^^^^^^^

warning: missing documentation for a struct field
   --> src/neural/training.rs:256:5
    |
256 |     pub method: HPOMethod,
    |     ^^^^^^^^^^^^^^^^^^^^^

warning: missing documentation for a struct field
   --> src/neural/training.rs:257:5
    |
257 |     pub trials: usize,
    |     ^^^^^^^^^^^^^^^^^

warning: missing documentation for a struct field
   --> src/neural/training.rs:258:5
    |
258 |     pub parameters: HashMap<String, ParameterRange>,
    |     ^^^^^^^^^^^^^^^^^^^^^^^^^^^^^^^^^^^^^^^^^^^^^^^

warning: missing documentation for a struct field
   --> src/neural/training.rs:259:5
    |
259 |     pub objective: HPOObjective,
    |     ^^^^^^^^^^^^^^^^^^^^^^^^^^^

warning: missing documentation for a variant
   --> src/neural/training.rs:265:5
    |
265 |     Grid,
    |     ^^^^

warning: missing documentation for a variant
   --> src/neural/training.rs:266:5
    |
266 |     Random,
    |     ^^^^^^

warning: missing documentation for a variant
   --> src/neural/training.rs:267:5
    |
267 |     Bayesian,
    |     ^^^^^^^^

warning: missing documentation for a variant
   --> src/neural/training.rs:273:5
    |
273 |     Discrete(Vec<f64>),
    |     ^^^^^^^^

warning: missing documentation for a variant
   --> src/neural/training.rs:274:5
    |
274 |     Continuous { min: f64, max: f64 },
    |     ^^^^^^^^^^

warning: missing documentation for a struct field
   --> src/neural/training.rs:274:18
    |
274 |     Continuous { min: f64, max: f64 },
    |                  ^^^^^^^^

warning: missing documentation for a struct field
   --> src/neural/training.rs:274:28
    |
274 |     Continuous { min: f64, max: f64 },
    |                            ^^^^^^^^

warning: missing documentation for a variant
   --> src/neural/training.rs:275:5
    |
275 |     Categorical(Vec<String>),
    |     ^^^^^^^^^^^

warning: missing documentation for a variant
   --> src/neural/training.rs:281:5
    |
281 |     Minimize(String), // metric name
    |     ^^^^^^^^

warning: missing documentation for a variant
   --> src/neural/training.rs:282:5
    |
282 |     Maximize(String), // metric name
    |     ^^^^^^^^

warning: missing documentation for a struct field
   --> src/neural/training.rs:288:5
    |
288 |     pub trial_id: Uuid,
    |     ^^^^^^^^^^^^^^^^^^

warning: missing documentation for a struct field
   --> src/neural/training.rs:289:5
    |
289 |     pub parameters: HashMap<String, serde_json::Value>,
    |     ^^^^^^^^^^^^^^^^^^^^^^^^^^^^^^^^^^^^^^^^^^^^^^^^^^

warning: missing documentation for a struct field
   --> src/neural/training.rs:290:5
    |
290 |     pub objective_value: f64,
    |     ^^^^^^^^^^^^^^^^^^^^^^^^

warning: missing documentation for a struct field
   --> src/neural/training.rs:291:5
    |
291 |     pub metrics: HashMap<String, f64>,
    |     ^^^^^^^^^^^^^^^^^^^^^^^^^^^^^^^^^

warning: missing documentation for a struct field
   --> src/neural/training.rs:292:5
    |
292 |     pub status: HPOTrialStatus,
    |     ^^^^^^^^^^^^^^^^^^^^^^^^^^

warning: missing documentation for a variant
   --> src/neural/training.rs:298:5
    |
298 |     Pending,
    |     ^^^^^^^

warning: missing documentation for a variant
   --> src/neural/training.rs:299:5
    |
299 |     Running,
    |     ^^^^^^^

warning: missing documentation for a variant
   --> src/neural/training.rs:300:5
    |
300 |     Completed,
    |     ^^^^^^^^^

warning: missing documentation for a variant
   --> src/neural/training.rs:301:5
    |
301 |     Failed,
    |     ^^^^^^

warning: missing documentation for a variant
   --> src/neural/training.rs:762:5
    |
762 |     ONNX,
    |     ^^^^

warning: missing documentation for a variant
   --> src/neural/training.rs:763:5
    |
763 |     TensorFlow,
    |     ^^^^^^^^^^

warning: missing documentation for a variant
   --> src/neural/training.rs:764:5
    |
764 |     PyTorch,
    |     ^^^^^^^

warning: missing documentation for an enum
 --> src/tasks/task.rs:7:1
  |
7 | pub enum TaskPriority {
  | ^^^^^^^^^^^^^^^^^^^^^

warning: missing documentation for a variant
 --> src/tasks/task.rs:8:5
  |
8 |     Low,
  |     ^^^

warning: missing documentation for a variant
 --> src/tasks/task.rs:9:5
  |
9 |     Medium,
  |     ^^^^^^

warning: missing documentation for a variant
  --> src/tasks/task.rs:10:5
   |
10 |     High,
   |     ^^^^

warning: missing documentation for a variant
  --> src/tasks/task.rs:11:5
   |
11 |     Critical,
   |     ^^^^^^^^

warning: missing documentation for an enum
  --> src/tasks/task.rs:15:1
   |
15 | pub enum TaskStatus {
   | ^^^^^^^^^^^^^^^^^^^

warning: missing documentation for a variant
  --> src/tasks/task.rs:16:5
   |
16 |     Pending,
   |     ^^^^^^^

warning: missing documentation for a variant
  --> src/tasks/task.rs:17:5
   |
17 |     Assigned,
   |     ^^^^^^^^

warning: missing documentation for a variant
  --> src/tasks/task.rs:18:5
   |
18 |     InProgress,
   |     ^^^^^^^^^^

warning: missing documentation for a variant
  --> src/tasks/task.rs:19:5
   |
19 |     Completed,
   |     ^^^^^^^^^

warning: missing documentation for a variant
  --> src/tasks/task.rs:20:5
   |
20 |     Failed,
   |     ^^^^^^

warning: missing documentation for a variant
  --> src/tasks/task.rs:21:5
   |
21 |     Cancelled,
   |     ^^^^^^^^^

warning: missing documentation for a struct
  --> src/tasks/task.rs:25:1
   |
25 | pub struct TaskRequiredCapability {
   | ^^^^^^^^^^^^^^^^^^^^^^^^^^^^^^^^^

warning: missing documentation for a struct field
  --> src/tasks/task.rs:26:5
   |
26 |     pub name: String,
   |     ^^^^^^^^^^^^^^^^

warning: missing documentation for a struct field
  --> src/tasks/task.rs:27:5
   |
27 |     pub minimum_proficiency: f64,
   |     ^^^^^^^^^^^^^^^^^^^^^^^^^^^^

warning: missing documentation for a struct
  --> src/tasks/task.rs:31:1
   |
31 | pub struct Task {
   | ^^^^^^^^^^^^^^^

warning: missing documentation for a struct field
  --> src/tasks/task.rs:32:5
   |
32 |     pub id: Uuid,
   |     ^^^^^^^^^^^^

warning: missing documentation for a struct field
  --> src/tasks/task.rs:33:5
   |
33 |     pub title: String,
   |     ^^^^^^^^^^^^^^^^^

warning: missing documentation for a struct field
  --> src/tasks/task.rs:34:5
   |
34 |     pub description: String,
   |     ^^^^^^^^^^^^^^^^^^^^^^^

warning: missing documentation for a struct field
  --> src/tasks/task.rs:35:5
   |
35 |     pub task_type: String,
   |     ^^^^^^^^^^^^^^^^^^^^^

warning: missing documentation for a struct field
  --> src/tasks/task.rs:36:5
   |
36 |     pub priority: TaskPriority,
   |     ^^^^^^^^^^^^^^^^^^^^^^^^^^

warning: missing documentation for a struct field
  --> src/tasks/task.rs:37:5
   |
37 |     pub status: TaskStatus,
   |     ^^^^^^^^^^^^^^^^^^^^^^

warning: missing documentation for a struct field
  --> src/tasks/task.rs:38:5
   |
38 |     pub required_capabilities: Vec<TaskRequiredCapability>,
   |     ^^^^^^^^^^^^^^^^^^^^^^^^^^^^^^^^^^^^^^^^^^^^^^^^^^^^^^

warning: missing documentation for a struct field
  --> src/tasks/task.rs:39:5
   |
39 |     pub assigned_agent: Option<Uuid>,
   |     ^^^^^^^^^^^^^^^^^^^^^^^^^^^^^^^^

warning: missing documentation for a struct field
  --> src/tasks/task.rs:40:5
   |
40 |     pub created_at: DateTime<Utc>,
   |     ^^^^^^^^^^^^^^^^^^^^^^^^^^^^^

warning: missing documentation for a struct field
  --> src/tasks/task.rs:41:5
   |
41 |     pub updated_at: DateTime<Utc>,
   |     ^^^^^^^^^^^^^^^^^^^^^^^^^^^^^

warning: missing documentation for a struct field
  --> src/tasks/task.rs:42:5
   |
42 |     pub deadline: Option<DateTime<Utc>>,
   |     ^^^^^^^^^^^^^^^^^^^^^^^^^^^^^^^^^^^

warning: missing documentation for a struct field
  --> src/tasks/task.rs:43:5
   |
43 |     pub estimated_duration: Option<u64>, // in seconds
   |     ^^^^^^^^^^^^^^^^^^^^^^^^^^^^^^^^^^^

warning: missing documentation for a struct field
  --> src/tasks/task.rs:44:5
   |
44 |     pub context: HashMap<String, String>,
   |     ^^^^^^^^^^^^^^^^^^^^^^^^^^^^^^^^^^^^

warning: missing documentation for a struct field
  --> src/tasks/task.rs:45:5
   |
45 |     pub dependencies: Vec<Uuid>, // task IDs this task depends on
   |     ^^^^^^^^^^^^^^^^^^^^^^^^^^^

warning: missing documentation for a struct
  --> src/tasks/task.rs:49:1
   |
49 | pub struct TaskResult {
   | ^^^^^^^^^^^^^^^^^^^^^

warning: missing documentation for a struct field
  --> src/tasks/task.rs:50:5
   |
50 |     pub task_id: Uuid,
   |     ^^^^^^^^^^^^^^^^^

warning: missing documentation for a struct field
  --> src/tasks/task.rs:51:5
   |
51 |     pub agent_id: Uuid,
   |     ^^^^^^^^^^^^^^^^^^

warning: missing documentation for a struct field
  --> src/tasks/task.rs:52:5
   |
52 |     pub success: bool,
   |     ^^^^^^^^^^^^^^^^^

warning: missing documentation for a struct field
  --> src/tasks/task.rs:53:5
   |
53 |     pub output: String,
   |     ^^^^^^^^^^^^^^^^^^

warning: missing documentation for a struct field
  --> src/tasks/task.rs:54:5
   |
54 |     pub error_message: Option<String>,
   |     ^^^^^^^^^^^^^^^^^^^^^^^^^^^^^^^^^

warning: missing documentation for a struct field
  --> src/tasks/task.rs:55:5
   |
55 |     pub execution_time: u64, // in milliseconds
   |     ^^^^^^^^^^^^^^^^^^^^^^^

warning: missing documentation for a struct field
  --> src/tasks/task.rs:56:5
   |
56 |     pub completed_at: DateTime<Utc>,
   |     ^^^^^^^^^^^^^^^^^^^^^^^^^^^^^^^

warning: missing documentation for a struct field
  --> src/tasks/task.rs:57:5
   |
57 |     pub quality_score: Option<f64>, // 0.0 to 1.0
   |     ^^^^^^^^^^^^^^^^^^^^^^^^^^^^^^

warning: missing documentation for a struct field
  --> src/tasks/task.rs:58:5
   |
58 |     pub learned_insights: Vec<String>,
   |     ^^^^^^^^^^^^^^^^^^^^^^^^^^^^^^^^^

warning: missing documentation for a struct
  --> src/tasks/task.rs:61:1
   |
61 | pub struct TaskQueue {
   | ^^^^^^^^^^^^^^^^^^^^

warning: missing documentation for a struct field
  --> src/tasks/task.rs:62:5
   |
62 |     pub pending_tasks: VecDeque<Task>,
   |     ^^^^^^^^^^^^^^^^^^^^^^^^^^^^^^^^^

warning: missing documentation for a struct field
  --> src/tasks/task.rs:63:5
   |
63 |     pub assigned_tasks: HashMap<Uuid, Task>, // agent_id -> task
   |     ^^^^^^^^^^^^^^^^^^^^^^^^^^^^^^^^^^^^^^^

warning: missing documentation for a struct field
  --> src/tasks/task.rs:64:5
   |
64 |     pub completed_tasks: Vec<TaskResult>,
   |     ^^^^^^^^^^^^^^^^^^^^^^^^^^^^^^^^^^^^

warning: missing documentation for a struct field
  --> src/tasks/task.rs:65:5
   |
65 |     pub failed_tasks: Vec<TaskResult>,
   |     ^^^^^^^^^^^^^^^^^^^^^^^^^^^^^^^^^

warning: missing documentation for an associated function
  --> src/tasks/task.rs:76:5
   |
76 |     pub fn new() -> Self {
   |     ^^^^^^^^^^^^^^^^^^^^

warning: missing documentation for a method
  --> src/tasks/task.rs:85:5
   |
85 |     pub fn add_task(&mut self, task: Task) {
   |     ^^^^^^^^^^^^^^^^^^^^^^^^^^^^^^^^^^^^^^

warning: missing documentation for a method
   --> src/tasks/task.rs:104:5
    |
104 |     pub fn get_next_task(&mut self) -> Option<Task> {
    |     ^^^^^^^^^^^^^^^^^^^^^^^^^^^^^^^^^^^^^^^^^^^^^^^

warning: missing documentation for a method
   --> src/tasks/task.rs:108:5
    |
108 |     pub fn assign_task(&mut self, task: Task, agent_id: Uuid) {
    |     ^^^^^^^^^^^^^^^^^^^^^^^^^^^^^^^^^^^^^^^^^^^^^^^^^^^^^^^^^

warning: missing documentation for a method
   --> src/tasks/task.rs:116:5
    |
116 |     pub fn complete_task(&mut self, result: TaskResult) {
    |     ^^^^^^^^^^^^^^^^^^^^^^^^^^^^^^^^^^^^^^^^^^^^^^^^^^^

warning: missing documentation for a method
   --> src/tasks/task.rs:127:5
    |
127 |     pub fn get_task_by_agent(&self, agent_id: &Uuid) -> Option<&Task> {
    |     ^^^^^^^^^^^^^^^^^^^^^^^^^^^^^^^^^^^^^^^^^^^^^^^^^^^^^^^^^^^^^^^^^

warning: missing documentation for a method
   --> src/tasks/task.rs:132:5
    |
132 |     pub fn get_pending_count(&self) -> usize {
    |     ^^^^^^^^^^^^^^^^^^^^^^^^^^^^^^^^^^^^^^^^

warning: missing documentation for a method
   --> src/tasks/task.rs:137:5
    |
137 |     pub fn get_assigned_count(&self) -> usize {
    |     ^^^^^^^^^^^^^^^^^^^^^^^^^^^^^^^^^^^^^^^^^

warning: missing documentation for a method
   --> src/tasks/task.rs:142:5
    |
142 |     pub fn get_completed_count(&self) -> usize {
    |     ^^^^^^^^^^^^^^^^^^^^^^^^^^^^^^^^^^^^^^^^^^

warning: missing documentation for a method
   --> src/tasks/task.rs:147:5
    |
147 |     pub fn get_failed_count(&self) -> usize {
    |     ^^^^^^^^^^^^^^^^^^^^^^^^^^^^^^^^^^^^^^^

warning: missing documentation for a method
   --> src/tasks/task.rs:152:5
    |
152 | /     pub fn find_suitable_tasks(
153 | |         &self,
154 | |         capabilities: &[crate::agents::AgentCapability],
155 | |     ) -> Vec<&Task> {
    | |___________________^

warning: missing documentation for an associated function
   --> src/tasks/task.rs:172:5
    |
172 | /     pub fn new(
173 | |         title: String,
174 | |         description: String,
175 | |         task_type: String,
176 | |         priority: TaskPriority,
177 | |         required_capabilities: Vec<TaskRequiredCapability>,
178 | |     ) -> Self {
    | |_____________^

warning: missing documentation for a method
   --> src/tasks/task.rs:199:5
    |
199 |     pub fn with_deadline(mut self, deadline: DateTime<Utc>) -> Self {
    |     ^^^^^^^^^^^^^^^^^^^^^^^^^^^^^^^^^^^^^^^^^^^^^^^^^^^^^^^^^^^^^^^

warning: missing documentation for a method
   --> src/tasks/task.rs:205:5
    |
205 |     pub fn with_duration(mut self, duration_seconds: u64) -> Self {
    |     ^^^^^^^^^^^^^^^^^^^^^^^^^^^^^^^^^^^^^^^^^^^^^^^^^^^^^^^^^^^^^

warning: missing documentation for a method
   --> src/tasks/task.rs:211:5
    |
211 |     pub fn with_context(mut self, key: String, value: String) -> Self {
    |     ^^^^^^^^^^^^^^^^^^^^^^^^^^^^^^^^^^^^^^^^^^^^^^^^^^^^^^^^^^^^^^^^^

warning: missing documentation for a method
   --> src/tasks/task.rs:217:5
    |
217 |     pub fn with_dependencies(mut self, dependencies: Vec<Uuid>) -> Self {
    |     ^^^^^^^^^^^^^^^^^^^^^^^^^^^^^^^^^^^^^^^^^^^^^^^^^^^^^^^^^^^^^^^^^^^

warning: missing documentation for a method
   --> src/tasks/task.rs:223:5
    |
223 |     pub fn is_ready_to_execute(&self, completed_tasks: &[TaskResult]) -> bool {
    |     ^^^^^^^^^^^^^^^^^^^^^^^^^^^^^^^^^^^^^^^^^^^^^^^^^^^^^^^^^^^^^^^^^^^^^^^^^

warning: missing documentation for an associated function
   --> src/tasks/task.rs:242:5
    |
242 |     pub fn success(task_id: Uuid, agent_id: Uuid, output: String, execution_time: u64) -> Self {
    |     ^^^^^^^^^^^^^^^^^^^^^^^^^^^^^^^^^^^^^^^^^^^^^^^^^^^^^^^^^^^^^^^^^^^^^^^^^^^^^^^^^^^^^^^^^^

warning: missing documentation for an associated function
   --> src/tasks/task.rs:257:5
    |
257 | /     pub fn failure(
258 | |         task_id: Uuid,
259 | |         agent_id: Uuid,
260 | |         error_message: String,
261 | |         execution_time: u64,
262 | |     ) -> Self {
    | |_____________^

warning: missing documentation for a method
   --> src/tasks/task.rs:277:5
    |
277 |     pub fn with_quality_score(mut self, score: f64) -> Self {
    |     ^^^^^^^^^^^^^^^^^^^^^^^^^^^^^^^^^^^^^^^^^^^^^^^^^^^^^^^

warning: missing documentation for a method
   --> src/tasks/task.rs:283:5
    |
283 |     pub fn with_insights(mut self, insights: Vec<String>) -> Self {
    |     ^^^^^^^^^^^^^^^^^^^^^^^^^^^^^^^^^^^^^^^^^^^^^^^^^^^^^^^^^^^^^

warning: missing documentation for a struct field
  --> src/tasks/work_stealing_queue.rs:27:5
   |
27 |     pub total_tasks_processed: u64,
   |     ^^^^^^^^^^^^^^^^^^^^^^^^^^^^^^

warning: missing documentation for a struct field
  --> src/tasks/work_stealing_queue.rs:28:5
   |
28 |     pub average_queue_depth: f64,
   |     ^^^^^^^^^^^^^^^^^^^^^^^^^^^^

warning: missing documentation for a struct field
  --> src/tasks/work_stealing_queue.rs:29:5
   |
29 |     pub steal_attempts: u64,
   |     ^^^^^^^^^^^^^^^^^^^^^^^

warning: missing documentation for a struct field
  --> src/tasks/work_stealing_queue.rs:30:5
   |
30 |     pub successful_steals: u64,
   |     ^^^^^^^^^^^^^^^^^^^^^^^^^^

warning: missing documentation for a struct field
  --> src/tasks/work_stealing_queue.rs:31:5
   |
31 |     pub load_balance_efficiency: f64,
   |     ^^^^^^^^^^^^^^^^^^^^^^^^^^^^^^^^

warning: missing documentation for a struct field
  --> src/tasks/work_stealing_queue.rs:32:5
   |
32 |     pub last_updated: DateTime<Utc>,
   |     ^^^^^^^^^^^^^^^^^^^^^^^^^^^^^^^

warning: missing documentation for a struct field
  --> src/tasks/work_stealing_queue.rs:50:5
   |
50 |     pub agent_id: Uuid,
   |     ^^^^^^^^^^^^^^^^^^

warning: missing documentation for a struct field
  --> src/tasks/work_stealing_queue.rs:51:5
   |
51 |     pub local_queue: Arc<Mutex<VecDeque<Task>>>,
   |     ^^^^^^^^^^^^^^^^^^^^^^^^^^^^^^^^^^^^^^^^^^^

warning: missing documentation for a struct field
  --> src/tasks/work_stealing_queue.rs:52:5
   |
52 |     pub priority_queue: Arc<Mutex<VecDeque<Task>>>, // High/Critical priority tasks
   |     ^^^^^^^^^^^^^^^^^^^^^^^^^^^^^^^^^^^^^^^^^^^^^^

warning: missing documentation for a struct field
  --> src/tasks/work_stealing_queue.rs:53:5
   |
53 |     pub is_busy: Arc<RwLock<bool>>,
   |     ^^^^^^^^^^^^^^^^^^^^^^^^^^^^^^

warning: missing documentation for a struct field
  --> src/tasks/work_stealing_queue.rs:54:5
   |
54 |     pub tasks_completed: Arc<Mutex<u64>>,
   |     ^^^^^^^^^^^^^^^^^^^^^^^^^^^^^^^^^^^^

warning: missing documentation for a struct field
  --> src/tasks/work_stealing_queue.rs:55:5
   |
55 |     pub last_activity: Arc<RwLock<DateTime<Utc>>>,
   |     ^^^^^^^^^^^^^^^^^^^^^^^^^^^^^^^^^^^^^^^^^^^^^

warning: missing documentation for a struct field
  --> src/tasks/work_stealing_queue.rs:56:5
   |
56 |     pub steal_count: Arc<Mutex<u64>>,
   |     ^^^^^^^^^^^^^^^^^^^^^^^^^^^^^^^^

warning: missing documentation for an associated function
  --> src/tasks/work_stealing_queue.rs:61:5
   |
61 |     pub fn new(agent_id: Uuid) -> Self {
   |     ^^^^^^^^^^^^^^^^^^^^^^^^^^^^^^^^^^

warning: missing documentation for a struct
   --> src/tasks/work_stealing_queue.rs:169:1
    |
169 | pub struct AgentQueueMetrics {
    | ^^^^^^^^^^^^^^^^^^^^^^^^^^^^

warning: missing documentation for a struct field
   --> src/tasks/work_stealing_queue.rs:170:5
    |
170 |     pub agent_id: Uuid,
    |     ^^^^^^^^^^^^^^^^^^

warning: missing documentation for a struct field
   --> src/tasks/work_stealing_queue.rs:171:5
    |
171 |     pub queue_depth: usize,
    |     ^^^^^^^^^^^^^^^^^^^^^^

warning: missing documentation for a struct field
   --> src/tasks/work_stealing_queue.rs:172:5
    |
172 |     pub tasks_completed: u64,
    |     ^^^^^^^^^^^^^^^^^^^^^^^^

warning: missing documentation for a struct field
   --> src/tasks/work_stealing_queue.rs:173:5
    |
173 |     pub steal_count: u64,
    |     ^^^^^^^^^^^^^^^^^^^^

warning: missing documentation for a struct field
   --> src/tasks/work_stealing_queue.rs:174:5
    |
174 |     pub is_busy: bool,
    |     ^^^^^^^^^^^^^^^^^

warning: missing documentation for a struct field
   --> src/tasks/work_stealing_queue.rs:175:5
    |
175 |     pub last_activity: DateTime<Utc>,
    |     ^^^^^^^^^^^^^^^^^^^^^^^^^^^^^^^^

warning: missing documentation for a struct field
   --> src/tasks/work_stealing_queue.rs:180:5
    |
180 |     pub agent_queues: Arc<DashMap<Uuid, AgentTaskQueue>>,
    |     ^^^^^^^^^^^^^^^^^^^^^^^^^^^^^^^^^^^^^^^^^^^^^^^^^^^^

warning: missing documentation for a struct field
   --> src/tasks/work_stealing_queue.rs:181:5
    |
181 |     pub global_queue: Arc<Mutex<VecDeque<Task>>>, // Fallback for unassigned tasks
    |     ^^^^^^^^^^^^^^^^^^^^^^^^^^^^^^^^^^^^^^^^^^^^

warning: missing documentation for a struct field
   --> src/tasks/work_stealing_queue.rs:182:5
    |
182 |     pub metrics: Arc<RwLock<TaskQueueMetrics>>,
    |     ^^^^^^^^^^^^^^^^^^^^^^^^^^^^^^^^^^^^^^^^^^

warning: missing documentation for a struct field
   --> src/tasks/work_stealing_queue.rs:183:5
    |
183 |     pub load_balancer: Arc<LoadBalancer>,
    |     ^^^^^^^^^^^^^^^^^^^^^^^^^^^^^^^^^^^^

warning: missing documentation for a struct field
   --> src/tasks/work_stealing_queue.rs:184:5
    |
184 |     pub notification: Arc<Notify>, // For waking up idle workers
    |     ^^^^^^^^^^^^^^^^^^^^^^^^^^^^^

warning: missing documentation for an associated function
   --> src/tasks/work_stealing_queue.rs:195:5
    |
195 |     pub fn new() -> Self {
    |     ^^^^^^^^^^^^^^^^^^^^

warning: missing documentation for a struct
   --> src/tasks/work_stealing_queue.rs:421:1
    |
421 | pub struct WorkStealingMetrics {
    | ^^^^^^^^^^^^^^^^^^^^^^^^^^^^^^

warning: missing documentation for a struct field
   --> src/tasks/work_stealing_queue.rs:422:5
    |
422 |     pub system_metrics: TaskQueueMetrics,
    |     ^^^^^^^^^^^^^^^^^^^^^^^^^^^^^^^^^^^^

warning: missing documentation for a struct field
   --> src/tasks/work_stealing_queue.rs:423:5
    |
423 |     pub agent_metrics: Vec<AgentQueueMetrics>,
    |     ^^^^^^^^^^^^^^^^^^^^^^^^^^^^^^^^^^^^^^^^^

warning: missing documentation for a struct field
   --> src/tasks/work_stealing_queue.rs:424:5
    |
424 |     pub global_queue_depth: usize,
    |     ^^^^^^^^^^^^^^^^^^^^^^^^^^^^^

warning: missing documentation for a struct field
   --> src/tasks/work_stealing_queue.rs:425:5
    |
425 |     pub total_queue_depth: usize,
    |     ^^^^^^^^^^^^^^^^^^^^^^^^^^^^

warning: missing documentation for a struct field
   --> src/tasks/work_stealing_queue.rs:426:5
    |
426 |     pub active_agents: usize,
    |     ^^^^^^^^^^^^^^^^^^^^^^^^

warning: missing documentation for a struct field
   --> src/tasks/work_stealing_queue.rs:431:5
    |
431 |     pub assignment_history: Arc<RwLock<Vec<(Uuid, DateTime<Utc>)>>>,
    |     ^^^^^^^^^^^^^^^^^^^^^^^^^^^^^^^^^^^^^^^^^^^^^^^^^^^^^^^^^^^^^^^

warning: missing documentation for an associated function
   --> src/tasks/work_stealing_queue.rs:442:5
    |
442 |     pub fn new() -> Self {
    |     ^^^^^^^^^^^^^^^^^^^^

warning: missing documentation for a struct field
  --> src/utils/auth.rs:23:5
   |
23 |     pub sub: String,              // Subject (user ID)
   |     ^^^^^^^^^^^^^^^

warning: missing documentation for a struct field
  --> src/utils/auth.rs:24:5
   |
24 |     pub exp: usize,               // Expiration time
   |     ^^^^^^^^^^^^^^

warning: missing documentation for a struct field
  --> src/utils/auth.rs:25:5
   |
25 |     pub iat: usize,               // Issued at
   |     ^^^^^^^^^^^^^^

warning: missing documentation for a struct field
  --> src/utils/auth.rs:26:5
   |
26 |     pub iss: String,              // Issuer
   |     ^^^^^^^^^^^^^^^

warning: missing documentation for a struct field
  --> src/utils/auth.rs:27:5
   |
27 |     pub aud: String,              // Audience
   |     ^^^^^^^^^^^^^^^

warning: missing documentation for a struct field
  --> src/utils/auth.rs:28:5
   |
28 |     pub roles: Vec<String>,       // User roles
   |     ^^^^^^^^^^^^^^^^^^^^^^

warning: missing documentation for a struct field
  --> src/utils/auth.rs:29:5
   |
29 |     pub permissions: Vec<String>, // Specific permissions
   |     ^^^^^^^^^^^^^^^^^^^^^^^^^^^^

warning: missing documentation for a struct field
  --> src/utils/auth.rs:30:5
   |
30 |     pub session_id: String,       // Session identifier
   |     ^^^^^^^^^^^^^^^^^^^^^^

warning: missing documentation for a struct field
  --> src/utils/auth.rs:31:5
   |
31 |     pub client_type: ClientType,  // Client type (human, agent, service)
   |     ^^^^^^^^^^^^^^^^^^^^^^^^^^^

warning: missing documentation for a variant
  --> src/utils/auth.rs:37:5
   |
37 |     Human,   // Human user
   |     ^^^^^

warning: missing documentation for a variant
  --> src/utils/auth.rs:38:5
   |
38 |     Agent,   // AI agent
   |     ^^^^^

warning: missing documentation for a variant
  --> src/utils/auth.rs:39:5
   |
39 |     Service, // Service-to-service
   |     ^^^^^^^

warning: missing documentation for a variant
  --> src/utils/auth.rs:40:5
   |
40 |     Admin,   // Administrative access
   |     ^^^^^

warning: missing documentation for a variant
  --> src/utils/auth.rs:46:5
   |
46 |     SuperAdmin, // Full system access
   |     ^^^^^^^^^^

warning: missing documentation for a variant
  --> src/utils/auth.rs:47:5
   |
47 |     Admin,      // Administrative access
   |     ^^^^^

warning: missing documentation for a variant
  --> src/utils/auth.rs:48:5
   |
48 |     Operator,   // Operational access
   |     ^^^^^^^^

warning: missing documentation for a variant
  --> src/utils/auth.rs:49:5
   |
49 |     Developer,  // Development and debugging
   |     ^^^^^^^^^

warning: missing documentation for a variant
  --> src/utils/auth.rs:50:5
   |
50 |     Viewer,     // Read-only access
   |     ^^^^^^

warning: missing documentation for a variant
  --> src/utils/auth.rs:51:5
   |
51 |     Agent,      // AI agent access
   |     ^^^^^

warning: missing documentation for a variant
  --> src/utils/auth.rs:52:5
   |
52 |     Service,    // Service account
   |     ^^^^^^^

warning: missing documentation for a variant
   --> src/utils/auth.rs:104:5
    |
104 |     SystemAdmin,     // Full system administration
    |     ^^^^^^^^^^^

warning: missing documentation for a variant
   --> src/utils/auth.rs:105:5
    |
105 |     UserManagement,  // Create, update, delete users
    |     ^^^^^^^^^^^^^^

warning: missing documentation for a variant
   --> src/utils/auth.rs:106:5
    |
106 |     AgentManagement, // Create, update, delete agents
    |     ^^^^^^^^^^^^^^^

warning: missing documentation for a variant
   --> src/utils/auth.rs:107:5
    |
107 |     TaskManagement,  // Create, update, delete tasks
    |     ^^^^^^^^^^^^^^

warning: missing documentation for a variant
   --> src/utils/auth.rs:108:5
    |
108 |     MetricsRead,     // Read system metrics
    |     ^^^^^^^^^^^

warning: missing documentation for a variant
   --> src/utils/auth.rs:109:5
    |
109 |     MetricsWrite,    // Write system metrics
    |     ^^^^^^^^^^^^

warning: missing documentation for a variant
   --> src/utils/auth.rs:110:5
    |
110 |     ConfigRead,      // Read system configuration
    |     ^^^^^^^^^^

warning: missing documentation for a variant
   --> src/utils/auth.rs:111:5
    |
111 |     ConfigWrite,     // Write system configuration
    |     ^^^^^^^^^^^

warning: missing documentation for a variant
   --> src/utils/auth.rs:112:5
    |
112 |     SecurityAudit,   // Access security audit logs
    |     ^^^^^^^^^^^^^

warning: missing documentation for a struct field
   --> src/utils/auth.rs:118:5
    |
118 |     pub session_id: String,
    |     ^^^^^^^^^^^^^^^^^^^^^^

warning: missing documentation for a struct field
   --> src/utils/auth.rs:119:5
    |
119 |     pub user_id: String,
    |     ^^^^^^^^^^^^^^^^^^^

warning: missing documentation for a struct field
   --> src/utils/auth.rs:120:5
    |
120 |     pub roles: Vec<Role>,
    |     ^^^^^^^^^^^^^^^^^^^^

warning: missing documentation for a struct field
   --> src/utils/auth.rs:121:5
    |
121 |     pub permissions: HashSet<Permission>,
    |     ^^^^^^^^^^^^^^^^^^^^^^^^^^^^^^^^^^^^

warning: missing documentation for a struct field
   --> src/utils/auth.rs:122:5
    |
122 |     pub client_type: ClientType,
    |     ^^^^^^^^^^^^^^^^^^^^^^^^^^^

warning: missing documentation for a struct field
   --> src/utils/auth.rs:123:5
    |
123 |     pub created_at: DateTime<Utc>,
    |     ^^^^^^^^^^^^^^^^^^^^^^^^^^^^^

warning: missing documentation for a struct field
   --> src/utils/auth.rs:124:5
    |
124 |     pub last_activity: DateTime<Utc>,
    |     ^^^^^^^^^^^^^^^^^^^^^^^^^^^^^^^^

warning: missing documentation for a struct field
   --> src/utils/auth.rs:125:5
    |
125 |     pub expires_at: DateTime<Utc>,
    |     ^^^^^^^^^^^^^^^^^^^^^^^^^^^^^

warning: missing documentation for a struct field
   --> src/utils/auth.rs:126:5
    |
126 |     pub ip_address: Option<String>,
    |     ^^^^^^^^^^^^^^^^^^^^^^^^^^^^^^

warning: missing documentation for a struct field
   --> src/utils/auth.rs:127:5
    |
127 |     pub user_agent: Option<String>,
    |     ^^^^^^^^^^^^^^^^^^^^^^^^^^^^^^

warning: missing documentation for a struct field
   --> src/utils/auth.rs:128:5
    |
128 |     pub refresh_token: Option<String>,
    |     ^^^^^^^^^^^^^^^^^^^^^^^^^^^^^^^^^

warning: missing documentation for a struct field
   --> src/utils/auth.rs:134:5
    |
134 |     pub key_id: String,
    |     ^^^^^^^^^^^^^^^^^^

warning: missing documentation for a struct field
   --> src/utils/auth.rs:135:5
    |
135 |     pub key_hash: String,
    |     ^^^^^^^^^^^^^^^^^^^^

warning: missing documentation for a struct field
   --> src/utils/auth.rs:136:5
    |
136 |     pub service_name: String,
    |     ^^^^^^^^^^^^^^^^^^^^^^^^

warning: missing documentation for a struct field
   --> src/utils/auth.rs:137:5
    |
137 |     pub permissions: HashSet<Permission>,
    |     ^^^^^^^^^^^^^^^^^^^^^^^^^^^^^^^^^^^^

warning: missing documentation for a struct field
   --> src/utils/auth.rs:138:5
    |
138 |     pub created_at: DateTime<Utc>,
    |     ^^^^^^^^^^^^^^^^^^^^^^^^^^^^^

warning: missing documentation for a struct field
   --> src/utils/auth.rs:139:5
    |
139 |     pub expires_at: Option<DateTime<Utc>>,
    |     ^^^^^^^^^^^^^^^^^^^^^^^^^^^^^^^^^^^^^

warning: missing documentation for a struct field
   --> src/utils/auth.rs:140:5
    |
140 |     pub last_used: Option<DateTime<Utc>>,
    |     ^^^^^^^^^^^^^^^^^^^^^^^^^^^^^^^^^^^^

warning: missing documentation for a struct field
   --> src/utils/auth.rs:141:5
    |
141 |     pub usage_count: u64,
    |     ^^^^^^^^^^^^^^^^^^^^

warning: missing documentation for a struct field
   --> src/utils/auth.rs:142:5
    |
142 |     pub rate_limit: Option<u32>,
    |     ^^^^^^^^^^^^^^^^^^^^^^^^^^^

warning: missing documentation for a struct field
  --> src/utils/config.rs:11:5
   |
11 |     pub server: ServerConfig,
   |     ^^^^^^^^^^^^^^^^^^^^^^^^

warning: missing documentation for a struct field
  --> src/utils/config.rs:12:5
   |
12 |     pub agents: AgentConfig,
   |     ^^^^^^^^^^^^^^^^^^^^^^^

warning: missing documentation for a struct field
  --> src/utils/config.rs:13:5
   |
13 |     pub tasks: TaskConfig,
   |     ^^^^^^^^^^^^^^^^^^^^^

warning: missing documentation for a struct field
  --> src/utils/config.rs:14:5
   |
14 |     pub resources: ResourceConfig,
   |     ^^^^^^^^^^^^^^^^^^^^^^^^^^^^^

warning: missing documentation for a struct field
  --> src/utils/config.rs:15:5
   |
15 |     pub neural: NeuralConfig,
   |     ^^^^^^^^^^^^^^^^^^^^^^^^

warning: missing documentation for a struct field
  --> src/utils/config.rs:16:5
   |
16 |     pub logging: LoggingConfig,
   |     ^^^^^^^^^^^^^^^^^^^^^^^^^^

warning: missing documentation for a struct field
  --> src/utils/config.rs:17:5
   |
17 |     pub performance: PerformanceConfig,
   |     ^^^^^^^^^^^^^^^^^^^^^^^^^^^^^^^^^^

warning: missing documentation for a struct field
  --> src/utils/config.rs:18:5
   |
18 |     pub monitoring: MonitoringConfig,
   |     ^^^^^^^^^^^^^^^^^^^^^^^^^^^^^^^^

warning: missing documentation for a struct
  --> src/utils/config.rs:22:1
   |
22 | pub struct ServerConfig {
   | ^^^^^^^^^^^^^^^^^^^^^^^

warning: missing documentation for a struct field
  --> src/utils/config.rs:23:5
   |
23 |     pub host: String,
   |     ^^^^^^^^^^^^^^^^

warning: missing documentation for a struct field
  --> src/utils/config.rs:24:5
   |
24 |     pub port: u16,
   |     ^^^^^^^^^^^^^

warning: missing documentation for a struct field
  --> src/utils/config.rs:25:5
   |
25 |     pub cors_origins: Vec<String>,
   |     ^^^^^^^^^^^^^^^^^^^^^^^^^^^^^

warning: missing documentation for a struct field
  --> src/utils/config.rs:26:5
   |
26 |     pub websocket_timeout_secs: u64,
   |     ^^^^^^^^^^^^^^^^^^^^^^^^^^^^^^^

warning: missing documentation for a struct field
  --> src/utils/config.rs:27:5
   |
27 |     pub max_connections: usize,
   |     ^^^^^^^^^^^^^^^^^^^^^^^^^^

warning: missing documentation for a struct
  --> src/utils/config.rs:31:1
   |
31 | pub struct AgentConfig {
   | ^^^^^^^^^^^^^^^^^^^^^^

warning: missing documentation for a struct field
  --> src/utils/config.rs:32:5
   |
32 |     pub max_agents: usize,
   |     ^^^^^^^^^^^^^^^^^^^^^

warning: missing documentation for a struct field
  --> src/utils/config.rs:33:5
   |
33 |     pub default_energy: f64,
   |     ^^^^^^^^^^^^^^^^^^^^^^^

warning: missing documentation for a struct field
  --> src/utils/config.rs:34:5
   |
34 |     pub energy_decay_rate: f64,
   |     ^^^^^^^^^^^^^^^^^^^^^^^^^^

warning: missing documentation for a struct field
  --> src/utils/config.rs:35:5
   |
35 |     pub learning_rate: f64,
   |     ^^^^^^^^^^^^^^^^^^^^^^

warning: missing documentation for a struct field
  --> src/utils/config.rs:36:5
   |
36 |     pub max_memory_size: usize,
   |     ^^^^^^^^^^^^^^^^^^^^^^^^^^

warning: missing documentation for a struct
  --> src/utils/config.rs:40:1
   |
40 | pub struct TaskConfig {
   | ^^^^^^^^^^^^^^^^^^^^^

warning: missing documentation for a struct field
  --> src/utils/config.rs:41:5
   |
41 |     pub max_concurrent_tasks: usize,
   |     ^^^^^^^^^^^^^^^^^^^^^^^^^^^^^^^

warning: missing documentation for a struct field
  --> src/utils/config.rs:42:5
   |
42 |     pub task_timeout_secs: u64,
   |     ^^^^^^^^^^^^^^^^^^^^^^^^^^

warning: missing documentation for a struct field
  --> src/utils/config.rs:43:5
   |
43 |     pub retry_attempts: u32,
   |     ^^^^^^^^^^^^^^^^^^^^^^^

warning: missing documentation for a struct field
  --> src/utils/config.rs:44:5
   |
44 |     pub priority_levels: u8,
   |     ^^^^^^^^^^^^^^^^^^^^^^^

warning: missing documentation for a struct
  --> src/utils/config.rs:48:1
   |
48 | pub struct ResourceConfig {
   | ^^^^^^^^^^^^^^^^^^^^^^^^^

warning: missing documentation for a struct field
  --> src/utils/config.rs:49:5
   |
49 |     pub cpu_threshold: f64,
   |     ^^^^^^^^^^^^^^^^^^^^^^

warning: missing documentation for a struct field
  --> src/utils/config.rs:50:5
   |
50 |     pub memory_threshold: f64,
   |     ^^^^^^^^^^^^^^^^^^^^^^^^^

warning: missing documentation for a struct field
  --> src/utils/config.rs:51:5
   |
51 |     pub auto_scaling_enabled: bool,
   |     ^^^^^^^^^^^^^^^^^^^^^^^^^^^^^^

warning: missing documentation for a struct field
  --> src/utils/config.rs:52:5
   |
52 |     pub monitoring_interval_secs: u64,
   |     ^^^^^^^^^^^^^^^^^^^^^^^^^^^^^^^^^

warning: missing documentation for a struct
  --> src/utils/config.rs:56:1
   |
56 | pub struct NeuralConfig {
   | ^^^^^^^^^^^^^^^^^^^^^^^

warning: missing documentation for a struct field
  --> src/utils/config.rs:57:5
   |
57 |     pub enable_advanced_neural: bool,
   |     ^^^^^^^^^^^^^^^^^^^^^^^^^^^^^^^^

warning: missing documentation for a struct field
  --> src/utils/config.rs:58:5
   |
58 |     pub batch_size: usize,
   |     ^^^^^^^^^^^^^^^^^^^^^

warning: missing documentation for a struct field
  --> src/utils/config.rs:59:5
   |
59 |     pub learning_rate: f64,
   |     ^^^^^^^^^^^^^^^^^^^^^^

warning: missing documentation for a struct field
  --> src/utils/config.rs:60:5
   |
60 |     pub max_iterations: usize,
   |     ^^^^^^^^^^^^^^^^^^^^^^^^^

warning: missing documentation for a struct
  --> src/utils/config.rs:64:1
   |
64 | pub struct LoggingConfig {
   | ^^^^^^^^^^^^^^^^^^^^^^^^

warning: missing documentation for a struct field
  --> src/utils/config.rs:65:5
   |
65 |     pub level: String,
   |     ^^^^^^^^^^^^^^^^^

warning: missing documentation for a struct field
  --> src/utils/config.rs:66:5
   |
66 |     pub format: String,
   |     ^^^^^^^^^^^^^^^^^^

warning: missing documentation for a struct field
  --> src/utils/config.rs:67:5
   |
67 |     pub file_path: Option<String>,
   |     ^^^^^^^^^^^^^^^^^^^^^^^^^^^^^

warning: missing documentation for a struct field
  --> src/utils/config.rs:68:5
   |
68 |     pub max_file_size_mb: u64,
   |     ^^^^^^^^^^^^^^^^^^^^^^^^^

warning: missing documentation for a struct
  --> src/utils/config.rs:72:1
   |
72 | pub struct PerformanceConfig {
   | ^^^^^^^^^^^^^^^^^^^^^^^^^^^^

warning: missing documentation for a struct field
  --> src/utils/config.rs:73:5
   |
73 |     pub cpu_warning_threshold: Option<f64>,
   |     ^^^^^^^^^^^^^^^^^^^^^^^^^^^^^^^^^^^^^^

warning: missing documentation for a struct field
  --> src/utils/config.rs:74:5
   |
74 |     pub cpu_critical_threshold: Option<f64>,
   |     ^^^^^^^^^^^^^^^^^^^^^^^^^^^^^^^^^^^^^^^

warning: missing documentation for a struct field
  --> src/utils/config.rs:75:5
   |
75 |     pub memory_warning_threshold: Option<f64>,
   |     ^^^^^^^^^^^^^^^^^^^^^^^^^^^^^^^^^^^^^^^^^

warning: missing documentation for a struct field
  --> src/utils/config.rs:76:5
   |
76 |     pub memory_critical_threshold: Option<f64>,
   |     ^^^^^^^^^^^^^^^^^^^^^^^^^^^^^^^^^^^^^^^^^^

warning: missing documentation for a struct field
  --> src/utils/config.rs:77:5
   |
77 |     pub metrics_collection_interval_ms: u64,
   |     ^^^^^^^^^^^^^^^^^^^^^^^^^^^^^^^^^^^^^^^

warning: missing documentation for a struct field
  --> src/utils/config.rs:78:5
   |
78 |     pub alert_check_interval_ms: u64,
   |     ^^^^^^^^^^^^^^^^^^^^^^^^^^^^^^^^

warning: missing documentation for a struct field
  --> src/utils/config.rs:79:5
   |
79 |     pub circuit_breaker_failure_threshold: u64,
   |     ^^^^^^^^^^^^^^^^^^^^^^^^^^^^^^^^^^^^^^^^^^

warning: missing documentation for a struct field
  --> src/utils/config.rs:80:5
   |
80 |     pub circuit_breaker_recovery_timeout_ms: u64,
   |     ^^^^^^^^^^^^^^^^^^^^^^^^^^^^^^^^^^^^^^^^^^^^

warning: missing documentation for a struct
  --> src/utils/config.rs:84:1
   |
84 | pub struct MonitoringConfig {
   | ^^^^^^^^^^^^^^^^^^^^^^^^^^^

warning: missing documentation for a struct field
  --> src/utils/config.rs:85:5
   |
85 |     pub monitoring_interval_secs: u64,
   |     ^^^^^^^^^^^^^^^^^^^^^^^^^^^^^^^^^

warning: missing documentation for a struct field
  --> src/utils/config.rs:86:5
   |
86 |     pub metrics_retention_days: u64,
   |     ^^^^^^^^^^^^^^^^^^^^^^^^^^^^^^^

warning: missing documentation for a struct field
  --> src/utils/config.rs:87:5
   |
87 |     pub alert_threshold: f64,
   |     ^^^^^^^^^^^^^^^^^^^^^^^^

warning: missing documentation for a struct field
  --> src/utils/config.rs:88:5
   |
88 |     pub metrics_endpoint: String,
   |     ^^^^^^^^^^^^^^^^^^^^^^^^^^^^

warning: missing documentation for a struct field
  --> src/utils/config.rs:89:5
   |
89 |     pub health_endpoint: String,
   |     ^^^^^^^^^^^^^^^^^^^^^^^^^^^

warning: missing documentation for a struct field
  --> src/utils/config.rs:90:5
   |
90 |     pub enable_agent_discovery: bool,
   |     ^^^^^^^^^^^^^^^^^^^^^^^^^^^^^^^^

warning: missing documentation for a struct field
  --> src/utils/config.rs:91:5
   |
91 |     pub enable_health_monitoring: bool,
   |     ^^^^^^^^^^^^^^^^^^^^^^^^^^^^^^^^^^

warning: missing documentation for a struct field
  --> src/utils/config.rs:92:5
   |
92 |     pub enable_performance_monitoring: bool,
   |     ^^^^^^^^^^^^^^^^^^^^^^^^^^^^^^^^^^^^^^^

warning: missing documentation for a struct field
  --> src/utils/config.rs:93:5
   |
93 |     pub enable_behavior_analysis: bool,
   |     ^^^^^^^^^^^^^^^^^^^^^^^^^^^^^^^^^^

warning: missing documentation for a struct field
  --> src/utils/config.rs:94:5
   |
94 |     pub enable_dashboards: bool,
   |     ^^^^^^^^^^^^^^^^^^^^^^^^^^^

warning: missing documentation for a struct field
  --> src/utils/config.rs:95:5
   |
95 |     pub enable_alerting: bool,
   |     ^^^^^^^^^^^^^^^^^^^^^^^^^

warning: missing documentation for a struct field
  --> src/utils/config.rs:96:5
   |
96 |     pub enable_diagnostics: bool,
   |     ^^^^^^^^^^^^^^^^^^^^^^^^^^^^

warning: missing documentation for a struct field
  --> src/utils/config.rs:97:5
   |
97 |     pub enable_reporting: bool,
   |     ^^^^^^^^^^^^^^^^^^^^^^^^^^

warning: missing documentation for a struct field
  --> src/utils/config.rs:98:5
   |
98 |     pub enable_automation: bool,
   |     ^^^^^^^^^^^^^^^^^^^^^^^^^^^

warning: missing documentation for a struct field
  --> src/utils/config.rs:99:5
   |
99 |     pub enable_external_integration: bool,
   |     ^^^^^^^^^^^^^^^^^^^^^^^^^^^^^^^^^^^^^

warning: missing documentation for a struct field
   --> src/utils/config.rs:100:5
    |
100 |     pub diagnostics: DiagnosticsConfig,
    |     ^^^^^^^^^^^^^^^^^^^^^^^^^^^^^^^^^^

warning: missing documentation for a struct
   --> src/utils/config.rs:104:1
    |
104 | pub struct DiagnosticsConfig {
    | ^^^^^^^^^^^^^^^^^^^^^^^^^^^^

warning: missing documentation for a struct field
   --> src/utils/config.rs:105:5
    |
105 |     pub component_health_scores: HashMap<String, f64>,
    |     ^^^^^^^^^^^^^^^^^^^^^^^^^^^^^^^^^^^^^^^^^^^^^^^^^

warning: missing documentation for a struct field
   --> src/utils/config.rs:106:5
    |
106 |     pub component_issues: HashMap<String, Vec<String>>,
    |     ^^^^^^^^^^^^^^^^^^^^^^^^^^^^^^^^^^^^^^^^^^^^^^^^^^

warning: missing documentation for a struct field
   --> src/utils/config.rs:107:5
    |
107 |     pub component_recommendations: HashMap<String, Vec<String>>,
    |     ^^^^^^^^^^^^^^^^^^^^^^^^^^^^^^^^^^^^^^^^^^^^^^^^^^^^^^^^^^^

warning: missing documentation for a struct field
   --> src/utils/config.rs:108:5
    |
108 |     pub network_components: Vec<String>,
    |     ^^^^^^^^^^^^^^^^^^^^^^^^^^^^^^^^^^^

warning: missing documentation for a struct field
   --> src/utils/config.rs:109:5
    |
109 |     pub default_health_score: f64,
    |     ^^^^^^^^^^^^^^^^^^^^^^^^^^^^^

warning: missing documentation for a struct field
   --> src/utils/config.rs:110:5
    |
110 |     pub performance_bottlenecks: Vec<String>,
    |     ^^^^^^^^^^^^^^^^^^^^^^^^^^^^^^^^^^^^^^^^

warning: missing documentation for a struct field
   --> src/utils/config.rs:111:5
    |
111 |     pub optimization_opportunities: Vec<String>,
    |     ^^^^^^^^^^^^^^^^^^^^^^^^^^^^^^^^^^^^^^^^^^^

warning: missing documentation for a struct field
  --> src/utils/error.rs:12:21
   |
12 |     AgentNotFound { id: String },
   |                     ^^^^^^^^^^

warning: missing documentation for a variant
  --> src/utils/error.rs:15:5
   |
15 |     AgentCreationFailed { reason: String },
   |     ^^^^^^^^^^^^^^^^^^^

warning: missing documentation for a struct field
  --> src/utils/error.rs:15:27
   |
15 |     AgentCreationFailed { reason: String },
   |                           ^^^^^^^^^^^^^^

warning: missing documentation for a variant
  --> src/utils/error.rs:18:5
   |
18 |     AgentExecutionFailed { reason: String },
   |     ^^^^^^^^^^^^^^^^^^^^

warning: missing documentation for a struct field
  --> src/utils/error.rs:18:28
   |
18 |     AgentExecutionFailed { reason: String },
   |                            ^^^^^^^^^^^^^^

warning: missing documentation for a struct field
  --> src/utils/error.rs:22:20
   |
22 |     TaskNotFound { id: String },
   |                    ^^^^^^^^^^

warning: missing documentation for a variant
  --> src/utils/error.rs:25:5
   |
25 |     TaskCreationFailed { reason: String },
   |     ^^^^^^^^^^^^^^^^^^

warning: missing documentation for a struct field
  --> src/utils/error.rs:25:26
   |
25 |     TaskCreationFailed { reason: String },
   |                          ^^^^^^^^^^^^^^

warning: missing documentation for a variant
  --> src/utils/error.rs:28:5
   |
28 |     TaskExecutionFailed { reason: String },
   |     ^^^^^^^^^^^^^^^^^^^

warning: missing documentation for a struct field
  --> src/utils/error.rs:28:27
   |
28 |     TaskExecutionFailed { reason: String },
   |                           ^^^^^^^^^^^^^^

warning: missing documentation for a struct field
  --> src/utils/error.rs:32:25
   |
32 |     ResourceExhausted { resource: String },
   |                         ^^^^^^^^^^^^^^^^

warning: missing documentation for a variant
  --> src/utils/error.rs:35:5
   |
35 |     ResourceInitializationFailed { reason: String },
   |     ^^^^^^^^^^^^^^^^^^^^^^^^^^^^

warning: missing documentation for a struct field
  --> src/utils/error.rs:35:36
   |
35 |     ResourceInitializationFailed { reason: String },
   |                                    ^^^^^^^^^^^^^^

warning: missing documentation for a struct field
  --> src/utils/error.rs:39:22
   |
39 |     WebSocketError { reason: String },
   |                      ^^^^^^^^^^^^^^

warning: missing documentation for a variant
  --> src/utils/error.rs:42:5
   |
42 |     MessageParsingError { reason: String },
   |     ^^^^^^^^^^^^^^^^^^^

warning: missing documentation for a struct field
  --> src/utils/error.rs:42:27
   |
42 |     MessageParsingError { reason: String },
   |                           ^^^^^^^^^^^^^^

warning: missing documentation for a struct field
  --> src/utils/error.rs:46:24
   |
46 |     SystemOverloaded { reason: String },
   |                        ^^^^^^^^^^^^^^

warning: missing documentation for a variant
  --> src/utils/error.rs:49:5
   |
49 |     ConfigurationError { reason: String },
   |     ^^^^^^^^^^^^^^^^^^

warning: missing documentation for a struct field
  --> src/utils/error.rs:49:26
   |
49 |     ConfigurationError { reason: String },
   |                          ^^^^^^^^^^^^^^

warning: missing documentation for a variant
  --> src/utils/error.rs:52:5
   |
52 |     DatabaseError { reason: String },
   |     ^^^^^^^^^^^^^

warning: missing documentation for a struct field
  --> src/utils/error.rs:52:21
   |
52 |     DatabaseError { reason: String },
   |                     ^^^^^^^^^^^^^^

warning: missing documentation for a struct field
  --> src/utils/error.rs:56:29
   |
56 |     NeuralProcessingError { reason: String },
   |                             ^^^^^^^^^^^^^^

warning: missing documentation for a variant
  --> src/utils/error.rs:59:5
   |
59 |     NLPError { reason: String },
   |     ^^^^^^^^

warning: missing documentation for a struct field
  --> src/utils/error.rs:59:16
   |
59 |     NLPError { reason: String },
   |                ^^^^^^^^^^^^^^

warning: missing documentation for a struct field
  --> src/utils/error.rs:63:26
   |
63 |     CircuitBreakerOpen { reason: String },
   |                          ^^^^^^^^^^^^^^

warning: missing documentation for a variant
  --> src/utils/error.rs:66:5
   |
66 |     OperationFailed { reason: String },
   |     ^^^^^^^^^^^^^^^

warning: missing documentation for a struct field
  --> src/utils/error.rs:66:23
   |
66 |     OperationFailed { reason: String },
   |                       ^^^^^^^^^^^^^^

warning: missing documentation for a struct field
  --> src/utils/error.rs:70:23
   |
70 |     ValidationError { field: String, reason: String },
   |                       ^^^^^^^^^^^^^

warning: missing documentation for a struct field
  --> src/utils/error.rs:70:38
   |
70 |     ValidationError { field: String, reason: String },
   |                                      ^^^^^^^^^^^^^^

warning: missing documentation for a struct field
  --> src/utils/error.rs:74:16
   |
74 |     NotFound { resource: String },
   |                ^^^^^^^^^^^^^^^^

warning: missing documentation for a struct field
  --> src/utils/error.rs:78:20
   |
78 |     TimeoutError { operation: String, duration_ms: u64 },
   |                    ^^^^^^^^^^^^^^^^^

warning: missing documentation for a struct field
  --> src/utils/error.rs:78:39
   |
78 |     TimeoutError { operation: String, duration_ms: u64 },
   |                                       ^^^^^^^^^^^^^^^^

warning: missing documentation for a struct field
  --> src/utils/error.rs:82:27
   |
82 |     AuthenticationError { reason: String },
   |                           ^^^^^^^^^^^^^^

warning: missing documentation for a variant
  --> src/utils/error.rs:85:5
   |
85 |     AuthorizationError { reason: String },
   |     ^^^^^^^^^^^^^^^^^^

warning: missing documentation for a struct field
  --> src/utils/error.rs:85:26
   |
85 |     AuthorizationError { reason: String },
   |                          ^^^^^^^^^^^^^^

warning: missing documentation for a variant
  --> src/utils/error.rs:88:5
   |
88 |     SecurityError { reason: String },
   |     ^^^^^^^^^^^^^

warning: missing documentation for a struct field
  --> src/utils/error.rs:88:21
   |
88 |     SecurityError { reason: String },
   |                     ^^^^^^^^^^^^^^

warning: missing documentation for a method
   --> src/utils/error.rs:170:5
    |
170 |     fn with_context(self, operation: &str, component: &str) -> Result<T, HiveError>;
    |     ^^^^^^^^^^^^^^^^^^^^^^^^^^^^^^^^^^^^^^^^^^^^^^^^^^^^^^^^^^^^^^^^^^^^^^^^^^^^^^^^

warning: missing documentation for a struct field
  --> src/utils/health_check.rs:98:5
   |
98 |     pub name: String,
   |     ^^^^^^^^^^^^^^^^

warning: missing documentation for a struct field
  --> src/utils/health_check.rs:99:5
   |
99 |     pub description: String,
   |     ^^^^^^^^^^^^^^^^^^^^^^^

warning: missing documentation for a struct field
   --> src/utils/health_check.rs:100:5
    |
100 |     pub timeout: Duration,
    |     ^^^^^^^^^^^^^^^^^^^^^

warning: missing documentation for a struct field
   --> src/utils/health_check.rs:101:5
    |
101 |     pub check_fn: HealthCheckFunction,
    |     ^^^^^^^^^^^^^^^^^^^^^^^^^^^^^^^^^

warning: missing documentation for a struct field
   --> src/utils/health_check.rs:102:5
    |
102 |     pub last_result: Option<HealthCheckResult>,
    |     ^^^^^^^^^^^^^^^^^^^^^^^^^^^^^^^^^^^^^^^^^^

warning: missing documentation for a variant
   --> src/utils/health_check.rs:181:5
    |
181 |     Healthy,
    |     ^^^^^^^

warning: missing documentation for a variant
   --> src/utils/health_check.rs:182:5
    |
182 |     Degraded,
    |     ^^^^^^^^

warning: missing documentation for a variant
   --> src/utils/health_check.rs:183:5
    |
183 |     Unhealthy,
    |     ^^^^^^^^^

warning: missing documentation for a struct field
   --> src/utils/health_check.rs:189:5
    |
189 |     pub status: HealthStatus,
    |     ^^^^^^^^^^^^^^^^^^^^^^^^

warning: missing documentation for a struct field
   --> src/utils/health_check.rs:190:5
    |
190 |     pub message: String,
    |     ^^^^^^^^^^^^^^^^^^^

warning: missing documentation for a struct field
   --> src/utils/health_check.rs:191:5
    |
191 |     pub details: Option<HashMap<String, String>>,
    |     ^^^^^^^^^^^^^^^^^^^^^^^^^^^^^^^^^^^^^^^^^^^^

warning: missing documentation for a struct field
   --> src/utils/health_check.rs:192:5
    |
192 |     pub execution_time_ms: u64,
    |     ^^^^^^^^^^^^^^^^^^^^^^^^^^

warning: missing documentation for a struct field
   --> src/utils/health_check.rs:193:5
    |
193 |     pub timestamp: chrono::DateTime<chrono::Utc>,
    |     ^^^^^^^^^^^^^^^^^^^^^^^^^^^^^^^^^^^^^^^^^^^^

warning: missing documentation for a struct field
   --> src/utils/health_check.rs:199:5
    |
199 |     pub status: HealthStatus,
    |     ^^^^^^^^^^^^^^^^^^^^^^^^

warning: missing documentation for a struct field
   --> src/utils/health_check.rs:200:5
    |
200 |     pub last_check: chrono::DateTime<chrono::Utc>,
    |     ^^^^^^^^^^^^^^^^^^^^^^^^^^^^^^^^^^^^^^^^^^^^^

warning: missing documentation for a struct field
   --> src/utils/health_check.rs:201:5
    |
201 |     pub check_duration_ms: u64,
    |     ^^^^^^^^^^^^^^^^^^^^^^^^^^

warning: missing documentation for a struct field
   --> src/utils/health_check.rs:202:5
    |
202 |     pub uptime_seconds: u64,
    |     ^^^^^^^^^^^^^^^^^^^^^^^

warning: missing documentation for a struct field
   --> src/utils/health_check.rs:203:5
    |
203 |     pub version: String,
    |     ^^^^^^^^^^^^^^^^^^^

warning: missing documentation for a struct field
   --> src/utils/health_check.rs:221:5
    |
221 |     pub overall_status: HealthStatus,
    |     ^^^^^^^^^^^^^^^^^^^^^^^^^^^^^^^^

warning: missing documentation for a struct field
   --> src/utils/health_check.rs:222:5
    |
222 |     pub checks: HashMap<String, HealthCheckResult>,
    |     ^^^^^^^^^^^^^^^^^^^^^^^^^^^^^^^^^^^^^^^^^^^^^^

warning: missing documentation for a struct field
   --> src/utils/health_check.rs:223:5
    |
223 |     pub timestamp: chrono::DateTime<chrono::Utc>,
    |     ^^^^^^^^^^^^^^^^^^^^^^^^^^^^^^^^^^^^^^^^^^^^

warning: missing documentation for a struct field
   --> src/utils/health_check.rs:224:5
    |
224 |     pub execution_time_ms: u64,
    |     ^^^^^^^^^^^^^^^^^^^^^^^^^^

warning: missing documentation for an enum
   --> src/utils/health_check.rs:353:1
    |
353 | pub enum CircuitBreakerStatus {
    | ^^^^^^^^^^^^^^^^^^^^^^^^^^^^^

warning: missing documentation for a variant
   --> src/utils/health_check.rs:354:5
    |
354 |     Closed,   // Normal operation
    |     ^^^^^^

warning: missing documentation for a variant
   --> src/utils/health_check.rs:355:5
    |
355 |     Open,     // Failing, blocking requests
    |     ^^^^

warning: missing documentation for a variant
   --> src/utils/health_check.rs:356:5
    |
356 |     HalfOpen, // Testing if service recovered
    |     ^^^^^^^^

warning: missing documentation for a variant
   --> src/utils/health_check.rs:468:5
    |
468 |     CircuitOpen,
    |     ^^^^^^^^^^^

warning: missing documentation for a variant
   --> src/utils/health_check.rs:469:5
    |
469 |     OperationFailed(E),
    |     ^^^^^^^^^^^^^^^

warning: missing documentation for a struct field
   --> src/utils/rate_limiter.rs:146:5
    |
146 |     pub max_requests: u32,
    |     ^^^^^^^^^^^^^^^^^^^^^

warning: missing documentation for a struct field
   --> src/utils/rate_limiter.rs:147:5
    |
147 |     pub window_duration: Duration,
    |     ^^^^^^^^^^^^^^^^^^^^^^^^^^^^^

warning: missing documentation for a struct field
   --> src/utils/rate_limiter.rs:148:5
    |
148 |     pub reset_time: Instant,
    |     ^^^^^^^^^^^^^^^^^^^^^^^

warning: missing documentation for a struct field
   --> src/utils/rate_limiter.rs:149:5
    |
149 |     pub current_count: u32,
    |     ^^^^^^^^^^^^^^^^^^^^^^

warning: missing documentation for a struct field
   --> src/utils/rate_limiter.rs:170:5
    |
170 |     pub max_requests: u32,
    |     ^^^^^^^^^^^^^^^^^^^^^

warning: missing documentation for a struct field
   --> src/utils/rate_limiter.rs:171:5
    |
171 |     pub remaining_requests: u32,
    |     ^^^^^^^^^^^^^^^^^^^^^^^^^^^

warning: missing documentation for a struct field
   --> src/utils/rate_limiter.rs:172:5
    |
172 |     pub reset_time: Instant,
    |     ^^^^^^^^^^^^^^^^^^^^^^^

warning: missing documentation for a struct field
   --> src/utils/rate_limiter.rs:173:5
    |
173 |     pub window_duration: Duration,
    |     ^^^^^^^^^^^^^^^^^^^^^^^^^^^^^

warning: missing documentation for a variant
  --> src/utils/security.rs:18:5
   |
18 |     Low,
   |     ^^^

warning: missing documentation for a variant
  --> src/utils/security.rs:19:5
   |
19 |     Medium,
   |     ^^^^^^

warning: missing documentation for a variant
  --> src/utils/security.rs:20:5
   |
20 |     High,
   |     ^^^^

warning: missing documentation for a variant
  --> src/utils/security.rs:21:5
   |
21 |     Critical,
   |     ^^^^^^^^

warning: missing documentation for a struct field
  --> src/utils/security.rs:27:5
   |
27 |     pub threat_level: ThreatLevel,
   |     ^^^^^^^^^^^^^^^^^^^^^^^^^^^^^

warning: missing documentation for a struct field
  --> src/utils/security.rs:28:5
   |
28 |     pub is_valid: bool,
   |     ^^^^^^^^^^^^^^^^^^

warning: missing documentation for a struct field
  --> src/utils/security.rs:29:5
   |
29 |     pub reason: Option<String>,
   |     ^^^^^^^^^^^^^^^^^^^^^^^^^^

warning: missing documentation for a variant
   --> src/utils/structured_logging.rs:185:5
    |
185 |     Created,
    |     ^^^^^^^

warning: missing documentation for a variant
   --> src/utils/structured_logging.rs:186:5
    |
186 |     Started,
    |     ^^^^^^^

warning: missing documentation for a variant
   --> src/utils/structured_logging.rs:187:5
    |
187 |     TaskAssigned,
    |     ^^^^^^^^^^^^

warning: missing documentation for a variant
   --> src/utils/structured_logging.rs:188:5
    |
188 |     TaskCompleted,
    |     ^^^^^^^^^^^^^

warning: missing documentation for a variant
   --> src/utils/structured_logging.rs:189:5
    |
189 |     TaskFailed,
    |     ^^^^^^^^^^

warning: missing documentation for a variant
   --> src/utils/structured_logging.rs:190:5
    |
190 |     LearningUpdate,
    |     ^^^^^^^^^^^^^^

warning: missing documentation for a variant
   --> src/utils/structured_logging.rs:191:5
    |
191 |     EnergyChanged,
    |     ^^^^^^^^^^^^^

warning: missing documentation for a variant
   --> src/utils/structured_logging.rs:192:5
    |
192 |     StateChanged,
    |     ^^^^^^^^^^^^

warning: missing documentation for a variant
   --> src/utils/structured_logging.rs:193:5
    |
193 |     Destroyed,
    |     ^^^^^^^^^

warning: missing documentation for a struct field
   --> src/utils/structured_logging.rs:199:5
    |
199 |     pub agent_name: String,
    |     ^^^^^^^^^^^^^^^^^^^^^^

warning: missing documentation for a struct field
   --> src/utils/structured_logging.rs:200:5
    |
200 |     pub agent_type: String,
    |     ^^^^^^^^^^^^^^^^^^^^^^

warning: missing documentation for a struct field
   --> src/utils/structured_logging.rs:201:5
    |
201 |     pub capabilities: Vec<String>,
    |     ^^^^^^^^^^^^^^^^^^^^^^^^^^^^^

warning: missing documentation for a struct field
   --> src/utils/structured_logging.rs:202:5
    |
202 |     pub energy_level: f64,
    |     ^^^^^^^^^^^^^^^^^^^^^

warning: missing documentation for a struct field
   --> src/utils/structured_logging.rs:203:5
    |
203 |     pub state: String,
    |     ^^^^^^^^^^^^^^^^^

warning: missing documentation for a struct field
   --> src/utils/structured_logging.rs:204:5
    |
204 |     pub position: Option<(f64, f64)>,
    |     ^^^^^^^^^^^^^^^^^^^^^^^^^^^^^^^^

warning: missing documentation for a variant
   --> src/utils/structured_logging.rs:210:5
    |
210 |     Created,
    |     ^^^^^^^

warning: missing documentation for a variant
   --> src/utils/structured_logging.rs:211:5
    |
211 |     Queued,
    |     ^^^^^^

warning: missing documentation for a variant
   --> src/utils/structured_logging.rs:212:5
    |
212 |     Assigned,
    |     ^^^^^^^^

warning: missing documentation for a variant
   --> src/utils/structured_logging.rs:213:5
    |
213 |     Started,
    |     ^^^^^^^

warning: missing documentation for a variant
   --> src/utils/structured_logging.rs:214:5
    |
214 |     Completed,
    |     ^^^^^^^^^

warning: missing documentation for a variant
   --> src/utils/structured_logging.rs:215:5
    |
215 |     Failed,
    |     ^^^^^^

warning: missing documentation for a variant
   --> src/utils/structured_logging.rs:216:5
    |
216 |     Cancelled,
    |     ^^^^^^^^^

warning: missing documentation for a variant
   --> src/utils/structured_logging.rs:217:5
    |
217 |     Retried,
    |     ^^^^^^^

warning: missing documentation for a struct field
   --> src/utils/structured_logging.rs:223:5
    |
223 |     pub description: String,
    |     ^^^^^^^^^^^^^^^^^^^^^^^

warning: missing documentation for a struct field
   --> src/utils/structured_logging.rs:224:5
    |
224 |     pub priority: String,
    |     ^^^^^^^^^^^^^^^^^^^^

warning: missing documentation for a struct field
   --> src/utils/structured_logging.rs:225:5
    |
225 |     pub assigned_agent: Option<Uuid>,
    |     ^^^^^^^^^^^^^^^^^^^^^^^^^^^^^^^^

warning: missing documentation for a struct field
   --> src/utils/structured_logging.rs:226:5
    |
226 |     pub execution_time_ms: Option<u64>,
    |     ^^^^^^^^^^^^^^^^^^^^^^^^^^^^^^^^^^

warning: missing documentation for a struct field
   --> src/utils/structured_logging.rs:227:5
    |
227 |     pub success: bool,
    |     ^^^^^^^^^^^^^^^^^

warning: missing documentation for a struct field
   --> src/utils/structured_logging.rs:228:5
    |
228 |     pub error_message: Option<String>,
    |     ^^^^^^^^^^^^^^^^^^^^^^^^^^^^^^^^^

warning: missing documentation for a struct field
   --> src/utils/structured_logging.rs:229:5
    |
229 |     pub retry_count: u32,
    |     ^^^^^^^^^^^^^^^^^^^^

warning: missing documentation for a struct field
   --> src/utils/structured_logging.rs:235:5
    |
235 |     pub cpu_usage: f64,
    |     ^^^^^^^^^^^^^^^^^^

warning: missing documentation for a struct field
   --> src/utils/structured_logging.rs:236:5
    |
236 |     pub memory_usage: f64,
    |     ^^^^^^^^^^^^^^^^^^^^^

warning: missing documentation for a struct field
   --> src/utils/structured_logging.rs:237:5
    |
237 |     pub active_agents: usize,
    |     ^^^^^^^^^^^^^^^^^^^^^^^^

warning: missing documentation for a struct field
   --> src/utils/structured_logging.rs:238:5
    |
238 |     pub pending_tasks: usize,
    |     ^^^^^^^^^^^^^^^^^^^^^^^^

warning: missing documentation for a struct field
   --> src/utils/structured_logging.rs:239:5
    |
239 |     pub completed_tasks: usize,
    |     ^^^^^^^^^^^^^^^^^^^^^^^^^^

warning: missing documentation for a struct field
   --> src/utils/structured_logging.rs:240:5
    |
240 |     pub failed_tasks: usize,
    |     ^^^^^^^^^^^^^^^^^^^^^^^

warning: missing documentation for a struct field
   --> src/utils/structured_logging.rs:241:5
    |
241 |     pub average_response_time_ms: f64,
    |     ^^^^^^^^^^^^^^^^^^^^^^^^^^^^^^^^^

warning: missing documentation for a struct field
   --> src/utils/structured_logging.rs:242:5
    |
242 |     pub uptime_seconds: u64,
    |     ^^^^^^^^^^^^^^^^^^^^^^^

warning: missing documentation for a variant
   --> src/utils/structured_logging.rs:248:5
    |
248 |     AuthenticationSuccess,
    |     ^^^^^^^^^^^^^^^^^^^^^

warning: missing documentation for a variant
   --> src/utils/structured_logging.rs:249:5
    |
249 |     UnauthorizedAccess,
    |     ^^^^^^^^^^^^^^^^^^

warning: missing documentation for a variant
   --> src/utils/structured_logging.rs:250:5
    |
250 |     RateLimitExceeded,
    |     ^^^^^^^^^^^^^^^^^

warning: missing documentation for a variant
   --> src/utils/structured_logging.rs:251:5
    |
251 |     InvalidInput,
    |     ^^^^^^^^^^^^

warning: missing documentation for a variant
   --> src/utils/structured_logging.rs:252:5
    |
252 |     SuspiciousActivity,
    |     ^^^^^^^^^^^^^^^^^^

warning: missing documentation for a struct field
   --> src/utils/structured_logging.rs:258:5
    |
258 |     pub client_id: String,
    |     ^^^^^^^^^^^^^^^^^^^^^

warning: missing documentation for a struct field
   --> src/utils/structured_logging.rs:259:5
    |
259 |     pub endpoint: String,
    |     ^^^^^^^^^^^^^^^^^^^^

warning: missing documentation for a struct field
   --> src/utils/structured_logging.rs:260:5
    |
260 |     pub user_agent: Option<String>,
    |     ^^^^^^^^^^^^^^^^^^^^^^^^^^^^^^

warning: missing documentation for a struct field
   --> src/utils/structured_logging.rs:261:5
    |
261 |     pub ip_address: Option<String>,
    |     ^^^^^^^^^^^^^^^^^^^^^^^^^^^^^^

warning: missing documentation for a struct field
   --> src/utils/structured_logging.rs:262:5
    |
262 |     pub timestamp: chrono::DateTime<chrono::Utc>,
    |     ^^^^^^^^^^^^^^^^^^^^^^^^^^^^^^^^^^^^^^^^^^^^

warning: missing documentation for a struct field
   --> src/utils/structured_logging.rs:263:5
    |
263 |     pub additional_info: HashMap<String, String>,
    |     ^^^^^^^^^^^^^^^^^^^^^^^^^^^^^^^^^^^^^^^^^^^^

warning: missing documentation for a variant
   --> src/utils/structured_logging.rs:269:5
    |
269 |     TrainingStarted,
    |     ^^^^^^^^^^^^^^^

warning: missing documentation for a variant
   --> src/utils/structured_logging.rs:270:5
    |
270 |     TrainingCompleted,
    |     ^^^^^^^^^^^^^^^^^

warning: missing documentation for a variant
   --> src/utils/structured_logging.rs:271:5
    |
271 |     ModelUpdated,
    |     ^^^^^^^^^^^^

warning: missing documentation for a variant
   --> src/utils/structured_logging.rs:272:5
    |
272 |     PredictionMade,
    |     ^^^^^^^^^^^^^^

warning: missing documentation for a variant
   --> src/utils/structured_logging.rs:273:5
    |
273 |     PerformanceEvaluated,
    |     ^^^^^^^^^^^^^^^^^^^^

warning: missing documentation for a struct field
   --> src/utils/structured_logging.rs:279:5
    |
279 |     pub model_type: String,
    |     ^^^^^^^^^^^^^^^^^^^^^^

warning: missing documentation for a struct field
   --> src/utils/structured_logging.rs:280:5
    |
280 |     pub training_samples: usize,
    |     ^^^^^^^^^^^^^^^^^^^^^^^^^^^

warning: missing documentation for a struct field
   --> src/utils/structured_logging.rs:281:5
    |
281 |     pub accuracy: Option<f64>,
    |     ^^^^^^^^^^^^^^^^^^^^^^^^^

warning: missing documentation for a struct field
   --> src/utils/structured_logging.rs:282:5
    |
282 |     pub loss: Option<f64>,
    |     ^^^^^^^^^^^^^^^^^^^^^

warning: missing documentation for a struct field
   --> src/utils/structured_logging.rs:283:5
    |
283 |     pub epoch: Option<u32>,
    |     ^^^^^^^^^^^^^^^^^^^^^^

warning: missing documentation for a struct field
   --> src/utils/structured_logging.rs:284:5
    |
284 |     pub learning_rate: Option<f64>,
    |     ^^^^^^^^^^^^^^^^^^^^^^^^^^^^^^

warning: missing documentation for a struct field
   --> src/utils/structured_logging.rs:290:5
    |
290 |     pub operation: String,
    |     ^^^^^^^^^^^^^^^^^^^^^

warning: missing documentation for a struct field
   --> src/utils/structured_logging.rs:291:5
    |
291 |     pub component: String,
    |     ^^^^^^^^^^^^^^^^^^^^^

warning: missing documentation for a struct field
   --> src/utils/structured_logging.rs:292:5
    |
292 |     pub agent_id: Option<Uuid>,
    |     ^^^^^^^^^^^^^^^^^^^^^^^^^^

warning: missing documentation for a struct field
   --> src/utils/structured_logging.rs:293:5
    |
293 |     pub task_id: Option<Uuid>,
    |     ^^^^^^^^^^^^^^^^^^^^^^^^^

warning: missing documentation for a struct field
   --> src/utils/structured_logging.rs:294:5
    |
294 |     pub additional_data: HashMap<String, String>,
    |     ^^^^^^^^^^^^^^^^^^^^^^^^^^^^^^^^^^^^^^^^^^^^

warning: missing documentation for a macro
   --> src/utils/structured_logging.rs:346:1
    |
346 | macro_rules! log_task_event {
    | ^^^^^^^^^^^^^^^^^^^^^^^^^^^

warning: missing documentation for a macro
   --> src/utils/structured_logging.rs:357:1
    |
357 | macro_rules! log_security_event {
    | ^^^^^^^^^^^^^^^^^^^^^^^^^^^^^^^

warning: missing documentation for a struct field
  --> src/utils/testing.rs:16:5
   |
16 |     pub hive: Arc<RwLock<HiveCoordinator>>,
   |     ^^^^^^^^^^^^^^^^^^^^^^^^^^^^^^^^^^^^^^

warning: missing documentation for a struct field
  --> src/utils/testing.rs:17:5
   |
17 |     pub config: Arc<HiveConfig>,
   |     ^^^^^^^^^^^^^^^^^^^^^^^^^^^

warning: missing documentation for a struct field
  --> src/utils/testing.rs:18:5
   |
18 |     pub metrics: Arc<MetricsCollector>,
   |     ^^^^^^^^^^^^^^^^^^^^^^^^^^^^^^^^^^

warning: missing documentation for a struct field
  --> src/utils/testing.rs:19:5
   |
19 |     pub cache: Arc<CacheManager>,
   |     ^^^^^^^^^^^^^^^^^^^^^^^^^^^^

warning: missing documentation for a struct field
  --> src/utils/testing.rs:20:5
   |
20 |     pub telemetry: Arc<TelemetryCollector>,
   |     ^^^^^^^^^^^^^^^^^^^^^^^^^^^^^^^^^^^^^^

warning: missing documentation for a struct
   --> src/utils/testing.rs:223:1
    |
223 | pub struct LoadTestResults {
    | ^^^^^^^^^^^^^^^^^^^^^^^^^^

warning: missing documentation for a struct field
   --> src/utils/testing.rs:224:5
    |
224 |     pub duration_secs: u64,
    |     ^^^^^^^^^^^^^^^^^^^^^^

warning: missing documentation for a struct field
   --> src/utils/testing.rs:225:5
    |
225 |     pub agents_created: u32,
    |     ^^^^^^^^^^^^^^^^^^^^^^^

warning: missing documentation for a struct field
   --> src/utils/testing.rs:226:5
    |
226 |     pub tasks_created: u32,
    |     ^^^^^^^^^^^^^^^^^^^^^^

warning: missing documentation for a struct field
   --> src/utils/testing.rs:227:5
    |
227 |     pub agent_creation_failures: u32,
    |     ^^^^^^^^^^^^^^^^^^^^^^^^^^^^^^^^

warning: missing documentation for a struct field
   --> src/utils/testing.rs:228:5
    |
228 |     pub task_creation_failures: u32,
    |     ^^^^^^^^^^^^^^^^^^^^^^^^^^^^^^^

warning: missing documentation for a struct field
   --> src/utils/testing.rs:229:5
    |
229 |     pub performance_samples: Vec<PerformanceSample>,
    |     ^^^^^^^^^^^^^^^^^^^^^^^^^^^^^^^^^^^^^^^^^^^^^^^

warning: missing documentation for a struct
   --> src/utils/testing.rs:233:1
    |
233 | pub struct PerformanceSample {
    | ^^^^^^^^^^^^^^^^^^^^^^^^^^^^

warning: missing documentation for a struct field
   --> src/utils/testing.rs:234:5
    |
234 |     pub timestamp: u64,
    |     ^^^^^^^^^^^^^^^^^^

warning: missing documentation for a struct field
   --> src/utils/testing.rs:235:5
    |
235 |     pub cpu_usage: f64,
    |     ^^^^^^^^^^^^^^^^^^

warning: missing documentation for a struct field
   --> src/utils/testing.rs:236:5
    |
236 |     pub memory_usage: f64,
    |     ^^^^^^^^^^^^^^^^^^^^^

warning: missing documentation for a struct field
   --> src/utils/testing.rs:237:5
    |
237 |     pub active_agents: usize,
    |     ^^^^^^^^^^^^^^^^^^^^^^^^

warning: missing documentation for a struct field
   --> src/utils/testing.rs:238:5
    |
238 |     pub tasks_in_queue: usize,
    |     ^^^^^^^^^^^^^^^^^^^^^^^^^

warning: missing documentation for a struct
   --> src/utils/testing.rs:242:1
    |
242 | pub struct ConsistencyReport {
    | ^^^^^^^^^^^^^^^^^^^^^^^^^^^^

warning: missing documentation for a struct field
   --> src/utils/testing.rs:243:5
    |
243 |     pub total_agents: usize,
    |     ^^^^^^^^^^^^^^^^^^^^^^^

warning: missing documentation for a struct field
   --> src/utils/testing.rs:244:5
    |
244 |     pub valid_agents: usize,
    |     ^^^^^^^^^^^^^^^^^^^^^^^

warning: missing documentation for a struct field
   --> src/utils/testing.rs:245:5
    |
245 |     pub invalid_agent_ids: usize,
    |     ^^^^^^^^^^^^^^^^^^^^^^^^^^^^

warning: missing documentation for a struct field
   --> src/utils/testing.rs:246:5
    |
246 |     pub total_tasks: usize,
    |     ^^^^^^^^^^^^^^^^^^^^^^

warning: missing documentation for a struct field
   --> src/utils/testing.rs:247:5
    |
247 |     pub valid_tasks: usize,
    |     ^^^^^^^^^^^^^^^^^^^^^^

warning: missing documentation for a struct field
   --> src/utils/testing.rs:248:5
    |
248 |     pub invalid_task_ids: usize,
    |     ^^^^^^^^^^^^^^^^^^^^^^^^^^^

warning: missing documentation for a struct field
   --> src/utils/testing.rs:249:5
    |
249 |     pub metrics_consistent: bool,
    |     ^^^^^^^^^^^^^^^^^^^^^^^^^^^^

warning: missing documentation for a struct
   --> src/utils/testing.rs:313:1
    |
313 | pub struct LoadTestStats {
    | ^^^^^^^^^^^^^^^^^^^^^^^^

warning: missing documentation for a struct field
   --> src/utils/testing.rs:314:5
    |
314 |     pub success_rate: f64,
    |     ^^^^^^^^^^^^^^^^^^^^^

warning: missing documentation for a struct field
   --> src/utils/testing.rs:315:5
    |
315 |     pub operations_per_second: f64,
    |     ^^^^^^^^^^^^^^^^^^^^^^^^^^^^^^

warning: missing documentation for a struct field
   --> src/utils/testing.rs:316:5
    |
316 |     pub average_cpu_usage: f64,
    |     ^^^^^^^^^^^^^^^^^^^^^^^^^^

warning: missing documentation for a struct field
   --> src/utils/testing.rs:317:5
    |
317 |     pub average_memory_usage: f64,
    |     ^^^^^^^^^^^^^^^^^^^^^^^^^^^^^

warning: missing documentation for a struct field
   --> src/utils/testing.rs:318:5
    |
318 |     pub peak_agents: usize,
    |     ^^^^^^^^^^^^^^^^^^^^^^

warning: missing documentation for a struct field
   --> src/utils/testing.rs:319:5
    |
319 |     pub peak_queue_size: usize,
    |     ^^^^^^^^^^^^^^^^^^^^^^^^^^

warning: missing documentation for an associated function
   --> src/utils/testing_framework.rs:404:5
    |
404 |     pub fn success(name: &str, message: String, duration: Duration) -> Self {
    |     ^^^^^^^^^^^^^^^^^^^^^^^^^^^^^^^^^^^^^^^^^^^^^^^^^^^^^^^^^^^^^^^^^^^^^^^

warning: missing documentation for an associated function
   --> src/utils/testing_framework.rs:414:5
    |
414 |     pub fn failure(name: &str, message: String, duration: Duration) -> Self {
    |     ^^^^^^^^^^^^^^^^^^^^^^^^^^^^^^^^^^^^^^^^^^^^^^^^^^^^^^^^^^^^^^^^^^^^^^^

warning: missing documentation for an associated function
   --> src/utils/testing_framework.rs:437:5
    |
437 |     pub fn new(suite_name: &str) -> Self {
    |     ^^^^^^^^^^^^^^^^^^^^^^^^^^^^^^^^^^^^

warning: missing documentation for a method
   --> src/utils/testing_framework.rs:445:5
    |
445 |     pub fn add_test(&mut self, result: TestResult) {
    |     ^^^^^^^^^^^^^^^^^^^^^^^^^^^^^^^^^^^^^^^^^^^^^^

warning: missing documentation for a method
   --> src/utils/testing_framework.rs:451:5
    |
451 |     pub fn passed_count(&self) -> usize {
    |     ^^^^^^^^^^^^^^^^^^^^^^^^^^^^^^^^^^^

warning: missing documentation for a method
   --> src/utils/testing_framework.rs:456:5
    |
456 |     pub fn failed_count(&self) -> usize {
    |     ^^^^^^^^^^^^^^^^^^^^^^^^^^^^^^^^^^^

warning: missing documentation for a method
   --> src/utils/testing_framework.rs:461:5
    |
461 |     pub fn success_rate(&self) -> f64 {
    |     ^^^^^^^^^^^^^^^^^^^^^^^^^^^^^^^^^

warning: missing documentation for an associated function
   --> src/utils/testing_framework.rs:493:5
    |
493 |     pub fn new() -> Self {
    |     ^^^^^^^^^^^^^^^^^^^^

warning: `multiagent-hive` (lib test) generated 2511 warnings
    Finished `test` profile [unoptimized + debuginfo] target(s) in 0.70s
     Running unittests src/lib.rs (target/debug/deps/multiagent_hive-9fa8f1a7f1388fef)

running 135 tests
test agents::memory::tests::test_memory_system_creation ... ok
test agents::memory::tests::test_pattern_learning ... ok
test agents::memory::tests::test_memory_storage_and_recall ... ok
test agents::memory::tests::test_social_memory_updates ... ok
test agents::optimized_agent::tests::test_capability_optimization ... ok
test agents::optimized_agent::tests::test_edge_device_configuration ... ok
test agents::optimized_agent::tests::test_optimized_agent_creation ... ok
test agents::recovery::tests::test_agent_recovery_success ... ok
test agents::recovery::tests::test_agent_recovery_with_no_energy ... ok
test agents::recovery::tests::test_diagnose_agent ... ok
test infrastructure::benchmarks::tests::test_benchmark_suite_creation ... ok
test agents::recovery::tests::test_emergency_reset ... ok
test infrastructure::benchmarks::tests::test_cpu_tracker ... ok
test infrastructure::benchmarks::tests::test_memory_tracker ... ok
test infrastructure::benchmarks::tests::test_performance_monitor_creation ... ok
test infrastructure::circuit_breaker::tests::test_circuit_breaker_closed_state ... ok
test infrastructure::circuit_breaker::tests::test_circuit_breaker_opens_after_failures ... ok
test infrastructure::memory_pool::tests::test_memory_pool_basic_operations ... ok
test infrastructure::memory_pool::tests::test_optimized_agent_operations ... ok
test infrastructure::memory_pool::tests::test_pool_optimization ... ok
test infrastructure::performance_optimizer::tests::test_cache_manager ... ok
test infrastructure::performance_optimizer::tests::test_connection_pool ... ok
test infrastructure::performance_optimizer::tests::test_cpu_optimizer ... ok
test infrastructure::persistence::tests::test_filesystem_storage ... ok
test infrastructure::persistence::tests::test_memory_storage ... ok
test infrastructure::security_middleware::tests::test_permission_mapping ... ok
test infrastructure::security_middleware::tests::test_public_endpoint_detection ... ok
test neural::adaptive_learning::tests::test_learning_from_interaction ... ok
test neural::adaptive_learning::tests::test_pattern_cleanup ... ok
test neural::adaptive_learning::tests::test_pattern_confidence_update ... ok
test neural::cpu_optimization::tests::test_cosine_similarity ... ok
test neural::cpu_optimization::tests::test_dot_product_accuracy ... ok
test neural::cpu_optimization::tests::test_quantization_accuracy ... ok
test tasks::work_stealing_queue::tests::test_priority_queue_handling ... ok

thread 'tasks::work_stealing_queue::tests::test_work_stealing_basic_operations' panicked at src/tasks/work_stealing_queue.rs:523:9:
assertion failed: retrieved_task.is_some()
note: run with `RUST_BACKTRACE=1` environment variable to display a backtrace
test tasks::work_stealing_queue::tests::test_work_stealing_basic_operations ... FAILED
test tasks::work_stealing_queue::tests::test_work_stealing_between_agents ... ok
test tests::agent_tests::tests::test_agent_can_perform_task ... ok
test tests::agent_tests::tests::test_agent_capability_bounds ... ok
test tests::agent_tests::tests::test_agent_capability_management ... ok
test tests::agent_tests::tests::test_agent_communication ... ok
test tests::agent_tests::tests::test_agent_creation ... ok
test tests::agent_tests::tests::test_agent_energy_management ... ok
test tests::agent_tests::tests::test_agent_execute_task ... ok
test tests::agent_tests::tests::test_agent_learning_from_experience ... ok
test tests::agent_tests::tests::test_agent_learning_from_failure ... ok
test tests::agent_tests::tests::test_agent_learning_with_nlp ... ok
test tests::agent_tests::tests::test_agent_memory_limit ... ok
test tests::agent_tests::tests::test_agent_position_update ... ok
test tests::agent_tests::tests::test_agent_serialization ... ok
test tests::agent_tests::tests::test_agent_social_connections ... ok
test tests::agent_tests::tests::test_agent_state_transitions ... ok
test tests::agent_tests::tests::test_agent_task_fitness_calculation ... ok
test tests::agent_tests::tests::test_agent_timestamps ... ok
test tests::agent_tests::tests::test_agent_types ... ok
test tests::agent_tests::tests::test_agent_unique_ids ... ok
test tests::agent_tests::tests::test_capability_learning_rate_bounds ... ok
test tests::hive_tests::tests::test_hive_agent_creation ... ok
test tests::hive_tests::tests::test_hive_agent_creation_with_capabilities ... ok
test tests::hive_tests::tests::test_hive_agents_info ... ok
test tests::hive_tests::tests::test_hive_auto_scaling_stats ... ok
test tests::hive_tests::tests::test_hive_concurrent_agent_creation ... ok
test tests::hive_tests::tests::test_hive_concurrent_task_creation ... ok
test tests::hive_tests::tests::test_hive_coordinator_creation ... ok
test tests::hive_tests::tests::test_hive_different_agent_types ... ok
test tests::hive_tests::tests::test_hive_enhanced_analytics ... ok
test tests::hive_tests::tests::test_hive_execute_task_with_simple_verification ... ok
test tests::hive_tests::tests::test_hive_metrics_update_with_agents ... ok
test tests::hive_tests::tests::test_hive_resource_info ... ok
test tests::hive_tests::tests::test_hive_simple_verification_config ... ok
test tests::hive_tests::tests::test_hive_simple_verification_stats ... ok
test tests::hive_tests::tests::test_hive_skill_evolution_stats ... ok
test tests::hive_tests::tests::test_hive_status ... ok
test tests::hive_tests::tests::test_hive_task_creation ... ok
test tests::hive_tests::tests::test_hive_task_creation_with_requirements ... ok
test tests::hive_tests::tests::test_hive_task_priority_handling ... ok
test tests::hive_tests::tests::test_hive_tasks_info ... ok
test tests::hive_tests::tests::test_swarm_metrics_serialization ... ok
test tests::integration_tests::tests::test_agent_communication_integration ... ok
test tests::integration_tests::tests::test_agent_learning_and_improvement ... ok
test tests::integration_tests::tests::test_concurrent_operations ... ok

thread 'tests::integration_tests::tests::test_end_to_end_task_execution' panicked at src/tests/integration_tests.rs:50:9:
assertion failed: ws_metrics.total_queue_depth > 0 || ws_metrics.global_queue_depth > 0
test tests::integration_tests::tests::test_end_to_end_task_execution ... FAILED
test tests::integration_tests::tests::test_error_recovery_and_resilience ... ok
test tests::integration_tests::tests::test_hive_metrics_and_monitoring ... ok
test tests::integration_tests::tests::test_multiple_agents_task_distribution ... ok
test tests::integration_tests::tests::test_neural_integration_with_agents ... ok
test tests::integration_tests::tests::test_simple_verification_integration ... ok
test tests::integration_tests::tests::test_swarm_coordination_and_positioning ... ok
test tests::integration_tests::tests::test_system_scalability ... ok
test tests::integration_tests::tests::test_work_stealing_queue_integration ... ok
test tests::neural_tests::tests::test_hybrid_neural_agent_creation ... ok
test tests::neural_tests::tests::test_hybrid_neural_agent_creation_advanced ... ok
test tests::neural_tests::tests::test_hybrid_neural_coordination ... ok
test tests::neural_tests::tests::test_hybrid_neural_learning ... ok
test tests::neural_tests::tests::test_hybrid_neural_prediction ... ok
test tests::neural_tests::tests::test_hybrid_neural_processor_creation ... ok
test tests::neural_tests::tests::test_neural_processor_concurrent_access ... ok
test tests::neural_tests::tests::test_neural_processor_error_handling ... ok
test tests::neural_tests::tests::test_nlp_empty_input_handling ... ok
test tests::neural_tests::tests::test_nlp_keyword_extraction ... ok
test tests::neural_tests::tests::test_nlp_large_input_handling ... ok
test tests::neural_tests::tests::test_nlp_multilingual_robustness ... ok
test tests::neural_tests::tests::test_nlp_pattern_consistency ... ok

thread 'tests::neural_tests::tests::test_nlp_pattern_learning' panicked at src/tests/neural_tests.rs:149:9:
assertion failed: pattern_text.contains("data") || pattern_text.contains("processing") ||
        pattern_text.contains("completed") ||
    pattern_text.contains("successful")
test tests::neural_tests::tests::test_nlp_pattern_learning ... FAILED
test tests::neural_tests::tests::test_nlp_processor_creation ... ok

thread 'tests::neural_tests::tests::test_nlp_semantic_similarity' panicked at src/tests/neural_tests.rs:118:9:
assertion failed: similarity_high > similarity_low
test tests::neural_tests::tests::test_nlp_semantic_similarity ... FAILED

thread 'tests::neural_tests::tests::test_nlp_sentiment_analysis' panicked at src/tests/neural_tests.rs:38:9:
assertion failed: negative_sentiment < 0.0
test tests::neural_tests::tests::test_nlp_sentiment_analysis ... FAILED
test tests::neural_tests::tests::test_nlp_special_characters ... ok
test tests::task_tests::tests::test_required_capability_bounds ... ok
test tests::task_tests::tests::test_task_builder_pattern ... ok
test tests::task_tests::tests::test_task_creation ... ok
test tests::task_tests::tests::test_task_dependency_checking ... ok
test tests::task_tests::tests::test_task_priority_enum ... ok
test tests::task_tests::tests::test_task_queue_assignment ... ok
test tests::task_tests::tests::test_task_queue_completion ... ok
test tests::task_tests::tests::test_task_queue_creation ... ok
test tests::task_tests::tests::test_task_queue_failure ... ok

thread 'tests::task_tests::tests::test_task_queue_priority_ordering' panicked at src/tests/task_tests.rs:258:9:
assertion `left == right` failed
  left: "Low Priority"
 right: "Medium Priority"
test tests::task_tests::tests::test_task_queue_priority_ordering ... FAILED
test tests::task_tests::tests::test_task_queue_suitable_tasks_filtering ... ok
test tests::task_tests::tests::test_task_queue_suitable_tasks_with_tasks ... ok
test tests::task_tests::tests::test_task_result_builder_pattern ... ok
test tests::task_tests::tests::test_task_result_creation ... ok
test tests::task_tests::tests::test_task_result_quality_score_bounds ... ok
test tests::task_tests::tests::test_task_result_serialization ... ok
test tests::task_tests::tests::test_task_serialization ... ok
test tests::task_tests::tests::test_task_status_enum ... ok
test tests::task_tests::tests::test_task_timestamps ... ok
test tests::task_tests::tests::test_task_unique_ids ... ok
test tests::task_tests::tests::test_task_with_requirements ... ok
test utils::auth::tests::test_api_key_authentication ... ok
test utils::auth::tests::test_authentication_flow ... ok
test utils::security::tests::test_email_validation ... ok

thread 'utils::security::tests::test_input_sanitization' panicked at src/utils/security.rs:345:9:
assertion `left == right` failed
  left: "Hello scriptalertxssscript World"
 right: "Hello scriptalert('xss')/script World"
test utils::security::tests::test_input_sanitization ... FAILED
test utils::security::tests::test_url_validation ... ok
test utils::security::tests::test_uuid_validation ... ok
test infrastructure::circuit_breaker::tests::test_circuit_breaker_recovery has been running for over 60 seconds
